
 num     #instances         #bytes  class name
----------------------------------------------
   1:          3382       69589144  [B
   2:        420445       52578728  [C
   3:        158740       12699200  java.util.zip.ZipEntry
   4:        419336       10064064  java.lang.String
   5:        158740        7619520  scala.reflect.io.FileZipArchive$FileEntry$1
   6:        174877        5596064  scala.reflect.internal.Symbols$TypeHistory
   7:        186285        4470840  scala.collection.mutable.DefaultEntry
   8:        136312        4361984  scala.reflect.internal.Scopes$ScopeEntry
   9:         24751        3411472  [Ljava.lang.Object;
  10:         21887        2976632  scala.reflect.internal.Symbols$ModuleClassSymbol
  11:        121220        2909280  scala.collection.immutable.$colon$colon
  12:         27744        2663424  scala.reflect.internal.Symbols$MethodSymbol
  13:         23246        2603552  scala.reflect.internal.Symbols$ClassSymbol
  14:         22829        2521728  java.lang.Class
  15:         29706        2376480  scala.reflect.internal.Symbols$TermSymbol
  16:         22697        1997336  scala.reflect.internal.Symbols$ModuleSymbol
  17:          8906        1842848  [Lscala.collection.mutable.HashEntry;
  18:         74299        1783176  java.lang.Long
  19:         54944        1758208  scala.reflect.internal.pickling.UnPickler$Scan$LazyTypeRef
  20:         46791        1497312  scala.reflect.internal.Names$TermName_R
  21:         61616        1478784  scala.Tuple2
  22:         44934        1437888  java.util.concurrent.ConcurrentHashMap$Node
  23:          9586        1303944  [I
  24:          2026        1069728  [Lscala.reflect.internal.Scopes$ScopeEntry;
  25:         30272         968704  java.util.HashMap$Node
  26:         11825         946000  scala.reflect.internal.Types$ClassInfoType
  27:          7675         921000  scala.reflect.runtime.SynchronizedSymbols$SynchronizedSymbol$$anon$9
  28:         25047         801504  scala.reflect.internal.Names$TypeName_R
  29:          8506         748528  java.lang.reflect.Method
  30:         20480         655360  scala.tools.nsc.symtab.SymbolLoaders$ClassfileLoader
  31:         39439         631024  java.lang.Object
  32:         18876         604032  java.util.Hashtable$Entry
  33:         10506         588336  scala.reflect.internal.Types$ClassNoArgsTypeRef
  34:         10158         568848  scala.reflect.internal.Types$ClassArgsTypeRef
  35:         17655         564960  scala.reflect.internal.Types$MethodType
  36:         21485         515640  scala.tools.nsc.util.ClassPath$ClassRep
  37:         31875         510000  scala.Some
  38:         10332         495936  scala.reflect.internal.Scopes$Scope
  39:          4243         475216  org.apache.spark.ui.jobs.UIData$TaskMetricsUIData
  40:          3731         459480  [Ljava.util.HashMap$Node;
  41:          4611         442656  scala.reflect.runtime.SynchronizedSymbols$SynchronizedSymbol$$anon$14
  42:          4796         422048  scala.reflect.internal.Symbols$AbstractTypeSymbol
  43:          8578         343120  scala.collection.mutable.HashMap
  44:           173         326832  [Ljava.util.concurrent.ConcurrentHashMap$Node;
  45:          4242         305424  org.apache.spark.scheduler.TaskInfo
  46:            69         271488  [Ljava.nio.channels.SelectionKey;
  47:          6749         269960  scala.reflect.io.ZipArchive$DirEntry
  48:             2         262176  [Lscala.reflect.internal.Names$TermName;
  49:             2         262176  [Lscala.reflect.internal.Names$TypeName;
  50:          7516         259664  [Ljava.lang.String;
  51:          5867         249696  [Lscala.reflect.internal.Types$Type;
  52:          5842         233680  scala.reflect.internal.BaseTypeSeqs$BaseTypeSeq
  53:          7128         228096  java.lang.ref.WeakReference
  54:          7074         226368  scala.collection.mutable.LinkedEntry
  55:          1750         224000  scala.reflect.runtime.SynchronizedSymbols$SynchronizedSymbol$$anon$8
  56:          1886         211232  scala.reflect.internal.Symbols$RefinementClassSymbol
  57:          2185         209760  scala.reflect.runtime.SynchronizedSymbols$SynchronizedSymbol$$anon$15
  58:           448         203616  [Ljava.util.Hashtable$Entry;
  59:          3130         200320  io.netty.buffer.PoolSubpage
  60:          4111         197328  java.util.HashMap
  61:          5956         190592  org.antlr.v4.runtime.atn.ATNConfig
  62:          4411         176440  java.util.WeakHashMap$Entry
  63:          5396         172672  scala.collection.immutable.HashMap$HashMap1
  64:          6438         170032  [J
  65:          7313         163984  [Ljava.lang.Class;
  66:          2502         160128  scala.reflect.internal.Types$PackageTypeRef
  67:           234         153504  io.netty.util.internal.shaded.org.jctools.queues.MpscArrayQueue
  68:          6232         149568  scala.reflect.internal.Types$UniqueThisType
  69:          6219         149256  java.util.ArrayList
  70:          6153         147672  scala.reflect.internal.util.OffsetPosition
  71:          1720         137600  java.lang.reflect.Constructor
  72:          4239         135648  org.apache.spark.sql.execution.ui.SQLTaskMetrics
  73:          1283         133432  scala.reflect.runtime.SynchronizedSymbols$SynchronizedSymbol$$anon$11
  74:          1798         129456  scala.reflect.internal.Types$AbstractNoArgsTypeRef
  75:          3835         122720  scala.reflect.internal.Names$TermName_S
  76:          5053         121272  scala.collection.mutable.ArrayBuffer
  77:          2953         118120  org.antlr.v4.runtime.atn.BasicState
  78:          1794         114816  scala.reflect.runtime.SynchronizedOps$$anon$1
  79:          1786         114304  scala.reflect.internal.Types$ModuleTypeRef
  80:          1058         111568  [Ljava.util.WeakHashMap$Entry;
  81:          2691         107640  org.apache.spark.util.LongAccumulator
  82:           127         107528  [Lorg.antlr.v4.runtime.dfa.DFAState;
  83:          2184         104832  org.codehaus.janino.ReflectionIClass$ReflectionIMethod
  84:           770         104720  scala.reflect.internal.Symbols$PackageClassSymbol
  85:          4242         101808  org.apache.spark.ui.jobs.UIData$TaskUIData
  86:          1413         101736  java.lang.reflect.Field
  87:          2378          95120  java.lang.ref.SoftReference
  88:          5868          93888  scala.collection.mutable.BitSet
  89:          1938          93024  scala.reflect.internal.Types$RefinedType0
  90:          2823          90336  org.apache.spark.CleanupTaskWeakReference
  91:          2822          90304  org.apache.spark.util.AccumulatorMetadata
  92:          2225          89000  java.util.LinkedHashMap$Entry
  93:           535          85600  scala.reflect.runtime.SynchronizedSymbols$SynchronizedSymbol$$anon$2
  94:          1270          81280  java.net.URL
  95:           176          80448  [Lio.netty.buffer.PoolSubpage;
  96:          2001          80040  scala.reflect.internal.AnnotationInfos$CompleteAnnotationInfo
  97:           760          79040  scala.reflect.runtime.SynchronizedSymbols$SynchronizedSymbol$$anon$10
  98:          1373          76888  java.util.LinkedHashMap
  99:          1785          71400  java.lang.ref.Finalizer
 100:          2210          70720  scala.reflect.internal.util.RangePosition
 101:          1759          70360  org.apache.spark.scheduler.AccumulableInfo
 102:          1751          70040  com.google.common.collect.MapMakerInternalMap$WeakEntry
 103:          1716          68640  scala.reflect.internal.util.WeakHashSet$Entry
 104:          2822          67728  org.apache.spark.CleanAccum
 105:          2816          67584  org.antlr.v4.runtime.atn.EpsilonTransition
 106:          1387          66576  scala.tools.nsc.util.DirectoryClassPath
 107:             2          65568  [Lscala.concurrent.forkjoin.ForkJoinTask;
 108:          2729          65496  scala.reflect.internal.Types$NullaryMethodType
 109:          1997          63904  scala.reflect.internal.Types$JavaMethodType
 110:           653          62688  java.util.jar.JarFile$JarFileEntry
 111:          1047          58632  scala.collection.immutable.Vector
 112:          1788          57216  scala.reflect.internal.Trees$Literal
 113:          1784          57088  scala.reflect.internal.Names$TypeName_S
 114:          1750          56000  scala.collection.mutable.ListBuffer
 115:          1497          52632  [Lscala.collection.immutable.HashMap;
 116:          1776          52200  [Lorg.codehaus.janino.IClass$IMethod;
 117:          1053          50544  java.util.WeakHashMap
 118:          2106          50544  org.antlr.v4.runtime.atn.AtomTransition
 119:           199          42984  org.datanucleus.metadata.FieldMetaData
 120:           668          42752  java.util.jar.JarFile
 121:           580          41760  org.apache.hadoop.hive.conf.HiveConf$ConfVars
 122:           580          41760  org.apache.hadoop.hive.conf.HiveConf$ConfVars
 123:           741          41496  sun.nio.cs.UTF_8$Encoder
 124:           646          41344  scala.reflect.internal.pickling.UnPickler$Scan
 125:           736          41216  java.lang.Package
 126:          1266          40512  java.lang.ref.ReferenceQueue
 127:           992          39680  org.datanucleus.plugin.ConfigurationElement
 128:           708          39648  sun.misc.URLClassPath$JarLoader
 129:           953          38120  java.util.TreeMap$Entry
 130:           523          37656  org.apache.spark.storage.RDDInfo
 131:           907          36280  scala.reflect.internal.Types$UniqueSingleType
 132:          1105          35360  com.codahale.metrics.WeightedSnapshot$WeightedSample
 133:          1462          35088  scala.reflect.internal.Types$PolyType
 134:          1448          34752  scala.collection.immutable.HashMap$HashTrieMap
 135:           699          33552  java.util.zip.Inflater
 136:          1356          32544  scala.reflect.internal.Constants$Constant
 137:           203          32480  scala.reflect.runtime.SynchronizedSymbols$SynchronizedSymbol$$anon$1
 138:           794          31760  java.io.ObjectStreamField
 139:           486          31104  scala.reflect.internal.Types$AliasNoArgsTypeRef
 140:           935          29920  java.util.zip.ZipCoder
 141:          1172          28128  scala.collection.immutable.HashSet$HashSet1
 142:          1751          28016  com.google.common.collect.MapMakerInternalMap$StrongValueReference
 143:           863          27616  java.util.concurrent.locks.ReentrantLock$NonfairSync
 144:          1133          27192  java.lang.Double
 145:           337          26960  scala.reflect.internal.Types$PackageClassInfoType
 146:          1110          26640  java.util.concurrent.ConcurrentSkipListMap$Node
 147:           174          26448  org.apache.spark.ui.jobs.UIData$StageUIData
 148:          1567          25072  java.lang.Integer
 149:           391          25024  java.util.concurrent.ConcurrentHashMap
 150:           306          24480  org.datanucleus.metadata.ColumnMetaData
 151:           716          22912  java.lang.StackTraceElement
 152:           567          22680  scala.reflect.internal.Trees$Select
 153:           939          22536  java.util.ArrayDeque
 154:           546          21840  org.antlr.v4.runtime.atn.LexerATNConfig
 155:           302          21744  org.apache.spark.sql.catalyst.expressions.AttributeReference
 156:           658          21056  java.util.Vector
 157:           180          20944  [Z
 158:          1033          20856  [Lorg.datanucleus.plugin.ConfigurationElement;
 159:            55          20680  java.lang.Thread
 160:             5          20560  [Ljava.nio.ByteBuffer;
 161:          1268          20288  java.lang.ref.ReferenceQueue$Lock
 162:           504          20160  io.netty.buffer.PoolChunkList
 163:            20          19840  [Lio.netty.util.Recycler$DefaultHandle;
 164:           604          19328  org.apache.spark.ui.scope.RDDOperationCluster
 165:            33          19008  io.netty.util.internal.shaded.org.jctools.queues.MpscChunkedArrayQueue
 166:           389          19000  [S
 167:           458          18320  scala.reflect.internal.util.BatchSourceFile
 168:           759          18216  sun.reflect.annotation.AnnotationInvocationHandler
 169:           372          17856  java.util.Hashtable
 170:           196          17248  scala.reflect.internal.Symbols$AliasTypeSymbol
 171:           423          16920  org.apache.spark.ui.jobs.UIData$ShuffleWriteMetricsUIData
 172:           699          16776  java.util.zip.ZStreamRef
 173:           523          16736  org.apache.spark.ui.scope.RDDOperationNode
 174:           418          16720  java.security.ProtectionDomain
 175:             4          16640  [Lscala.reflect.internal.util.WeakHashSet$Entry;
 176:           346          16608  org.antlr.v4.runtime.atn.RuleStartState
 177:           683          16392  scala.reflect.internal.Types$AnnotatedType
 178:           225          16200  sun.reflect.DelegatingClassLoader
 179:           644          15456  java.util.concurrent.CopyOnWriteArrayList
 180:           321          15408  scala.collection.mutable.LinkedHashMap
 181:           118          15240  [[C
 182:           634          15216  scala.collection.immutable.Map$Map1
 183:           633          15192  java.lang.Class$AnnotationData
 184:           469          15008  org.antlr.v4.runtime.atn.SingletonPredictionContext
 185:           206          14832  scala.reflect.runtime.SymbolLoaders$PackageScope
 186:           142          14768  java.io.ObjectStreamClass
 187:           458          14656  scala.reflect.io.VirtualFile
 188:           359          14360  scala.reflect.internal.Trees$Ident
 189:           161          14168  org.codehaus.janino.ReflectionIClass
 190:           353          14120  org.antlr.v4.runtime.atn.BlockEndState
 191:           587          14088  java.util.concurrent.ConcurrentSkipListMap$Index
 192:           117          14040  org.apache.spark.ui.jobs.UIData$ExecutorSummary
 193:           174          13920  org.apache.spark.util.collection.OpenHashSet$mcI$sp
 194:           435          13920  scala.tools.nsc.symtab.SymbolLoaders$PackageLoader
 195:           346          13840  org.antlr.v4.runtime.atn.RuleStopState
 196:           431          13792  scala.ref.WeakReferenceWithWrapper
 197:           343          13720  scala.collection.mutable.HashSet
 198:           423          13536  org.antlr.v4.runtime.atn.RuleTransition
 199:           420          13440  io.netty.util.internal.chmv8.LongAdderV8
 200:           417          13344  java.security.CodeSource
 201:           103          13184  scala.reflect.runtime.SynchronizedSymbols$SynchronizedSymbol$$anon$5
 202:           273          13104  org.antlr.v4.runtime.atn.BasicBlockStartState
 203:            34          13056  io.netty.util.concurrent.FastThreadLocalThread
 204:           231          12936  java.lang.invoke.MemberName
 205:           317          12680  org.apache.log4j.Logger
 206:           378          12592  [Lscala.collection.immutable.HashSet;
 207:           382          12224  org.datanucleus.util.WeakValueMap$WeakValueReference
 208:           191          12224  scala.reflect.internal.Types$AliasArgsTypeRef
 209:           374          11968  java.lang.ThreadLocal$ThreadLocalMap$Entry
 210:           743          11888  java.util.concurrent.locks.ReentrantLock
 211:           123          11808  scala.tools.nsc.interpreter.IMain$Request
 212:           361          11552  org.antlr.v4.runtime.dfa.DFA
 213:           714          11424  java.util.HashSet
 214:           476          11424  java.util.LinkedList$Node
 215:           236          11328  java.util.zip.ZipFile
 216:           117          11232  org.apache.spark.executor.TaskMetrics
 217:           466          11184  org.apache.log4j.CategoryKey
 218:           174          11136  org.apache.spark.scheduler.StageInfo
 219:           111          11048  [Ljava.lang.reflect.Method;
 220:           138          11040  org.datanucleus.store.rdbms.schema.RDBMSColumnInfo
 221:           341          10912  sun.misc.FDBigInteger
 222:            80          10880  scala.reflect.internal.Symbols$PackageObjectClassSymbol
 223:           336          10752  java.io.File
 224:           429          10296  org.apache.spark.ui.scope.RDDOperationEdge
 225:           316          10112  org.apache.spark.sql.types.StructField
 226:           122           9952  [Ljava.lang.ThreadLocal$ThreadLocalMap$Entry;
 227:           247           9880  sun.nio.cs.UTF_8$Decoder
 228:           297           9504  org.apache.spark.sql.execution.ui.SQLPlanMetric
 229:           395           9472  [Ljava.security.cert.Certificate;
 230:           452           9472  [Lorg.codehaus.janino.IClass;
 231:           236           9440  scala.reflect.io.FileZipArchive
 232:           231           9240  scala.reflect.internal.Trees$Apply
 233:           378           9072  scala.collection.immutable.HashSet$HashTrieSet
 234:            87           9048  scala.reflect.runtime.SynchronizedSymbols$SynchronizedSymbol$$anon$12
 235:           266           8512  java.util.LinkedList
 236:           118           8496  java.util.regex.Pattern
 237:           150           8400  org.datanucleus.store.rdbms.table.ColumnImpl
 238:           262           8384  org.apache.xerces.xni.QName
 239:           149           8344  java.lang.Class$ReflectionData
 240:             1           8216  [Lscala.math.BigInt;
 241:           204           8160  org.antlr.v4.runtime.dfa.DFAState
 242:           334           8128  [Ljava.lang.reflect.Constructor;
 243:           252           8064  org.apache.spark.sql.catalyst.expressions.ExpressionInfo
 244:           331           7944  java.util.concurrent.ConcurrentLinkedQueue$Node
 245:           323           7880  [Lorg.antlr.v4.runtime.atn.ATNConfig;
 246:           161           7728  scala.tools.nsc.transform.InfoTransform$Phase
 247:           481           7696  com.sun.proxy.$Proxy1
 248:           120           7680  com.google.protobuf.DescriptorProtos$FieldDescriptorProto
 249:            29           7656  org.datanucleus.metadata.ClassMetaData
 250:           239           7648  org.datanucleus.PersistenceConfiguration$PropertyMapping
 251:           189           7560  scala.reflect.internal.Trees$TypeTree
 252:            94           7520  org.apache.spark.ui.jobs.UIData$JobUIData
 253:           313           7512  org.apache.spark.sql.catalyst.expressions.ExprId
 254:           179           7160  java.lang.invoke.MethodType
 255:           220           7128  [Ljava.io.ObjectStreamField;
 256:           297           7128  org.slf4j.impl.Log4jLoggerAdapter
 257:           118           7080  [Ljava.lang.ref.SoftReference;
 258:           221           7072  java.util.regex.Pattern$Curly
 259:           221           7072  scala.reflect.runtime.SymbolLoaders$TopClassCompleter
 260:           294           7056  scala.reflect.internal.Types$ExistentialType
 261:           176           7040  scala.reflect.internal.Trees$Modifiers
 262:            44           7040  scala.reflect.runtime.SynchronizedSymbols$SynchronizedSymbol$$anon$3
 263:            31           6944  org.spark_project.jetty.servlet.ServletContextHandler
 264:           216           6912  io.netty.buffer.PoolThreadCache$SubPageMemoryRegionCache
 265:           431           6896  scala.ref.WeakReference
 266:           215           6880  java.lang.invoke.LambdaForm$Name
 267:           142           6816  scala.reflect.internal.Trees$ValDef
 268:           140           6720  java.nio.HeapByteBuffer
 269:           418           6688  [Ljava.security.Principal;
 270:           418           6688  java.security.ProtectionDomain$Key
 271:           119           6664  com.google.protobuf.Descriptors$FieldDescriptor
 272:           416           6656  scala.tools.nsc.symtab.classfile.ClassfileParser$unpickler$
 273:           166           6640  org.antlr.v4.runtime.atn.ATNConfigSet
 274:           138           6624  scala.tools.nsc.transform.Transform$Phase
 275:           272           6528  org.antlr.v4.runtime.misc.Interval
 276:            80           6400  com.google.common.cache.LocalCache$Segment
 277:           200           6400  org.apache.spark.sql.execution.ShuffledRowRDDPartition
 278:           264           6336  org.apache.hadoop.conf.Configuration$DeprecatedKeyInfo
 279:           112           6272  java.beans.MethodDescriptor
 280:           376           6016  java.util.concurrent.atomic.AtomicReferenceArray
 281:            75           6000  org.apache.spark.ui.jobs.UIData$ShuffleReadMetricsUIData
 282:           107           5992  scala.tools.nsc.settings.MutableSettings$BooleanSetting
 283:           123           5904  scala.tools.nsc.interpreter.IMain$ReadEvalPrint
 284:           184           5888  scala.reflect.internal.Types$UniqueTypeBounds
 285:           245           5880  sun.reflect.generics.tree.SimpleClassTypeSignature
 286:           243           5832  java.util.concurrent.ConcurrentLinkedQueue
 287:            81           5832  org.apache.spark.sql.catalyst.expressions.objects.Invoke
 288:           243           5832  sun.reflect.NativeConstructorAccessorImpl
 289:           182           5824  java.lang.invoke.MethodType$ConcurrentWeakInternSet$WeakEntry
 290:           239           5736  org.apache.spark.sql.catalyst.analysis.FunctionRegistry$$anonfun$7
 291:            42           5712  io.netty.buffer.PoolArena$DirectArena
 292:            42           5712  io.netty.buffer.PoolArena$HeapArena
 293:           357           5712  java.util.concurrent.atomic.AtomicBoolean
 294:           178           5696  scala.Tuple2$mcII$sp
 295:           141           5640  java.math.BigInteger
 296:           241           5600  [Lorg.datanucleus.metadata.ColumnMetaData;
 297:            50           5600  scala.reflect.internal.Symbols$Symbol$$anon$1
 298:           174           5568  org.apache.spark.ui.scope.RDDOperationGraph
 299:           136           5440  org.apache.spark.sql.execution.ui.SparkPlanGraphNode
 300:           134           5360  org.apache.spark.internal.config.ConfigEntryWithDefault
 301:           222           5328  java.util.concurrent.atomic.AtomicLong
 302:           166           5312  org.datanucleus.store.rdbms.sql.expression.SQLExpressionFactory$MethodKey
 303:           218           5232  java.beans.MethodRef
 304:           163           5216  java.io.ObjectStreamClass$WeakClassKey
 305:            12           5208  [D
 306:           324           5184  java.util.concurrent.atomic.AtomicInteger
 307:           213           5112  java.util.regex.Pattern$GroupHead
 308:           213           5112  java.util.regex.Pattern$GroupTail
 309:           213           5112  scala.reflect.internal.Types$UniqueConstantType
 310:            31           4960  org.spark_project.jetty.servlet.ServletHandler
 311:           305           4880  java.lang.Byte
 312:           215           4824  [Lorg.datanucleus.store.rdbms.mapping.datastore.DatastoreMapping;
 313:           149           4768  org.apache.log4j.ProvisionNode
 314:           195           4680  javax.management.ImmutableDescriptor
 315:           117           4680  org.apache.spark.executor.ShuffleReadMetrics
 316:            65           4680  org.apache.spark.sql.catalyst.expressions.Alias
 317:            32           4608  org.spark_project.jetty.servlet.ServletHolder
 318:           115           4600  scala.tools.nsc.util.MergedClassPath
 319:           287           4592  sun.reflect.DelegatingConstructorAccessorImpl
 320:           114           4560  java.io.ObjectStreamClass$FieldReflectorKey
 321:           245           4504  [Lsun.reflect.generics.tree.TypeArgument;
 322:            33           4488  io.netty.channel.nio.NioEventLoop
 323:            31           4464  [Ljava.util.Queue;
 324:            31           4464  [Ljava.util.concurrent.ConcurrentMap;
 325:            87           4448  [Ljava.security.ProtectionDomain;
 326:           276           4416  java.lang.Short
 327:             2           4272  scala.reflect.internal.StdNames$nme$
 328:           133           4256  org.apache.spark.internal.config.ConfigBuilder
 329:           105           4200  org.datanucleus.store.rdbms.identifier.ColumnIdentifier
 330:           174           4176  org.apache.spark.util.collection.BitSet
 331:           130           4160  com.sun.jmx.mbeanserver.ConvertingMethod
 332:           172           4128  org.apache.thrift.meta_data.FieldMetaData
 333:           172           4128  org.apache.thrift.protocol.TField
 334:             1           4120  [Lscala.math.BigDecimal;
 335:           171           4104  org.apache.spark.sql.execution.ui.SQLStageMetrics
 336:           102           4080  scala.reflect.internal.pickling.UnPickler$Scan$LazyTypeRefAndAlias
 337:           168           4032  org.spark_project.jetty.util.component.ContainerLifeCycle$Bean
 338:             1           4024  [Lorg.antlr.v4.runtime.misc.Interval;
 339:           100           4000  java.security.AccessControlContext
 340:           125           4000  scala.Tuple4
 341:            99           3960  java.io.ObjectStreamClass$FieldReflector
 342:           246           3936  java.util.LinkedHashMap$LinkedValues
 343:           245           3920  sun.reflect.generics.tree.ClassTypeSignature
 344:           122           3904  scala.tools.nsc.interpreter.IMain$Request$ResultObjectSourceCode$
 345:            81           3888  java.util.TreeMap
 346:            53           3816  java.beans.PropertyDescriptor
 347:           118           3776  scala.tools.nsc.symtab.SymbolLoaders$SourcefileLoader
 348:           116           3712  scala.collection.immutable.Map$WithDefault
 349:           116           3712  sun.security.util.ObjectIdentifier
 350:           223           3568  scala.reflect.ClassTag$$anon$1
 351:           148           3552  org.apache.spark.rdd.RDDOperationScope
 352:           147           3528  java.util.jar.Attributes$Name
 353:           110           3520  javax.management.MBeanAttributeInfo
 354:            73           3504  java.lang.invoke.LambdaForm
 355:           109           3488  scala.tools.nsc.interpreter.MemberHandlers$ValHandler
 356:            62           3472  java.lang.invoke.MethodTypeForm
 357:            78           3464  [Ljava.lang.invoke.LambdaForm$Name;
 358:           143           3432  org.apache.thrift.meta_data.FieldValueMetaData
 359:           141           3384  java.io.ObjectStreamClass$ClassDataSlot
 360:           141           3384  jline.console.Operation
 361:           210           3360  com.sun.proxy.$Proxy9
 362:            60           3360  java.security.Provider$Service
 363:            60           3360  org.antlr.v4.runtime.atn.StarLoopEntryState
 364:             5           3344  [[Lorg.antlr.v4.runtime.atn.ATNConfig;
 365:            69           3312  java.util.Properties
 366:           138           3312  org.apache.spark.sql.types.Metadata
 367:           206           3296  java.util.concurrent.atomic.AtomicReference
 368:           137           3288  java.security.Provider$ServiceKey
 369:            82           3280  org.datanucleus.store.types.TypeManager$JavaType
 370:           136           3264  java.util.regex.Pattern$Single
 371:           136           3264  org.apache.spark.sql.catalyst.trees.Origin
 372:           102           3264  org.apache.spark.sql.execution.ui.SparkPlanGraphEdge
 373:            68           3264  org.datanucleus.store.rdbms.mapping.java.StringMapping
 374:            19           3224  [Ljava.lang.StackTraceElement;
 375:            67           3216  org.apache.spark.sql.catalyst.expressions.Literal
 376:           100           3200  io.netty.util.Recycler$DefaultHandle
 377:           100           3200  java.security.Permissions
 378:            80           3200  org.antlr.v4.runtime.atn.LoopEndState
 379:           100           3200  org.spark_project.jetty.util.IncludeExclude
 380:            57           3192  org.apache.spark.sql.catalyst.expressions.BoundReference
 381:            98           3136  java.io.FilePermission
 382:           195           3120  java.util.HashMap$EntrySet
 383:            77           3080  org.datanucleus.store.rdbms.mapping.RDBMSMappingManager$RDBMSTypeMapping
 384:            64           3072  java.util.logging.LogManager$LoggerWeakRef
 385:           128           3072  org.spark_project.jetty.io.ByteBufferPool$Bucket
 386:           128           3072  org.spark_project.jetty.util.ConcurrentArrayQueue
 387:           128           3072  org.spark_project.jetty.util.ConcurrentArrayQueue$Block
 388:            53           3016  [Ljavax.management.MBeanAttributeInfo;
 389:           123           2952  scala.tools.nsc.interpreter.IMain$Request$ClassBasedWrapper
 390:            29           2944  [Ljava.lang.invoke.MethodHandle;
 391:           122           2928  java.lang.ThreadLocal$ThreadLocalMap
 392:            91           2912  org.antlr.v4.runtime.atn.ArrayPredictionContext
 393:           182           2912  scala.collection.immutable.Set$Set1
 394:            42           2896  [[B
 395:            45           2880  javax.management.openmbean.OpenMBeanAttributeInfoSupport
 396:            60           2880  org.antlr.v4.runtime.atn.StarBlockStartState
 397:            40           2880  scala.reflect.internal.Types$AbstractArgsTypeRef
 398:           119           2856  com.google.protobuf.Descriptors$DescriptorPool$DescriptorIntPair
 399:            71           2840  org.spark_project.jetty.http.HttpHeader
 400:           118           2832  java.util.Collections$SynchronizedRandomAccessList
 401:           118           2832  scala.collection.immutable.Stream$Cons
 402:           117           2808  org.apache.spark.executor.InputMetrics
 403:           117           2808  org.apache.spark.executor.OutputMetrics
 404:           117           2808  org.apache.spark.executor.ShuffleWriteMetrics
 405:           117           2808  org.apache.spark.util.CollectionAccumulator
 406:            39           2808  org.apache.spark.util.ParentClassLoader
 407:            25           2800  org.spark_project.jetty.server.handler.gzip.GzipHandler
 408:           174           2784  org.apache.spark.util.collection.OpenHashSet$IntHasher
 409:            58           2784  scala.reflect.internal.Scopes$$anon$1
 410:           172           2752  scala.tools.nsc.settings.MutableSettings$Setting$$anonfun$5
 411:           172           2752  sun.reflect.BootstrapConstructorAccessorImpl
 412:           114           2736  java.util.Collections$UnmodifiableRandomAccessList
 413:            38           2736  org.codehaus.janino.ByteArrayClassLoader
 414:            38           2736  sun.nio.ch.EPollArrayWrapper
 415:            38           2736  sun.nio.ch.EPollSelectorImpl
 416:            52           2720  [Lorg.apache.spark.sql.types.StructField;
 417:             1           2720  [Lscala.reflect.NameTransformer$OpCodes;
 418:            85           2720  java.lang.invoke.DirectMethodHandle
 419:           113           2712  org.apache.xerces.util.SymbolTable$Entry
 420:            48           2688  scala.reflect.runtime.JavaMirrors$JavaMirror$FromJavaClassCompleter
 421:             4           2680  [Lorg.apache.hadoop.hive.conf.HiveConf$ConfVars;
 422:             4           2680  [Lorg.apache.hadoop.hive.conf.HiveConf$ConfVars;
 423:           161           2576  org.apache.spark.internal.config.TypedConfigBuilder$$anonfun$$lessinit$greater$1
 424:           137           2568  [Lcom.sun.jmx.mbeanserver.MXBeanMapping;
 425:            80           2560  io.netty.buffer.PoolThreadCache$MemoryRegionCache$Entry
 426:           105           2544  [Ljava.io.ObjectStreamClass$ClassDataSlot;
 427:           106           2544  java.lang.invoke.LambdaForm$NamedFunction
 428:            53           2544  org.datanucleus.util.SoftValueMap$SoftValueReference
 429:           105           2520  org.datanucleus.store.rdbms.mapping.MappedTypeManager$MappedType
 430:            52           2496  javax.management.MBeanInfo
 431:            31           2480  sun.net.www.protocol.jar.URLJarFile
 432:            77           2464  java.security.BasicPermissionCollection
 433:            91           2448  [Lorg.antlr.v4.runtime.atn.PredictionContext;
 434:            17           2448  java.text.DecimalFormat
 435:           101           2408  [Ljava.lang.reflect.Type;
 436:            60           2400  org.antlr.v4.runtime.atn.StarLoopbackState
 437:            98           2352  java.io.FilePermissionCollection
 438:            42           2352  java.util.ResourceBundle$CacheKey
 439:             5           2328  [Lorg.apache.xerces.xni.QName;
 440:            29           2320  org.apache.spark.sql.catalyst.plans.logical.Project
 441:            96           2304  com.sun.org.apache.xml.internal.serializer.EncodingInfo
 442:             2           2296  [Lorg.spark_project.jetty.http.HttpStatus$Code;
 443:            57           2280  com.fasterxml.jackson.databind.introspect.AnnotatedMethod
 444:            57           2280  org.apache.spark.sql.execution.ui.SparkPlanGraphCluster
 445:            40           2240  scala.reflect.internal.Trees$DefDef
 446:            31           2232  java.util.logging.Logger
 447:            31           2232  org.spark_project.jetty.http.PathMap
 448:            92           2208  scala.collection.mutable.WrappedArray$ofRef
 449:            55           2200  scala.reflect.internal.Trees$This
 450:             2           2192  scala.reflect.internal.Definitions$definitions$
 451:            39           2184  org.datanucleus.store.rdbms.mapping.java.PersistableMapping
 452:            34           2176  org.apache.spark.sql.execution.ui.SQLExecutionUIData
 453:            89           2136  java.lang.RuntimePermission
 454:           133           2128  java.lang.Character
 455:            38           2128  org.apache.spark.sql.catalyst.analysis.GetColumnByOrdinal
 456:            38           2128  org.apache.spark.sql.catalyst.expressions.objects.GetExternalRowField
 457:            38           2128  org.apache.spark.sql.catalyst.expressions.objects.ValidateExternalType
 458:            53           2120  java.util.EnumMap
 459:            44           2112  org.spark_project.guava.cache.LocalCache$StrongAccessEntry
 460:            87           2088  java.util.regex.Pattern$Slice
 461:            87           2088  org.antlr.v4.runtime.misc.IntervalSet
 462:            52           2080  org.apache.spark.sql.types.StructType
 463:             1           2064  [Lorg.spark_project.jetty.http.HttpGenerator$PreparedResponse;
 464:            43           2064  sun.util.locale.LocaleObjectCache$CacheEntry
 465:            64           2048  java.util.Collections$UnmodifiableMap
 466:           128           2048  java.util.concurrent.atomic.AtomicIntegerArray
 467:            64           2048  org.spark_project.jetty.util.ArrayTernaryTrie
 468:            85           2040  sun.reflect.generics.factory.CoreReflectionFactory
 469:            42           2016  java.util.ResourceBundle$BundleReference
 470:            83           1992  java.util.concurrent.locks.AbstractQueuedSynchronizer$ConditionObject
 471:           124           1984  java.util.HashMap$KeySet
 472:            31           1984  org.apache.spark.sql.catalyst.expressions.objects.StaticInvoke
 473:            31           1984  org.datanucleus.store.rdbms.schema.OracleTypeInfo
 474:            31           1984  scala.tools.nsc.settings.MutableSettings$StringSetting
 475:            74           1976  [Lscala.Tuple2;
 476:           123           1968  scala.tools.nsc.interpreter.IMain$Request$Wrapper$$anonfun$17
 477:            49           1960  [[Lscala.collection.immutable.Iterable;
 478:            35           1960  org.apache.spark.sql.catalyst.encoders.ExpressionEncoder
 479:            49           1960  scala.collection.immutable.HashMap$HashTrieMap$$anon$1
 480:           122           1952  scala.tools.nsc.interpreter.IMain$Request$ResultObjectSourceCode$$anonfun$18
 481:             3           1928  [Ljava.net.URL;
 482:             2           1888  oracle.jdbc.driver.T4CPreparedStatement
 483:           118           1888  scala.collection.Iterator$$anonfun$toStream$1
 484:           118           1888  scala.collection.MapLike$$anon$2
 485:            63           1872  [Lorg.datanucleus.metadata.AbstractMemberMetaData;
 486:           117           1872  java.util.regex.Pattern$Dot
 487:            39           1872  org.datanucleus.store.rdbms.mapping.java.OIDMapping
 488:            13           1872  org.datanucleus.store.rdbms.table.ClassTable
 489:           116           1856  scala.collection.immutable.Map$$anonfun$withDefaultValue$1
 490:            13           1832  [[I
 491:            37           1776  scala.reflect.runtime.JavaMirrors$JavaMirror$JavaAnnotationProxy
 492:             1           1768  scala.tools.nsc.interpreter.IMain$$anon$1
 493:            22           1760  java.net.URI
 494:            55           1760  java.util.logging.LogManager$LogNode
 495:           110           1760  sun.reflect.DelegatingMethodAccessorImpl
 496:            17           1752  [[Ljava.lang.String;
 497:            27           1728  org.apache.hadoop.metrics2.lib.Interns$CacheWith2Keys$2
 498:            54           1728  org.spark_project.jetty.http.HttpStatus$Code
 499:           106           1696  com.fasterxml.jackson.databind.introspect.AnnotationMap
 500:            53           1696  java.util.concurrent.locks.AbstractQueuedSynchronizer$Node
 501:            35           1680  org.apache.spark.sql.catalyst.expressions.objects.CreateExternalRow
 502:            69           1656  scala.collection.IndexedSeqLike$Elements
 503:            34           1632  java.util.concurrent.ThreadPoolExecutor$Worker
 504:            67           1608  java.util.regex.Pattern$Ctype
 505:             4           1600  oracle.jdbc.driver.T4CConnection
 506:           100           1600  org.spark_project.jetty.util.IncludeExclude$SetContainsPredicate
 507:            50           1600  scala.xml.UnprefixedAttribute
 508:            40           1600  sun.management.DiagnosticCommandArgumentInfo
 509:            99           1584  java.util.Collections$UnmodifiableSet
 510:            66           1584  org.apache.commons.logging.impl.SLF4JLocationAwareLog
 511:            66           1584  org.datanucleus.store.rdbms.mapping.datastore.VarCharRDBMSMapping
 512:            48           1576  [Ljava.lang.reflect.Field;
 513:            49           1568  sun.reflect.UnsafeObjectFieldAccessorImpl
 514:            65           1560  java.util.regex.Pattern$Start
 515:            64           1536  com.google.common.cache.LocalCache$AccessQueue$1
 516:             1           1528  scala.reflect.runtime.JavaUniverse
 517:            38           1520  org.antlr.v4.runtime.atn.OrderedATNConfigSet
 518:            95           1520  org.apache.spark.sql.internal.SQLConf$$anonfun$buildConf$1
 519:            38           1520  org.spark_project.guava.collect.MapMakerInternalMap$WeakEntry
 520:            63           1512  scala.collection.immutable.Set$Set2
 521:            62           1488  java.util.regex.Pattern$BitClass
 522:            62           1488  scala.reflect.runtime.JavaMirrors$JavaMirror$FromJavaClassCompleter$LazyPolyType
 523:             2           1480  [Lorg.antlr.v4.runtime.dfa.DFA;
 524:            46           1472  java.util.regex.Pattern$Branch
 525:            23           1472  scala.tools.nsc.backend.icode.GenICode$ICodePhase
 526:            30           1440  java.time.temporal.ValueRange
 527:            60           1440  sun.reflect.generics.reflectiveObjects.ParameterizedTypeImpl
 528:             2           1424  [Lorg.antlr.v4.runtime.atn.RuleStartState;
 529:             2           1424  [Lorg.antlr.v4.runtime.atn.RuleStopState;
 530:            59           1416  oracle.jdbc.util.SQLStateRange
 531:            44           1408  scala.Enumeration$Val
 532:            25           1400  org.apache.spark.sql.catalyst.expressions.If
 533:            16           1392  [Ljava.lang.Byte;
 534:             6           1384  [[Ljava.lang.Object;
 535:             1           1376  [Lsun.misc.FDBigInteger;
 536:            43           1376  jline.console.KeyMap
 537:            57           1368  sun.reflect.NativeMethodAccessorImpl
 538:            34           1360  java.math.BigDecimal
 539:            34           1360  org.datanucleus.store.rdbms.identifier.TableIdentifier
 540:            39           1352  [Ljava.math.BigInteger;
 541:            56           1344  java.security.Provider$UString
 542:            12           1344  java.util.GregorianCalendar
 543:            42           1344  java.util.ResourceBundle$LoaderReference
 544:             6           1344  scala.reflect.internal.StdNames$JavaKeywords
 545:             2           1344  scala.reflect.internal.StdNames$fulltpnme$
 546:            56           1344  sun.reflect.generics.scope.ClassScope
 547:             2           1328  scala.reflect.internal.StdNames$tpnme$
 548:            15           1320  org.apache.spark.sql.catalyst.plans.logical.Aggregate
 549:            33           1320  org.apache.xerces.impl.dtd.XMLSimpleType
 550:            41           1312  org.datanucleus.plugin.Extension
 551:            27           1296  org.codehaus.janino.ReflectionIClass$ReflectionIConstructor
 552:            27           1296  org.datanucleus.metadata.IdentityMetaData
 553:            54           1296  org.datanucleus.store.rdbms.mapping.datastore.NumericRDBMSMapping
 554:            23           1288  scala.tools.nsc.backend.jvm.GenASM$AsmPhase
 555:            23           1288  scala.tools.nsc.transform.ExplicitOuter$Phase
 556:            23           1288  scala.tools.nsc.typechecker.Analyzer$namerFactory$$anon$1
 557:            23           1288  scala.tools.nsc.typechecker.Analyzer$packageObjects$$anon$2
 558:            16           1280  oracle.net.ns.DataPacket
 559:            40           1280  org.datanucleus.plugin.ExtensionPoint
 560:            53           1272  org.spark_project.jetty.http.HttpGenerator$PreparedResponse
 561:             9           1264  [[S
 562:            18           1248  [Lio.netty.buffer.PoolThreadCache$MemoryRegionCache;
 563:            39           1248  org.apache.hadoop.hive.conf.Validator$TimeValidator
 564:            39           1248  org.apache.hadoop.hive.conf.Validator$TimeValidator
 565:            39           1248  sun.reflect.generics.repository.ClassRepository
 566:            31           1240  org.spark_project.jetty.servlet.ServletContextHandler$Context
 567:            31           1240  scala.reflect.internal.Trees$Import
 568:            68           1232  [Lsun.reflect.generics.tree.FormalTypeParameter;
 569:            14           1232  org.codehaus.janino.IClass$2
 570:            17           1224  java.util.concurrent.ThreadPoolExecutor
 571:            17           1224  org.datanucleus.metadata.JoinMetaData
 572:            51           1216  [Ljavax.management.ObjectName$Property;
 573:            19           1216  io.netty.util.Recycler$Stack
 574:            38           1216  io.netty.util.concurrent.DefaultPromise
 575:            38           1216  sun.nio.ch.AllocatedNativeObject
 576:            30           1200  java.time.temporal.ChronoField
 577:            50           1200  org.spark_project.jetty.util.RegexSet
 578:            25           1200  scala.reflect.runtime.SynchronizedOps$$anon$3
 579:            74           1184  org.apache.spark.scheduler.HostTaskLocation
 580:            49           1176  java.lang.ProcessEnvironment$Value
 581:            49           1176  java.lang.ProcessEnvironment$Variable
 582:            49           1176  scala.tools.nsc.transform.AddInterfaces$LazyImplClassType
 583:             2           1168  [Ljline.console.Operation;
 584:            73           1168  java.util.LinkedHashSet
 585:            29           1160  org.datanucleus.metadata.InheritanceMetaData
 586:            24           1152  java.nio.HeapByteBufferR
 587:             9           1152  org.apache.hadoop.hdfs.protocol.DatanodeInfo
 588:            18           1152  org.apache.spark.sql.catalyst.expressions.Cast
 589:            36           1152  scala.collection.immutable.Map$Map2
 590:            12           1152  sun.util.calendar.Gregorian$Date
 591:            46           1128  [Ljava.util.regex.Pattern$Node;
 592:            47           1128  scala.collection.mutable.WeakHashMap
 593:            47           1128  scala.reflect.internal.AnnotationInfos$LiteralAnnotArg
 594:            20           1120  org.antlr.v4.runtime.atn.PlusBlockStartState
 595:            70           1120  org.apache.spark.internal.config.ConfigBuilder$$anonfun$booleanConf$1
 596:            35           1120  org.apache.spark.ui.jobs.UIData$InputMetricsUIData
 597:            28           1120  scala.tools.nsc.settings.MutableSettings$MultiChoiceEnumeration$Choice
 598:            23           1104  scala.tools.nsc.Global$terminal$TerminalPhase
 599:            23           1104  scala.tools.nsc.ast.parser.SyntaxAnalyzer$ParserPhase
 600:            23           1104  scala.tools.nsc.interpreter.ReplGlobal$replPhase$$anon$4
 601:            23           1104  scala.tools.nsc.symtab.classfile.Pickler$PicklePhase
 602:            23           1104  scala.tools.nsc.transform.Delambdafy$SkipPhase
 603:            23           1104  scala.tools.nsc.transform.SpecializeTypes$SpecializationPhase
 604:            23           1104  scala.tools.nsc.transform.TailCalls$Phase
 605:            23           1104  scala.tools.nsc.typechecker.Analyzer$typerFactory$$anon$3
 606:            43           1096  [Ljavax.management.MBeanOperationInfo;
 607:            17           1088  java.nio.DirectByteBuffer
 608:            17           1088  java.text.DecimalFormatSymbols
 609:            34           1088  java.util.concurrent.Semaphore$NonfairSync
 610:            17           1088  org.apache.spark.sql.catalyst.expressions.Remainder
 611:             3           1080  [Ljava.lang.Integer;
 612:            45           1080  java.util.BitSet
 613:            45           1080  scala.util.matching.Regex
 614:            27           1080  sun.reflect.generics.repository.MethodRepository
 615:             2           1056  [Ljava.lang.Long;
 616:             2           1056  [Ljava.lang.Short;
 617:             2           1056  [Ljava.util.TimerTask;
 618:            33           1056  io.netty.channel.nio.SelectedSelectionKeySet
 619:            44           1056  java.util.Collections$SingletonList
 620:            22           1056  org.apache.spark.sql.catalyst.analysis.UnresolvedAttribute
 621:            66           1056  org.spark_project.jetty.util.log.JettyAwareLogger
 622:            66           1056  org.spark_project.jetty.util.log.Slf4jLog
 623:            22           1056  scala.reflect.internal.Trees$Template
 624:            13           1040  [Ljava.util.concurrent.RunnableScheduledFuture;
 625:             1           1040  [Lorg.apache.xerces.impl.dtd.models.ContentModelValidator;
 626:             1           1040  [Lorg.apache.xerces.impl.dv.DatatypeValidator;
 627:            13           1040  java.util.concurrent.ScheduledThreadPoolExecutor
 628:            26           1040  javax.management.ObjectName
 629:            26           1040  org.codehaus.jackson.map.type.SimpleType
 630:            64           1024  com.google.common.cache.LocalCache$AccessQueue
 631:            16           1024  org.spark_project.guava.collect.MapMakerInternalMap$Segment
 632:             7           1008  [Lorg.spark_project.jetty.util.TreeTrie;
 633:            18           1008  org.apache.spark.sql.execution.QueryExecution
 634:            21           1008  org.datanucleus.store.rdbms.mapping.java.IntegerMapping
 635:            31            992  java.lang.reflect.WeakCache$CacheValue
 636:            31            992  java.util.Collections$SynchronizedMap
 637:            41            984  org.antlr.v4.runtime.atn.SetTransition
 638:            41            984  org.apache.commons.logging.impl.SLF4JLocationAwareLog
 639:            41            984  org.codehaus.jackson.map.type.ClassKey
 640:            50            960  [Lsun.reflect.generics.tree.FieldTypeSignature;
 641:            30            960  java.lang.reflect.Proxy$Key1
 642:            30            960  java.security.Provider$EngineDescription
 643:            20            960  org.antlr.v4.runtime.atn.PlusLoopbackState
 644:            30            960  org.apache.xerces.impl.dtd.XMLElementDecl
 645:            12            960  org.spark_project.guava.cache.LocalCache$Segment
 646:             7            952  io.netty.util.internal.InternalThreadLocalMap
 647:            17            952  org.apache.spark.sql.catalyst.expressions.objects.AssertNotNull
 648:             7            944  [Ljava.beans.MethodDescriptor;
 649:            39            936  [Lorg.datanucleus.store.rdbms.mapping.java.JavaTypeMapping;
 650:            39            936  java.util.regex.Pattern$CharProperty$1
 651:            39            936  org.apache.hadoop.io.nativeio.Errno
 652:            39            936  org.apache.spark.sql.catalyst.expressions.codegen.CodeAndComment
 653:            39            936  sun.reflect.generics.tree.ClassSignature
 654:            40            928  [Lorg.datanucleus.plugin.Extension;
 655:            29            928  sun.reflect.generics.tree.MethodTypeSignature
 656:            38            912  java.util.regex.Pattern$Dollar
 657:            38            912  org.apache.spark.sql.catalyst.expressions.GenericRowWithSchema
 658:            19            912  sun.management.DiagnosticCommandInfo
 659:            28            896  java.util.concurrent.ConcurrentSkipListMap$HeadIndex
 660:            16            896  org.apache.spark.sql.catalyst.expressions.EqualTo
 661:            16            896  sun.util.calendar.ZoneInfo
 662:             4            888  [Lorg.apache.spark.Partition;
 663:            37            888  javax.management.ObjectName$Property
 664:            41            880  [Lcom.fasterxml.jackson.databind.introspect.AnnotationMap;
 665:            39            880  [Lsun.reflect.generics.tree.ClassTypeSignature;
 666:            55            880  java.lang.ThreadLocal
 667:            22            880  javax.management.MBeanOperationInfo
 668:            22            880  scala.reflect.internal.Trees$Block
 669:            36            864  java.util.regex.Pattern$1
 670:            18            864  org.apache.spark.sql.Dataset
 671:            36            864  org.apache.spark.util.SizeEstimator$ClassInfo
 672:            18            864  org.spark_project.jetty.http.MimeTypes$Type
 673:            18            864  scala.reflect.internal.Trees$ClassDef
 674:            54            864  scala.xml.Text
 675:            53            848  java.util.TreeSet
 676:            35            840  java.util.Arrays$ArrayList
 677:            15            840  javax.management.openmbean.ArrayType
 678:            21            840  org.apache.spark.internal.config.OptionalConfigEntry
 679:            21            840  sun.util.locale.BaseLocale$Key
 680:             1            832  [Lorg.apache.xerces.util.SymbolTable$Entry;
 681:            26            832  org.datanucleus.store.rdbms.schema.RDBMSTableInfo
 682:             3            816  [Lcom.fasterxml.jackson.core.sym.Name;
 683:            34            816  org.apache.spark.sql.execution.ui.SparkPlanGraph
 684:            20            800  com.sun.jmx.mbeanserver.MXBeanSupport
 685:            20            800  org.apache.hadoop.hdfs.server.common.HdfsServerConstants$StartupOption
 686:            25            800  org.apache.spark.ui.JettyUtils$$anon$3
 687:            20            800  org.datanucleus.store.rdbms.identifier.PrimaryKeyIdentifier
 688:            50            800  org.spark_project.jetty.http.pathmap.PathSpecSet
 689:            25            800  org.spark_project.jetty.http.pathmap.ServletPathSpec
 690:            25            800  sun.reflect.UnsafeQualifiedObjectFieldAccessorImpl
 691:             9            792  org.apache.spark.sql.catalyst.plans.logical.SubqueryAlias
 692:             9            792  org.apache.spark.sql.execution.datasources.LogicalRelation
 693:             7            784  java.net.SocksSocketImpl
 694:            24            768  com.fasterxml.jackson.databind.DeserializationFeature
 695:            32            768  com.sun.jmx.mbeanserver.DefaultMXBeanMappingFactory$IdentityMapping
 696:            12            768  java.text.DateFormatSymbols
 697:            12            768  java.text.SimpleDateFormat
 698:             2            768  java.util.TimerThread
 699:             4            768  oracle.jdbc.driver.T4C8Oall
 700:            24            768  org.datanucleus.metadata.ContainerComponent
 701:            16            768  org.datanucleus.store.rdbms.mapping.java.LongMapping
 702:             6            768  org.datanucleus.store.rdbms.scostore.JoinListStore
 703:            32            768  org.spark_project.jetty.http.PathMap$MappedEntry
 704:            32            768  org.spark_project.jetty.servlet.ServletHolder$Config
 705:            32            768  org.spark_project.jetty.servlet.ServletMapping
 706:            24            768  scala.reflect.internal.Trees$ImportSelector
 707:            16            768  scala.tools.nsc.settings.Warnings$LintWarnings$LintWarning
 708:             8            768  scala.tools.nsc.typechecker.Contexts$Context
 709:            24            768  sun.security.x509.OIDMap$OIDInfo
 710:            47            752  java.util.LinkedHashMap$LinkedEntrySet
 711:            31            744  [Lorg.spark_project.jetty.server.handler.ContextHandler;
 712:            31            744  [Lorg.spark_project.jetty.server.handler.ContextHandlerCollection$Branch;
 713:            31            744  [Lorg.spark_project.jetty.servlet.ServletHolder;
 714:            31            744  [Lorg.spark_project.jetty.servlet.ServletMapping;
 715:            31            744  org.codehaus.janino.ReflectionIClass$ReflectionIField
 716:            31            744  org.spark_project.jetty.server.handler.ContextHandlerCollection$Branch
 717:            37            736  [Ljava.lang.reflect.TypeVariable;
 718:            23            736  com.fasterxml.jackson.databind.SerializationFeature
 719:            46            736  java.util.regex.Pattern$BranchConn
 720:            46            736  org.apache.spark.sql.types.ObjectType
 721:             1            736  scala.tools.nsc.GenericRunnerSettings
 722:            23            736  sun.management.MappedMXBeanType$BasicMXBeanType
 723:            23            736  sun.reflect.annotation.AnnotationType
 724:            13            728  scala.reflect.internal.Types$RefinementTypeRef
 725:            15            720  com.fasterxml.jackson.databind.type.SimpleType
 726:            30            720  io.netty.util.internal.logging.Slf4JLogger
 727:            15            720  java.lang.management.PlatformComponent
 728:            45            720  java.util.jar.Attributes
 729:            18            720  org.apache.spark.internal.config.ConfigEntryWithDefaultString
 730:            45            720  org.apache.thrift.protocol.TStruct
 731:             9            720  org.codehaus.janino.IClass$PrimitiveIClass
 732:            15            720  org.datanucleus.metadata.IndexMetaData
 733:             9            720  org.datanucleus.store.rdbms.table.CollectionTable
 734:            30            720  org.spark_project.jetty.servlet.ServletHolder$Registration
 735:            15            720  scala.reflect.api.TypeTags$PredefTypeTag
 736:            44            704  org.apache.spark.internal.config.ConfigBuilder$$anonfun$intConf$1
 737:            11            704  scala.tools.nsc.settings.MutableSettings$ChoiceSetting
 738:            29            696  io.netty.channel.ChannelOption
 739:            29            696  org.datanucleus.store.rdbms.schema.JDBCTypeInfo
 740:            17            680  java.text.DigitList
 741:             5            680  org.datanucleus.store.rdbms.scostore.JoinMapStore
 742:            21            672  com.sun.jmx.mbeanserver.WeakIdentityHashMap$IdentityWeakReference
 743:            21            672  java.util.Locale
 744:            14            672  java.util.concurrent.LinkedBlockingQueue
 745:            14            672  org.apache.spark.sql.execution.metric.SQLMetric
 746:            28            672  org.datanucleus.store.rdbms.RDBMSStoreData
 747:            21            672  org.spark_project.jetty.http.PreEncodedHttpField
 748:            21            672  scala.reflect.internal.Trees$New
 749:            21            672  sun.util.locale.BaseLocale
 750:            29            656  [Lsun.reflect.generics.tree.TypeSignature;
 751:            41            656  org.spark_project.guava.cache.LocalCache$StrongValueReference
 752:            27            648  java.util.regex.Pattern$5
 753:            27            648  org.apache.hadoop.metrics2.lib.MetricsInfoImpl
 754:             1            648  scala.reflect.internal.Flags$
 755:             9            648  scala.tools.nsc.interpreter.MemberHandlers$ImportHandler
 756:            27            648  sun.reflect.generics.scope.MethodScope
 757:            10            640  com.fasterxml.jackson.databind.introspect.AnnotatedClass
 758:             5            640  com.google.common.cache.LocalCache
 759:             8            640  io.netty.buffer.PoolChunk
 760:            20            640  java.net.InetAddress$InetAddressHolder
 761:            20            640  javax.management.MBeanParameterInfo
 762:            10            640  oracle.jdbc.driver.T4CTTIoac
 763:             8            640  org.apache.spark.sql.catalyst.plans.logical.Filter
 764:            16            640  org.spark_project.guava.util.concurrent.ThreadFactoryBuilder$1
 765:            20            640  scala.tools.asm.Type
 766:            16            640  scala.xml.Elem
 767:            20            640  sun.reflect.generics.reflectiveObjects.TypeVariableImpl
 768:             3            624  [Ljava.lang.invoke.LambdaForm;
 769:            13            624  com.fasterxml.jackson.core.JsonToken
 770:             6            624  io.netty.util.internal.ThreadLocalRandom
 771:            39            624  java.util.regex.Pattern$CharPropertyNames$1
 772:            13            624  org.apache.spark.sql.types.DecimalType
 773:             2            608  [Lorg.spark_project.jetty.http.HttpHeader;
 774:            19            608  com.fasterxml.jackson.databind.MapperFeature
 775:             4            608  com.jolbox.bonecp.ConnectionHandle
 776:            19            608  java.util.Stack
 777:            38            608  java.util.regex.Pattern$Begin
 778:            38            608  org.spark_project.guava.collect.MapMakerInternalMap$StrongValueReference
 779:            19            608  sun.management.DiagnosticCommandImpl$Wrapper
 780:             3            600  [Ljava.lang.Thread;
 781:            25            600  java.time.LocalTime
 782:            15            600  java.util.IdentityHashMap
 783:            25            600  oracle.jdbc.util.SQLStateMapping
 784:            25            600  org.apache.spark.ui.JettyUtils$ServletParams
 785:            25            600  org.apache.thrift.meta_data.StructMetaData
 786:             7            592  [Lcom.google.protobuf.Descriptors$FieldDescriptor;
 787:            37            592  com.sun.proxy.$Proxy2
 788:            18            576  com.google.protobuf.DescriptorProtos$FieldDescriptorProto$Type
 789:            24            576  com.sun.jmx.mbeanserver.NamedObject
 790:            24            576  com.sun.jmx.mbeanserver.PerInterface$MethodAndSig
 791:            18            576  io.netty.buffer.PoolThreadCache$NormalMemoryRegionCache
 792:            18            576  java.io.FileDescriptor
 793:            18            576  org.apache.hadoop.hive.serde2.objectinspector.primitive.PrimitiveObjectInspectorUtils$PrimitiveTypeEntry
 794:            24            576  org.apache.spark.SparkConf$AlternateConfig
 795:            36            576  org.apache.spark.internal.config.ConfigBuilder$$anonfun$stringConf$1
 796:             9            576  org.datanucleus.metadata.ElementMetaData
 797:            18            576  org.fusesource.jansi.Ansi$Attribute
 798:            18            576  scala.reflect.runtime.TwoWayCaches$TwoWayCache
 799:             9            576  scala.tools.nsc.settings.MutableSettings$PhasesSetting
 800:            12            576  sun.nio.cs.StreamEncoder
 801:            29            568  [Lorg.datanucleus.metadata.IndexMetaData;
 802:            14            560  com.sun.jmx.mbeanserver.PerInterface
 803:            35            560  java.util.Collections$SingletonSet
 804:            10            560  javax.management.openmbean.CompositeType
 805:            14            560  javax.management.openmbean.SimpleType
 806:            10            560  sun.invoke.util.Wrapper
 807:            23            552  java.util.Collections$SynchronizedSet
 808:            23            552  org.codehaus.jackson.map.SerializationConfig$Feature
 809:            23            552  scala.collection.generic.GenTraversableFactory$$anon$1
 810:            23            552  scala.tools.nsc.typechecker.Analyzer$packageObjects$$anon$2$$anon$4
 811:            12            544  [Lio.netty.buffer.PoolArena;
 812:             2            544  [Ljava.lang.Character;
 813:             2            544  [Lorg.spark_project.jetty.io.ByteBufferPool$Bucket;
 814:            34            544  io.netty.util.concurrent.DefaultThreadFactory$DefaultRunnableDecorator
 815:            34            544  java.util.concurrent.Semaphore
 816:             4            544  oracle.jdbc.driver.T4CTTIoer
 817:             2            544  scala.reflect.internal.ReificationSupport$ReificationSupportImpl
 818:             3            528  [Lcom.google.protobuf.GeneratedMessage$FieldAccessorTable$FieldAccessor;
 819:            33            528  io.netty.channel.nio.NioEventLoop$1
 820:            33            528  io.netty.channel.nio.NioEventLoop$2
 821:            33            528  io.netty.util.concurrent.SingleThreadEventExecutor$2
 822:            33            528  io.netty.util.concurrent.SingleThreadEventExecutor$DefaultThreadProperties
 823:            22            528  org.apache.parquet.format.ConvertedType
 824:            22            528  org.apache.parquet.schema.OriginalType
 825:             6            528  org.apache.spark.sql.catalyst.catalog.CatalogTable
 826:             6            528  org.apache.spark.sql.catalyst.plans.logical.Join
 827:            22            528  org.apache.thrift.meta_data.ListMetaData
 828:            11            528  scala.collection.immutable.Map$Map4
 829:             6            528  scala.tools.nsc.settings.MutableSettings$MultiChoiceSetting
 830:            11            528  sun.misc.URLClassPath
 831:            11            528  sun.util.locale.provider.LocaleResources$ResourceReference
 832:            13            520  java.lang.invoke.MethodHandleImpl$IntrinsicMethodHandle
 833:             8            512  com.google.common.collect.MapMakerInternalMap$Segment
 834:            32            512  java.lang.Float
 835:            16            512  java.time.temporal.ChronoUnit
 836:            16            512  java.util.regex.Pattern$BnM
 837:            16            512  org.datanucleus.store.rdbms.sql.SQLText
 838:            32            512  org.spark_project.jetty.util.AttributesMap
 839:             2            512  scala.reflect.internal.Definitions$DefinitionsClass$RunDefinitions
 840:             1            512  scala.tools.nsc.Global$scalaPrimitives$
 841:            21            504  [Ljavax.management.MBeanParameterInfo;
 842:            21            504  java.util.Locale$LocaleKey
 843:             7            504  scala.tools.nsc.settings.MutableSettings$PathSetting
 844:            21            504  sun.security.x509.AVAKeyword
 845:            17            496  [Ljava.lang.Boolean;
 846:            31            496  [Lorg.spark_project.jetty.servlet.FilterHolder;
 847:            31            496  [Lorg.spark_project.jetty.servlet.ListenerHolder;
 848:            31            496  org.spark_project.jetty.http.MimeTypes
 849:            31            496  org.spark_project.jetty.server.handler.AllowSymLinkAliasChecker
 850:            31            496  org.spark_project.jetty.server.handler.ContextHandler$ApproveNonExistentDirectoryAliases
 851:            31            496  org.spark_project.jetty.util.DecoratedObjectFactory
 852:            31            496  org.spark_project.jetty.util.DeprecationWarning
 853:            19            488  [Lsun.management.DiagnosticCommandArgumentInfo;
 854:            20            480  java.util.concurrent.Executors$DefaultThreadFactory
 855:            10            480  java.util.concurrent.locks.ReentrantReadWriteLock$NonfairSync
 856:             4            480  oracle.jdbc.driver.T4C8TTIClob
 857:             3            480  org.apache.spark.sql.execution.aggregate.HashAggregateExec
 858:            20            480  org.datanucleus.query.expression.Expression$DyadicOperator
 859:            15            480  org.datanucleus.store.rdbms.request.RequestIdentifier
 860:             6            480  org.datanucleus.store.rdbms.table.MapTable
 861:            12            480  scala.reflect.internal.Trees$Super
 862:             3            480  scala.reflect.runtime.JavaMirrors$JavaMirror$$anon$1
 863:             3            480  scala.reflect.runtime.JavaMirrors$JavaMirror$$anon$2
 864:            20            480  sun.reflect.generics.tree.FormalTypeParameter
 865:             1            472  scala.tools.nsc.Global$erasure$
 866:            29            464  [Lorg.datanucleus.metadata.ForeignKeyMetaData;
 867:            29            464  [Lorg.datanucleus.metadata.JoinMetaData;
 868:            29            464  [Lorg.datanucleus.metadata.UniqueMetaData;
 869:             6            456  [Lsun.invoke.util.Wrapper;
 870:            19            456  java.util.regex.Pattern$7
 871:             3            456  scala.reflect.runtime.JavaMirrors$JavaMirror
 872:            14            448  com.codahale.metrics.LongAdder
 873:            14            448  com.google.protobuf.WireFormat$FieldType
 874:             8            448  javax.management.openmbean.OpenMBeanParameterInfoSupport
 875:             4            448  oracle.jdbc.driver.T4C8TTIBfile
 876:             4            448  oracle.jdbc.driver.T4C8TTIBlob
 877:             4            448  oracle.jdbc.driver.T4CTTIoauthenticate
 878:            14            448  org.apache.hadoop.hive.metastore.api.Table$_Fields
 879:             8            448  org.apache.spark.sql.AnalysisException
 880:             8            448  org.apache.spark.sql.catalyst.analysis.UnresolvedAlias
 881:             7            448  org.apache.spark.sql.catalyst.expressions.aggregate.AggregateExpression
 882:             7            448  org.datanucleus.metadata.ValueMetaData
 883:             3            432  [Lcom.fasterxml.jackson.core.sym.CharsToNameCanonicalizer$Bucket;
 884:             1            432  [[[C
 885:             9            432  com.fasterxml.jackson.databind.introspect.BasicBeanDescription
 886:            18            432  com.google.protobuf.Descriptors$FieldDescriptor$Type
 887:             2            432  com.jolbox.bonecp.BoneCPDataSource
 888:            18            432  java.text.DateFormat$Field
 889:            18            432  java.util.concurrent.LinkedBlockingQueue$Node
 890:             9            432  javassist.CtPrimitiveType
 891:            18            432  org.apache.hadoop.hive.serde2.objectinspector.PrimitiveObjectInspector$PrimitiveCategory
 892:             9            432  org.apache.spark.rpc.netty.NettyRpcEndpointRef
 893:             1            432  org.apache.spark.sql.internal.SQLConf$
 894:             9            432  org.datanucleus.store.rdbms.mapping.oracle.OracleCollectionMapping
 895:            18            432  scala.reflect.NameTransformer$OpCodes
 896:            18            432  shaded.parquet.org.apache.thrift.protocol.TField
 897:            18            432  sun.reflect.generics.repository.FieldRepository
 898:            13            416  java.lang.invoke.SimpleMethodHandle
 899:            13            416  java.util.concurrent.ScheduledThreadPoolExecutor$DelayedWorkQueue
 900:            13            416  java.util.concurrent.atomic.AtomicReferenceFieldUpdater$AtomicReferenceFieldUpdaterImpl
 901:             4            416  oracle.net.ano.SupervisorService
 902:            13            416  org.apache.hadoop.hdfs.protocol.proto.DataTransferProtos$Status
 903:             2            416  org.codehaus.janino.ClassLoaderIClassLoader
 904:             4            416  org.spark_project.guava.collect.MapMakerInternalMap
 905:            13            416  sun.security.util.DerInputBuffer
 906:            13            416  sun.security.util.DerValue
 907:             7            408  [Ljava.beans.PropertyDescriptor;
 908:            17            408  java.net.Inet4Address
 909:            17            408  java.time.Duration
 910:            17            408  org.codehaus.jackson.map.DeserializationConfig$Feature
 911:            17            408  scala.reflect.runtime.Settings$BooleanSetting
 912:            17            408  shaded.parquet.org.apache.thrift.meta_data.FieldMetaData
 913:             5            400  [Lcom.google.common.cache.LocalCache$Segment;
 914:            10            400  java.io.BufferedWriter
 915:            10            400  java.lang.invoke.DirectMethodHandle$Accessor
 916:             2            400  org.apache.hadoop.hive.ql.session.SessionState
 917:            10            400  org.datanucleus.store.rdbms.identifier.CandidateKeyIdentifier
 918:             5            400  org.datanucleus.store.rdbms.scostore.MapEntrySetStore
 919:            10            400  sun.reflect.UnsafeQualifiedStaticLongFieldAccessorImpl
 920:             1            392  scala.reflect.internal.pickling.PickleFormat$
 921:            16            384  com.fasterxml.jackson.databind.introspect.MemberKey
 922:             1            384  java.lang.ref.Finalizer$FinalizerThread
 923:            12            384  java.util.Random
 924:             1            384  java.util.logging.LogManager$Cleaner
 925:             8            384  oracle.jdbc.driver.T4CTTIdcb
 926:             4            384  oracle.net.ano.DataIntegrityService
 927:             4            384  oracle.net.ano.EncryptionService
 928:            12            384  org.apache.commons.lang3.JavaVersion
 929:            16            384  org.apache.hadoop.hive.conf.Validator$StringSet
 930:            16            384  org.apache.hadoop.hive.conf.Validator$StringSet
 931:            12            384  org.apache.hadoop.hive.metastore.api.StorageDescriptor$_Fields
 932:            16            384  org.apache.hadoop.hive.ql.history.HiveHistory$Keys
 933:            12            384  org.apache.hadoop.hive.ql.security.authorization.PrivilegeType
 934:            16            384  org.apache.hadoop.io.Text
 935:            12            384  org.apache.hadoop.ipc.protobuf.RpcHeaderProtos$RpcResponseHeaderProto$RpcErrorCodeProto
 936:             1            384  org.apache.hadoop.util.Daemon
 937:             1            384  org.apache.spark.ContextCleaner$$anon$1
 938:             1            384  org.apache.spark.scheduler.LiveListenerBus$$anon$1
 939:            12            384  org.apache.spark.sql.catalyst.rules.RuleExecutor$Batch
 940:             1            384  org.apache.spark.util.EventLoop$$anon$1
 941:             6            384  org.datanucleus.metadata.KeyMetaData
 942:            16            384  org.datanucleus.store.rdbms.mapping.datastore.BigIntRDBMSMapping
 943:             3            384  org.spark_project.guava.cache.LocalCache
 944:            12            384  org.spark_project.jetty.http.HttpHeaderValue
 945:            16            384  scala.Enumeration$ValueSet
 946:             2            384  scala.concurrent.forkjoin.ForkJoinPool$WorkQueue
 947:             1            384  scala.concurrent.impl.ExecutionContextImpl$DefaultThreadFactory$$anon$2
 948:            16            384  scala.reflect.internal.Types$ImportType
 949:            16            384  scala.tools.nsc.backend.jvm.GenASM$MethodNameAndType
 950:             1            384  scala.tools.nsc.interpreter.ReplGlobal$$anon$1
 951:            16            384  sun.misc.MetaIndex
 952:            16            384  sun.nio.ch.OptionKey
 953:            16            384  sun.nio.ch.SocketOptionRegistry$RegistryKey
 954:            15            376  [Lorg.codehaus.janino.IClass$IConstructor;
 955:             1            376  java.lang.ref.Reference$ReferenceHandler
 956:             1            376  jline.internal.ShutdownHooks$1
 957:             1            376  org.apache.hadoop.util.ShutdownHookManager$1
 958:            17            368  [Ljavax.management.MBeanNotificationInfo;
 959:             2            368  org.apache.spark.sql.hive.client.Shim_v1_2
 960:             9            360  com.sun.org.apache.xalan.internal.utils.XMLSecurityManager$Limit
 961:            15            360  java.util.Date
 962:             5            360  java.util.concurrent.ScheduledThreadPoolExecutor$ScheduledFutureTask
 963:            15            360  javax.management.StandardMBean
 964:             9            360  org.apache.hadoop.conf.Configuration
 965:            15            360  org.apache.hadoop.hive.metastore.events.PreEventContext$PreEventType
 966:             9            360  org.apache.spark.rpc.netty.Inbox
 967:            15            360  org.apache.spark.storage.StorageLevel
 968:             9            360  scala.reflect.internal.Trees$TypeApply
 969:             5            360  scala.tools.nsc.settings.MutableSettings$IntSetting
 970:             9            360  scala.tools.nsc.transform.InfoTransform$Phase$$anon$1
 971:            11            352  com.fasterxml.jackson.core.JsonParser$Feature
 972:             4            352  io.netty.buffer.PooledUnsafeDirectByteBuf
 973:            11            352  java.util.RegularEnumSet
 974:             4            352  oracle.net.ano.AuthenticationService
 975:            11            352  org.spark_project.jetty.http.HttpMethod
 976:             6            336  [Ljava.text.Format;
 977:            14            336  com.fasterxml.jackson.databind.PropertyName
 978:             7            336  com.sun.jmx.mbeanserver.DefaultMXBeanMappingFactory$CompositeMapping
 979:             6            336  io.netty.buffer.PooledByteBufAllocator
 980:             7            336  java.beans.BeanDescriptor
 981:            14            336  java.lang.invoke.LambdaFormEditor$Transform$Kind
 982:             6            336  java.nio.DirectLongBufferU
 983:            14            336  java.util.regex.Pattern$Ques
 984:            21            336  org.antlr.v4.runtime.atn.SemanticContext$PrecedencePredicate
 985:             6            336  org.apache.hadoop.metrics2.util.SampleStat
 986:            21            336  org.apache.spark.internal.config.OptionalConfigEntry$$anonfun$$lessinit$greater$1
 987:            21            336  org.apache.spark.internal.config.OptionalConfigEntry$$anonfun$$lessinit$greater$2
 988:            14            336  org.apache.spark.internal.config.TypedConfigBuilder
 989:            14            336  org.datanucleus.query.node.NodeType
 990:             7            336  org.datanucleus.store.rdbms.mapping.java.BooleanMapping
 991:            14            336  org.datanucleus.util.WeakValueMap
 992:             6            336  scala.tools.nsc.settings.MutableSettings$MultiStringSetting
 993:             6            336  sun.management.MemoryPoolImpl
 994:            16            328  [Ljava.lang.management.PlatformComponent;
 995:            10            320  com.fasterxml.jackson.core.JsonGenerator$Feature
 996:             4            320  io.netty.buffer.PooledUnsafeHeapByteBuf
 997:            10            320  java.lang.OutOfMemoryError
 998:            10            320  java.lang.invoke.BoundMethodHandle$Species_L
 999:             4            320  oracle.jdbc.driver.T4CMAREngine
1000:             4            320  oracle.net.ano.Ano
1001:             4            320  oracle.net.nt.ConnOption
1002:            10            320  org.apache.hadoop.hive.metastore.api.Index$_Fields
1003:            10            320  org.apache.spark.executor.ExecutorSource$$anon$1
1004:             8            320  org.apache.xerces.util.XMLAttributesImpl$Attribute
1005:             2            320  org.datanucleus.ExecutionContextThreadedImpl
1006:            10            320  org.datanucleus.FetchPlanForClass
1007:            10            320  org.datanucleus.metadata.CollectionMetaData
1008:            10            320  org.datanucleus.store.rdbms.mapping.StatementMappingIndex
1009:             4            320  org.datanucleus.store.rdbms.mapping.java.EmbeddedElementPCMapping
1010:             4            320  org.spark_project.jetty.io.ManagedSelector
1011:             8            320  org.spark_project.jetty.util.ArrayTrie
1012:            10            320  scala.collection.immutable.Set$Set4
1013:            10            320  scala.collection.mutable.Map$WithDefault
1014:             2            320  scala.concurrent.forkjoin.ForkJoinPool
1015:            10            320  scala.reflect.internal.Types$UniqueSuperType
1016:            13            312  java.lang.invoke.Invokers
1017:            13            312  java.lang.management.ManagementPermission
1018:            13            312  org.apache.log4j.Level
1019:             3            312  scala.reflect.runtime.JavaMirrors$JavaMirror$$anon$3
1020:             3            312  scala.reflect.runtime.JavaMirrors$JavaMirror$$anon$4
1021:             3            312  scala.tools.nsc.typechecker.Contexts$Context$$anon$1
1022:            13            312  sun.security.util.DerInputStream
1023:             1            304  org.apache.spark.deploy.SparkSubmitArguments
1024:             2            296  [Ljava.io.File;
1025:             2            296  [Lscala.reflect.internal.Phase;
1026:             8            288  [Loracle.net.ano.Service;
1027:            12            288  [Lsun.security.x509.AVA;
1028:             4            288  com.fasterxml.jackson.databind.deser.CreatorProperty
1029:             4            288  com.fasterxml.jackson.databind.introspect.POJOPropertiesCollector
1030:             9            288  com.fasterxml.jackson.databind.introspect.POJOPropertyBuilder$Linked
1031:             9            288  com.fasterxml.jackson.module.paranamer.shaded.BytecodeReadingParanamer$Type
1032:             9            288  com.thoughtworks.paranamer.BytecodeReadingParanamer$Type
1033:             4            288  io.netty.buffer.PoolThreadCache
1034:            12            288  java.io.OutputStreamWriter
1035:             9            288  java.util.concurrent.SynchronousQueue
1036:             9            288  java.util.logging.Level
1037:            18            288  java.util.regex.Pattern$CharPropertyNames$4
1038:             9            288  javax.jdo.spi.JDOImplHelper$Meta
1039:             9            288  jdk.internal.org.objectweb.asm.Type
1040:            12            288  oracle.jdbc.driver.T4C8TTILobd
1041:             4            288  oracle.jdbc.driver.T4C8TTIuds
1042:             9            288  org.apache.hadoop.hdfs.protocol.proto.DatanodeProtocolProtos$DatanodeCommandProto$Type
1043:             9            288  org.apache.hadoop.metrics2.util.SampleStat$MinMax
1044:             6            288  org.apache.hadoop.util.StringUtils$TraditionalBinaryPrefix
1045:             9            288  org.apache.parquet.format.SchemaElement$_Fields
1046:             4            288  org.apache.spark.network.util.TransportConf
1047:             9            288  org.apache.spark.rpc.netty.Dispatcher$EndpointData
1048:            12            288  org.apache.spark.sql.catalyst.analysis.FunctionRegistry$$anonfun$13
1049:            12            288  org.apache.thrift.meta_data.EnumMetaData
1050:             9            288  org.apache.xbean.asm5.Type
1051:             9            288  org.apache.xerces.util.AugmentationsImpl$SmallContainer
1052:            12            288  org.apache.xerces.util.XMLStringBuffer
1053:            12            288  org.datanucleus.store.rdbms.mapping.datastore.IntegerRDBMSMapping
1054:             6            288  org.datanucleus.store.rdbms.mapping.java.DoubleMapping
1055:             6            288  org.datanucleus.store.rdbms.mapping.oracle.OracleMapMapping
1056:            12            288  org.spark_project.guava.cache.LocalCache$AccessQueue$1
1057:             4            288  org.spark_project.jetty.util.resource.JarFileResource
1058:            12            288  scala.collection.immutable.Set$Set3
1059:             6            288  scala.collection.mutable.LinkedHashSet
1060:            12            288  scala.concurrent.duration.FiniteDuration
1061:            12            288  scala.reflect.internal.StdNames$KeywordSetBuilder
1062:             3            288  scala.reflect.internal.util.ScalaClassLoader$URLClassLoader
1063:             1            288  scala.tools.nsc.Global$icodes$
1064:             3            288  sun.nio.ch.ServerSocketChannelImpl
1065:             9            288  sun.security.jca.ProviderConfig
1066:            12            288  sun.security.x509.AVA
1067:            12            288  sun.security.x509.RDN
1068:             5            280  com.codahale.metrics.ExponentiallyDecayingReservoir
1069:             5            280  com.fasterxml.jackson.databind.cfg.BaseSettings
1070:             7            280  java.beans.GenericBeanInfo
1071:             7            280  java.lang.ClassLoader$NativeLibrary
1072:             7            280  java.util.PropertyResourceBundle
1073:             7            280  org.datanucleus.metadata.MapMetaData
1074:             5            280  org.datanucleus.store.rdbms.sql.expression.ColumnExpression
1075:             7            280  org.spark_project.jetty.util.TreeTrie
1076:             1            272  [Lorg.codehaus.jackson.sym.Name;
1077:            17            272  net.jpountz.lz4.LZ4HCJNICompressor
1078:             1            272  org.apache.xerces.impl.dtd.DTDGrammar
1079:            17            272  scala.reflect.internal.Mode
1080:            15            264  [Ljavax.management.MBeanConstructorInfo;
1081:            11            264  com.fasterxml.jackson.databind.type.ClassKey
1082:            11            264  java.net.InetSocketAddress$InetSocketAddressHolder
1083:            11            264  java.net.StandardSocketOptions$StdSocketOption
1084:            11            264  java.util.concurrent.locks.ReentrantReadWriteLock
1085:             3            264  java.util.jar.JarVerifier
1086:            11            264  org.antlr.v4.runtime.atn.PrecedencePredicateTransition
1087:            11            264  org.apache.hadoop.hive.ql.security.authorization.Privilege
1088:            11            264  org.apache.spark.internal.config.TypedConfigBuilder$$anonfun$transform$1
1089:            11            264  org.apache.spark.network.protocol.Message$Type
1090:            11            264  org.apache.spark.rpc.RpcTimeout
1091:             3            264  org.apache.spark.sql.execution.WholeStageCodegenExec
1092:            11            264  org.spark_project.guava.collect.RegularImmutableMap$TerminalEntry
1093:            11            264  shaded.parquet.org.apache.thrift.meta_data.FieldValueMetaData
1094:             1            256  [Loracle.jdbc.util.SQLStateRange;
1095:             4            256  com.google.protobuf.DescriptorProtos$DescriptorProto
1096:             4            256  io.netty.channel.ChannelOutboundBuffer$Entry
1097:             8            256  java.io.FileInputStream
1098:             4            256  java.security.SecureRandom
1099:             8            256  javax.management.MBeanNotificationInfo
1100:             4            256  oracle.jdbc.driver.DBConversion
1101:             4            256  oracle.jdbc.driver.T4C8Odscrarr
1102:             8            256  oracle.net.ns.NetInputStream
1103:             4            256  oracle.net.ns.SessionAtts
1104:             8            256  org.antlr.v4.runtime.atn.ActionTransition
1105:             8            256  org.apache.hadoop.hdfs.protocol.proto.AclProtos$AclEntryProto$FsActionProto
1106:             8            256  org.apache.hadoop.hive.metastore.api.DropPartitionsRequest$_Fields
1107:             8            256  org.apache.hadoop.hive.metastore.api.Function$_Fields
1108:             8            256  org.apache.hadoop.hive.metastore.api.Partition$_Fields
1109:             8            256  org.apache.hadoop.hive.metastore.api.PrivilegeGrantInfo
1110:             8            256  org.apache.thrift.meta_data.MapMetaData
1111:             4            256  org.codehaus.jackson.map.introspect.BasicBeanDescription
1112:             4            256  org.spark_project.guava.collect.ComputingConcurrentHashMap$ComputingSegment
1113:             8            256  scala.reflect.internal.Definitions$DefinitionsClass$VarArityClass
1114:             8            256  scala.reflect.internal.transform.Transforms$Lazy
1115:             8            256  sun.misc.ProxyGenerator$PrimitiveTypeInfo
1116:             6            248  [Ljava.lang.annotation.ElementType;
1117:             8            248  [Ljava.lang.invoke.LambdaForm$BasicType;
1118:            10            248  [Lorg.apache.spark.sql.catalyst.rules.Rule;
1119:             1            248  scala.reflect.internal.FlagSets$Flag$
1120:             6            240  [Ljava.lang.invoke.BoundMethodHandle$SpeciesData;
1121:             4            240  [Lorg.spark_project.guava.collect.RegularImmutableMap$LinkedEntry;
1122:            10            240  com.fasterxml.jackson.databind.util.LRUMap
1123:            10            240  java.io.ObjectStreamClass$ExceptionInfo
1124:            10            240  java.lang.annotation.ElementType
1125:            10            240  java.security.CryptoPrimitive
1126:            10            240  java.sql.DriverInfo
1127:             6            240  java.text.MessageFormat
1128:            10            240  java.util.Collections$SetFromMap
1129:             5            240  java.util.concurrent.ConcurrentSkipListMap
1130:            15            240  org.apache.hadoop.fs.Path
1131:            10            240  org.apache.hadoop.hdfs.protocol.datatransfer.Op
1132:            15            240  org.apache.hadoop.hive.serde2.typeinfo.PrimitiveTypeInfo
1133:             1            240  org.apache.spark.internal.config.package$
1134:            10            240  org.apache.spark.serializer.JavaSerializerInstance
1135:             3            240  org.apache.spark.sql.catalyst.analysis.UnresolvedRelation
1136:             2            240  org.apache.spark.sql.execution.RowDataSourceScanExec
1137:             3            240  org.apache.spark.sql.execution.datasources.jdbc.JDBCOptions
1138:            10            240  org.apache.spark.storage.BlockManagerSource$$anon$1
1139:            10            240  org.codehaus.jackson.JsonParser$Feature
1140:             5            240  org.datanucleus.metadata.EmbeddedMetaData
1141:            15            240  org.datanucleus.util.Log4JLogger
1142:             5            240  org.datanucleus.util.MultiMap
1143:             6            240  scala.collection.mutable.AnyRefMap
1144:            15            240  scala.reflect.api.PredefTypeCreator
1145:             2            240  scala.reflect.internal.StdNames$$anon$1
1146:            15            240  scala.reflect.runtime.HasJavaClass
1147:             6            240  sun.management.MemoryPoolImpl$CollectionSensor
1148:             6            240  sun.management.MemoryPoolImpl$PoolSensor
1149:             2            224  [Lcom.fasterxml.jackson.databind.DeserializationFeature;
1150:             2            224  [Lcom.fasterxml.jackson.databind.SerializationFeature;
1151:             2            224  [Lorg.codehaus.jackson.map.SerializationConfig$Feature;
1152:             4            224  com.fasterxml.jackson.core.sym.CharsToNameCanonicalizer
1153:             2            224  com.jolbox.bonecp.BoneCP
1154:             7            224  io.netty.buffer.EmptyByteBuf
1155:             7            224  io.netty.handler.codec.CodecOutputList
1156:             7            224  java.lang.StringCoding$StringEncoder
1157:             7            224  java.lang.invoke.DirectMethodHandle$Special
1158:             7            224  java.security.MessageDigest$Delegate
1159:            14            224  java.util.HashMap$Values
1160:             4            224  oracle.jdbc.driver.T4C7Oversion
1161:             4            224  oracle.jdbc.driver.T4CTTIokeyval
1162:             1            224  org.apache.hadoop.hdfs.DFSClient$Conf
1163:             7            224  org.apache.hadoop.hive.metastore.api.Database$_Fields
1164:             7            224  org.apache.hadoop.hive.metastore.api.GrantRevokeRoleRequest$_Fields
1165:             7            224  org.apache.spark.SparkConf
1166:             1            224  org.apache.xerces.impl.XMLNSDocumentScannerImpl
1167:             7            224  org.codehaus.jackson.JsonGenerator$Feature
1168:             4            224  org.codehaus.jackson.map.introspect.AnnotatedClass
1169:             4            224  org.datanucleus.ClassLoaderResolverImpl
1170:             2            224  scala.reflect.internal.Definitions$DefinitionsClass$NothingClass$
1171:             2            224  scala.reflect.internal.Definitions$DefinitionsClass$NullClass$
1172:             5            216  [Lio.netty.util.concurrent.SingleThreadEventExecutor;
1173:             5            216  [Lorg.apache.spark.sql.Row;
1174:             9            216  com.fasterxml.jackson.annotation.JsonFormat$Shape
1175:             3            216  com.fasterxml.jackson.core.sym.BytesToNameCanonicalizer
1176:             3            216  com.fasterxml.jackson.databind.SerializationConfig
1177:             3            216  com.fasterxml.jackson.databind.deser.DefaultDeserializationContext$Impl
1178:             3            216  com.fasterxml.jackson.databind.ser.DefaultSerializerProvider$Impl
1179:             9            216  com.google.protobuf.Descriptors$FieldDescriptor$JavaType
1180:             9            216  com.google.protobuf.WireFormat$JavaType
1181:             3            216  io.netty.channel.DefaultChannelPipeline$HeadContext
1182:             3            216  io.netty.channel.DefaultChannelPipeline$TailContext
1183:             9            216  java.util.logging.Level$KnownLevel
1184:             9            216  org.apache.hadoop.conf.Configuration$DeprecationDelta
1185:             3            216  org.apache.hadoop.fs.LocatedFileStatus
1186:             3            216  org.apache.hadoop.metrics2.lib.MutableRate
1187:             9            216  org.apache.spark.rpc.RpcEndpointAddress
1188:             9            216  org.spark_project.jetty.util.thread.Locker
1189:             9            216  scala.collection.immutable.BitSet$BitSet1
1190:             9            216  scala.xml.NodeBuffer
1191:             3            216  sun.security.provider.NativePRNG$RandomIO
1192:             9            216  sun.util.logging.PlatformLogger$Level
1193:             7            208  [Ljava.lang.invoke.LambdaForm$NamedFunction;
1194:             2            208  com.codahale.metrics.ThreadLocalRandom
1195:             2            208  com.google.common.collect.MapMakerInternalMap
1196:             2            208  io.netty.channel.socket.nio.NioServerSocketChannel
1197:             2            200  [Ljava.text.DateFormat$Field;
1198:             5            200  com.fasterxml.jackson.core.Version
1199:             5            200  com.fasterxml.jackson.databind.type.CollectionLikeType
1200:             5            200  com.google.protobuf.SmallSortedMap$1
1201:             5            200  java.lang.invoke.BoundMethodHandle$SpeciesData
1202:             5            200  java.util.stream.StreamOpFlag
1203:             5            200  org.antlr.v4.runtime.atn.ATNConfigSet$ConfigHashSet
1204:             5            200  scala.reflect.internal.Trees$Function
1205:             2            192  [Lcom.fasterxml.jackson.databind.MapperFeature;
1206:             4            192  [Lorg.apache.hadoop.fs.permission.FsAction;
1207:             3            192  com.fasterxml.jackson.core.sym.ByteQuadsCanonicalizer
1208:             3            192  com.fasterxml.jackson.databind.DeserializationConfig
1209:             3            192  com.fasterxml.jackson.databind.ObjectMapper
1210:             3            192  com.fasterxml.jackson.databind.deser.impl.FieldProperty
1211:             6            192  com.fasterxml.jackson.databind.introspect.AnnotatedField
1212:             6            192  com.fasterxml.jackson.databind.introspect.AnnotatedParameter
1213:             8            192  com.google.common.cache.LocalCache$WriteQueue$1
1214:             6            192  java.io.PrintStream
1215:             8            192  java.lang.StringBuffer
1216:             6            192  java.lang.invoke.LambdaForm$BasicType
1217:             8            192  java.lang.invoke.MethodHandleImpl$Intrinsic
1218:             8            192  java.math.RoundingMode
1219:             4            192  java.net.SocketInputStream
1220:             4            192  java.net.SocketOutputStream
1221:             6            192  java.util.PriorityQueue
1222:             6            192  java.util.concurrent.SynchronousQueue$TransferStack$SNode
1223:             6            192  java.util.concurrent.atomic.AtomicIntegerFieldUpdater$AtomicIntegerFieldUpdaterImpl
1224:             8            192  java.util.jar.Manifest
1225:             3            192  javassist.CtClassType
1226:             8            192  jdk.net.SocketFlow$Status
1227:             4            192  oracle.jdbc.driver.T4C8TTIdty
1228:             4            192  oracle.jdbc.driver.T4C8TTIpro
1229:             4            192  oracle.net.ns.ClientProfile
1230:             8            192  oracle.net.ns.NetOutputStream
1231:             8            192  oracle.sql.CharacterSetAL32UTF8
1232:             8            192  org.antlr.v4.runtime.atn.LexerActionType
1233:             8            192  org.apache.hadoop.fs.permission.FsAction
1234:             6            192  org.apache.hadoop.hdfs.protocol.proto.InotifyProtos$EventType
1235:             6            192  org.apache.hadoop.hdfs.protocol.proto.InotifyProtos$MetadataUpdateType
1236:             4            192  org.apache.hadoop.hdfs.server.namenode.startupprogress.PhaseTracking
1237:             6            192  org.apache.hadoop.hive.metastore.api.NotificationEvent$_Fields
1238:             8            192  org.apache.hadoop.metrics2.impl.MsInfo
1239:             6            192  org.apache.hadoop.security.UserGroupInformation$AuthenticationMethod
1240:             6            192  org.apache.parquet.format.FileMetaData$_Fields
1241:             8            192  org.apache.parquet.format.Type
1242:             3            192  org.apache.spark.SSLOptions
1243:             8            192  org.apache.spark.launcher.SparkAppHandle$State
1244:             6            192  org.apache.spark.network.util.ByteUnit
1245:             4            192  org.apache.spark.sql.catalyst.expressions.And
1246:             4            192  org.apache.spark.sql.catalyst.expressions.IsNotNull
1247:             2            192  org.apache.spark.sql.execution.datasources.jdbc.JDBCRDD
1248:             6            192  org.apache.spark.sql.types.Decimal
1249:            12            192  org.apache.spark.ui.JettyUtils$$anonfun$htmlResponderToServlet$1
1250:            12            192  org.apache.spark.ui.JettyUtils$$anonfun$jsonResponderToServlet$1
1251:            12            192  org.apache.spark.ui.WebUI$$anonfun$2
1252:            12            192  org.apache.spark.ui.WebUI$$anonfun$3
1253:             1            192  org.apache.xerces.parsers.XIncludeAwareParserConfiguration
1254:             8            192  org.apache.xerces.xni.XMLString
1255:             8            192  org.datanucleus.metadata.RelationType
1256:             4            192  org.datanucleus.store.rdbms.sql.expression.BooleanExpression
1257:             8            192  org.datanucleus.util.SoftValueMap
1258:            12            192  org.spark_project.guava.cache.LocalCache$AccessQueue
1259:             8            192  scala.Enumeration$ValueSet$
1260:             6            192  scala.tools.nsc.interpreter.MemberHandlers$DefHandler
1261:             2            192  scala.tools.nsc.typechecker.Contexts$NoContext$
1262:             8            192  scala.tools.reflect.FastTrack$FastTrackEntry
1263:             2            192  sun.security.provider.Sun
1264:             1            184  org.apache.spark.sql.hive.HiveSessionStateBuilder$$anon$1
1265:             5            176  [F
1266:             2            176  [Lcom.google.protobuf.DescriptorProtos$FieldDescriptorProto$Type;
1267:             2            176  [Lcom.google.protobuf.WireFormat$FieldType;
1268:             6            176  [Lorg.apache.hadoop.hdfs.StorageType;
1269:             1            176  [Lorg.apache.hadoop.io.nativeio.Errno;
1270:             2            176  [Lorg.codehaus.jackson.map.DeserializationConfig$Feature;
1271:             1            176  [Lorg.datanucleus.plugin.ExtensionPoint;
1272:             2            176  com.fasterxml.jackson.databind.ser.BeanPropertyWriter
1273:            11            176  java.net.InetSocketAddress
1274:            11            176  java.nio.channels.spi.AbstractSelector$1
1275:            11            176  java.util.Hashtable$EntrySet
1276:            11            176  java.util.concurrent.ConcurrentHashMap$EntrySetView
1277:            11            176  java.util.concurrent.locks.ReentrantReadWriteLock$ReadLock
1278:            11            176  java.util.concurrent.locks.ReentrantReadWriteLock$Sync$ThreadLocalHoldCounter
1279:            11            176  java.util.concurrent.locks.ReentrantReadWriteLock$WriteLock
1280:             2            176  org.apache.spark.rdd.MapPartitionsRDD
1281:             2            176  org.apache.spark.sql.internal.NonClosableMutableURLClassLoader
1282:             2            176  org.apache.spark.util.MutableURLClassLoader
1283:             1            176  org.apache.xerces.impl.dtd.XMLNSDTDValidator
1284:            11            176  scala.reflect.runtime.TwoWayCaches$TwoWayCache$SomeRef$
1285:             1            176  scala.tools.nsc.interpreter.ILoop$ILoopInterpreter
1286:            11            176  scala.tools.nsc.typechecker.ContextMode
1287:             5            168  [Lscala.reflect.internal.AnnotationInfos$ClassfileAnnotArg;
1288:             1            168  [[Ljava.math.BigInteger;
1289:             3            168  com.fasterxml.jackson.databind.MappingJsonFactory
1290:             7            168  com.sun.management.VMOption$Origin
1291:             7            168  io.netty.util.Recycler$2
1292:             7            168  java.net.NetPermission
1293:             7            168  java.util.regex.Pattern$SliceI
1294:             3            168  javax.management.openmbean.OpenMBeanOperationInfoSupport
1295:             3            168  org.apache.hadoop.fs.HdfsBlockLocation
1296:             1            168  org.apache.spark.SparkContext
1297:             7            168  org.apache.spark.util.CallSite
1298:             7            168  org.codehaus.jackson.annotate.JsonMethod
1299:             3            168  org.datanucleus.FetchPlan
1300:             7            168  org.datanucleus.metadata.IdentityStrategy
1301:             7            168  org.datanucleus.query.compiler.CompilationComponent
1302:             7            168  org.datanucleus.store.rdbms.identifier.IdentifierType
1303:             7            168  org.spark_project.guava.collect.RegularImmutableMap$NonTerminalEntry
1304:             7            168  scala.sys.BooleanProp$BooleanPropImpl
1305:             7            168  scala.tools.nsc.backend.icode.TypeKinds$REFERENCE
1306:             3            168  sun.security.provider.MD5
1307:             5            160  [Lorg.spark_project.guava.collect.MapMakerInternalMap$Segment;
1308:             4            160  com.fasterxml.jackson.core.Base64Variant
1309:             5            160  com.fasterxml.jackson.databind.ser.SerializerCache$TypeKey
1310:             5            160  com.fasterxml.jackson.databind.ser.impl.ReadOnlyClassToSerializerMap$Bucket
1311:             2            160  com.google.protobuf.DescriptorProtos$FileDescriptorProto
1312:             5            160  io.netty.channel.nio.NioEventLoopGroup
1313:             4            160  java.io.PrintWriter
1314:             5            160  java.nio.channels.ClosedChannelException
1315:            10            160  java.util.Formatter$Flags
1316:             5            160  java.util.regex.Pattern$3
1317:             5            160  javax.management.StandardEmitterMBean
1318:             4            160  oracle.jdbc.driver.T4C8TTIrxh
1319:             4            160  oracle.jdbc.driver.T4CTTIOtxse
1320:             4            160  oracle.jdbc.driver.T4CTTIrxd
1321:             4            160  oracle.net.nt.ConnStrategy
1322:             5            160  org.apache.hadoop.hdfs.protocol.proto.HdfsProtos$ReplicaStateProto
1323:             5            160  org.apache.hadoop.hdfs.protocol.proto.XAttrProtos$XAttrProto$XAttrNamespaceProto
1324:             5            160  org.apache.hadoop.hive.metastore.api.AddPartitionsRequest$_Fields
1325:             5            160  org.apache.hadoop.hive.metastore.api.CompactionRequest$_Fields
1326:             5            160  org.apache.hadoop.hive.metastore.api.FireEventRequest$_Fields
1327:             5            160  org.apache.hadoop.hive.metastore.api.HiveObjectRef$_Fields
1328:             5            160  org.apache.hadoop.hive.metastore.api.PartitionsByExprRequest$_Fields
1329:             5            160  org.apache.hadoop.hive.metastore.api.PrivilegeGrantInfo$_Fields
1330:             5            160  org.apache.hadoop.security.SaslRpcServer$AuthMethod
1331:             5            160  org.apache.hadoop.util.DataChecksum$Type
1332:             2            160  org.apache.spark.sql.catalyst.expressions.aggregate.Count
1333:             2            160  org.apache.spark.sql.catalyst.expressions.aggregate.Max
1334:             4            160  org.datanucleus.query.expression.PrimaryExpression
1335:             4            160  org.datanucleus.store.rdbms.sql.expression.StringExpression
1336:             4            160  org.spark_project.jetty.http.HttpVersion
1337:             1            160  org.spark_project.jetty.server.ServerConnector
1338:             2            160  org.spark_project.jetty.servlet.DefaultServlet
1339:             4            160  org.spark_project.jetty.util.thread.strategy.ExecuteProduceConsume
1340:             5            160  scala.collection.concurrent.CNode
1341:             5            160  scala.collection.concurrent.TrieMap
1342:            10            160  scala.collection.mutable.Map$$anonfun$withDefaultValue$1
1343:             4            160  scala.reflect.internal.tpe.TypeMaps$SubstTypeMap
1344:             4            160  scala.reflect.internal.util.WeakHashSet
1345:             1            160  scala.tools.nsc.backend.icode.Opcodes$opcodes$
1346:             1            160  scala.tools.nsc.interpreter.jline.JLineConsoleReader
1347:             4            160  sun.misc.FloatingDecimal$BinaryToASCIIBuffer
1348:             5            160  sun.util.locale.provider.LocaleProviderAdapter$Type
1349:             1            152  org.apache.xerces.impl.XMLDTDScannerImpl
1350:             1            152  scala.tools.nsc.Global$Run
1351:             2            144  [Ljava.math.BigDecimal;
1352:             7            144  [Ljava.security.CodeSigner;
1353:             2            144  [Lorg.apache.hadoop.hdfs.protocol.proto.DataTransferProtos$Status;
1354:             2            144  [Lorg.apache.hadoop.hive.metastore.api.Table$_Fields;
1355:             1            144  [Lorg.codehaus.jackson.sym.CharsToNameCanonicalizer$Bucket;
1356:             1            144  [Lorg.spark_project.jetty.server.Handler;
1357:             1            144  [Lscala.concurrent.forkjoin.ForkJoinTask$ExceptionNode;
1358:             3            144  [[J
1359:             3            144  com.codahale.metrics.EWMA
1360:             6            144  com.codahale.metrics.MetricRegistry
1361:             6            144  com.fasterxml.jackson.annotation.JsonAutoDetect$Visibility
1362:             6            144  com.fasterxml.jackson.annotation.JsonInclude$Include
1363:             6            144  com.fasterxml.jackson.core.JsonParser$NumberType
1364:             3            144  com.fasterxml.jackson.core.sym.BytesToNameCanonicalizer$TableInfo
1365:             3            144  com.fasterxml.jackson.databind.introspect.POJOPropertyBuilder
1366:             3            144  com.google.protobuf.Descriptors$Descriptor
1367:             2            144  com.jolbox.bonecp.ConnectionPartition
1368:             6            144  com.jolbox.bonecp.CustomThreadFactory
1369:             6            144  io.netty.buffer.PooledByteBufAllocator$PoolThreadLocalCache
1370:             2            144  io.netty.channel.DefaultChannelHandlerContext
1371:             6            144  io.netty.channel.VoidChannelPromise
1372:             2            144  io.netty.channel.socket.nio.NioServerSocketChannel$NioServerSocketChannelConfig
1373:             6            144  io.netty.handler.timeout.IdleStateEvent
1374:             6            144  java.lang.StringBuilder
1375:             6            144  java.util.concurrent.ConcurrentHashMap$KeySetView
1376:             6            144  java.util.concurrent.Executors$RunnableAdapter
1377:             9            144  java.util.concurrent.SynchronousQueue$TransferStack
1378:             6            144  java.util.regex.Pattern$CharPropertyNames$2
1379:             6            144  java.util.regex.Pattern$SingleI
1380:             6            144  javax.security.auth.login.AppConfigurationEntry
1381:             6            144  jline.console.ConsoleReader$State
1382:             9            144  org.antlr.v4.runtime.atn.WildcardTransition
1383:             6            144  org.apache.hadoop.hdfs.inotify.Event$EventType
1384:             6            144  org.apache.hadoop.hdfs.inotify.Event$MetadataUpdateEvent$MetadataType
1385:             3            144  org.apache.hadoop.hdfs.protocol.LocatedBlock
1386:             6            144  org.apache.hadoop.util.Shell$OSType
1387:             3            144  org.apache.spark.network.client.TransportClientFactory
1388:             6            144  org.apache.spark.sql.catalyst.TableIdentifier
1389:             9            144  org.apache.spark.sql.catalyst.expressions.AttributeMap
1390:             3            144  org.apache.spark.sql.execution.datasources.HadoopFsRelation
1391:             9            144  org.apache.xerces.util.AugmentationsImpl
1392:             6            144  org.codehaus.jackson.annotate.JsonAutoDetect$Visibility
1393:             1            144  org.datanucleus.store.rdbms.RDBMSStoreManager
1394:             6            144  org.datanucleus.store.rdbms.identifier.IdentifierCase
1395:             6            144  org.datanucleus.store.rdbms.mapping.datastore.DoubleRDBMSMapping
1396:             6            144  org.datanucleus.store.schema.naming.NamingCase
1397:             6            144  org.spark_project.jetty.http.pathmap.PathSpecGroup
1398:             9            144  org.spark_project.jetty.util.thread.Locker$Lock
1399:             1            144  scala.reflect.internal.Mirrors$Roots$EmptyPackageClass
1400:             1            144  scala.reflect.internal.Mirrors$Roots$RootClass
1401:             6            144  scala.sys.PropImpl
1402:             1            144  scala.tools.nsc.Global$specializeTypes$
1403:             1            144  scala.tools.nsc.backend.jvm.BTypesFromSymbols
1404:             6            144  sun.misc.JarIndex
1405:             6            144  sun.misc.PerfCounter
1406:             6            144  sun.misc.URLClassPath$FileLoader
1407:             6            144  sun.security.util.DisabledAlgorithmConstraints$Constraint$Operator
1408:             1            136  [Ljava.time.temporal.ChronoField;
1409:             1            136  org.apache.spark.scheduler.TaskSchedulerImpl
1410:             1            136  org.apache.spark.storage.BlockManager
1411:             1            136  scala.tools.nsc.Global$genASM$
1412:             1            136  scala.tools.nsc.settings.ScalaSettings$YoptChoices$
1413:             4            128  [Lcom.google.common.collect.MapMakerInternalMap$EntryFactory;
1414:             2            128  [Lorg.apache.hadoop.hive.metastore.api.StorageDescriptor$_Fields;
1415:             2            128  [Lorg.apache.hadoop.ipc.protobuf.RpcHeaderProtos$RpcResponseHeaderProto$RpcErrorCodeProto;
1416:             4            128  [Lorg.spark_project.guava.collect.MapMakerInternalMap$EntryFactory;
1417:             4            128  com.fasterxml.jackson.core.io.SerializedString
1418:             8            128  com.google.common.cache.LocalCache$WriteQueue
1419:             2            128  com.google.protobuf.DescriptorProtos$FileOptions
1420:             4            128  com.sun.jmx.mbeanserver.DefaultMXBeanMappingFactory$ArrayMapping
1421:             2            128  io.netty.channel.ChannelOutboundBuffer
1422:             2            128  java.io.ExpiringCache$1
1423:             4            128  java.lang.Throwable
1424:             4            128  java.lang.UNIXProcess$Platform
1425:             4            128  java.net.Socket
1426:             4            128  java.util.UUID
1427:             8            128  java.util.regex.Pattern$CharPropertyNames$3
1428:             4            128  javax.management.MBeanConstructorInfo
1429:             4            128  net.jpountz.util.Native$OS
1430:             4            128  oracle.jdbc.driver.T4C7Ocommoncall
1431:             4            128  oracle.jdbc.driver.T4C8Oclose
1432:             4            128  oracle.jdbc.driver.T4CTTIOtxen
1433:             4            128  oracle.jdbc.driver.T4CTTIk2rpc
1434:             4            128  oracle.jdbc.driver.T4CTTIoexec
1435:             4            128  oracle.jdbc.driver.T4CTTIofetch
1436:             4            128  oracle.jdbc.driver.T4CTTIoscid
1437:             4            128  oracle.jdbc.driver.T4CTTIoses
1438:             4            128  oracle.jdbc.driver.T4CTTIsto
1439:             4            128  oracle.net.ns.NSProtocol
1440:             4            128  oracle.net.nt.TcpNTAdapter
1441:             4            128  oracle.net.resolver.AddrResolution
1442:             4            128  org.apache.hadoop.fs.permission.FsPermission
1443:             4            128  org.apache.hadoop.hdfs.protocol.proto.ClientNamenodeProtocolProtos$DatanodeReportTypeProto
1444:             4            128  org.apache.hadoop.hdfs.protocol.proto.HdfsProtos$StorageTypeProto
1445:             4            128  org.apache.hadoop.hdfs.server.namenode.startupprogress.Phase
1446:             2            128  org.apache.hadoop.hive.conf.HiveConf
1447:             4            128  org.apache.hadoop.hive.metastore.api.AddDynamicPartitions$_Fields
1448:             4            128  org.apache.hadoop.hive.metastore.api.HiveObjectPrivilege$_Fields
1449:             4            128  org.apache.hadoop.hive.metastore.api.LockRequest$_Fields
1450:             4            128  org.apache.hadoop.hive.metastore.api.PartitionsStatsRequest$_Fields
1451:             4            128  org.apache.hadoop.hive.metastore.api.Type$_Fields
1452:             2            128  org.apache.hadoop.metrics2.lib.Interns$CacheWith2Keys$1
1453:             4            128  org.apache.log4j.helpers.PatternParser$LiteralPatternConverter
1454:             4            128  org.apache.parquet.hadoop.metadata.CompressionCodecName
1455:             8            128  org.apache.spark.MapOutputTrackerMaster$MessageLoop
1456:             8            128  org.apache.spark.internal.config.ConfigBuilder$$anonfun$longConf$1
1457:             8            128  org.apache.spark.rpc.netty.Dispatcher$MessageLoop
1458:             2            128  org.apache.spark.sql.catalyst.expressions.Add
1459:             1            128  org.apache.spark.sql.catalyst.util.DateTimeUtils$
1460:             1            128  org.apache.spark.ui.SparkUI
1461:             1            128  org.apache.spark.ui.jobs.JobProgressListener
1462:             1            128  org.datanucleus.api.jdo.metadata.JDOMetaDataManager
1463:             1            128  org.datanucleus.store.rdbms.query.QueryToSQLMapper
1464:             8            128  org.datanucleus.store.rdbms.sql.expression.SQLExpression$ColumnExpressionList
1465:             4            128  org.spark_project.guava.hash.MessageDigestHashFunction
1466:             4            128  org.spark_project.jetty.http.HttpScheme
1467:             4            128  parquet.hadoop.metadata.CompressionCodecName
1468:             4            128  scala.tools.nsc.Reporting$PerRunReporting$ConditionalWarning
1469:             2            128  scala.tools.nsc.settings.MutableSettings$ScalaVersionSetting
1470:             1            128  scala.tools.nsc.settings.Warnings$LintWarnings$
1471:             4            120  [Lcom.fasterxml.jackson.databind.deser.Deserializers;
1472:             1            120  [Loracle.jdbc.util.SQLStateMapping;
1473:             3            120  [Lorg.codehaus.jackson.annotate.JsonMethod;
1474:             5            120  com.codahale.metrics.Histogram
1475:             3            120  com.fasterxml.jackson.core.sym.ByteQuadsCanonicalizer$TableInfo
1476:             3            120  com.fasterxml.jackson.module.scala.introspect.PropertyDescriptor
1477:             3            120  com.google.common.util.concurrent.ThreadFactoryBuilder$1
1478:             5            120  com.google.protobuf.FieldSet
1479:             5            120  com.sun.org.apache.xalan.internal.utils.FeaturePropertyBase$State
1480:             5            120  com.sun.org.apache.xalan.internal.utils.XMLSecurityManager$State
1481:             3            120  io.netty.channel.AbstractChannel$CloseFuture
1482:             3            120  io.netty.channel.DefaultChannelPipeline
1483:             3            120  java.lang.invoke.BoundMethodHandle$Species_LL
1484:             5            120  java.math.MathContext
1485:             3            120  java.util.ServiceLoader$LazyIterator
1486:             5            120  java.util.stream.StreamOpFlag$Type
1487:             5            120  org.antlr.v4.runtime.atn.NotSetTransition
1488:             5            120  org.apache.hadoop.conf.Configuration$Resource
1489:             3            120  org.apache.hadoop.fs.FileSystem$Statistics$StatisticsData
1490:             5            120  org.apache.hadoop.fs.XAttr$NameSpace
1491:             1            120  org.apache.hadoop.hdfs.DFSClient
1492:             3            120  org.apache.hadoop.hdfs.protocol.Block
1493:             1            120  org.apache.hadoop.hdfs.protocol.proto.HdfsProtos$HdfsFileStatusProto
1494:             5            120  org.apache.hadoop.hdfs.server.common.HdfsServerConstants$ReplicaState
1495:             5            120  org.apache.hadoop.hive.metastore.MetaStoreDirectSql$DB
1496:             5            120  org.apache.hadoop.hive.metastore.api.HiveObjectType
1497:             5            120  org.apache.hadoop.hive.serde2.objectinspector.ObjectInspector$Category
1498:             5            120  org.apache.spark.SparkConf$DeprecatedConfig
1499:             1            120  org.apache.spark.executor.Executor
1500:             3            120  org.apache.spark.internal.config.FallbackConfigEntry
1501:             5            120  org.apache.spark.internal.config.TypedConfigBuilder$$anonfun$checkValue$1
1502:             1            120  org.apache.spark.scheduler.DAGScheduler
1503:             3            120  org.apache.spark.sql.catalyst.catalog.CatalogStorageFormat
1504:             3            120  org.apache.spark.sql.execution.datasources.CatalogFileIndex
1505:             3            120  org.apache.xerces.impl.dtd.XMLEntityDecl
1506:             1            120  org.datanucleus.NucleusContext
1507:             5            120  org.datanucleus.metadata.MetadataFileType
1508:             3            120  org.datanucleus.metadata.PrimaryKeyMetaData
1509:             3            120  org.datanucleus.plugin.Bundle
1510:             5            120  org.datanucleus.query.symbol.PropertySymbol
1511:             5            120  org.datanucleus.store.rdbms.request.RequestType
1512:             1            120  org.datanucleus.store.rdbms.scostore.MapKeySetStore
1513:             5            120  org.datanucleus.store.rdbms.sql.SQLJoin$JoinType
1514:             1            120  org.datanucleus.store.rdbms.sql.SQLStatement
1515:             3            120  org.slf4j.bridge.SLF4JBridgeHandler
1516:             3            120  org.spark_project.jetty.http.MetaData$Response
1517:             5            120  scala.collection.concurrent.INode
1518:             5            120  scala.collection.convert.Wrappers$JConcurrentMapWrapper
1519:             5            120  scala.collection.mutable.ArraySeq
1520:             3            120  scala.io.Codec
1521:             5            120  scala.math.BigDecimal
1522:             1            120  scala.package$
1523:             5            120  scala.reflect.internal.AnnotationInfos$ArrayAnnotArg
1524:             3            120  scala.reflect.internal.Trees$If
1525:             5            120  scala.reflect.runtime.ThreadLocalStorage$MyThreadLocalStorage
1526:             5            120  scala.tools.nsc.settings.MutableSettings$EnableSettings
1527:             5            120  scala.tools.nsc.settings.Warnings$$anonfun$1$$anonfun$apply$1
1528:             3            120  sun.misc.Cleaner
1529:             5            120  sun.misc.FloatingDecimal$PreparedASCIIToBinaryBuffer
1530:             3            120  sun.nio.ch.SelectionKeyImpl
1531:             5            120  sun.security.jca.ServiceId
1532:             4            112  [Lcom.fasterxml.jackson.databind.ser.Serializers;
1533:             2            112  [Ljava.lang.invoke.MethodType;
1534:             2            112  [Ljava.security.CryptoPrimitive;
1535:             1            112  [Ljava.time.LocalTime;
1536:             4            112  [Lorg.apache.hadoop.hdfs.protocol.DatanodeInfo;
1537:             2            112  [Lorg.apache.hadoop.hdfs.protocol.proto.DatanodeProtocolProtos$DatanodeCommandProto$Type;
1538:             2            112  [Lorg.apache.hadoop.hive.metastore.api.Index$_Fields;
1539:             2            112  [Lorg.apache.parquet.format.SchemaElement$_Fields;
1540:             2            112  com.jolbox.bonecp.Statistics
1541:             2            112  io.netty.bootstrap.ServerBootstrap
1542:             1            112  io.netty.channel.socket.nio.NioSocketChannel
1543:             7            112  java.util.IdentityHashMap$KeySet
1544:             2            112  org.antlr.v4.runtime.atn.ATN
1545:             1            112  org.apache.hadoop.hdfs.protocol.proto.HdfsProtos$DatanodeInfoProto
1546:             1            112  org.apache.hadoop.metrics2.impl.MetricsSystemImpl
1547:             2            112  org.apache.spark.memory.StorageMemoryPool
1548:             1            112  org.apache.spark.repl.SparkILoop
1549:             2            112  org.apache.spark.sql.catalyst.analysis.UnresolvedFunction
1550:             2            112  org.apache.spark.sql.hive.client.HiveClientImpl
1551:             1            112  org.apache.spark.ui.exec.ExecutorTaskSummary
1552:             1            112  org.apache.xerces.impl.XMLEntityManager
1553:             2            112  org.datanucleus.TransactionImpl
1554:             1            112  org.datanucleus.query.compiler.JDOQLCompiler
1555:             7            112  org.datanucleus.store.rdbms.query.StatementParameterMapping
1556:             1            112  org.spark_project.jetty.util.thread.QueuedThreadPool
1557:             2            112  scala.reflect.internal.StdNames$TermNames$raw$
1558:             7            112  scala.sys.BooleanProp$$anonfun$keyExists$1
1559:             1            112  scala.tools.nsc.Global$$anon$2
1560:             1            112  scala.tools.nsc.Global$genBCode$
1561:             2            112  scala.tools.nsc.backend.jvm.BCodeAsmCommon
1562:             2            112  scala.tools.nsc.settings.MutableSettings$PrefixSetting
1563:             7            112  scala.xml.Atom
1564:             1            112  sun.nio.ch.SocketChannelImpl
1565:             7            112  sun.reflect.generics.tree.TypeVariableSignature
1566:             2            112  sun.security.provider.SHA
1567:             1            104  [Lorg.apache.parquet.format.ConvertedType;
1568:             1            104  [Lorg.apache.parquet.schema.OriginalType;
1569:             1            104  org.apache.spark.MapOutputTrackerMaster
1570:             1            104  org.apache.spark.repl.ExecutorClassLoader
1571:             1            104  org.apache.spark.sql.execution.exchange.ShuffleExchange
1572:             1            104  org.apache.xerces.jaxp.SAXParserImpl$JAXPSAXParser
1573:             1            104  org.spark_project.guava.collect.MapMaker$ComputingMapAdapter
1574:             1            104  org.spark_project.jetty.server.Server
1575:             1            104  org.spark_project.jetty.server.ServerConnector$ServerConnectorManager
1576:             3             96  [Lcom.fasterxml.jackson.databind.deser.SettableBeanProperty;
1577:             2             96  [Lcom.fasterxml.jackson.databind.ser.impl.ReadOnlyClassToSerializerMap$Bucket;
1578:             2             96  [Lcom.google.common.cache.LocalCache$EntryFactory;
1579:             2             96  [Lcom.sun.management.VMOption$Origin;
1580:             2             96  [Lcom.sun.org.apache.xalan.internal.utils.XMLSecurityManager$State;
1581:             4             96  [Loracle.jdbc.driver.Binder;
1582:             4             96  [Lorg.antlr.v4.runtime.dfa.DFAState$PredPrediction;
1583:             2             96  [Lorg.apache.hadoop.hdfs.protocol.proto.AclProtos$AclEntryProto$FsActionProto;
1584:             1             96  [Lorg.apache.hadoop.hdfs.server.common.HdfsServerConstants$StartupOption;
1585:             2             96  [Lorg.apache.hadoop.hive.metastore.api.Database$_Fields;
1586:             2             96  [Lorg.apache.hadoop.hive.metastore.api.DropPartitionsRequest$_Fields;
1587:             2             96  [Lorg.apache.hadoop.hive.metastore.api.Function$_Fields;
1588:             2             96  [Lorg.apache.hadoop.hive.metastore.api.GrantRevokeRoleRequest$_Fields;
1589:             2             96  [Lorg.apache.hadoop.hive.metastore.api.Partition$_Fields;
1590:             2             96  [Lorg.spark_project.guava.cache.LocalCache$EntryFactory;
1591:             3             96  [Lorg.spark_project.guava.cache.LocalCache$Segment;
1592:             1             96  [Lorg.spark_project.jetty.http.HttpField;
1593:             4             96  com.fasterxml.jackson.annotation.JsonProperty$Access
1594:             4             96  com.fasterxml.jackson.core.JsonFactory$Feature
1595:             3             96  com.fasterxml.jackson.databind.PropertyMetadata
1596:             3             96  com.fasterxml.jackson.databind.cfg.DeserializerFactoryConfig
1597:             4             96  com.fasterxml.jackson.databind.cfg.SerializerFactoryConfig
1598:             4             96  com.fasterxml.jackson.databind.introspect.AnnotationIntrospectorPair
1599:             6             96  com.fasterxml.jackson.module.scala.JacksonModule$$anonfun$$plus$eq$3
1600:             4             96  com.google.common.collect.AbstractIterator$State
1601:             4             96  com.google.common.collect.RegularImmutableMap$TerminalEntry
1602:             3             96  com.google.protobuf.DescriptorProtos$FieldDescriptorProto$Label
1603:             3             96  com.google.protobuf.DescriptorProtos$FieldOptions$CType
1604:             3             96  com.google.protobuf.DescriptorProtos$FileOptions$OptimizeMode
1605:             3             96  com.google.protobuf.GeneratedMessage$FieldAccessorTable
1606:             4             96  com.google.protobuf.LiteralByteString
1607:             2             96  com.jolbox.bonecp.ConnectionTesterThread
1608:             1             96  com.run.nssa.dataset.DENGBAO$WA_CP_0001
1609:             3             96  com.sun.jmx.mbeanserver.DefaultMXBeanMappingFactory$EnumMapping
1610:             2             96  com.sun.jmx.mbeanserver.MBeanIntrospector$MBeanInfoMap
1611:             2             96  com.sun.jmx.mbeanserver.MBeanIntrospector$PerInterfaceMap
1612:             3             96  com.sun.org.apache.xalan.internal.utils.XMLSecurityManager$NameMap
1613:             2             96  io.netty.bootstrap.AbstractBootstrap$PendingRegistrationPromise
1614:             4             96  io.netty.util.ResourceLeakDetector$Level
1615:             2             96  java.lang.ThreadGroup
1616:             3             96  java.net.Inet6Address
1617:             3             96  java.net.Inet6Address$Inet6AddressHolder
1618:             3             96  java.nio.DirectByteBuffer$Deallocator
1619:             2             96  java.nio.HeapCharBuffer
1620:             4             96  java.sql.PseudoColumnUsage
1621:             4             96  java.text.Normalizer$Form
1622:             6             96  java.util.LinkedHashMap$LinkedKeySet
1623:             3             96  java.util.ServiceLoader
1624:             2             96  java.util.concurrent.ArrayBlockingQueue
1625:             4             96  java.util.stream.StreamShape
1626:             2             96  javax.management.openmbean.TabularType
1627:             4             96  oracle.jdbc.driver.T4CTTIfob
1628:             4             96  oracle.jdbc.driver.T4CTypeRep
1629:             4             96  oracle.net.ano.AnoComm
1630:             4             96  oracle.sql.CharacterSetAL16UTF16
1631:             3             96  org.antlr.v4.runtime.VocabularyImpl
1632:             3             96  org.antlr.v4.runtime.atn.PredicateTransition
1633:             4             96  org.antlr.v4.runtime.dfa.DFAState$PredPrediction
1634:             2             96  org.apache.calcite.avatica.DriverVersion
1635:             2             96  org.apache.calcite.avatica.DriverVersion
1636:             4             96  org.apache.calcite.avatica.UnregisteredDriver$JdbcVersion
1637:             4             96  org.apache.calcite.avatica.UnregisteredDriver$JdbcVersion
1638:             4             96  org.apache.hadoop.fs.permission.AclEntryType
1639:             4             96  org.apache.hadoop.ha.HAServiceProtocol$HAServiceState
1640:             4             96  org.apache.hadoop.hdfs.StorageType
1641:             4             96  org.apache.hadoop.hdfs.protocol.HdfsConstants$DatanodeReportType
1642:             4             96  org.apache.hadoop.hdfs.protocol.datatransfer.ReplaceDatanodeOnFailure$Policy
1643:             3             96  org.apache.hadoop.hdfs.protocol.proto.ClientNamenodeProtocolProtos$RollingUpgradeActionProto
1644:             3             96  org.apache.hadoop.hdfs.protocol.proto.ClientNamenodeProtocolProtos$SafeModeActionProto
1645:             3             96  org.apache.hadoop.hdfs.protocol.proto.DatanodeProtocolProtos$BlockCommandProto$Action
1646:             3             96  org.apache.hadoop.hdfs.protocol.proto.DatanodeProtocolProtos$ReceivedDeletedBlockInfoProto$BlockStatus
1647:             3             96  org.apache.hadoop.hdfs.protocol.proto.HdfsProtos$ChecksumTypeProto
1648:             3             96  org.apache.hadoop.hdfs.protocol.proto.HdfsProtos$DatanodeInfoProto$AdminState
1649:             3             96  org.apache.hadoop.hdfs.protocol.proto.HdfsProtos$HdfsFileStatusProto$FileType
1650:             3             96  org.apache.hadoop.hdfs.protocol.proto.HdfsProtos$NamenodeRegistrationProto$NamenodeRoleProto
1651:             3             96  org.apache.hadoop.hdfs.protocol.proto.InotifyProtos$INodeType
1652:             1             96  org.apache.hadoop.hdfs.shortcircuit.ShortCircuitCache
1653:             4             96  org.apache.hadoop.hive.metastore.ObjectStore$TXN_STATUS
1654:             4             96  org.apache.hadoop.hive.metastore.TableType
1655:             3             96  org.apache.hadoop.hive.metastore.api.FieldSchema$_Fields
1656:             3             96  org.apache.hadoop.hive.metastore.api.GrantRevokePrivilegeRequest$_Fields
1657:             3             96  org.apache.hadoop.hive.metastore.api.OpenTxnRequest$_Fields
1658:             3             96  org.apache.hadoop.hive.metastore.api.Role$_Fields
1659:             3             96  org.apache.hadoop.hive.metastore.api.SerDeInfo$_Fields
1660:             3             96  org.apache.hadoop.hive.metastore.api.SkewedInfo$_Fields
1661:             3             96  org.apache.hadoop.hive.metastore.api.TableStatsRequest$_Fields
1662:             4             96  org.apache.hadoop.hive.ql.security.authorization.PrivilegeScope
1663:             2             96  org.apache.hadoop.hive.ql.security.authorization.plugin.sqlstd.SQLStdHiveAccessController
1664:             3             96  org.apache.hadoop.ipc.protobuf.RpcHeaderProtos$RpcKindProto
1665:             3             96  org.apache.hadoop.ipc.protobuf.RpcHeaderProtos$RpcRequestHeaderProto$OperationProto
1666:             3             96  org.apache.hadoop.ipc.protobuf.RpcHeaderProtos$RpcResponseHeaderProto$RpcStatusProto
1667:             4             96  org.apache.hadoop.metrics2.annotation.Metric$Type
1668:             3             96  org.apache.hadoop.security.token.Token
1669:             4             96  org.apache.parquet.format.CompressionCodec
1670:             4             96  org.apache.parquet.format.PageType
1671:             4             96  org.apache.spark.JobExecutionStatus
1672:             6             96  org.apache.spark.internal.config.ConfigBuilder$$anonfun$timeConf$1
1673:             6             96  org.apache.spark.internal.config.ConfigBuilder$$anonfun$timeConf$2
1674:             4             96  org.apache.spark.internal.config.ConfigReader
1675:             4             96  org.apache.spark.internal.config.TypedConfigBuilder$$anonfun$checkValues$1
1676:             3             96  org.apache.spark.sql.execution.datasources.jdbc.JDBCRelation
1677:             1             96  org.apache.spark.sql.hive.HiveExternalCatalog$
1678:             1             96  org.apache.spark.sql.hive.client.IsolatedClientLoader$$anon$1
1679:             3             96  org.apache.spark.ui.JettyUtils$$anon$4
1680:             1             96  org.apache.xerces.impl.dtd.XMLDTDProcessor
1681:             3             96  org.apache.xerces.util.XMLResourceIdentifierImpl
1682:             3             96  org.apache.xerces.xni.QName
1683:             2             96  org.codehaus.jackson.map.MapperConfig$Base
1684:             2             96  org.codehaus.jackson.sym.CharsToNameCanonicalizer
1685:             2             96  org.datanucleus.api.jdo.JDOPersistenceManager
1686:             4             96  org.datanucleus.metadata.FieldPersistenceModifier
1687:             4             96  org.datanucleus.metadata.InheritanceStrategy
1688:             4             96  org.datanucleus.plugin.Bundle$BundleDescription
1689:             4             96  org.datanucleus.query.expression.Expression$MonadicOperator
1690:             4             96  org.datanucleus.store.rdbms.query.QueryToSQLMapper$SQLTableMapping
1691:             2             96  org.datanucleus.store.rdbms.sql.expression.StringLiteral
1692:             4             96  org.spark_project.guava.collect.AbstractIterator$State
1693:             3             96  org.spark_project.guava.collect.MapMakerInternalMap$StrongEntry
1694:             3             96  org.spark_project.guava.collect.MapMakerInternalMap$WeakValueReference
1695:             4             96  org.spark_project.jetty.io.ManagedSelector$SelectorProducer
1696:             4             96  org.spark_project.jetty.server.handler.ContextHandler$Availability
1697:             4             96  org.spark_project.jetty.servlet.BaseHolder$Source
1698:             4             96  org.spark_project.jetty.util.component.ContainerLifeCycle$Managed
1699:             4             96  parquet.format.CompressionCodec
1700:             4             96  scala.PartialFunction$OrElse
1701:             3             96  scala.collection.immutable.RedBlackTree$BlackTree
1702:             1             96  scala.concurrent.duration.Duration$
1703:             4             96  scala.concurrent.impl.ExecutionContextImpl$$anon$1
1704:             2             96  scala.reflect.internal.Scopes$EmptyScope$
1705:             2             96  scala.reflect.internal.Trees$ModuleDef
1706:             2             96  scala.reflect.internal.Trees$noSelfType$
1707:             2             96  scala.reflect.internal.tpe.TypeMaps$SubstSymMap
1708:             4             96  scala.reflect.internal.util.FreshNameCreator
1709:             3             96  scala.reflect.io.File
1710:             4             96  scala.tools.nsc.ast.TreeDSL$CODE$
1711:             2             96  scala.tools.nsc.backend.icode.BasicBlocks$BasicBlock
1712:             3             96  scala.tools.nsc.reporters.Reporter$Severity
1713:             6             96  scala.tools.nsc.settings.MutableSettings$MultiChoiceSetting$ChoiceOrVal$
1714:             3             96  scala.tools.nsc.settings.SpecificScalaVersion
1715:             2             96  scala.tools.nsc.typechecker.Implicits$$anon$4
1716:             4             96  scala.util.DynamicVariable
1717:             4             96  scala.util.DynamicVariable$$anon$1
1718:             2             96  sun.management.GarbageCollectorImpl
1719:             4             96  sun.misc.FormattedFloatingDecimal$Form
1720:             1             96  sun.misc.Launcher$AppClassLoader
1721:             3             96  sun.net.spi.DefaultProxySelector$NonProxyInfo
1722:             3             96  sun.nio.ch.ServerSocketAdaptor
1723:             2             96  sun.nio.cs.StreamDecoder
1724:             1             96  sun.security.jca.ProviderList$1
1725:             3             96  sun.security.x509.AlgorithmId
1726:             2             96  sun.security.x509.X500Name
1727:             3             96  sun.util.locale.provider.LocaleResources
1728:             2             88  [Lcom.google.common.collect.RegularImmutableMap$LinkedEntry;
1729:             1             88  [Lcom.google.protobuf.Descriptors$FieldDescriptor$Type;
1730:             1             88  [Lnet.jpountz.lz4.LZ4Compressor;
1731:             1             88  [Lorg.apache.hadoop.hive.serde2.objectinspector.PrimitiveObjectInspector$PrimitiveCategory;
1732:             2             88  [Lorg.apache.spark.sql.types.AbstractDataType;
1733:             1             88  [Lorg.fusesource.jansi.Ansi$Attribute;
1734:             2             88  [Lorg.spark_project.jetty.http.HttpHeaderValue;
1735:             1             88  [Lorg.spark_project.jetty.http.MimeTypes$Type;
1736:             1             88  [Lsun.security.util.ObjectIdentifier;
1737:             1             88  [[Ljava.lang.Byte;
1738:             1             88  com.fasterxml.jackson.module.scala.ser.OptionPropertyWriter
1739:             1             88  org.apache.hadoop.hive.metastore.AggregateStatsCache
1740:             1             88  org.apache.spark.SecurityManager
1741:             1             88  org.apache.spark.SparkEnv
1742:             1             88  org.apache.spark.rpc.netty.NettyRpcEnv
1743:             1             88  org.apache.spark.sql.execution.ShuffledRowRDD
1744:             1             88  org.apache.spark.sql.hive.HiveSessionStateBuilder$$anon$2
1745:             1             88  org.apache.spark.util.Utils$
1746:             1             88  org.datanucleus.store.rdbms.adapter.OracleAdapter
1747:             1             88  org.datanucleus.store.rdbms.identifier.DNIdentifierFactory
1748:             1             88  org.spark_project.jetty.server.HttpConnectionFactory
1749:             1             88  org.spark_project.jetty.server.handler.ContextHandlerCollection
1750:             1             88  scala.collection.convert.Wrappers$
1751:             1             88  scala.math.BigDecimal$RoundingMode$
1752:             1             88  scala.reflect.ClassTag$
1753:             1             88  scala.reflect.ManifestFactory$
1754:             1             88  scala.reflect.internal.Mirrors$Roots$EmptyPackage
1755:             1             88  scala.reflect.internal.Mirrors$Roots$RootPackage
1756:             1             88  scala.reflect.internal.Mode$
1757:             1             88  scala.reflect.runtime.Settings
1758:             1             88  scala.tools.nsc.interpreter.IMain$TranslatingClassLoader
1759:             1             88  scala.tools.nsc.interpreter.ReplProps
1760:             1             88  scala.tools.nsc.settings.ScalaSettings$YoptWarningsChoices$
1761:             1             88  scala.tools.nsc.settings.ScalaSettings$YstatisticsPhases$
1762:             1             88  scala.tools.nsc.settings.ScalaSettings$languageFeatures$
1763:             1             88  scala.tools.nsc.typechecker.ContextMode$
1764:             1             88  sun.misc.Launcher$ExtClassLoader
1765:             2             80  [Lcom.fasterxml.jackson.annotation.JsonAutoDetect$Visibility;
1766:             2             80  [Lcom.fasterxml.jackson.annotation.JsonInclude$Include;
1767:             4             80  [Lcom.google.protobuf.Descriptors$Descriptor;
1768:             1             80  [Ljava.time.temporal.ChronoUnit;
1769:             4             80  [Ljava.util.Map$Entry;
1770:             2             80  [Ljava.util.stream.StreamOpFlag$Type;
1771:             3             80  [Ljavax.security.auth.login.AppConfigurationEntry;
1772:             2             80  [Lorg.apache.hadoop.fs.XAttr$NameSpace;
1773:             2             80  [Lorg.apache.hadoop.hdfs.protocol.proto.HdfsProtos$ReplicaStateProto;
1774:             2             80  [Lorg.apache.hadoop.hdfs.protocol.proto.InotifyProtos$EventType;
1775:             2             80  [Lorg.apache.hadoop.hdfs.protocol.proto.InotifyProtos$MetadataUpdateType;
1776:             2             80  [Lorg.apache.hadoop.hdfs.protocol.proto.XAttrProtos$XAttrProto$XAttrNamespaceProto;
1777:             2             80  [Lorg.apache.hadoop.hive.metastore.api.AddPartitionsRequest$_Fields;
1778:             2             80  [Lorg.apache.hadoop.hive.metastore.api.CompactionRequest$_Fields;
1779:             2             80  [Lorg.apache.hadoop.hive.metastore.api.FireEventRequest$_Fields;
1780:             2             80  [Lorg.apache.hadoop.hive.metastore.api.HiveObjectRef$_Fields;
1781:             2             80  [Lorg.apache.hadoop.hive.metastore.api.NotificationEvent$_Fields;
1782:             2             80  [Lorg.apache.hadoop.hive.metastore.api.PartitionsByExprRequest$_Fields;
1783:             2             80  [Lorg.apache.hadoop.hive.metastore.api.PrivilegeGrantInfo$_Fields;
1784:             1             80  [Lorg.apache.hadoop.hive.metastore.events.PreEventContext$PreEventType;
1785:             1             80  [Lorg.apache.hadoop.hive.ql.history.HiveHistory$Keys;
1786:             2             80  [Lorg.apache.hadoop.security.UserGroupInformation$AuthenticationMethod;
1787:             2             80  [Lorg.apache.hadoop.util.DataChecksum$Type;
1788:             2             80  [Lorg.apache.parquet.format.FileMetaData$_Fields;
1789:             2             80  [Lorg.codehaus.jackson.annotate.JsonAutoDetect$Visibility;
1790:             5             80  [Lscala.collection.concurrent.BasicNode;
1791:             1             80  [Lscala.concurrent.forkjoin.ForkJoinPool$WorkQueue;
1792:             2             80  [Lsun.security.x509.RDN;
1793:             5             80  com.codahale.metrics.Counter
1794:             1             80  com.fasterxml.jackson.databind.deser.BeanDeserializer
1795:             2             80  com.fasterxml.jackson.databind.type.TypeFactory
1796:             2             80  com.jolbox.bonecp.ConnectionPartition$1
1797:             2             80  com.jolbox.bonecp.PoolWatchThread
1798:             2             80  com.sun.jmx.mbeanserver.DefaultMXBeanMappingFactory$TabularMapping
1799:             5             80  com.sun.proxy.$Proxy11
1800:             2             80  io.netty.channel.nio.AbstractNioMessageChannel$NioMessageUnsafe
1801:             2             80  io.netty.util.Recycler$WeakOrderQueue
1802:             2             80  io.netty.util.Signal
1803:             5             80  io.netty.util.concurrent.MultithreadEventExecutorGroup$1
1804:             5             80  io.netty.util.concurrent.MultithreadEventExecutorGroup$PowerOfTwoEventExecutorChooser
1805:             2             80  java.io.ExpiringCache
1806:             2             80  java.lang.invoke.MethodHandleImpl$AsVarargsCollector
1807:             2             80  java.util.Locale$Category
1808:             5             80  java.util.concurrent.ConcurrentSkipListMap$KeySet
1809:             2             80  java.util.regex.Pattern$LazyLoop
1810:             2             80  org.apache.hadoop.net.unix.DomainSocket
1811:             2             80  org.apache.hadoop.security.authentication.util.KerberosName$Rule
1812:             1             80  org.apache.spark.HeartbeatReceiver
1813:             1             80  org.apache.spark.InternalAccumulator$
1814:             1             80  org.apache.spark.TaskState$
1815:             1             80  org.apache.spark.deploy.SparkSubmit$
1816:             5             80  org.apache.spark.internal.config.ConfigBuilder$$anonfun$bytesConf$1
1817:             5             80  org.apache.spark.internal.config.ConfigBuilder$$anonfun$bytesConf$2
1818:             2             80  org.apache.spark.memory.ExecutionMemoryPool
1819:             1             80  org.apache.spark.memory.UnifiedMemoryManager
1820:             2             80  org.apache.spark.network.server.TransportServer
1821:             2             80  org.apache.spark.sql.SparkSessionExtensions
1822:             1             80  org.apache.spark.sql.catalyst.plans.logical.Sort
1823:             1             80  org.apache.spark.sql.execution.InputAdapter
1824:             5             80  org.apache.spark.sql.internal.SQLConf$$anonfun$buildStaticConf$1
1825:             1             80  org.apache.spark.storage.BlockManagerInfo
1826:             1             80  org.apache.spark.util.SizeEstimator$
1827:             2             80  org.apache.xerces.impl.dtd.XMLDTDDescription
1828:             1             80  org.datanucleus.enhancer.EnhancerClassLoader
1829:             2             80  org.datanucleus.query.expression.DyadicExpression
1830:             2             80  org.datanucleus.store.rdbms.identifier.ForeignKeyIdentifier
1831:             2             80  org.spark_project.guava.collect.RegularImmutableMap
1832:             1             80  org.spark_project.jetty.server.handler.ErrorHandler
1833:             1             80  org.spark_project.jetty.util.thread.ScheduledExecutorScheduler
1834:             5             80  scala.collection.concurrent.Gen
1835:             5             80  scala.collection.concurrent.TrieMap$MangledHashing
1836:             5             80  scala.concurrent.ExecutionContext$$anonfun$defaultReporter$1
1837:             5             80  scala.concurrent.impl.ExecutionContextImpl$$anon$3
1838:             5             80  scala.math.Equiv$$anon$2
1839:             1             80  scala.reflect.api.TypeTags$TypeTag$
1840:             1             80  scala.reflect.api.TypeTags$WeakTypeTag$
1841:             2             80  scala.reflect.internal.AnnotationInfos$LazyAnnotationInfo
1842:             2             80  scala.reflect.internal.AnnotationInfos$UnmappableAnnotation$
1843:             2             80  scala.reflect.internal.SymbolTable$$anon$1
1844:             2             80  scala.reflect.internal.Trees$PackageDef
1845:             2             80  scala.reflect.internal.Trees$pendingSuperCall$
1846:             2             80  scala.reflect.internal.Types$MissingAliasControl
1847:             2             80  scala.reflect.internal.Types$TypeVar$$anon$4
1848:             2             80  scala.reflect.internal.tpe.TypeConstraints$TypeConstraint
1849:             1             80  scala.reflect.runtime.SynchronizedSymbols$$anon$16
1850:             5             80  scala.runtime.IntRef
1851:             1             80  scala.tools.nsc.Global$inliner$
1852:             1             80  scala.tools.nsc.ast.Trees$treeInfo$
1853:             1             80  scala.tools.nsc.interpreter.StdReplTags$
1854:             5             80  scala.tools.nsc.settings.MutableSettings$MultiChoiceEnumeration$Choice$
1855:             2             80  scala.tools.nsc.typechecker.Contexts$ThrowingReporter
1856:             2             80  sun.management.MemoryManagerImpl
1857:             5             80  sun.net.www.protocol.jar.Handler
1858:             5             80  sun.nio.ch.Util$3
1859:             1             80  sun.reflect.misc.MethodUtil
1860:             1             80  sun.security.x509.X509CertImpl
1861:             1             72  [Lcom.fasterxml.jackson.core.JsonToken;
1862:             1             72  [Ljava.lang.invoke.LambdaFormEditor$Transform$Kind;
1863:             3             72  [Ljava.net.InetAddress;
1864:             1             72  [Ljavax.management.openmbean.OpenType;
1865:             1             72  [Ljavax.management.openmbean.SimpleType;
1866:             3             72  [Lorg.antlr.v4.runtime.atn.LexerAction;
1867:             3             72  [Lorg.apache.hadoop.fs.FileStatus;
1868:             3             72  [Lorg.apache.hadoop.fs.HdfsBlockLocation;
1869:             3             72  [Lorg.apache.spark.sql.catalyst.expressions.MutableValue;
1870:             1             72  [Lorg.datanucleus.query.node.NodeType;
1871:             1             72  [Lorg.datanucleus.state.LifeCycleState;
1872:             2             72  [Lsun.security.jca.ProviderConfig;
1873:             1             72  com.fasterxml.jackson.core.util.InternCache
1874:             3             72  com.fasterxml.jackson.databind.deser.DeserializerCache
1875:             3             72  com.fasterxml.jackson.databind.introspect.SimpleMixInResolver
1876:             3             72  com.fasterxml.jackson.databind.ser.SerializerCache
1877:             3             72  com.fasterxml.jackson.databind.ser.std.NumberSerializer
1878:             3             72  com.fasterxml.jackson.module.scala.introspect.ConstructorParameter
1879:             3             72  com.google.protobuf.Descriptors$DescriptorPool$PackageDescriptor
1880:             3             72  com.jolbox.bonecp.hooks.ConnectionState
1881:             3             72  io.netty.buffer.PoolArena$SizeClass
1882:             3             72  io.netty.channel.SucceededChannelFuture
1883:             1             72  io.netty.channel.socket.nio.NioSocketChannel$NioSocketChannelConfig
1884:             3             72  io.netty.handler.timeout.IdleState
1885:             3             72  io.netty.util.ThreadDeathWatcher$Entry
1886:             3             72  java.lang.UNIXProcess$LaunchMechanism
1887:             3             72  java.lang.annotation.RetentionPolicy
1888:             3             72  java.net.Proxy$Type
1889:             3             72  java.security.SecurityPermission
1890:             3             72  java.time.Instant
1891:             3             72  java.util.Base64$Encoder
1892:             3             72  java.util.Currency
1893:             1             72  java.util.ResourceBundle$RBClassLoader
1894:             1             72  java.util.logging.LogManager$RootLogger
1895:             3             72  java.util.regex.Pattern$Prolog
1896:             3             72  javax.security.auth.Subject$SecureSet
1897:             3             72  jline.console.completer.CandidateListCompletionHandler$Messages
1898:             3             72  org.antlr.v4.runtime.atn.PredictionMode
1899:             3             72  org.apache.hadoop.hdfs.inotify.Event$CreateEvent$INodeType
1900:             3             72  org.apache.hadoop.hdfs.protocol.DatanodeInfo$AdminStates
1901:             3             72  org.apache.hadoop.hdfs.protocol.ExtendedBlock
1902:             3             72  org.apache.hadoop.hdfs.protocol.HdfsConstants$RollingUpgradeAction
1903:             3             72  org.apache.hadoop.hdfs.protocol.HdfsConstants$SafeModeAction
1904:             1             72  org.apache.hadoop.hdfs.protocol.proto.ClientNamenodeProtocolProtos$CachePoolInfoProto
1905:             1             72  org.apache.hadoop.hdfs.protocol.proto.ClientNamenodeProtocolProtos$CreateRequestProto
1906:             1             72  org.apache.hadoop.hdfs.protocol.proto.ClientNamenodeProtocolProtos$GetAdditionalDatanodeRequestProto
1907:             1             72  org.apache.hadoop.hdfs.protocol.proto.HdfsProtos$FsServerDefaultsProto
1908:             1             72  org.apache.hadoop.hdfs.protocol.proto.HdfsProtos$LocatedBlockProto
1909:             3             72  org.apache.hadoop.hdfs.server.common.HdfsServerConstants$NamenodeRole
1910:             3             72  org.apache.hadoop.hdfs.server.common.HdfsServerConstants$RollingUpgradeStartupOption
1911:             3             72  org.apache.hadoop.hdfs.server.protocol.DatanodeStorage$State
1912:             3             72  org.apache.hadoop.hdfs.server.protocol.ReceivedDeletedBlockInfo$BlockStatus
1913:             1             72  org.apache.hadoop.hive.metastore.HiveMetaStore$HMSHandler
1914:             3             72  org.apache.hadoop.hive.metastore.api.PrincipalType
1915:             1             72  org.apache.hadoop.hive.metastore.model.MStorageDescriptor
1916:             1             72  org.apache.hadoop.hive.metastore.model.MTable
1917:             3             72  org.apache.hadoop.hive.ql.io.parquet.serde.ParquetHiveSerDe$LAST_OPERATION
1918:             3             72  org.apache.hadoop.hive.serde2.typeinfo.StructTypeInfo
1919:             3             72  org.apache.hadoop.ipc.RPC$RpcKind
1920:             1             72  org.apache.hadoop.ipc.protobuf.RpcHeaderProtos$RpcResponseHeaderProto
1921:             3             72  org.apache.parquet.format.FieldRepetitionType
1922:             1             72  org.apache.spark.executor.DataReadMethod$
1923:             3             72  org.apache.spark.network.TransportContext
1924:             1             72  org.apache.spark.scheduler.LiveListenerBus
1925:             1             72  org.apache.spark.scheduler.TaskLocality$
1926:             3             72  org.apache.spark.serializer.JavaSerializer
1927:             3             72  org.apache.spark.sql.Column
1928:             3             72  org.apache.spark.sql.catalyst.QualifiedTableName
1929:             3             72  org.apache.spark.sql.catalyst.catalog.CatalogStatistics
1930:             3             72  org.apache.spark.sql.catalyst.expressions.MutableAny
1931:             1             72  org.apache.spark.sql.catalyst.plans.logical.OneRowRelation$
1932:             3             72  org.apache.spark.sql.catalyst.rules.RuleExecutor$FixedPoint
1933:             3             72  org.apache.spark.sql.catalyst.util.CaseInsensitiveMap
1934:             3             72  org.apache.spark.sql.execution.datasources.SharedInMemoryCache$$anon$3
1935:             1             72  org.apache.spark.sql.execution.datasources.jdbc.JDBCOptions$
1936:             3             72  org.apache.spark.sql.execution.datasources.jdbc.JDBCPartition
1937:             3             72  org.apache.spark.sql.execution.datasources.parquet.ParquetFileFormat
1938:             1             72  org.apache.spark.sql.hive.HiveSessionCatalog
1939:             1             72  org.apache.spark.sql.internal.SessionState
1940:             1             72  org.apache.spark.ui.ConsoleProgressBar
1941:             3             72  org.apache.spark.util.SparkShutdownHook
1942:             3             72  org.datanucleus.metadata.ClassPersistenceModifier
1943:             1             72  org.datanucleus.metadata.FileMetaData
1944:             3             72  org.datanucleus.metadata.IdentityType
1945:             3             72  org.datanucleus.metadata.IndexedValue
1946:             3             72  org.datanucleus.metadata.MapMetaData$MapType
1947:             3             72  org.datanucleus.metadata.NullValue
1948:             3             72  org.datanucleus.util.Localiser
1949:             1             72  org.json4s.DefaultFormats$
1950:             3             72  org.spark_project.guava.cache.LocalCache$WeightedStrongValueReference
1951:             3             72  org.spark_project.jetty.http.HttpCompliance
1952:             1             72  org.spark_project.jetty.server.HttpConfiguration
1953:             1             72  scala.reflect.ClassManifestFactory$
1954:             3             72  scala.reflect.internal.Types$OverloadedType
1955:             3             72  scala.reflect.runtime.JavaMirrors$JavaMirror$$anon$5
1956:             1             72  scala.tools.nsc.CompilationUnits$NoCompilationUnit$
1957:             1             72  scala.tools.nsc.Global$genicode$
1958:             1             72  scala.tools.nsc.Global$lambdaLift$
1959:             1             72  scala.tools.nsc.Global$patmat$
1960:             3             72  scala.tools.nsc.ast.Trees$LazyTreeCopier
1961:             3             72  scala.tools.nsc.backend.icode.BasicBlocks$BasicBlock$SuccessorList
1962:             3             72  scala.tools.nsc.interactive.Pickler$$anon$6
1963:             3             72  scala.tools.nsc.settings.MutableSettings$EnableSettings$$anonfun$enablingIfNotSetByUser$1
1964:             1             72  scala.tools.nsc.settings.ScalaSettings$XxmlSettings$
1965:             3             72  scala.tools.nsc.typechecker.Contexts$ImportInfo
1966:             3             72  shaded.parquet.org.apache.thrift.meta_data.EnumMetaData
1967:             3             72  shaded.parquet.org.apache.thrift.meta_data.ListMetaData
1968:             3             72  shaded.parquet.org.apache.thrift.meta_data.StructMetaData
1969:             3             72  sun.misc.FloatingDecimal$ExceptionalBinaryToASCIIBuffer
1970:             3             72  sun.misc.Signal
1971:             3             72  sun.security.provider.NativePRNG$Variant
1972:             1             72  sun.util.locale.provider.JRELocaleProviderAdapter
1973:             1             64  [Lcom.fasterxml.jackson.core.JsonParser$Feature;
1974:             3             64  [Lcom.fasterxml.jackson.databind.ser.BeanPropertyWriter;
1975:             2             64  [Lcom.google.common.collect.MapMakerInternalMap$Segment;
1976:             2             64  [Lcom.google.protobuf.DescriptorProtos$FieldDescriptorProto$Label;
1977:             2             64  [Lcom.google.protobuf.DescriptorProtos$FieldOptions$CType;
1978:             2             64  [Lcom.google.protobuf.DescriptorProtos$FileOptions$OptimizeMode;
1979:             4             64  [Lcom.google.protobuf.Descriptors$EnumDescriptor;
1980:             2             64  [Lio.netty.util.ResourceLeakDetector$Level;
1981:             2             64  [Ljava.lang.UNIXProcess$LaunchMechanism;
1982:             2             64  [Ljava.lang.annotation.RetentionPolicy;
1983:             2             64  [Loracle.jdbc.driver.OracleDriverExtension;
1984:             1             64  [Lorg.apache.commons.lang3.JavaVersion;
1985:             2             64  [Lorg.apache.hadoop.fs.permission.AclEntryType;
1986:             2             64  [Lorg.apache.hadoop.hdfs.protocol.proto.ClientNamenodeProtocolProtos$DatanodeReportTypeProto;
1987:             2             64  [Lorg.apache.hadoop.hdfs.protocol.proto.ClientNamenodeProtocolProtos$RollingUpgradeActionProto;
1988:             2             64  [Lorg.apache.hadoop.hdfs.protocol.proto.ClientNamenodeProtocolProtos$SafeModeActionProto;
1989:             2             64  [Lorg.apache.hadoop.hdfs.protocol.proto.DatanodeProtocolProtos$BlockCommandProto$Action;
1990:             2             64  [Lorg.apache.hadoop.hdfs.protocol.proto.DatanodeProtocolProtos$ReceivedDeletedBlockInfoProto$BlockStatus;
1991:             2             64  [Lorg.apache.hadoop.hdfs.protocol.proto.HdfsProtos$ChecksumTypeProto;
1992:             2             64  [Lorg.apache.hadoop.hdfs.protocol.proto.HdfsProtos$DatanodeInfoProto$AdminState;
1993:             2             64  [Lorg.apache.hadoop.hdfs.protocol.proto.HdfsProtos$HdfsFileStatusProto$FileType;
1994:             2             64  [Lorg.apache.hadoop.hdfs.protocol.proto.HdfsProtos$NamenodeRegistrationProto$NamenodeRoleProto;
1995:             2             64  [Lorg.apache.hadoop.hdfs.protocol.proto.HdfsProtos$StorageTypeProto;
1996:             2             64  [Lorg.apache.hadoop.hdfs.protocol.proto.InotifyProtos$INodeType;
1997:             2             64  [Lorg.apache.hadoop.hdfs.server.common.HdfsServerConstants$RollingUpgradeStartupOption;
1998:             2             64  [Lorg.apache.hadoop.hdfs.server.namenode.startupprogress.Phase;
1999:             2             64  [Lorg.apache.hadoop.hive.metastore.TableType;
2000:             2             64  [Lorg.apache.hadoop.hive.metastore.api.AddDynamicPartitions$_Fields;
2001:             2             64  [Lorg.apache.hadoop.hive.metastore.api.FieldSchema$_Fields;
2002:             2             64  [Lorg.apache.hadoop.hive.metastore.api.GrantRevokePrivilegeRequest$_Fields;
2003:             2             64  [Lorg.apache.hadoop.hive.metastore.api.HiveObjectPrivilege$_Fields;
2004:             2             64  [Lorg.apache.hadoop.hive.metastore.api.LockRequest$_Fields;
2005:             2             64  [Lorg.apache.hadoop.hive.metastore.api.OpenTxnRequest$_Fields;
2006:             2             64  [Lorg.apache.hadoop.hive.metastore.api.PartitionsStatsRequest$_Fields;
2007:             2             64  [Lorg.apache.hadoop.hive.metastore.api.PrincipalType;
2008:             2             64  [Lorg.apache.hadoop.hive.metastore.api.Role$_Fields;
2009:             2             64  [Lorg.apache.hadoop.hive.metastore.api.SerDeInfo$_Fields;
2010:             2             64  [Lorg.apache.hadoop.hive.metastore.api.SkewedInfo$_Fields;
2011:             2             64  [Lorg.apache.hadoop.hive.metastore.api.TableStatsRequest$_Fields;
2012:             2             64  [Lorg.apache.hadoop.hive.metastore.api.Type$_Fields;
2013:             2             64  [Lorg.apache.hadoop.hive.ql.security.authorization.PrivilegeScope;
2014:             1             64  [Lorg.apache.hadoop.hive.ql.security.authorization.PrivilegeType;
2015:             2             64  [Lorg.apache.hadoop.ipc.protobuf.RpcHeaderProtos$RpcKindProto;
2016:             2             64  [Lorg.apache.hadoop.ipc.protobuf.RpcHeaderProtos$RpcRequestHeaderProto$OperationProto;
2017:             2             64  [Lorg.apache.hadoop.ipc.protobuf.RpcHeaderProtos$RpcResponseHeaderProto$RpcStatusProto;
2018:             2             64  [Lorg.apache.hadoop.metrics2.annotation.Metric$Type;
2019:             2             64  [Lorg.apache.parquet.schema.Type$Repetition;
2020:             1             64  [Lorg.apache.spark.network.protocol.Message$Type;
2021:             2             64  [Lorg.apache.xerces.impl.XMLEntityManager$CharacterBuffer;
2022:             1             64  [Lorg.spark_project.jetty.http.HttpMethod;
2023:             2             64  [[Lorg.apache.xerces.xni.QName;
2024:             2             64  com.fasterxml.jackson.core.util.DefaultPrettyPrinter
2025:             1             64  com.fasterxml.jackson.databind.deser.std.StdValueInstantiator
2026:             2             64  com.fasterxml.jackson.databind.introspect.AnnotatedConstructor
2027:             4             64  com.fasterxml.jackson.databind.introspect.BasicClassIntrospector
2028:             4             64  com.fasterxml.jackson.databind.ser.BeanSerializerFactory
2029:             4             64  com.fasterxml.jackson.module.scala.JacksonModule$$anonfun$$plus$eq$1
2030:             4             64  com.fasterxml.jackson.module.scala.JacksonModule$$anonfun$$plus$eq$2
2031:             1             64  com.google.common.cache.CacheStats
2032:             2             64  com.google.common.collect.RegularImmutableSet
2033:             2             64  com.sun.jmx.mbeanserver.DefaultMXBeanMappingFactory$CollectionMapping
2034:             2             64  com.sun.org.apache.xalan.internal.utils.XMLSecurityPropertyManager$Property
2035:             4             64  com.sun.org.apache.xml.internal.serializer.CharInfo$CharKey
2036:             4             64  com.sun.proxy.$Proxy0
2037:             4             64  com.sun.proxy.$Proxy26
2038:             2             64  io.netty.bootstrap.ServerBootstrap$ServerBootstrapAcceptor
2039:             2             64  io.netty.util.concurrent.DefaultThreadFactory
2040:             2             64  java.io.FileOutputStream
2041:             2             64  java.lang.ClassValue$Entry
2042:             2             64  java.lang.VirtualMachineError
2043:             2             64  java.lang.ref.PhantomReference
2044:             2             64  java.lang.ref.ReferenceQueue$Null
2045:             2             64  java.lang.reflect.WeakCache$CacheKey
2046:             1             64  java.nio.DirectByteBufferR
2047:             2             64  java.util.PropertyPermission
2048:             4             64  java.util.concurrent.ConcurrentHashMap$ValuesView
2049:             4             64  javax.security.auth.login.AppConfigurationEntry$LoginModuleControlFlag
2050:             2             64  org.apache.hadoop.crypto.CipherSuite
2051:             2             64  org.apache.hadoop.crypto.CryptoProtocolVersion
2052:             2             64  org.apache.hadoop.fs.FileSystem$Cache$Key
2053:             2             64  org.apache.hadoop.fs.FileSystem$Statistics
2054:             1             64  org.apache.hadoop.hdfs.protocol.proto.ClientNamenodeProtocolProtos$AddBlockRequestProto
2055:             1             64  org.apache.hadoop.hdfs.protocol.proto.ClientNamenodeProtocolProtos$CacheDirectiveInfoProto
2056:             2             64  org.apache.hadoop.hdfs.protocol.proto.ClientNamenodeProtocolProtos$FinalizeUpgradeRequestProto
2057:             1             64  org.apache.hadoop.hdfs.protocol.proto.ClientNamenodeProtocolProtos$FsyncRequestProto
2058:             2             64  org.apache.hadoop.hdfs.protocol.proto.ClientNamenodeProtocolProtos$GetDataEncryptionKeyRequestProto
2059:             2             64  org.apache.hadoop.hdfs.protocol.proto.ClientNamenodeProtocolProtos$GetFsStatusRequestProto
2060:             2             64  org.apache.hadoop.hdfs.protocol.proto.ClientNamenodeProtocolProtos$GetServerDefaultsRequestProto
2061:             2             64  org.apache.hadoop.hdfs.protocol.proto.ClientNamenodeProtocolProtos$GetStoragePoliciesRequestProto
2062:             2             64  org.apache.hadoop.hdfs.protocol.proto.ClientNamenodeProtocolProtos$RefreshNodesRequestProto
2063:             2             64  org.apache.hadoop.hdfs.protocol.proto.ClientNamenodeProtocolProtos$SaveNamespaceRequestProto
2064:             1             64  org.apache.hadoop.hdfs.protocol.proto.DataTransferProtos$BlockOpResponseProto
2065:             1             64  org.apache.hadoop.hdfs.protocol.proto.DataTransferProtos$OpReadBlockProto
2066:             2             64  org.apache.hadoop.hdfs.protocol.proto.DatanodeProtocolProtos$BlockIdCommandProto$Action
2067:             2             64  org.apache.hadoop.hdfs.protocol.proto.DatanodeProtocolProtos$NNHAStatusHeartbeatProto$State
2068:             2             64  org.apache.hadoop.hdfs.protocol.proto.DatanodeProtocolProtos$RegisterCommandProto
2069:             2             64  org.apache.hadoop.hdfs.protocol.proto.HdfsProtos$CipherSuiteProto
2070:             2             64  org.apache.hadoop.hdfs.protocol.proto.HdfsProtos$CryptoProtocolVersionProto
2071:             1             64  org.apache.hadoop.hdfs.protocol.proto.HdfsProtos$DatanodeIDProto
2072:             2             64  org.apache.hadoop.hdfs.protocol.proto.HdfsProtos$DatanodeStorageProto$StorageState
2073:             1             64  org.apache.hadoop.hdfs.protocol.proto.HdfsProtos$ExtendedBlockProto
2074:             1             64  org.apache.hadoop.hdfs.protocol.proto.HdfsProtos$FileEncryptionInfoProto
2075:             2             64  org.apache.hadoop.hdfs.protocol.proto.HdfsProtos$NamenodeCommandProto$Type
2076:             2             64  org.apache.hadoop.hive.metastore.api.ColumnStatistics$_Fields
2077:             2             64  org.apache.hadoop.hive.metastore.api.GetRoleGrantsForPrincipalRequest$_Fields
2078:             2             64  org.apache.hadoop.hive.metastore.api.HeartbeatRequest$_Fields
2079:             2             64  org.apache.hadoop.hive.metastore.api.HeartbeatTxnRangeRequest$_Fields
2080:             2             64  org.apache.hadoop.hive.metastore.api.NotificationEventRequest$_Fields
2081:             2             64  org.apache.hadoop.hive.ql.exec.Registry
2082:             1             64  org.apache.hadoop.hive.ql.metadata.SessionHiveMetaStoreClient
2083:             2             64  org.apache.hadoop.hive.ql.security.authorization.plugin.sqlstd.SQLStdHiveAuthorizationValidator
2084:             2             64  org.apache.hadoop.hive.ql.session.CreateTableAutomaticGrant
2085:             1             64  org.apache.hadoop.ipc.Client$ConnectionId
2086:             1             64  org.apache.hadoop.ipc.protobuf.RpcHeaderProtos$RpcRequestHeaderProto
2087:             2             64  org.apache.hive.common.HiveCompat$CompatLevel
2088:             2             64  org.apache.hive.common.HiveCompat$CompatLevel
2089:             1             64  org.apache.log4j.ConsoleAppender
2090:             2             64  org.apache.log4j.helpers.PatternParser$BasicPatternConverter
2091:             2             64  org.apache.parquet.format.KeyValue$_Fields
2092:             1             64  org.apache.spark.SparkContext$
2093:             1             64  org.apache.spark.deploy.SparkSubmitAction$
2094:             4             64  org.apache.spark.internal.config.SystemProvider
2095:             1             64  org.apache.spark.network.netty.NettyBlockTransferService
2096:             4             64  org.apache.spark.network.netty.SparkTransportConf$$anon$1
2097:             1             64  org.apache.spark.scheduler.Pool
2098:             1             64  org.apache.spark.scheduler.SchedulingMode$
2099:             1             64  org.apache.spark.serializer.KryoSerializer
2100:             1             64  org.apache.spark.sql.SparkSession
2101:             4             64  org.apache.spark.sql.catalyst.analysis.ResolveTableValuedFunctions$$anonfun$tvf$1
2102:             4             64  org.apache.spark.sql.catalyst.analysis.ResolveTableValuedFunctions$ArgumentList
2103:             2             64  org.apache.spark.sql.catalyst.expressions.GeneratedClass$SpecificSafeProjection
2104:             1             64  org.apache.spark.sql.catalyst.parser.ParseException
2105:             1             64  org.apache.spark.sql.hive.HiveSessionStateBuilder
2106:             1             64  org.apache.spark.sql.hive.HiveUtils$
2107:             1             64  org.apache.spark.sql.hive.client.IsolatedClientLoader
2108:             1             64  org.apache.spark.sql.internal.BaseSessionStateBuilder$$anon$2
2109:             1             64  org.apache.spark.sql.internal.SQLConf$HiveCaseSensitiveInferenceMode$
2110:             1             64  org.apache.spark.sql.types.Decimal$
2111:             1             64  org.apache.spark.storage.StorageLevel$
2112:             1             64  org.apache.spark.ui.jobs.StagesTab
2113:             2             64  org.apache.spark.unsafe.types.UTF8String
2114:             2             64  org.apache.spark.util.CircularBuffer
2115:             4             64  org.codehaus.jackson.map.introspect.AnnotationMap
2116:             1             64  org.codehaus.jackson.sym.BytesToNameCanonicalizer
2117:             4             64  org.codehaus.janino.Access
2118:             2             64  org.datanucleus.api.jdo.JDOCallbackHandler
2119:             1             64  org.datanucleus.query.compiler.QueryCompilation
2120:             4             64  org.datanucleus.state.ActivityState
2121:             2             64  org.datanucleus.store.rdbms.ConnectionFactoryImpl
2122:             2             64  org.datanucleus.store.rdbms.sql.SQLTable
2123:             1             64  org.spark_project.guava.cache.CacheStats
2124:             2             64  org.spark_project.guava.util.concurrent.MoreExecutors$SameThreadExecutorService
2125:             4             64  org.spark_project.jetty.util.thread.strategy.ExecuteProduceConsume$RunExecute
2126:             2             64  scala.reflect.api.TypeTags$TypeTagImpl
2127:             2             64  scala.reflect.internal.Flags$MapFlags
2128:             2             64  scala.reflect.internal.Kinds$Kind$
2129:             2             64  scala.reflect.internal.Kinds$KindErrors
2130:             2             64  scala.reflect.internal.StdNames$compactify$
2131:             2             64  scala.reflect.internal.SymbolTable$$anon$2
2132:             1             64  scala.reflect.internal.Symbols$NoSymbol
2133:             2             64  scala.reflect.internal.Symbols$SymbolOps
2134:             2             64  scala.reflect.internal.Trees$Duplicator
2135:             2             64  scala.reflect.internal.Trees$EmptyTree$
2136:             2             64  scala.reflect.internal.Trees$TreeTypeSubstituter
2137:             2             64  scala.reflect.internal.Types$UnmappableTree$
2138:             2             64  scala.reflect.internal.tpe.TypeMaps$ErroneousCollector$
2139:             2             64  scala.reflect.internal.tpe.TypeMaps$IsDependentCollector$
2140:             2             64  scala.reflect.internal.transform.Erasure$boxingErasure$
2141:             2             64  scala.reflect.internal.transform.Erasure$javaErasure$
2142:             2             64  scala.reflect.internal.transform.Erasure$scalaErasure$
2143:             2             64  scala.reflect.internal.transform.Erasure$specialScalaErasure$
2144:             2             64  scala.reflect.internal.transform.PostErasure$elimErasedValueType$
2145:             2             64  scala.reflect.internal.transform.UnCurry$$anon$1
2146:             2             64  scala.reflect.internal.transform.UnCurry$$anon$2
2147:             2             64  scala.reflect.internal.util.Statistics$View
2148:             2             64  scala.reflect.io.PlainFile
2149:             1             64  scala.reflect.runtime.JavaUniverse$treeInfo$
2150:             1             64  scala.tools.nsc.CompilationUnits$CompilationUnit
2151:             1             64  scala.tools.nsc.Global$constructors$
2152:             1             64  scala.tools.nsc.Global$deadCode$
2153:             1             64  scala.tools.nsc.Global$delambdafy$
2154:             1             64  scala.tools.nsc.Global$lazyVals$
2155:             1             64  scala.tools.nsc.Global$mixer$
2156:             1             64  scala.tools.nsc.Global$typer$
2157:             1             64  scala.tools.nsc.Global$uncurry$
2158:             1             64  scala.tools.nsc.ast.NodePrinters$InfoLevel$
2159:             4             64  scala.tools.nsc.ast.Trees$StrictTreeCopier
2160:             2             64  scala.tools.nsc.interpreter.Naming$NameCreator
2161:             1             64  scala.tools.nsc.interpreter.ReplReporter
2162:             1             64  scala.tools.nsc.settings.MutableSettings$OutputSetting
2163:             2             64  scala.util.control.BreakControl
2164:             1             64  scala.xml.MinimizeMode$
2165:             4             64  shaded.parquet.org.apache.thrift.protocol.TStruct
2166:             2             64  sun.reflect.generics.repository.ConstructorRepository
2167:             4             64  sun.security.provider.NativePRNG
2168:             1             64  sun.security.provider.SHA2$SHA256
2169:             1             64  sun.security.provider.SHA5$SHA512
2170:             2             64  sun.security.util.DisabledAlgorithmConstraints$KeySizeConstraint
2171:             2             64  sun.security.util.MemoryCache
2172:             2             64  sun.util.locale.provider.LocaleServiceProviderPool
2173:             1             56  [Lcom.fasterxml.jackson.annotation.JsonFormat$Shape;
2174:             1             56  [Lcom.fasterxml.jackson.core.JsonGenerator$Feature;
2175:             1             56  [Lcom.google.protobuf.Descriptors$FieldDescriptor$JavaType;
2176:             1             56  [Lcom.google.protobuf.WireFormat$JavaType;
2177:             1             56  [Lcom.sun.org.apache.xalan.internal.utils.XMLSecurityManager$Limit;
2178:             1             56  [Ljava.lang.Runnable;
2179:             1             56  [Ljavassist.CtClass;
2180:             1             56  [Lorg.apache.hadoop.conf.Configuration$DeprecationDelta;
2181:             1             56  [Lorg.apache.hadoop.hdfs.protocol.datatransfer.Op;
2182:             1             56  [Lorg.codehaus.jackson.JsonParser$Feature;
2183:             1             56  [Lsun.util.logging.PlatformLogger$Level;
2184:             1             56  com.google.common.cache.LocalCache$WeakAccessEntry
2185:             1             56  com.google.common.collect.LinkedListMultimap
2186:             1             56  com.google.protobuf.DescriptorProtos$FieldOptions
2187:             1             56  com.sun.security.auth.module.UnixLoginModule
2188:             1             56  io.netty.util.concurrent.ScheduledFutureTask
2189:             1             56  java.lang.invoke.LambdaFormEditor$Transform
2190:             1             56  java.net.SocketPermission
2191:             1             56  java.util.logging.LogManager
2192:             1             56  javax.security.auth.login.LoginContext
2193:             1             56  org.apache.hadoop.hdfs.DistributedFileSystem
2194:             1             56  org.apache.hadoop.hdfs.protocol.proto.ClientNamenodeProtocolProtos$AbandonBlockRequestProto
2195:             1             56  org.apache.hadoop.hdfs.protocol.proto.ClientNamenodeProtocolProtos$CompleteRequestProto
2196:             1             56  org.apache.hadoop.hdfs.protocol.proto.ClientNamenodeProtocolProtos$GetBlockLocationsRequestProto
2197:             1             56  org.apache.hadoop.hdfs.protocol.proto.ClientNamenodeProtocolProtos$SetQuotaRequestProto
2198:             1             56  org.apache.hadoop.hdfs.protocol.proto.ClientNamenodeProtocolProtos$SetTimesRequestProto
2199:             1             56  org.apache.hadoop.hdfs.protocol.proto.ClientNamenodeProtocolProtos$UpdatePipelineRequestProto
2200:             1             56  org.apache.hadoop.hdfs.protocol.proto.DataTransferProtos$DataTransferTraceInfoProto
2201:             1             56  org.apache.hadoop.hdfs.protocol.proto.DataTransferProtos$OpBlockChecksumResponseProto
2202:             1             56  org.apache.hadoop.hdfs.protocol.proto.DataTransferProtos$PacketHeaderProto
2203:             1             56  org.apache.hadoop.hdfs.protocol.proto.HdfsProtos$LocatedBlocksProto
2204:             1             56  org.apache.hadoop.hive.metastore.ObjectStore
2205:             1             56  org.apache.hadoop.hive.metastore.RetryingMetaStoreClient
2206:             1             56  org.apache.hadoop.ipc.Client
2207:             1             56  org.apache.hadoop.ipc.protobuf.ProtobufRpcEngineProtos$RequestHeaderProto
2208:             1             56  org.apache.hadoop.ipc.protobuf.RpcHeaderProtos$RPCTraceInfoProto
2209:             1             56  org.apache.hadoop.security.Groups
2210:             1             56  org.apache.hadoop.security.proto.SecurityProtos$TokenProto
2211:             1             56  org.apache.spark.ContextCleaner
2212:             1             56  org.apache.spark.ShuffleDependency
2213:             1             56  org.apache.spark.metrics.MetricsSystem
2214:             1             56  org.apache.spark.sql.catalyst.expressions.SortOrder
2215:             1             56  org.apache.spark.sql.types.DecimalType$
2216:             1             56  org.apache.spark.storage.BlockManagerMasterEndpoint
2217:             1             56  org.apache.spark.storage.StorageStatus
2218:             1             56  org.apache.spark.storage.memory.MemoryStore
2219:             1             56  org.apache.spark.ui.jobs.JobsTab
2220:             1             56  org.apache.spark.ui.scope.RDDOperationGraphListener
2221:             1             56  org.codehaus.jackson.map.ObjectMapper
2222:             1             56  org.codehaus.jackson.map.ser.StdSerializerProvider
2223:             1             56  org.datanucleus.api.jdo.JDOPersistenceManagerFactory
2224:             1             56  org.datanucleus.metadata.PackageMetaData
2225:             1             56  org.datanucleus.store.fieldmanager.SingleTypeFieldManager
2226:             1             56  org.datanucleus.store.rdbms.sql.expression.SQLExpressionFactory
2227:             1             56  org.json4s.package$
2228:             1             56  scala.reflect.NameTransformer$
2229:             1             56  scala.tools.nsc.Global$GlobalMirror
2230:             1             56  scala.tools.nsc.Global$GlobalPlatform
2231:             1             56  scala.tools.nsc.Global$cleanup$
2232:             1             56  scala.tools.nsc.Global$closureElimination$
2233:             1             56  scala.tools.nsc.Global$constantOptimization$
2234:             1             56  scala.tools.nsc.Global$explicitOuter$
2235:             1             56  scala.tools.nsc.Global$extensionMethods$
2236:             1             56  scala.tools.nsc.Global$flatten$
2237:             1             56  scala.tools.nsc.Global$postErasure$
2238:             1             56  scala.tools.nsc.Global$refChecks$
2239:             1             56  scala.tools.nsc.Global$terminal$
2240:             1             56  scala.tools.nsc.Reporting$PerRunReporting
2241:             1             56  scala.tools.nsc.interpreter.ILoop$paste$
2242:             1             56  scala.tools.nsc.interpreter.ReplGlobal$replPhase$
2243:             1             56  scala.tools.nsc.typechecker.Analyzer$namerFactory$
2244:             1             56  scala.tools.nsc.typechecker.Analyzer$typerFactory$
2245:             1             56  sun.security.util.MemoryCache$SoftCacheEntry
2246:             1             56  sun.security.x509.X509CertInfo
2247:             2             48  [Lcom.fasterxml.jackson.databind.deser.KeyDeserializers;
2248:             2             48  [Lcom.jolbox.bonecp.ConnectionPartition;
2249:             1             48  [Lcom.sun.beans.util.Cache$CacheEntry;
2250:             1             48  [Ljava.beans.WeakIdentityMap$Entry;
2251:             3             48  [Ljava.lang.annotation.Annotation;
2252:             1             48  [Ljava.lang.invoke.MethodHandleImpl$Intrinsic;
2253:             1             48  [Ljava.math.RoundingMode;
2254:             1             48  [Ljava.util.concurrent.TimeUnit;
2255:             2             48  [Ljavax.sql.DataSource;
2256:             1             48  [Ljdk.net.SocketFlow$Status;
2257:             2             48  [Loracle.jdbc.driver.Accessor;
2258:             2             48  [Loracle.jdbc.driver.T4C8TTIuds;
2259:             2             48  [Loracle.jdbc.driver.T4CTTIoac;
2260:             2             48  [Loracle.jdbc.oracore.OracleTypeADT;
2261:             1             48  [Lorg.antlr.v4.runtime.atn.LexerActionType;
2262:             2             48  [Lorg.apache.hadoop.crypto.CryptoProtocolVersion;
2263:             2             48  [Lorg.apache.hadoop.fs.ReadOption;
2264:             2             48  [Lorg.apache.hadoop.fs.permission.AclEntryScope;
2265:             2             48  [Lorg.apache.hadoop.hdfs.protocol.proto.DatanodeProtocolProtos$BlockIdCommandProto$Action;
2266:             2             48  [Lorg.apache.hadoop.hdfs.protocol.proto.DatanodeProtocolProtos$NNHAStatusHeartbeatProto$State;
2267:             2             48  [Lorg.apache.hadoop.hdfs.protocol.proto.HdfsProtos$CipherSuiteProto;
2268:             2             48  [Lorg.apache.hadoop.hdfs.protocol.proto.HdfsProtos$CryptoProtocolVersionProto;
2269:             2             48  [Lorg.apache.hadoop.hdfs.protocol.proto.HdfsProtos$DatanodeStorageProto$StorageState;
2270:             2             48  [Lorg.apache.hadoop.hdfs.protocol.proto.HdfsProtos$NamenodeCommandProto$Type;
2271:             2             48  [Lorg.apache.hadoop.hive.metastore.api.AbortTxnRequest$_Fields;
2272:             2             48  [Lorg.apache.hadoop.hive.metastore.api.CheckLockRequest$_Fields;
2273:             2             48  [Lorg.apache.hadoop.hive.metastore.api.ColumnStatistics$_Fields;
2274:             2             48  [Lorg.apache.hadoop.hive.metastore.api.CommitTxnRequest$_Fields;
2275:             2             48  [Lorg.apache.hadoop.hive.metastore.api.EnvironmentContext$_Fields;
2276:             2             48  [Lorg.apache.hadoop.hive.metastore.api.GetPrincipalsInRoleRequest$_Fields;
2277:             2             48  [Lorg.apache.hadoop.hive.metastore.api.GetRoleGrantsForPrincipalRequest$_Fields;
2278:             2             48  [Lorg.apache.hadoop.hive.metastore.api.HeartbeatRequest$_Fields;
2279:             2             48  [Lorg.apache.hadoop.hive.metastore.api.HeartbeatTxnRangeRequest$_Fields;
2280:             2             48  [Lorg.apache.hadoop.hive.metastore.api.InvalidObjectException$_Fields;
2281:             2             48  [Lorg.apache.hadoop.hive.metastore.api.MetaException$_Fields;
2282:             2             48  [Lorg.apache.hadoop.hive.metastore.api.NoSuchObjectException$_Fields;
2283:             2             48  [Lorg.apache.hadoop.hive.metastore.api.NotificationEventRequest$_Fields;
2284:             2             48  [Lorg.apache.hadoop.hive.metastore.api.PrivilegeBag$_Fields;
2285:             2             48  [Lorg.apache.hadoop.hive.metastore.api.SetPartitionsStatsRequest$_Fields;
2286:             2             48  [Lorg.apache.hadoop.hive.metastore.api.UnlockRequest$_Fields;
2287:             1             48  [Lorg.apache.hadoop.metrics2.impl.MsInfo;
2288:             2             48  [Lorg.apache.parquet.format.KeyValue$_Fields;
2289:             1             48  [Lorg.apache.parquet.format.Type;
2290:             1             48  [Lorg.apache.parquet.schema.PrimitiveType$PrimitiveTypeName;
2291:             1             48  [Lorg.apache.spark.launcher.SparkAppHandle$State;
2292:             2             48  [Lorg.apache.spark.network.util.IOMode;
2293:             1             48  [Lorg.apache.xerces.util.XMLAttributesImpl$Attribute;
2294:             1             48  [Lorg.codehaus.jackson.JsonGenerator$Feature;
2295:             1             48  [Lorg.datanucleus.metadata.RelationType;
2296:             1             48  [Lorg.datanucleus.query.compiler.CompilationComponent;
2297:             2             48  [Lorg.datanucleus.query.expression.Expression;
2298:             1             48  [Lorg.datanucleus.store.rdbms.identifier.IdentifierType;
2299:             2             48  [Lorg.datanucleus.store.rdbms.scostore.ElementContainerStore$ElementInfo;
2300:             2             48  [[Loracle.jdbc.driver.Binder;
2301:             1             48  com.codahale.metrics.Meter
2302:             1             48  com.codahale.metrics.json.MetricsModule$TimerSerializer
2303:             3             48  com.fasterxml.jackson.databind.deser.BeanDeserializerFactory
2304:             3             48  com.fasterxml.jackson.databind.jsontype.impl.StdSubtypeResolver
2305:             1             48  com.fasterxml.jackson.databind.ser.BeanSerializer
2306:             2             48  com.fasterxml.jackson.databind.ser.impl.ReadOnlyClassToSerializerMap
2307:             2             48  com.fasterxml.jackson.databind.ser.std.BooleanSerializer
2308:             3             48  com.fasterxml.jackson.databind.util.RootNameLookup
2309:             1             48  com.fasterxml.jackson.databind.util.StdDateFormat
2310:             1             48  com.fasterxml.jackson.module.paranamer.shaded.BytecodeReadingParanamer$1
2311:             2             48  com.google.common.base.FinalizableReferenceQueue
2312:             3             48  com.google.common.base.Joiner
2313:             2             48  com.google.common.base.internal.Finalizer
2314:             3             48  com.google.common.cache.LocalCache$LocalLoadingCache
2315:             1             48  com.google.common.cache.LocalCache$StrongWriteEntry
2316:             1             48  com.google.protobuf.Descriptors$FileDescriptor
2317:             2             48  com.jolbox.bonecp.BoneCPDataSource$FinalWrapper
2318:             2             48  com.jolbox.bonecp.DefaultConnectionStrategy
2319:             2             48  com.sun.jmx.mbeanserver.ClassLoaderRepositorySupport$LoaderEntry
2320:             1             48  com.sun.jmx.mbeanserver.DefaultMXBeanMappingFactory$Mappings
2321:             2             48  com.sun.jmx.mbeanserver.StandardMBeanSupport
2322:             2             48  com.sun.jmx.mbeanserver.WeakIdentityHashMap
2323:             3             48  com.sun.proxy.$Proxy27
2324:             3             48  com.sun.proxy.$Proxy7
2325:             1             48  com.thoughtworks.paranamer.BytecodeReadingParanamer$1
2326:             3             48  io.netty.buffer.PoolThreadCache$1
2327:             1             48  io.netty.util.ResourceLeakDetector
2328:             2             48  io.netty.util.UniqueName
2329:             1             48  io.netty.util.concurrent.GlobalEventExecutor
2330:             2             48  java.io.BufferedOutputStream
2331:             1             48  java.io.BufferedReader
2332:             2             48  java.io.File$PathStatus
2333:             2             48  java.io.InputStreamReader
2334:             1             48  java.lang.invoke.BoundMethodHandle$Species_L4
2335:             2             48  java.lang.invoke.MethodHandles$Lookup
2336:             2             48  java.lang.reflect.ReflectPermission
2337:             2             48  java.net.InetAddress$Cache
2338:             2             48  java.net.InetAddress$Cache$Type
2339:             2             48  java.net.InetAddress$CacheEntry
2340:             2             48  java.net.InterfaceAddress
2341:             1             48  java.net.NetworkInterface
2342:             2             48  java.net.StandardProtocolFamily
2343:             3             48  java.nio.channels.FileChannel$MapMode
2344:             3             48  java.nio.channels.spi.AbstractInterruptibleChannel$1
2345:             2             48  java.nio.charset.CoderResult
2346:             3             48  java.nio.charset.CodingErrorAction
2347:             2             48  java.security.AllPermissionCollection
2348:             2             48  java.security.CodeSigner
2349:             1             48  java.sql.SQLException
2350:             2             48  java.sql.SQLPermission
2351:             3             48  java.text.AttributedCharacterIterator$Attribute
2352:             2             48  java.time.LocalDate
2353:             2             48  java.time.LocalDateTime
2354:             3             48  java.util.Base64$Decoder
2355:             2             48  java.util.Formatter$BigDecimalLayoutForm
2356:             2             48  java.util.TaskQueue
2357:             2             48  java.util.Timer
2358:             1             48  java.util.concurrent.locks.ReentrantReadWriteLock$FairSync
2359:             3             48  java.util.jar.JarVerifier$3
2360:             3             48  java.util.logging.ErrorManager
2361:             2             48  java.util.logging.Logger$LoggerBundle
2362:             2             48  java.util.regex.Pattern$Bound
2363:             2             48  javassist.ClassPathList
2364:             1             48  javassist.compiler.KeywordTable
2365:             2             48  javax.security.auth.login.LoginContext$ModuleInfo
2366:             2             48  jline.TerminalFactory$Flavor
2367:             2             48  org.antlr.v4.runtime.atn.ATNType
2368:             2             48  org.antlr.v4.runtime.atn.LexerActionExecutor
2369:             1             48  org.antlr.v4.runtime.atn.TokensStartState
2370:             1             48  org.antlr.v4.runtime.atn.Transition$1
2371:             1             48  org.apache.commons.cli.Option
2372:             1             48  org.apache.hadoop.fs.FsServerDefaults
2373:             1             48  org.apache.hadoop.fs.LocalFileSystem
2374:             2             48  org.apache.hadoop.fs.permission.AclEntryScope
2375:             1             48  org.apache.hadoop.hdfs.protocol.proto.AclProtos$ModifyAclEntriesRequestProto
2376:             1             48  org.apache.hadoop.hdfs.protocol.proto.AclProtos$RemoveAclEntriesRequestProto
2377:             1             48  org.apache.hadoop.hdfs.protocol.proto.AclProtos$SetAclRequestProto
2378:             1             48  org.apache.hadoop.hdfs.protocol.proto.ClientNamenodeProtocolProtos$AddCacheDirectiveRequestProto
2379:             1             48  org.apache.hadoop.hdfs.protocol.proto.ClientNamenodeProtocolProtos$AppendRequestProto
2380:             1             48  org.apache.hadoop.hdfs.protocol.proto.ClientNamenodeProtocolProtos$CacheDirectiveInfoExpirationProto
2381:             1             48  org.apache.hadoop.hdfs.protocol.proto.ClientNamenodeProtocolProtos$CheckAccessRequestProto
2382:             1             48  org.apache.hadoop.hdfs.protocol.proto.ClientNamenodeProtocolProtos$ConcatRequestProto
2383:             1             48  org.apache.hadoop.hdfs.protocol.proto.ClientNamenodeProtocolProtos$CreateSnapshotRequestProto
2384:             1             48  org.apache.hadoop.hdfs.protocol.proto.ClientNamenodeProtocolProtos$CreateSymlinkRequestProto
2385:             1             48  org.apache.hadoop.hdfs.protocol.proto.ClientNamenodeProtocolProtos$DeleteSnapshotRequestProto
2386:             1             48  org.apache.hadoop.hdfs.protocol.proto.ClientNamenodeProtocolProtos$GetEditsFromTxidRequestProto
2387:             1             48  org.apache.hadoop.hdfs.protocol.proto.ClientNamenodeProtocolProtos$GetListingRequestProto
2388:             1             48  org.apache.hadoop.hdfs.protocol.proto.ClientNamenodeProtocolProtos$GetSnapshotDiffReportRequestProto
2389:             1             48  org.apache.hadoop.hdfs.protocol.proto.ClientNamenodeProtocolProtos$ListCacheDirectivesRequestProto
2390:             1             48  org.apache.hadoop.hdfs.protocol.proto.ClientNamenodeProtocolProtos$ListCorruptFileBlocksRequestProto
2391:             1             48  org.apache.hadoop.hdfs.protocol.proto.ClientNamenodeProtocolProtos$MkdirsRequestProto
2392:             1             48  org.apache.hadoop.hdfs.protocol.proto.ClientNamenodeProtocolProtos$ModifyCacheDirectiveRequestProto
2393:             1             48  org.apache.hadoop.hdfs.protocol.proto.ClientNamenodeProtocolProtos$RecoverLeaseRequestProto
2394:             1             48  org.apache.hadoop.hdfs.protocol.proto.ClientNamenodeProtocolProtos$RemoveCacheDirectiveRequestProto
2395:             1             48  org.apache.hadoop.hdfs.protocol.proto.ClientNamenodeProtocolProtos$Rename2RequestProto
2396:             1             48  org.apache.hadoop.hdfs.protocol.proto.ClientNamenodeProtocolProtos$RenameRequestProto
2397:             1             48  org.apache.hadoop.hdfs.protocol.proto.ClientNamenodeProtocolProtos$RenameSnapshotRequestProto
2398:             1             48  org.apache.hadoop.hdfs.protocol.proto.ClientNamenodeProtocolProtos$SetBalancerBandwidthRequestProto
2399:             1             48  org.apache.hadoop.hdfs.protocol.proto.ClientNamenodeProtocolProtos$SetOwnerRequestProto
2400:             1             48  org.apache.hadoop.hdfs.protocol.proto.ClientNamenodeProtocolProtos$SetPermissionRequestProto
2401:             1             48  org.apache.hadoop.hdfs.protocol.proto.ClientNamenodeProtocolProtos$SetReplicationRequestProto
2402:             1             48  org.apache.hadoop.hdfs.protocol.proto.ClientNamenodeProtocolProtos$SetStoragePolicyRequestProto
2403:             1             48  org.apache.hadoop.hdfs.protocol.proto.ClientNamenodeProtocolProtos$UpdateBlockForPipelineRequestProto
2404:             1             48  org.apache.hadoop.hdfs.protocol.proto.DataTransferProtos$BaseHeaderProto
2405:             1             48  org.apache.hadoop.hdfs.protocol.proto.DataTransferProtos$CachingStrategyProto
2406:             1             48  org.apache.hadoop.hdfs.protocol.proto.DataTransferProtos$ChecksumProto
2407:             1             48  org.apache.hadoop.hdfs.protocol.proto.DataTransferProtos$ClientOperationHeaderProto
2408:             1             48  org.apache.hadoop.hdfs.protocol.proto.DataTransferProtos$ReadOpChecksumInfoProto
2409:             1             48  org.apache.hadoop.hdfs.protocol.proto.EncryptionZonesProtos$CreateEncryptionZoneRequestProto
2410:             1             48  org.apache.hadoop.hdfs.protocol.proto.EncryptionZonesProtos$ListEncryptionZonesRequestProto
2411:             1             48  org.apache.hadoop.hdfs.protocol.proto.HdfsProtos$DirectoryListingProto
2412:             1             48  org.apache.hadoop.hdfs.protocol.proto.XAttrProtos$GetXAttrsRequestProto
2413:             1             48  org.apache.hadoop.hdfs.protocol.proto.XAttrProtos$RemoveXAttrRequestProto
2414:             1             48  org.apache.hadoop.hdfs.protocol.proto.XAttrProtos$SetXAttrRequestProto
2415:             1             48  org.apache.hadoop.hdfs.protocol.proto.XAttrProtos$XAttrProto
2416:             2             48  org.apache.hadoop.hdfs.server.datanode.CachingStrategy
2417:             2             48  org.apache.hadoop.hdfs.server.namenode.ha.ConfiguredFailoverProxyProvider$AddressRpcProxyPair
2418:             2             48  org.apache.hadoop.hive.conf.Validator$RangeValidator
2419:             2             48  org.apache.hadoop.hive.conf.Validator$RangeValidator
2420:             2             48  org.apache.hadoop.hive.metastore.MetaStoreInit$MetaStoreInitData
2421:             2             48  org.apache.hadoop.hive.metastore.api.CompactionType
2422:             1             48  org.apache.hadoop.hive.metastore.model.MDatabase
2423:             1             48  org.apache.hadoop.hive.metastore.model.MGlobalPrivilege
2424:             2             48  org.apache.hadoop.hive.ql.exec.Utilities$ReduceField
2425:             2             48  org.apache.hadoop.hive.ql.security.HadoopDefaultAuthenticator
2426:             2             48  org.apache.hadoop.hive.ql.security.authorization.plugin.HiveAuthorizerImpl
2427:             2             48  org.apache.hadoop.hive.ql.security.authorization.plugin.HiveAuthzSessionContext
2428:             2             48  org.apache.hadoop.hive.ql.security.authorization.plugin.HiveAuthzSessionContext$CLIENT_TYPE
2429:             2             48  org.apache.hadoop.hive.ql.session.LineageState
2430:             2             48  org.apache.hadoop.hive.ql.session.ResourceMaps
2431:             2             48  org.apache.hadoop.hive.ql.session.SessionState$AuthorizationMode
2432:             1             48  org.apache.hadoop.ipc.ProtobufRpcEngine$Invoker
2433:             2             48  org.apache.hadoop.ipc.Server$AuthProtocol
2434:             1             48  org.apache.hadoop.ipc.protobuf.IpcConnectionContextProtos$IpcConnectionContextProto
2435:             1             48  org.apache.hadoop.ipc.protobuf.IpcConnectionContextProtos$UserInformationProto
2436:             2             48  org.apache.hadoop.mapred.Counters$GroupFactory$1
2437:             2             48  org.apache.hadoop.metrics2.lib.MetricsRegistry
2438:             1             48  org.apache.hadoop.net.unix.DomainSocketWatcher
2439:             2             48  org.apache.hadoop.util.ShutdownHookManager$HookEntry
2440:             1             48  org.apache.log4j.Hierarchy
2441:             1             48  org.apache.log4j.helpers.PatternParser
2442:             3             48  org.apache.spark.internal.config.ConfigBuilder$$anonfun$doubleConf$1
2443:             3             48  org.apache.spark.internal.config.EnvProvider
2444:             3             48  org.apache.spark.internal.config.TypedConfigBuilder$$anonfun$toSequence$1
2445:             3             48  org.apache.spark.internal.config.TypedConfigBuilder$$anonfun$toSequence$2
2446:             2             48  org.apache.spark.memory.MemoryMode
2447:             1             48  org.apache.spark.metrics.sink.MetricsServlet
2448:             2             48  org.apache.spark.network.server.OneForOneStreamManager
2449:             2             48  org.apache.spark.network.server.TransportServer$1
2450:             2             48  org.apache.spark.network.util.IOMode
2451:             1             48  org.apache.spark.repl.Main$
2452:             2             48  org.apache.spark.rpc.RpcAddress
2453:             1             48  org.apache.spark.rpc.netty.Dispatcher
2454:             1             48  org.apache.spark.scheduler.local.LocalEndpoint
2455:             1             48  org.apache.spark.scheduler.local.LocalSchedulerBackend
2456:             1             48  org.apache.spark.serializer.SerializerManager
2457:             2             48  org.apache.spark.sql.catalyst.FunctionIdentifier
2458:             3             48  org.apache.spark.sql.catalyst.analysis.FunctionRegistry$$anonfun$14
2459:             3             48  org.apache.spark.sql.catalyst.catalog.CatalogTableType
2460:             3             48  org.apache.spark.sql.catalyst.expressions.SpecificInternalRow
2461:             1             48  org.apache.spark.sql.catalyst.plans.physical.HashPartitioning
2462:             2             48  org.apache.spark.sql.catalyst.rules.RuleExecutor$Once$
2463:             2             48  org.apache.spark.sql.catalyst.util.StringKeyHashMap
2464:             2             48  org.apache.spark.sql.execution.datasources.jdbc.JdbcUtils$$anonfun$createConnectionFactory$1
2465:             1             48  org.apache.spark.sql.execution.ui.SQLListener
2466:             1             48  org.apache.spark.sql.execution.ui.SQLTab
2467:             2             48  org.apache.spark.sql.internal.SQLConf
2468:             1             48  org.apache.spark.sql.internal.SharedState
2469:             1             48  org.apache.spark.sql.internal.StaticSQLConf$
2470:             1             48  org.apache.spark.sql.streaming.StreamingQueryManager
2471:             1             48  org.apache.spark.ui.exec.ExecutorsTab
2472:             2             48  org.apache.spark.util.SystemClock
2473:             3             48  org.apache.spark.util.collection.unsafe.sort.PrefixComparators$UnsignedPrefixComparator
2474:             3             48  org.apache.spark.util.collection.unsafe.sort.PrefixComparators$UnsignedPrefixComparatorDesc
2475:             3             48  org.apache.spark.util.collection.unsafe.sort.PrefixComparators$UnsignedPrefixComparatorDescNullsFirst
2476:             3             48  org.apache.spark.util.collection.unsafe.sort.PrefixComparators$UnsignedPrefixComparatorNullsLast
2477:             2             48  org.apache.xerces.impl.XMLEntityManager$CharacterBuffer
2478:             3             48  org.apache.xerces.impl.dtd.DTDGrammar$QNameHashtable
2479:             2             48  org.apache.xerces.impl.dtd.XMLAttributeDecl
2480:             3             48  org.apache.xerces.impl.dv.dtd.ListDatatypeValidator
2481:             3             48  org.apache.xerces.impl.dv.dtd.ListDatatypeValidator
2482:             1             48  org.apache.xerces.jaxp.SAXParserImpl
2483:             1             48  org.codehaus.jackson.map.DeserializationConfig
2484:             1             48  org.codehaus.jackson.map.MappingJsonFactory
2485:             1             48  org.codehaus.jackson.map.SerializationConfig
2486:             2             48  org.codehaus.jackson.map.deser.std.CalendarDeserializer
2487:             2             48  org.codehaus.jackson.map.deser.std.StdDeserializer$BooleanDeserializer
2488:             2             48  org.codehaus.jackson.map.deser.std.StdDeserializer$ByteDeserializer
2489:             2             48  org.codehaus.jackson.map.deser.std.StdDeserializer$CharacterDeserializer
2490:             2             48  org.codehaus.jackson.map.deser.std.StdDeserializer$DoubleDeserializer
2491:             2             48  org.codehaus.jackson.map.deser.std.StdDeserializer$FloatDeserializer
2492:             2             48  org.codehaus.jackson.map.deser.std.StdDeserializer$IntegerDeserializer
2493:             2             48  org.codehaus.jackson.map.deser.std.StdDeserializer$LongDeserializer
2494:             2             48  org.codehaus.jackson.map.deser.std.StdDeserializer$ShortDeserializer
2495:             2             48  org.codehaus.jackson.map.ser.StdSerializers$BooleanSerializer
2496:             1             48  org.codehaus.jackson.sym.BytesToNameCanonicalizer$TableInfo
2497:             3             48  org.codehaus.janino.Parser$ClassDeclarationContext
2498:             2             48  org.datanucleus.ExecutionContextImpl$1
2499:             2             48  org.datanucleus.NucleusContext$ContextType
2500:             2             48  org.datanucleus.api.jdo.JDOTransaction
2501:             2             48  org.datanucleus.metadata.TransactionType
2502:             2             48  org.datanucleus.query.compiler.JDOQLParser$ParameterType
2503:             1             48  org.datanucleus.query.expression.InvokeExpression
2504:             1             48  org.datanucleus.query.expression.OrderExpression
2505:             1             48  org.datanucleus.query.expression.ParameterExpression
2506:             2             48  org.datanucleus.store.rdbms.connectionpool.BoneCPConnectionPoolFactory$BoneCPConnectionPool
2507:             2             48  org.datanucleus.store.rdbms.mapping.datastore.LongVarcharRDBMSMapping
2508:             2             48  org.datanucleus.store.rdbms.scostore.ElementContainerStore$ElementInfo
2509:             2             48  org.datanucleus.store.rdbms.sql.SQLTableGroup
2510:             2             48  org.json4s.ThreadLocal
2511:             2             48  org.spark_project.guava.hash.ChecksumHashFunction
2512:             2             48  org.spark_project.jetty.server.ResourceContentFactory
2513:             1             48  org.spark_project.jetty.util.BlockingArrayQueue
2514:             2             48  parquet.column.ParquetProperties$WriterVersion
2515:             1             48  scala.Array$
2516:             1             48  scala.Predef$
2517:             3             48  scala.io.Codec$$anonfun$1
2518:             1             48  scala.math.BigDecimal$
2519:             3             48  scala.math.BigInt
2520:             1             48  scala.reflect.internal.Importers$$anon$2
2521:             2             48  scala.reflect.internal.Printers$FootnoteIndex
2522:             1             48  scala.reflect.internal.Scopes$ErrorScope
2523:             2             48  scala.reflect.internal.StdNames$binarynme$
2524:             2             48  scala.reflect.internal.SymbolTable$perRunCaches$
2525:             2             48  scala.reflect.internal.Trees$ImportSelector$
2526:             2             48  scala.reflect.internal.Trees$LazyTreeCopier
2527:             3             48  scala.reflect.internal.Trees$StrictTreeCopier
2528:             2             48  scala.reflect.internal.TypeDebugging$typeDebug$
2529:             2             48  scala.reflect.internal.Types$substTypeMapCache$
2530:             2             48  scala.reflect.internal.Types$unwrapToStableClass$
2531:             2             48  scala.reflect.internal.Types$unwrapWrapperTypes$
2532:             2             48  scala.reflect.internal.tpe.TypeConstraints$UndoLog
2533:             2             48  scala.reflect.internal.tpe.TypeMaps$ApproximateDependentMap$
2534:             2             48  scala.reflect.internal.tpe.TypeMaps$adaptToNewRunMap$
2535:             2             48  scala.reflect.internal.tpe.TypeMaps$dropIllegalStarTypes$
2536:             2             48  scala.reflect.internal.tpe.TypeMaps$normalizeAliases$
2537:             2             48  scala.reflect.internal.tpe.TypeMaps$typeVarToOriginMap$
2538:             3             48  scala.reflect.runtime.JavaMirrors$JavaMirror$$anonfun$2
2539:             3             48  scala.reflect.runtime.JavaMirrors$JavaMirror$$anonfun$3
2540:             3             48  scala.reflect.runtime.JavaMirrors$JavaMirror$$anonfun$4
2541:             3             48  scala.reflect.runtime.JavaMirrors$JavaMirror$$anonfun$5
2542:             3             48  scala.reflect.runtime.JavaMirrors$JavaMirror$$anonfun$6
2543:             2             48  scala.reflect.runtime.JavaMirrors$JavaMirror$TypeParamCompleter
2544:             2             48  scala.reflect.runtime.Settings$IntSetting
2545:             1             48  scala.tools.nsc.Global$gen$
2546:             1             48  scala.tools.nsc.Global$inlineExceptionHandlers$
2547:             1             48  scala.tools.nsc.Global$pickler$
2548:             1             48  scala.tools.nsc.Global$superAccessors$
2549:             1             48  scala.tools.nsc.Global$tailCalls$
2550:             3             48  scala.tools.nsc.ast.TreeDSL$CODE$LIT$
2551:             1             48  scala.tools.nsc.backend.icode.BasicBlocks$NoBasicBlock$
2552:             1             48  scala.tools.nsc.backend.icode.Members$IMethod
2553:             1             48  scala.tools.nsc.backend.icode.Opcodes$opcodes$CALL_METHOD
2554:             1             48  scala.tools.nsc.backend.jvm.opt.CallGraph
2555:             2             48  scala.tools.nsc.interactive.Pickler$$anon$2
2556:             1             48  scala.tools.nsc.interpreter.IMain$ReplStrippingWriter
2557:             1             48  scala.tools.nsc.interpreter.IMain$naming$
2558:             1             48  scala.tools.nsc.typechecker.Analyzer$packageObjects$
2559:             2             48  scala.tools.nsc.typechecker.Contexts$RootImports$
2560:             1             48  scala.util.Properties$
2561:             1             48  scala.util.hashing.MurmurHash3$
2562:             2             48  sun.management.ManagementFactoryHelper$1
2563:             2             48  sun.misc.NativeSignalHandler
2564:             3             48  sun.nio.ch.FileDispatcherImpl
2565:             2             48  sun.reflect.generics.scope.ConstructorScope
2566:             2             48  sun.security.jca.ProviderList
2567:             2             48  sun.security.jca.ProviderList$3
2568:             2             48  sun.security.provider.certpath.X509CertPath
2569:             2             48  sun.security.util.DisabledAlgorithmConstraints
2570:             3             48  sun.text.normalizer.NormalizerBase$QuickCheckResult
2571:             1             40  [Lcom.fasterxml.jackson.core.JsonParser$NumberType;
2572:             2             40  [Lcom.fasterxml.jackson.databind.ser.BeanSerializerModifier;
2573:             1             40  [Lcom.fasterxml.jackson.databind.type.TypeModifier;
2574:             1             40  [Lcom.google.common.collect.MapMaker$RemovalCause;
2575:             2             40  [Lcom.sun.jmx.mbeanserver.ClassLoaderRepositorySupport$LoaderEntry;
2576:             1             40  [Lcom.sun.org.apache.xalan.internal.utils.FeaturePropertyBase$State;
2577:             1             40  [Ljava.lang.management.MemoryPoolMXBean;
2578:             1             40  [Ljava.util.stream.StreamOpFlag;
2579:             1             40  [Ljline.console.ConsoleReader$State;
2580:             1             40  [Lorg.apache.hadoop.hdfs.inotify.Event$EventType;
2581:             1             40  [Lorg.apache.hadoop.hdfs.inotify.Event$MetadataUpdateEvent$MetadataType;
2582:             1             40  [Lorg.apache.hadoop.hdfs.server.common.HdfsServerConstants$ReplicaState;
2583:             1             40  [Lorg.apache.hadoop.hive.conf.HiveConf$ConfVars$VarType;
2584:             1             40  [Lorg.apache.hadoop.hive.conf.HiveConf$ConfVars$VarType;
2585:             1             40  [Lorg.apache.hadoop.hive.metastore.MetaStoreDirectSql$DB;
2586:             1             40  [Lorg.apache.hadoop.hive.metastore.api.HiveObjectType;
2587:             1             40  [Lorg.apache.hadoop.hive.serde2.objectinspector.ObjectInspector$Category;
2588:             1             40  [Lorg.apache.hadoop.security.SaslRpcServer$AuthMethod;
2589:             1             40  [Lorg.apache.hadoop.util.Shell$OSType;
2590:             1             40  [Lorg.apache.hadoop.util.StringUtils$TraditionalBinaryPrefix;
2591:             1             40  [Lorg.apache.spark.network.util.ByteUnit;
2592:             1             40  [Lorg.datanucleus.metadata.MetadataFileType;
2593:             1             40  [Lorg.datanucleus.store.rdbms.identifier.IdentifierCase;
2594:             1             40  [Lorg.datanucleus.store.rdbms.request.RequestType;
2595:             1             40  [Lorg.datanucleus.store.rdbms.sql.SQLJoin$JoinType;
2596:             1             40  [Lorg.datanucleus.store.schema.naming.NamingCase;
2597:             1             40  [Lorg.spark_project.jetty.http.pathmap.PathSpecGroup;
2598:             1             40  [Lsun.security.jca.ServiceId;
2599:             1             40  [Lsun.security.util.DisabledAlgorithmConstraints$Constraint$Operator;
2600:             1             40  [Lsun.util.locale.provider.LocaleProviderAdapter$Type;
2601:             1             40  [[Ljava.lang.invoke.LambdaForm$Name;
2602:             1             40  $line102.$read$$iw$$iw$$iw$$iw$$iw$$iw$$iw
2603:             1             40  $line104.$read$$iw$$iw$$iw$$iw$$iw$$iw$$iw
2604:             1             40  $line108.$read$$iw$$iw$$iw$$iw$$iw$$iw$$iw
2605:             1             40  $line119.$read$$iw$$iw$$iw$$iw$$iw$$iw$$iw
2606:             1             40  $line179.$read$$iw$$iw$$iw$$iw$$iw$$iw$$iw
2607:             1             40  $line193.$read$$iw$$iw$$iw$$iw$$iw$$iw$$iw
2608:             1             40  $line195.$read$$iw$$iw$$iw$$iw$$iw$$iw$$iw
2609:             1             40  $line196.$read$$iw$$iw$$iw$$iw$$iw$$iw$$iw
2610:             1             40  $line309.$read$$iw$$iw$$iw$$iw$$iw$$iw$$iw
2611:             1             40  $line40.$read$$iw$$iw$$iw$$iw$$iw$$iw$$iw
2612:             1             40  $line41.$read$$iw$$iw$$iw$$iw$$iw$$iw$$iw
2613:             1             40  $line48.$read$$iw$$iw$$iw$$iw$$iw$$iw$$iw
2614:             1             40  $line53.$read$$iw$$iw$$iw$$iw$$iw$$iw$$iw
2615:             1             40  $line58.$read$$iw$$iw$$iw$$iw$$iw$$iw$$iw
2616:             1             40  $line62.$read$$iw$$iw$$iw$$iw$$iw$$iw$$iw
2617:             1             40  $line77.$read$$iw$$iw$$iw$$iw$$iw$$iw$$iw
2618:             1             40  $line80.$read$$iw$$iw$$iw$$iw$$iw$$iw$$iw
2619:             1             40  $line81.$read$$iw$$iw$$iw$$iw$$iw$$iw$$iw
2620:             1             40  $line98.$read$$iw$$iw$$iw$$iw$$iw$$iw$$iw
2621:             1             40  $line99.$read$$iw$$iw$$iw$$iw$$iw$$iw$$iw
2622:             1             40  com.fasterxml.jackson.annotation.JsonFormat$Value
2623:             1             40  com.fasterxml.jackson.databind.deser.impl.BeanPropertyMap
2624:             1             40  com.fasterxml.jackson.databind.type.TypeBindings
2625:             1             40  com.fasterxml.jackson.module.scala.JacksonModule$
2626:             1             40  com.google.common.collect.RegularImmutableMap
2627:             1             40  com.google.protobuf.DescriptorProtos$MessageOptions
2628:             1             40  com.sun.beans.finder.MethodFinder$1
2629:             1             40  com.sun.jmx.interceptor.DefaultMBeanServerInterceptor
2630:             1             40  com.sun.jmx.mbeanserver.JmxMBeanServer
2631:             1             40  com.sun.jmx.mbeanserver.MBeanServerDelegateImpl
2632:             1             40  com.sun.org.apache.xml.internal.serializer.CharInfo
2633:             1             40  com.sun.security.auth.module.UnixSystem
2634:             1             40  io.netty.channel.socket.nio.NioSocketChannel$NioSocketChannelUnsafe
2635:             1             40  java.beans.WeakIdentityMap$Entry
2636:             1             40  java.io.BufferedInputStream
2637:             1             40  java.lang.reflect.Proxy$Key2
2638:             1             40  java.util.ArrayList$SubList
2639:             1             40  java.util.ResourceBundle$1
2640:             1             40  java.util.concurrent.LinkedBlockingDeque
2641:             1             40  java.util.regex.Pattern$Loop
2642:             1             40  javassist.ClassPool
2643:             1             40  jline.internal.InputStreamReader
2644:             1             40  jline.internal.TerminalLineSettings
2645:             1             40  net.jpountz.lz4.LZ4Factory
2646:             1             40  org.antlr.v4.runtime.ParserRuleContext
2647:             1             40  org.apache.hadoop.fs.FileSystem$Statistics$StatisticsDataReference
2648:             1             40  org.apache.hadoop.fs.RawLocalFileSystem
2649:             1             40  org.apache.hadoop.hdfs.ClientContext
2650:             1             40  org.apache.hadoop.hdfs.protocol.proto.AclProtos$GetAclStatusRequestProto
2651:             1             40  org.apache.hadoop.hdfs.protocol.proto.AclProtos$RemoveAclRequestProto
2652:             1             40  org.apache.hadoop.hdfs.protocol.proto.AclProtos$RemoveDefaultAclRequestProto
2653:             1             40  org.apache.hadoop.hdfs.protocol.proto.ClientNamenodeProtocolProtos$AddCachePoolRequestProto
2654:             1             40  org.apache.hadoop.hdfs.protocol.proto.ClientNamenodeProtocolProtos$AllowSnapshotRequestProto
2655:             1             40  org.apache.hadoop.hdfs.protocol.proto.ClientNamenodeProtocolProtos$DeleteRequestProto
2656:             1             40  org.apache.hadoop.hdfs.protocol.proto.ClientNamenodeProtocolProtos$DisallowSnapshotRequestProto
2657:             1             40  org.apache.hadoop.hdfs.protocol.proto.ClientNamenodeProtocolProtos$GetBlockLocationsResponseProto
2658:             1             40  org.apache.hadoop.hdfs.protocol.proto.ClientNamenodeProtocolProtos$GetContentSummaryRequestProto
2659:             1             40  org.apache.hadoop.hdfs.protocol.proto.ClientNamenodeProtocolProtos$GetDatanodeReportRequestProto
2660:             1             40  org.apache.hadoop.hdfs.protocol.proto.ClientNamenodeProtocolProtos$GetDatanodeStorageReportRequestProto
2661:             1             40  org.apache.hadoop.hdfs.protocol.proto.ClientNamenodeProtocolProtos$GetFileInfoRequestProto
2662:             1             40  org.apache.hadoop.hdfs.protocol.proto.ClientNamenodeProtocolProtos$GetFileInfoResponseProto
2663:             1             40  org.apache.hadoop.hdfs.protocol.proto.ClientNamenodeProtocolProtos$GetFileLinkInfoRequestProto
2664:             1             40  org.apache.hadoop.hdfs.protocol.proto.ClientNamenodeProtocolProtos$GetLinkTargetRequestProto
2665:             1             40  org.apache.hadoop.hdfs.protocol.proto.ClientNamenodeProtocolProtos$GetListingResponseProto
2666:             1             40  org.apache.hadoop.hdfs.protocol.proto.ClientNamenodeProtocolProtos$GetPreferredBlockSizeRequestProto
2667:             1             40  org.apache.hadoop.hdfs.protocol.proto.ClientNamenodeProtocolProtos$GetServerDefaultsResponseProto
2668:             1             40  org.apache.hadoop.hdfs.protocol.proto.ClientNamenodeProtocolProtos$IsFileClosedRequestProto
2669:             1             40  org.apache.hadoop.hdfs.protocol.proto.ClientNamenodeProtocolProtos$ListCachePoolsRequestProto
2670:             1             40  org.apache.hadoop.hdfs.protocol.proto.ClientNamenodeProtocolProtos$MetaSaveRequestProto
2671:             1             40  org.apache.hadoop.hdfs.protocol.proto.ClientNamenodeProtocolProtos$MkdirsResponseProto
2672:             1             40  org.apache.hadoop.hdfs.protocol.proto.ClientNamenodeProtocolProtos$ModifyCachePoolRequestProto
2673:             1             40  org.apache.hadoop.hdfs.protocol.proto.ClientNamenodeProtocolProtos$RemoveCachePoolRequestProto
2674:             1             40  org.apache.hadoop.hdfs.protocol.proto.ClientNamenodeProtocolProtos$RenewLeaseRequestProto
2675:             1             40  org.apache.hadoop.hdfs.protocol.proto.ClientNamenodeProtocolProtos$ReportBadBlocksRequestProto
2676:             1             40  org.apache.hadoop.hdfs.protocol.proto.ClientNamenodeProtocolProtos$RestoreFailedStorageRequestProto
2677:             1             40  org.apache.hadoop.hdfs.protocol.proto.ClientNamenodeProtocolProtos$RollingUpgradeRequestProto
2678:             1             40  org.apache.hadoop.hdfs.protocol.proto.ClientNamenodeProtocolProtos$SetSafeModeRequestProto
2679:             1             40  org.apache.hadoop.hdfs.protocol.proto.DataTransferProtos$ClientReadStatusProto
2680:             1             40  org.apache.hadoop.hdfs.protocol.proto.EncryptionZonesProtos$GetEZForPathRequestProto
2681:             1             40  org.apache.hadoop.hdfs.protocol.proto.HdfsProtos$FsPermissionProto
2682:             1             40  org.apache.hadoop.hdfs.protocol.proto.XAttrProtos$ListXAttrsRequestProto
2683:             1             40  org.apache.hadoop.hdfs.server.namenode.ha.ConfiguredFailoverProxyProvider
2684:             1             40  org.apache.hadoop.hive.metastore.model.MFieldSchema
2685:             1             40  org.apache.hadoop.hive.metastore.model.MRole
2686:             1             40  org.apache.hadoop.hive.metastore.model.MSerDeInfo
2687:             1             40  org.apache.hadoop.io.retry.RetryInvocationHandler
2688:             1             40  org.apache.hadoop.io.retry.RetryPolicies$FailoverOnNetworkExceptionRetry
2689:             1             40  org.apache.hadoop.metrics2.lib.DefaultMetricsSystem
2690:             1             40  org.apache.hadoop.security.User
2691:             1             40  org.apache.hadoop.security.proto.SecurityProtos$CancelDelegationTokenRequestProto
2692:             1             40  org.apache.hadoop.security.proto.SecurityProtos$GetDelegationTokenRequestProto
2693:             1             40  org.apache.hadoop.security.proto.SecurityProtos$RenewDelegationTokenRequestProto
2694:             1             40  org.apache.ivy.core.IvyContext
2695:             1             40  org.apache.log4j.helpers.PatternParser$CategoryPatternConverter
2696:             1             40  org.apache.log4j.helpers.PatternParser$DatePatternConverter
2697:             1             40  org.apache.log4j.spi.RootLogger
2698:             1             40  org.apache.spark.InternalAccumulator$shuffleRead$
2699:             1             40  org.apache.spark.broadcast.BroadcastManager
2700:             1             40  org.apache.spark.deploy.SparkHadoopUtil$
2701:             1             40  org.apache.spark.internal.config.ConfigEntryWithDefaultFunction
2702:             1             40  org.apache.spark.metrics.MetricsConfig
2703:             1             40  org.apache.spark.metrics.source.CodegenMetrics$
2704:             1             40  org.apache.spark.metrics.source.HiveCatalogMetrics$
2705:             1             40  org.apache.spark.network.client.TransportResponseHandler
2706:             1             40  org.apache.spark.package$
2707:             1             40  org.apache.spark.package$SparkBuildInfo$
2708:             1             40  org.apache.spark.scheduler.DAGSchedulerEventProcessLoop
2709:             1             40  org.apache.spark.scheduler.OutputCommitCoordinator
2710:             1             40  org.apache.spark.scheduler.TaskResultGetter
2711:             1             40  org.apache.spark.sql.catalyst.expressions.aggregate.NoOp$
2712:             1             40  org.apache.spark.sql.catalyst.optimizer.LikeSimplification$
2713:             1             40  org.apache.spark.sql.hive.HiveExternalCatalog
2714:             1             40  org.apache.spark.sql.types.DoubleType$
2715:             1             40  org.apache.spark.sql.types.FloatType$
2716:             1             40  org.apache.spark.storage.BlockInfoManager$$anon$1
2717:             1             40  org.apache.spark.storage.BlockManagerSlaveEndpoint
2718:             1             40  org.apache.spark.storage.DiskBlockManager
2719:             1             40  org.apache.spark.storage.DiskStore
2720:             1             40  org.apache.spark.storage.StorageStatus$NonRddStorageInfo
2721:             1             40  org.apache.spark.ui.ConsoleProgressBar$$anon$1
2722:             1             40  org.apache.spark.ui.env.EnvironmentTab
2723:             1             40  org.apache.spark.ui.exec.ExecutorsListener
2724:             1             40  org.apache.spark.ui.jobs.StagePage
2725:             1             40  org.apache.spark.ui.storage.StoragePage
2726:             1             40  org.apache.spark.ui.storage.StorageTab
2727:             1             40  org.apache.spark.util.ShutdownHookManager$
2728:             1             40  org.apache.spark.util.collection.OpenHashSet$
2729:             1             40  org.apache.xerces.impl.XMLEntityManager$CharacterBufferPool
2730:             1             40  org.apache.xerces.impl.XMLErrorReporter
2731:             1             40  org.apache.xerces.impl.validation.ValidationState
2732:             1             40  org.apache.xerces.jaxp.DocumentBuilderFactoryImpl
2733:             1             40  org.apache.xerces.util.XMLAttributesImpl
2734:             1             40  org.codehaus.jackson.map.util.StdDateFormat
2735:             1             40  org.datanucleus.ExecutionContextPool
2736:             1             40  org.datanucleus.api.jdo.metadata.JDOMetaDataHandler
2737:             1             40  org.datanucleus.cache.NullLevel2Cache
2738:             1             40  org.datanucleus.metadata.annotations.AnnotationManagerImpl
2739:             1             40  org.datanucleus.plugin.NonManagedPluginRegistry
2740:             1             40  org.datanucleus.query.compiler.JDOQLParser
2741:             1             40  org.datanucleus.query.expression.Literal
2742:             1             40  org.datanucleus.store.query.QueryManager
2743:             1             40  org.datanucleus.store.rdbms.identifier.IndexIdentifier
2744:             1             40  org.datanucleus.store.rdbms.mapping.StatementClassMapping
2745:             1             40  org.datanucleus.store.schema.naming.DN2NamingFactory
2746:             1             40  org.datanucleus.store.types.TypeManager
2747:             1             40  scala.Tuple6
2748:             1             40  scala.collection.immutable.Map$Map3
2749:             1             40  scala.collection.parallel.package$
2750:             1             40  scala.concurrent.duration.package$
2751:             1             40  scala.reflect.internal.SymbolTable$traceSymbols$
2752:             1             40  scala.reflect.internal.Trees$Typed
2753:             1             40  scala.reflect.internal.transform.Transforms$$anonfun$3$$anon$2
2754:             1             40  scala.sys.SystemProperties$
2755:             1             40  scala.tools.nsc.Global$$anon$4
2756:             1             40  scala.tools.nsc.Global$nodePrinters$
2757:             1             40  scala.tools.nsc.Global$treeBrowsers$
2758:             1             40  scala.tools.nsc.Properties$
2759:             1             40  scala.tools.nsc.backend.icode.Members$Code
2760:             1             40  scala.tools.nsc.backend.icode.Members$NoCode$
2761:             1             40  scala.tools.nsc.backend.jvm.opt.ByteCodeRepository
2762:             1             40  scala.tools.nsc.interactive.Pickler$
2763:             1             40  scala.tools.nsc.package$
2764:             1             40  scala.tools.nsc.transform.Erasure$NeedsSigCollector$
2765:             1             40  scala.tools.nsc.typechecker.Contexts$BufferingReporter
2766:             1             40  scala.tools.nsc.typechecker.Contexts$ImmediateReporter
2767:             1             40  scala.tools.nsc.typechecker.Typers$Typer$$anon$2
2768:             1             40  scala.tools.nsc.util.JavaClassPath
2769:             1             40  scala.tools.nsc.util.package$
2770:             1             40  scala.tools.reflect.WrappedProperties$AccessControl$
2771:             1             40  sun.management.DiagnosticCommandImpl
2772:             1             40  sun.management.MappedMXBeanType$CompositeDataMXBeanType
2773:             1             40  sun.nio.ch.SocketAdaptor
2774:             1             40  sun.nio.cs.StandardCharsets$Aliases
2775:             1             40  sun.nio.cs.StandardCharsets$Cache
2776:             1             40  sun.nio.cs.StandardCharsets$Classes
2777:             1             40  sun.nio.cs.ext.ExtendedCharsets
2778:             1             40  sun.reflect.UnsafeQualifiedStaticIntegerFieldAccessorImpl
2779:             1             40  sun.reflect.UnsafeQualifiedStaticObjectFieldAccessorImpl
2780:             1             40  sun.security.provider.DSAPublicKeyImpl
2781:             1             32  [Lcom.fasterxml.jackson.annotation.JsonProperty$Access;
2782:             1             32  [Lcom.fasterxml.jackson.core.JsonFactory$Feature;
2783:             2             32  [Lcom.fasterxml.jackson.databind.JavaType;
2784:             1             32  [Lcom.google.common.base.Predicates$ObjectPredicate;
2785:             1             32  [Lcom.google.common.cache.LocalCache$Strength;
2786:             1             32  [Lcom.google.common.collect.AbstractIterator$State;
2787:             1             32  [Lcom.google.common.collect.MapMakerInternalMap$Strength;
2788:             2             32  [Lcom.google.protobuf.Descriptors$FileDescriptor;
2789:             1             32  [Lcom.jolbox.bonecp.hooks.ConnectionState;
2790:             1             32  [Lcom.sun.beans.util.Cache$Kind;
2791:             1             32  [Lcom.sun.org.apache.xalan.internal.utils.XMLSecurityManager$NameMap;
2792:             1             32  [Lio.netty.buffer.PoolArena$SizeClass;
2793:             1             32  [Lio.netty.handler.timeout.IdleState;
2794:             2             32  [Ljava.lang.Enum;
2795:             1             32  [Ljava.lang.OutOfMemoryError;
2796:             1             32  [Ljava.lang.ThreadGroup;
2797:             1             32  [Ljava.lang.UNIXProcess$Platform;
2798:             1             32  [Ljava.lang.management.MemoryManagerMXBean;
2799:             1             32  [Ljava.net.Proxy$Type;
2800:             1             32  [Ljava.sql.PseudoColumnUsage;
2801:             1             32  [Ljava.text.Normalizer$Form;
2802:             1             32  [Ljava.util.stream.StreamShape;
2803:             1             32  [Ljline.console.completer.CandidateListCompletionHandler$Messages;
2804:             1             32  [Lnet.jpountz.util.Native$OS;
2805:             1             32  [Lorg.antlr.v4.runtime.atn.PredictionMode;
2806:             1             32  [Lorg.apache.calcite.avatica.UnregisteredDriver$JdbcVersion;
2807:             1             32  [Lorg.apache.calcite.avatica.UnregisteredDriver$JdbcVersion;
2808:             1             32  [Lorg.apache.hadoop.ha.HAServiceProtocol$HAServiceState;
2809:             1             32  [Lorg.apache.hadoop.hdfs.inotify.Event$CreateEvent$INodeType;
2810:             1             32  [Lorg.apache.hadoop.hdfs.protocol.DatanodeInfo$AdminStates;
2811:             1             32  [Lorg.apache.hadoop.hdfs.protocol.HdfsConstants$DatanodeReportType;
2812:             1             32  [Lorg.apache.hadoop.hdfs.protocol.HdfsConstants$RollingUpgradeAction;
2813:             1             32  [Lorg.apache.hadoop.hdfs.protocol.HdfsConstants$SafeModeAction;
2814:             1             32  [Lorg.apache.hadoop.hdfs.protocol.datatransfer.ReplaceDatanodeOnFailure$Policy;
2815:             1             32  [Lorg.apache.hadoop.hdfs.server.common.HdfsServerConstants$NamenodeRole;
2816:             1             32  [Lorg.apache.hadoop.hdfs.server.protocol.DatanodeStorage$State;
2817:             1             32  [Lorg.apache.hadoop.hdfs.server.protocol.ReceivedDeletedBlockInfo$BlockStatus;
2818:             1             32  [Lorg.apache.hadoop.hive.conf.Validator$TYPE;
2819:             1             32  [Lorg.apache.hadoop.hive.conf.Validator$TYPE;
2820:             1             32  [Lorg.apache.hadoop.hive.metastore.ObjectStore$TXN_STATUS;
2821:             2             32  [Lorg.apache.hadoop.hive.metastore.api.ShowCompactRequest$_Fields;
2822:             2             32  [Lorg.apache.hadoop.hive.metastore.api.ShowLocksRequest$_Fields;
2823:             1             32  [Lorg.apache.hadoop.hive.ql.io.parquet.serde.ParquetHiveSerDe$LAST_OPERATION;
2824:             1             32  [Lorg.apache.hadoop.ipc.RPC$RpcKind;
2825:             1             32  [Lorg.apache.parquet.format.CompressionCodec;
2826:             1             32  [Lorg.apache.parquet.format.FieldRepetitionType;
2827:             1             32  [Lorg.apache.parquet.format.PageType;
2828:             1             32  [Lorg.apache.parquet.hadoop.metadata.CompressionCodecName;
2829:             1             32  [Lorg.apache.spark.JobExecutionStatus;
2830:             2             32  [Lorg.codehaus.jackson.type.JavaType;
2831:             1             32  [Lorg.datanucleus.metadata.ClassPersistenceModifier;
2832:             1             32  [Lorg.datanucleus.metadata.FieldPersistenceModifier;
2833:             1             32  [Lorg.datanucleus.metadata.IdentityType;
2834:             1             32  [Lorg.datanucleus.metadata.IndexedValue;
2835:             1             32  [Lorg.datanucleus.metadata.InheritanceStrategy;
2836:             1             32  [Lorg.datanucleus.metadata.MapMetaData$MapType;
2837:             1             32  [Lorg.datanucleus.metadata.NullValue;
2838:             1             32  [Lorg.spark_project.guava.cache.LocalCache$Strength;
2839:             1             32  [Lorg.spark_project.guava.collect.AbstractIterator$State;
2840:             1             32  [Lorg.spark_project.guava.collect.MapMakerInternalMap$Strength;
2841:             1             32  [Lorg.spark_project.jetty.http.HttpCompliance;
2842:             1             32  [Lorg.spark_project.jetty.http.HttpScheme;
2843:             1             32  [Lorg.spark_project.jetty.http.HttpVersion;
2844:             1             32  [Lorg.spark_project.jetty.io.ManagedSelector;
2845:             1             32  [Lorg.spark_project.jetty.server.handler.ContextHandler$Availability;
2846:             1             32  [Lorg.spark_project.jetty.servlet.BaseHolder$Source;
2847:             1             32  [Lorg.spark_project.jetty.util.component.ContainerLifeCycle$Managed;
2848:             1             32  [Lparquet.format.CompressionCodec;
2849:             1             32  [Lparquet.hadoop.metadata.CompressionCodecName;
2850:             1             32  [Lscala.tools.nsc.backend.icode.Opcodes$Instruction;
2851:             1             32  [Lsun.misc.FormattedFloatingDecimal$Form;
2852:             1             32  [Lsun.security.provider.NativePRNG$Variant;
2853:             1             32  [[Lcom.google.common.collect.MapMakerInternalMap$EntryFactory;
2854:             1             32  [[Lorg.apache.xerces.impl.dtd.models.ContentModelValidator;
2855:             1             32  [[Lorg.apache.xerces.impl.dv.DatatypeValidator;
2856:             1             32  [[Lorg.spark_project.guava.collect.MapMakerInternalMap$EntryFactory;
2857:             1             32  [[[Ljava.lang.String;
2858:             1             32  $line117.$read$$iw$$iw$$iw$$iw$$iw$$iw$$iw
2859:             1             32  $line124.$read$$iw$$iw$$iw$$iw$$iw$$iw$$iw
2860:             1             32  $line128.$read$$iw$$iw$$iw$$iw$$iw$$iw$$iw
2861:             1             32  $line129.$read$$iw$$iw$$iw$$iw$$iw$$iw$$iw
2862:             1             32  $line133.$read$$iw$$iw$$iw$$iw$$iw$$iw$$iw
2863:             1             32  $line142.$read$$iw$$iw$$iw$$iw$$iw$$iw$$iw
2864:             1             32  $line145.$read$$iw$$iw$$iw$$iw$$iw$$iw$$iw
2865:             1             32  $line166.$read$$iw$$iw$$iw$$iw$$iw$$iw$$iw
2866:             1             32  $line175.$read$$iw$$iw$$iw$$iw$$iw$$iw$$iw
2867:             1             32  $line178.$read$$iw$$iw$$iw$$iw$$iw$$iw$$iw
2868:             1             32  $line197.$read$$iw$$iw$$iw$$iw$$iw$$iw$$iw
2869:             1             32  $line198.$read$$iw$$iw$$iw$$iw$$iw$$iw$$iw
2870:             1             32  $line199.$read$$iw$$iw$$iw$$iw$$iw$$iw$$iw
2871:             1             32  $line202.$read$$iw$$iw$$iw$$iw$$iw$$iw$$iw
2872:             1             32  $line214.$read$$iw$$iw$$iw$$iw$$iw$$iw$$iw
2873:             1             32  $line215.$read$$iw$$iw$$iw$$iw$$iw$$iw$$iw
2874:             1             32  $line216.$read$$iw$$iw$$iw$$iw$$iw$$iw$$iw
2875:             1             32  $line217.$read$$iw$$iw$$iw$$iw$$iw$$iw$$iw
2876:             1             32  $line225.$read$$iw$$iw$$iw$$iw$$iw$$iw$$iw
2877:             1             32  $line229.$read$$iw$$iw$$iw$$iw$$iw$$iw$$iw
2878:             1             32  $line230.$read$$iw$$iw$$iw$$iw$$iw$$iw$$iw
2879:             1             32  $line233.$read$$iw$$iw$$iw$$iw$$iw$$iw$$iw
2880:             1             32  $line234.$read$$iw$$iw$$iw$$iw$$iw$$iw$$iw
2881:             1             32  $line236.$read$$iw$$iw$$iw$$iw$$iw$$iw$$iw
2882:             1             32  $line24.$read$$iw$$iw$$iw$$iw$$iw$$iw$$iw
2883:             1             32  $line244.$read$$iw$$iw$$iw$$iw$$iw$$iw$$iw
2884:             1             32  $line245.$read$$iw$$iw$$iw$$iw$$iw$$iw$$iw
2885:             1             32  $line248.$read$$iw$$iw$$iw$$iw$$iw$$iw$$iw
2886:             1             32  $line249.$read$$iw$$iw$$iw$$iw$$iw$$iw$$iw
2887:             1             32  $line255.$read$$iw$$iw$$iw$$iw$$iw$$iw$$iw
2888:             1             32  $line26.$read$$iw$$iw$$iw$$iw$$iw$$iw$$iw
2889:             1             32  $line267.$read$$iw$$iw$$iw$$iw$$iw$$iw$$iw
2890:             1             32  $line268.$read$$iw$$iw$$iw$$iw$$iw$$iw$$iw
2891:             1             32  $line273.$read$$iw$$iw$$iw$$iw$$iw$$iw$$iw
2892:             1             32  $line274.$read$$iw$$iw$$iw$$iw$$iw$$iw$$iw
2893:             1             32  $line276.$read$$iw$$iw$$iw$$iw$$iw$$iw$$iw
2894:             1             32  $line278.$read$$iw$$iw$$iw$$iw$$iw$$iw$$iw
2895:             1             32  $line28.$read$$iw$$iw$$iw$$iw$$iw$$iw$$iw
2896:             1             32  $line282.$read$$iw$$iw$$iw$$iw$$iw$$iw$$iw
2897:             1             32  $line287.$read$$iw$$iw$$iw$$iw$$iw$$iw$$iw
2898:             1             32  $line30.$read$$iw$$iw$$iw$$iw$$iw$$iw$$iw
2899:             1             32  $line305.$read$$iw$$iw$$iw$$iw$$iw$$iw$$iw
2900:             1             32  $line31.$read$$iw$$iw$$iw$$iw$$iw$$iw$$iw
2901:             1             32  $line32.$read$$iw$$iw$$iw$$iw$$iw$$iw$$iw
2902:             1             32  $line323.$read$$iw$$iw$$iw$$iw$$iw$$iw$$iw
2903:             1             32  $line326.$read$$iw$$iw$$iw$$iw$$iw$$iw$$iw
2904:             1             32  $line332.$read$$iw$$iw$$iw$$iw$$iw$$iw$$iw
2905:             1             32  $line333.$read$$iw$$iw$$iw$$iw$$iw$$iw$$iw
2906:             1             32  $line337.$read$$iw$$iw$$iw$$iw$$iw$$iw$$iw
2907:             1             32  $line340.$read$$iw$$iw$$iw$$iw$$iw$$iw$$iw
2908:             1             32  $line341.$read$$iw$$iw$$iw$$iw$$iw$$iw$$iw
2909:             1             32  $line345.$read$$iw$$iw$$iw$$iw$$iw$$iw$$iw
2910:             1             32  $line349.$read$$iw$$iw$$iw$$iw$$iw$$iw$$iw
2911:             1             32  $line364.$read$$iw$$iw$$iw$$iw$$iw$$iw$$iw
2912:             1             32  $line365.$read$$iw$$iw$$iw$$iw$$iw$$iw$$iw
2913:             1             32  $line366.$read$$iw$$iw$$iw$$iw$$iw$$iw$$iw
2914:             1             32  $line38.$read$$iw$$iw$$iw$$iw$$iw$$iw$$iw
2915:             1             32  $line46.$read$$iw$$iw$$iw$$iw$$iw$$iw$$iw
2916:             1             32  $line65.$read$$iw$$iw$$iw$$iw$$iw$$iw$$iw
2917:             1             32  $line67.$read$$iw$$iw$$iw$$iw$$iw$$iw$$iw
2918:             1             32  $line76.$read$$iw$$iw$$iw$$iw$$iw$$iw$$iw
2919:             1             32  com.codahale.metrics.json.MetricsModule$MeterSerializer
2920:             1             32  com.fasterxml.jackson.databind.deser.impl.PropertyBasedCreator
2921:             2             32  com.fasterxml.jackson.databind.introspect.AnnotatedMethodMap
2922:             1             32  com.fasterxml.jackson.databind.introspect.VisibilityChecker$Std
2923:             2             32  com.fasterxml.jackson.databind.node.JsonNodeFactory
2924:             2             32  com.fasterxml.jackson.databind.ser.impl.PropertySerializerMap$Empty
2925:             1             32  com.fasterxml.jackson.databind.ser.std.NumberSerializers$DoubleSerializer
2926:             1             32  com.fasterxml.jackson.databind.ser.std.NumberSerializers$FloatSerializer
2927:             1             32  com.fasterxml.jackson.databind.ser.std.NumberSerializers$IntLikeSerializer
2928:             1             32  com.fasterxml.jackson.databind.ser.std.NumberSerializers$IntegerSerializer
2929:             1             32  com.fasterxml.jackson.databind.ser.std.NumberSerializers$LongSerializer
2930:             1             32  com.fasterxml.jackson.databind.ser.std.NumberSerializers$ShortSerializer
2931:             2             32  com.fasterxml.jackson.databind.type.TypeParser
2932:             1             32  com.fasterxml.jackson.module.scala.deser.OptionDeserializer
2933:             2             32  com.google.common.cache.LocalCache$LocalManualCache
2934:             1             32  com.google.common.cache.LocalCache$WeakValueReference
2935:             2             32  com.google.common.collect.Interners$WeakInterner
2936:             2             32  com.google.common.util.concurrent.MoreExecutors$ListeningDecorator
2937:             1             32  com.google.common.util.concurrent.MoreExecutors$SameThreadExecutorService
2938:             1             32  com.google.protobuf.DescriptorProtos$SourceCodeInfo
2939:             1             32  com.google.protobuf.Descriptors$DescriptorPool
2940:             1             32  com.google.protobuf.UnknownFieldSet$Field
2941:             1             32  com.google.protobuf.WireFormat$FieldType$1
2942:             1             32  com.google.protobuf.WireFormat$FieldType$2
2943:             1             32  com.google.protobuf.WireFormat$FieldType$3
2944:             1             32  com.google.protobuf.WireFormat$FieldType$4
2945:             2             32  com.jolbox.bonecp.BoneCPDataSource$1
2946:             2             32  com.sun.beans.WeakCache
2947:             1             32  com.sun.beans.finder.BeanInfoFinder
2948:             1             32  com.sun.jmx.mbeanserver.Repository
2949:             1             32  com.sun.org.apache.xalan.internal.utils.FeatureManager$Feature
2950:             1             32  com.sun.org.apache.xalan.internal.utils.XMLSecurityManager
2951:             1             32  com.sun.org.apache.xml.internal.utils.XMLReaderManager
2952:             2             32  com.sun.proxy.$Proxy10
2953:             2             32  io.netty.bootstrap.AbstractBootstrap$BootstrapChannelFactory
2954:             1             32  io.netty.buffer.PoolThreadCache$MemoryRegionCache$1
2955:             1             32  io.netty.buffer.PooledHeapByteBuf$1
2956:             1             32  io.netty.buffer.PooledUnsafeDirectByteBuf$1
2957:             1             32  io.netty.buffer.PooledUnsafeHeapByteBuf$1
2958:             1             32  io.netty.channel.AbstractChannelHandlerContext$WriteAndFlushTask
2959:             1             32  io.netty.channel.AbstractChannelHandlerContext$WriteAndFlushTask$1
2960:             1             32  io.netty.channel.AdaptiveRecvByteBufAllocator$HandleImpl
2961:             2             32  io.netty.channel.ChannelMetadata
2962:             1             32  io.netty.channel.ChannelOutboundBuffer$Entry$1
2963:             1             32  io.netty.handler.codec.CodecOutputList$1
2964:             1             32  io.netty.util.Recycler$WeakOrderQueue$Link
2965:             2             32  io.netty.util.internal.logging.Slf4JLoggerFactory
2966:             1             32  java.beans.ThreadGroupContext
2967:             1             32  java.beans.ThreadGroupContext$1
2968:             1             32  java.io.UnixFileSystem
2969:             1             32  java.lang.ArithmeticException
2970:             1             32  java.lang.ArrayIndexOutOfBoundsException
2971:             2             32  java.lang.Boolean
2972:             1             32  java.lang.ClassCastException
2973:             2             32  java.lang.InheritableThreadLocal
2974:             1             32  java.lang.NullPointerException
2975:             2             32  java.lang.Shutdown$Lock
2976:             1             32  java.lang.StringCoding$StringDecoder
2977:             1             32  java.lang.UnsupportedOperationException
2978:             1             32  java.lang.reflect.WeakCache
2979:             2             32  java.nio.ByteOrder
2980:             1             32  java.nio.channels.NotYetConnectedException
2981:             1             32  java.security.AlgorithmParameters
2982:             1             32  java.text.DontCareFieldPosition
2983:             1             32  java.text.StringCharacterIterator
2984:             2             32  java.util.Collections$UnmodifiableMap$UnmodifiableEntrySet
2985:             1             32  java.util.Formatter
2986:             2             32  java.util.IdentityHashMap$Values
2987:             1             32  java.util.JumboEnumSet
2988:             2             32  java.util.Timer$1
2989:             2             32  java.util.TreeMap$KeySet
2990:             2             32  java.util.WeakHashMap$KeySet
2991:             1             32  java.util.concurrent.CancellationException
2992:             1             32  java.util.concurrent.CountDownLatch$Sync
2993:             1             32  java.util.concurrent.ThreadLocalRandom
2994:             1             32  java.util.concurrent.atomic.AtomicLongFieldUpdater$CASUpdater
2995:             1             32  java.util.logging.LogManager$SystemLoggerContext
2996:             2             32  java.util.regex.Pattern$CharPropertyNames$7
2997:             1             32  java.util.regex.Pattern$NotBehind
2998:             2             32  javassist.ClassClassPath
2999:             1             32  javax.script.SimpleScriptContext
3000:             1             32  javax.security.auth.Subject
3001:             1             32  jline.internal.NonBlockingInputStream
3002:             1             32  net.jpountz.xxhash.XXHashFactory
3003:             1             32  oracle.jdbc.driver.DoubleBinder
3004:             2             32  oracle.jdbc.driver.OracleDriver
3005:             1             32  org.antlr.v4.runtime.atn.EmptyPredictionContext
3006:             2             32  org.antlr.v4.runtime.atn.PredictionContextCache
3007:             1             32  org.apache.calcite.jdbc.Driver
3008:             1             32  org.apache.calcite.jdbc.Driver
3009:             1             32  org.apache.commons.cli.Options
3010:             2             32  org.apache.commons.collections.map.UnmodifiableMap
3011:             1             32  org.apache.hadoop.hdfs.PeerCache
3012:             1             32  org.apache.hadoop.hdfs.protocol.datatransfer.sasl.SaslDataTransferClient
3013:             1             32  org.apache.hadoop.hdfs.protocol.proto.ClientNamenodeProtocolProtos$GetCurrentEditLogTxidRequestProto
3014:             1             32  org.apache.hadoop.hdfs.protocol.proto.ClientNamenodeProtocolProtos$GetSnapshottableDirListingRequestProto
3015:             1             32  org.apache.hadoop.hdfs.protocol.proto.ClientNamenodeProtocolProtos$RollEditsRequestProto
3016:             2             32  org.apache.hadoop.hdfs.server.protocol.RegisterCommand
3017:             1             32  org.apache.hadoop.hdfs.shortcircuit.DfsClientShmManager
3018:             1             32  org.apache.hadoop.hive.metastore.Deadline
3019:             1             32  org.apache.hadoop.hive.metastore.MetaStoreDirectSql
3020:             1             32  org.apache.hadoop.hive.metastore.RawStoreProxy
3021:             1             32  org.apache.hadoop.hive.metastore.RetryingHMSHandler
3022:             1             32  org.apache.hadoop.hive.metastore.Warehouse
3023:             1             32  org.apache.hadoop.hive.metastore.api.AbortTxnRequest$_Fields
3024:             1             32  org.apache.hadoop.hive.metastore.api.CheckLockRequest$_Fields
3025:             1             32  org.apache.hadoop.hive.metastore.api.CommitTxnRequest$_Fields
3026:             1             32  org.apache.hadoop.hive.metastore.api.EnvironmentContext$_Fields
3027:             1             32  org.apache.hadoop.hive.metastore.api.GetPrincipalsInRoleRequest$_Fields
3028:             1             32  org.apache.hadoop.hive.metastore.api.InvalidObjectException$_Fields
3029:             1             32  org.apache.hadoop.hive.metastore.api.MetaException$_Fields
3030:             1             32  org.apache.hadoop.hive.metastore.api.NoSuchObjectException$_Fields
3031:             1             32  org.apache.hadoop.hive.metastore.api.PrivilegeBag$_Fields
3032:             1             32  org.apache.hadoop.hive.metastore.api.SetPartitionsStatsRequest$_Fields
3033:             1             32  org.apache.hadoop.hive.metastore.api.UnlockRequest$_Fields
3034:             1             32  org.apache.hadoop.hive.metastore.model.MColumnDescriptor
3035:             1             32  org.apache.hadoop.hive.metastore.model.MVersionTable
3036:             2             32  org.apache.hadoop.hive.ql.history.HiveHistoryProxyHandler
3037:             2             32  org.apache.hadoop.hive.ql.hooks.LineageInfo
3038:             1             32  org.apache.hadoop.hive.ql.metadata.Hive
3039:             1             32  org.apache.hadoop.hive.ql.plan.TableDesc
3040:             2             32  org.apache.hadoop.hive.ql.security.authorization.plugin.HiveMetastoreClientFactoryImpl
3041:             2             32  org.apache.hadoop.hive.ql.security.authorization.plugin.sqlstd.SQLStdHiveAccessControllerWrapper
3042:             2             32  org.apache.hadoop.hive.ql.session.DependencyResolver
3043:             1             32  org.apache.hadoop.io.Text$Comparator
3044:             1             32  org.apache.hadoop.metrics2.impl.MetricsSystemImpl$1
3045:             1             32  org.apache.hadoop.metrics2.lib.MetricsSourceBuilder
3046:             2             32  org.apache.hadoop.metrics2.lib.UniqueNames
3047:             1             32  org.apache.hadoop.net.SocketIOWithTimeout$SelectorPool$SelectorInfo
3048:             2             32  org.apache.hadoop.net.StandardSocketFactory
3049:             2             32  org.apache.hadoop.net.unix.DomainSocket$DomainChannel
3050:             2             32  org.apache.hadoop.net.unix.DomainSocket$DomainInputStream
3051:             2             32  org.apache.hadoop.net.unix.DomainSocket$DomainOutputStream
3052:             1             32  org.apache.hadoop.security.UserGroupInformation$UgiMetrics
3053:             2             32  org.apache.hadoop.util.CloseableReferenceCount
3054:             2             32  org.apache.hadoop.util.DirectBufferPool
3055:             1             32  org.apache.ivy.util.DefaultMessageLogger
3056:             1             32  org.apache.log4j.PatternLayout
3057:             1             32  org.apache.log4j.helpers.QuietWriter
3058:             1             32  org.apache.parquet.schema.PrimitiveType$PrimitiveTypeName$1
3059:             1             32  org.apache.parquet.schema.PrimitiveType$PrimitiveTypeName$2
3060:             1             32  org.apache.parquet.schema.PrimitiveType$PrimitiveTypeName$3
3061:             1             32  org.apache.parquet.schema.PrimitiveType$PrimitiveTypeName$4
3062:             1             32  org.apache.parquet.schema.PrimitiveType$PrimitiveTypeName$5
3063:             1             32  org.apache.parquet.schema.PrimitiveType$PrimitiveTypeName$6
3064:             1             32  org.apache.parquet.schema.PrimitiveType$PrimitiveTypeName$7
3065:             1             32  org.apache.parquet.schema.PrimitiveType$PrimitiveTypeName$8
3066:             1             32  org.apache.spark.MapOutputTracker$
3067:             2             32  org.apache.spark.OneToOneDependency
3068:             1             32  org.apache.spark.SparkConf$
3069:             1             32  org.apache.spark.SparkEnv$
3070:             1             32  org.apache.spark.SparkMasterRegex$
3071:             1             32  org.apache.spark.deploy.SparkHadoopUtil
3072:             2             32  org.apache.spark.executor.ExecutorSource$$anonfun$1$$anonfun$apply$1
3073:             2             32  org.apache.spark.executor.ExecutorSource$$anonfun$1$$anonfun$apply$2
3074:             2             32  org.apache.spark.executor.ExecutorSource$$anonfun$1$$anonfun$apply$3
3075:             2             32  org.apache.spark.executor.ExecutorSource$$anonfun$1$$anonfun$apply$4
3076:             2             32  org.apache.spark.executor.ExecutorSource$$anonfun$1$$anonfun$apply$5
3077:             2             32  org.apache.spark.internal.config.ConfigBuilder$$anonfun$regexConf$1
3078:             2             32  org.apache.spark.internal.config.ConfigBuilder$$anonfun$regexConf$2
3079:             2             32  org.apache.spark.internal.config.MapProvider
3080:             1             32  org.apache.spark.io.CompressionCodec$
3081:             1             32  org.apache.spark.metrics.MetricsSystem$
3082:             1             32  org.apache.spark.network.client.TransportClient
3083:             1             32  org.apache.spark.network.netty.NettyBlockRpcServer
3084:             1             32  org.apache.spark.rdd.RDD$$anonfun$mapPartitionsInternal$1
3085:             1             32  org.apache.spark.rpc.netty.NettyRpcHandler
3086:             1             32  org.apache.spark.rpc.netty.NettyStreamManager
3087:             1             32  org.apache.spark.scheduler.DAGSchedulerSource
3088:             1             32  org.apache.spark.scheduler.SparkListenerExecutorAdded
3089:             1             32  org.apache.spark.scheduler.local.LocalSchedulerBackend$$anon$1
3090:             1             32  org.apache.spark.shuffle.IndexShuffleBlockResolver
3091:             1             32  org.apache.spark.shuffle.sort.SortShuffleManager
3092:             1             32  org.apache.spark.sql.SparkSession$
3093:             1             32  org.apache.spark.sql.SparkSession$Builder
3094:             1             32  org.apache.spark.sql.catalyst.analysis.Analyzer$ExtractGenerator$
3095:             1             32  org.apache.spark.sql.catalyst.analysis.DecimalPrecision$
3096:             1             32  org.apache.spark.sql.catalyst.analysis.ResolveHints$ResolveBroadcastHints
3097:             1             32  org.apache.spark.sql.catalyst.analysis.ResolveTimeZone
3098:             2             32  org.apache.spark.sql.catalyst.analysis.SimpleFunctionRegistry
3099:             1             32  org.apache.spark.sql.catalyst.analysis.TimeWindowing$
3100:             1             32  org.apache.spark.sql.catalyst.analysis.TypeCoercion$
3101:             1             32  org.apache.spark.sql.catalyst.analysis.TypeCoercion$BooleanEquality$
3102:             1             32  org.apache.spark.sql.catalyst.catalog.CatalogTable$
3103:             2             32  org.apache.spark.sql.catalyst.expressions.Cast$$anonfun$castToDouble$5
3104:             1             32  org.apache.spark.sql.catalyst.expressions.GeneratedClass$SpecificSafeProjection
3105:             2             32  org.apache.spark.sql.catalyst.expressions.GenericRow
3106:             1             32  org.apache.spark.sql.catalyst.expressions.codegen.package$ExpressionCanonicalizer$
3107:             2             32  org.apache.spark.sql.catalyst.plans.physical.UnknownPartitioning
3108:             2             32  org.apache.spark.sql.catalyst.util.StringKeyHashMap$$anonfun$apply$2
3109:             1             32  org.apache.spark.sql.execution.CoalescedPartitioner
3110:             1             32  org.apache.spark.sql.execution.datasources.SharedInMemoryCache
3111:             1             32  org.apache.spark.sql.execution.streaming.StreamingQueryListenerBus
3112:             1             32  org.apache.spark.sql.execution.ui.AllExecutionsPage
3113:             1             32  org.apache.spark.sql.execution.ui.ExecutionPage
3114:             1             32  org.apache.spark.sql.hive.RelationConversions
3115:             1             32  org.apache.spark.sql.types.ByteType$
3116:             1             32  org.apache.spark.sql.types.IntegerType$
3117:             1             32  org.apache.spark.sql.types.LongType$
3118:             1             32  org.apache.spark.sql.types.ShortType$
3119:             2             32  org.apache.spark.sql.types.TypeCollection
3120:             1             32  org.apache.spark.storage.BlockInfo$
3121:             1             32  org.apache.spark.storage.BlockInfoManager
3122:             1             32  org.apache.spark.storage.BlockManagerId
3123:             1             32  org.apache.spark.storage.BlockManagerMaster
3124:             1             32  org.apache.spark.ui.ServerInfo
3125:             1             32  org.apache.spark.ui.SparkUI$
3126:             1             32  org.apache.spark.ui.env.EnvironmentListener
3127:             1             32  org.apache.spark.ui.jobs.AllJobsPage
3128:             1             32  org.apache.spark.ui.jobs.AllStagesPage
3129:             1             32  org.apache.spark.ui.jobs.JobPage
3130:             1             32  org.apache.spark.ui.jobs.PoolPage
3131:             1             32  org.apache.spark.ui.jobs.UIData$OutputMetricsUIData
3132:             1             32  org.apache.xerces.impl.XMLEntityManager$ByteBufferPool
3133:             1             32  org.apache.xerces.impl.XMLEntityScanner
3134:             1             32  org.apache.xerces.impl.XMLEntityScanner$1
3135:             1             32  org.apache.xerces.impl.XMLEntityScanner$1
3136:             1             32  org.apache.xerces.impl.XMLVersionDetector
3137:             2             32  org.apache.xerces.impl.dv.dtd.ENTITYDatatypeValidator
3138:             2             32  org.apache.xerces.impl.dv.dtd.ENTITYDatatypeValidator
3139:             1             32  org.apache.xerces.parsers.AbstractDOMParser$1
3140:             1             32  org.apache.xerces.parsers.AbstractDOMParser$1
3141:             1             32  org.apache.xerces.util.NamespaceSupport
3142:             1             32  org.apache.xerces.util.SymbolTable
3143:             1             32  org.codehaus.jackson.map.deser.BeanDeserializerFactory$ConfigImpl
3144:             1             32  org.codehaus.jackson.map.deser.StdDeserializerProvider
3145:             1             32  org.codehaus.jackson.map.introspect.VisibilityChecker$Std
3146:             2             32  org.codehaus.jackson.map.ser.StdSerializers$NumberSerializer
3147:             2             32  org.codehaus.jackson.map.ser.std.StdKeySerializer
3148:             1             32  org.codehaus.jackson.map.type.TypeFactory
3149:             2             32  org.codehaus.jackson.map.util.RootNameLookup
3150:             1             32  org.datanucleus.PersistenceConfiguration
3151:             2             32  org.datanucleus.api.jdo.JDOFetchPlan
3152:             2             32  org.datanucleus.cache.SoftRefCache
3153:             1             32  org.datanucleus.metadata.xml.MetaDataParser
3154:             2             32  org.datanucleus.properties.BasePropertyStore
3155:             1             32  org.datanucleus.query.compiler.Lexer
3156:             1             32  org.datanucleus.query.symbol.SymbolTable
3157:             1             32  org.datanucleus.store.connection.ConnectionManagerImpl
3158:             1             32  org.datanucleus.store.query.cache.SoftQueryResultsCache
3159:             1             32  org.datanucleus.store.rdbms.SQLController
3160:             2             32  org.datanucleus.store.rdbms.connectionpool.BoneCPConnectionPoolFactory
3161:             1             32  org.datanucleus.store.rdbms.mapping.oracle.OracleRDBMSMappingManager
3162:             1             32  org.datanucleus.store.rdbms.schema.RDBMSSchemaHandler
3163:             1             32  org.datanucleus.store.rdbms.sql.SQLJoin
3164:             1             32  org.datanucleus.store.rdbms.sql.SQLStatementParameter
3165:             1             32  org.htrace.TraceInfo
3166:             1             32  org.json4s.BuildInfo$
3167:             2             32  org.spark_project.guava.cache.LocalCache$LocalManualCache
3168:             1             32  org.spark_project.guava.collect.ConcurrentHashMultiset
3169:             2             32  org.spark_project.guava.hash.Murmur3_128HashFunction
3170:             2             32  org.spark_project.guava.hash.Murmur3_32HashFunction
3171:             1             32  org.spark_project.jetty.http.HttpField
3172:             1             32  org.spark_project.jetty.io.ArrayByteBufferPool
3173:             1             32  org.spark_project.jetty.server.ShutdownMonitor
3174:             1             32  scala.collection.immutable.Vector$
3175:             1             32  scala.collection.mutable.AnyRefMap$
3176:             2             32  scala.collection.mutable.Stack
3177:             1             32  scala.io.Codec$
3178:             1             32  scala.math.BigInt$
3179:             1             32  scala.math.package$
3180:             1             32  scala.reflect.ManifestFactory$$anon$1
3181:             1             32  scala.reflect.ManifestFactory$$anon$2
3182:             1             32  scala.reflect.ManifestFactory$$anon$3
3183:             1             32  scala.reflect.ManifestFactory$$anon$4
3184:             1             32  scala.reflect.ManifestFactory$$anon$5
3185:             2             32  scala.reflect.api.Printers$BooleanFlag$
3186:             2             32  scala.reflect.internal.AnnotationInfos$AnnotationInfo$
3187:             2             32  scala.reflect.internal.AnnotationInfos$ArrayAnnotArg$
3188:             2             32  scala.reflect.internal.AnnotationInfos$LiteralAnnotArg$
3189:             2             32  scala.reflect.internal.AnnotationInfos$NestedAnnotArg$
3190:             2             32  scala.reflect.internal.Definitions$DefinitionsClass$VarArityClass$
3191:             1             32  scala.reflect.internal.JavaAccFlags$
3192:             2             32  scala.reflect.internal.Names$TermName$
3193:             2             32  scala.reflect.internal.Names$TypeName$
3194:             1             32  scala.reflect.internal.NoPhase$
3195:             1             32  scala.reflect.internal.Positions$DefaultPosAssigner
3196:             2             32  scala.reflect.internal.Scopes$LookupNotFound$
3197:             1             32  scala.reflect.internal.SomePhase$
3198:             2             32  scala.reflect.internal.SymbolTable$$anonfun$1
3199:             1             32  scala.reflect.internal.SymbolTable$perRunCaches$$anonfun$newGeneric$1
3200:             2             32  scala.reflect.internal.Symbols$$anonfun$10
3201:             2             32  scala.reflect.internal.Trees$$anonfun$1
3202:             2             32  scala.reflect.internal.Trees$ClassDef$
3203:             2             32  scala.reflect.internal.Trees$DefDef$
3204:             2             32  scala.reflect.internal.Trees$Modifiers$
3205:             2             32  scala.reflect.internal.Trees$ValDef$
3206:             2             32  scala.reflect.internal.Types$$anonfun$38
3207:             2             32  scala.reflect.internal.Types$$anonfun$39
3208:             2             32  scala.reflect.internal.Types$$anonfun$40
3209:             2             32  scala.reflect.internal.Types$$anonfun$41
3210:             2             32  scala.reflect.internal.Types$$anonfun$42
3211:             2             32  scala.reflect.internal.Types$$anonfun$43
3212:             2             32  scala.reflect.internal.Types$$anonfun$44
3213:             2             32  scala.reflect.internal.Types$$anonfun$45
3214:             2             32  scala.reflect.internal.Types$$anonfun$46
3215:             2             32  scala.reflect.internal.Types$$anonfun$47
3216:             2             32  scala.reflect.internal.Types$$anonfun$48
3217:             2             32  scala.reflect.internal.Types$$anonfun$49
3218:             2             32  scala.reflect.internal.Types$$anonfun$50
3219:             2             32  scala.reflect.internal.Types$$anonfun$51
3220:             2             32  scala.reflect.internal.Types$$anonfun$52
3221:             2             32  scala.reflect.internal.Types$$anonfun$53
3222:             2             32  scala.reflect.internal.Types$CompoundType$
3223:             2             32  scala.reflect.internal.Types$ConstantType$
3224:             2             32  scala.reflect.internal.Types$ErasedValueType$
3225:             2             32  scala.reflect.internal.Types$ErrorType$
3226:             2             32  scala.reflect.internal.Types$GenPolyType$
3227:             2             32  scala.reflect.internal.Types$HasTypeMember$
3228:             2             32  scala.reflect.internal.Types$ImportType$
3229:             2             32  scala.reflect.internal.Types$NoPrefix$
3230:             2             32  scala.reflect.internal.Types$NoType$
3231:             2             32  scala.reflect.internal.Types$RefinedType$
3232:             2             32  scala.reflect.internal.Types$SingleType$
3233:             2             32  scala.reflect.internal.Types$StaticallyAnnotatedType$
3234:             2             32  scala.reflect.internal.Types$SuperType$
3235:             2             32  scala.reflect.internal.Types$ThisType$
3236:             2             32  scala.reflect.internal.Types$TypeBounds$
3237:             2             32  scala.reflect.internal.Types$TypeRef$
3238:             2             32  scala.reflect.internal.Types$TypeVar$
3239:             1             32  scala.reflect.internal.Types$UniqueErasedValueType
3240:             2             32  scala.reflect.internal.Types$WildcardType$
3241:             1             32  scala.reflect.internal.Variance$
3242:             1             32  scala.reflect.internal.tpe.CommonOwners$CommonOwnerMap
3243:             2             32  scala.reflect.internal.tpe.TypeConstraints$TypeConstraint$
3244:             2             32  scala.reflect.internal.transform.Erasure$GenericArray$
3245:             1             32  scala.reflect.internal.transform.Erasure$verifiedJavaErasure$
3246:             2             32  scala.reflect.internal.transform.Transforms$$anonfun$1
3247:             2             32  scala.reflect.internal.transform.Transforms$$anonfun$2
3248:             1             32  scala.reflect.internal.transform.Transforms$$anonfun$2$$anon$3
3249:             2             32  scala.reflect.internal.transform.Transforms$$anonfun$3
3250:             2             32  scala.reflect.internal.transform.Transforms$$anonfun$4
3251:             2             32  scala.reflect.internal.transform.UnCurry$DesugaredParameterType$
3252:             2             32  scala.reflect.runtime.JavaMirrors$JavaMirror$JavaAnnotationProxy$
3253:             2             32  scala.reflect.runtime.JavaMirrors$JavaMirror$unpickler$
3254:             1             32  scala.reflect.runtime.JavaUniverse$$anon$1
3255:             1             32  scala.runtime.PolyMethodCache
3256:             1             32  scala.tools.nsc.ast.NodePrinters$nodeToRegularString$
3257:             1             32  scala.tools.nsc.ast.TreeInfo$ValueClass$
3258:             1             32  scala.tools.nsc.backend.icode.Linearizers$ReversePostOrderLinearizer
3259:             1             32  scala.tools.nsc.backend.icode.Opcodes$opcodes$RETURN
3260:             1             32  scala.tools.nsc.backend.icode.Opcodes$opcodes$THIS
3261:             2             32  scala.tools.nsc.backend.jvm.BCodeICodeCommon
3262:             1             32  scala.tools.nsc.backend.jvm.GenBCode$
3263:             1             32  scala.tools.nsc.interactive.ShutdownReq$
3264:             1             32  scala.tools.nsc.interpreter.IMain$parse$
3265:             1             32  scala.tools.nsc.interpreter.ISettings
3266:             1             32  scala.tools.nsc.interpreter.PresentationCompilerCompleter
3267:             1             32  scala.tools.nsc.interpreter.ReplRealDir
3268:             1             32  scala.tools.nsc.interpreter.jline.InteractiveReader
3269:             1             32  scala.tools.nsc.interpreter.jline.JLineHistory$JLineFileHistory
3270:             1             32  scala.tools.nsc.interpreter.package$
3271:             1             32  scala.tools.nsc.io.SourceReader
3272:             1             32  scala.tools.nsc.io.package$
3273:             1             32  scala.tools.nsc.reporters.Reporter$INFO$
3274:             1             32  scala.tools.nsc.reporters.Reporter$WARNING$
3275:             1             32  scala.tools.nsc.settings.ScalaVersion$
3276:             1             32  scala.tools.nsc.transform.AddInterfaces$$anon$1
3277:             1             32  scala.tools.nsc.transform.Erasure$$anon$2
3278:             1             32  scala.tools.nsc.transform.Erasure$$anon$3
3279:             1             32  scala.tools.nsc.transform.Flatten$$anon$1
3280:             1             32  scala.tools.nsc.transform.LambdaLift$$anon$1
3281:             1             32  scala.tools.nsc.transform.LazyVals$LocalLazyValFinder$
3282:             1             32  scala.tools.nsc.transform.Mixin$$anon$1
3283:             1             32  scala.tools.nsc.transform.SpecializeTypes$$anon$3
3284:             2             32  scala.tools.nsc.typechecker.Contexts$BufferingReporter$
3285:             2             32  scala.tools.nsc.typechecker.Contexts$Context$
3286:             2             32  scala.tools.nsc.typechecker.Contexts$ContextReporter$
3287:             1             32  scala.tools.nsc.typechecker.Implicits$$anon$1
3288:             2             32  scala.tools.nsc.typechecker.Implicits$$anonfun$1
3289:             1             32  scala.tools.nsc.typechecker.Infer$instantiate$
3290:             2             32  scala.tools.nsc.typechecker.PatternTypers$FixedAndRepeatedTypes$
3291:             2             32  scala.tools.nsc.typechecker.StdAttachments$SuppressMacroExpansionAttachment$
3292:             1             32  scala.tools.nsc.typechecker.TypersTracking$typingStack$
3293:             2             32  scala.tools.reflect.StdTags$$anon$2
3294:             1             32  scala.util.control.Exception$Catch
3295:             2             32  shaded.parquet.org.slf4j.helpers.NOPLoggerFactory
3296:             1             32  sun.management.MappedMXBeanType$EnumMXBeanType
3297:             1             32  sun.management.MappedMXBeanType$InProgress
3298:             1             32  sun.misc.HexDumpEncoder
3299:             2             32  sun.nio.ch.SocketDispatcher
3300:             1             32  sun.nio.cs.StandardCharsets
3301:             1             32  sun.security.provider.SecureRandom
3302:             2             32  sun.security.util.AlgorithmDecomposer
3303:             2             32  sun.security.util.DisabledAlgorithmConstraints$Constraints
3304:             1             24  [Lcom.google.common.cache.CacheBuilder$NullListener;
3305:             1             24  [Lcom.google.common.cache.CacheBuilder$OneWeigher;
3306:             1             24  [Lcom.google.common.cache.LocalCache$NullEntry;
3307:             1             24  [Lcom.google.common.collect.GenericMapMaker$NullListener;
3308:             1             24  [Lcom.google.common.collect.Interners$WeakInterner$Dummy;
3309:             1             24  [Lcom.sun.org.apache.xalan.internal.utils.FeatureManager$Feature;
3310:             1             24  [Lcom.sun.org.apache.xalan.internal.utils.XMLSecurityPropertyManager$Property;
3311:             1             24  [Ljava.io.File$PathStatus;
3312:             1             24  [Ljava.lang.ClassValue$Entry;
3313:             1             24  [Ljava.net.InetAddress$Cache$Type;
3314:             1             24  [Ljava.net.InetSocketAddress;
3315:             1             24  [Ljava.net.InterfaceAddress;
3316:             1             24  [Ljava.net.StandardProtocolFamily;
3317:             1             24  [Ljava.util.Formatter$BigDecimalLayoutForm;
3318:             1             24  [Ljava.util.Locale$Category;
3319:             1             24  [Ljavax.security.auth.login.LoginContext$ModuleInfo;
3320:             1             24  [Ljline.TerminalFactory$Flavor;
3321:             1             24  [Lorg.antlr.v4.runtime.atn.ATNType;
3322:             1             24  [Lorg.apache.hadoop.crypto.CipherSuite;
3323:             1             24  [Lorg.apache.hadoop.hive.metastore.api.CompactionType;
3324:             1             24  [Lorg.apache.hadoop.hive.metastore.api.PartitionEventType;
3325:             1             24  [Lorg.apache.hadoop.hive.ql.exec.Utilities$ReduceField;
3326:             1             24  [Lorg.apache.hadoop.hive.ql.security.authorization.plugin.HiveAuthzSessionContext$CLIENT_TYPE;
3327:             1             24  [Lorg.apache.hadoop.hive.ql.session.SessionState$AuthorizationMode;
3328:             1             24  [Lorg.apache.hadoop.ipc.Server$AuthProtocol;
3329:             1             24  [Lorg.apache.hadoop.metrics2.lib.DefaultMetricsFactory;
3330:             1             24  [Lorg.apache.hadoop.metrics2.lib.DefaultMetricsSystem;
3331:             1             24  [Lorg.apache.hadoop.metrics2.lib.Interns$Info;
3332:             1             24  [Lorg.apache.hadoop.metrics2.lib.Interns$Tags;
3333:             1             24  [Lorg.apache.hadoop.net.unix.DomainSocket;
3334:             1             24  [Lorg.apache.hive.common.HiveCompat$CompatLevel;
3335:             1             24  [Lorg.apache.hive.common.HiveCompat$CompatLevel;
3336:             1             24  [Lorg.apache.spark.memory.MemoryMode;
3337:             1             24  [Lorg.apache.spark.network.client.TransportClient;
3338:             1             24  [Lorg.apache.spark.scheduler.MapStatus;
3339:             1             24  [Lorg.datanucleus.NucleusContext$ContextType;
3340:             1             24  [Lorg.datanucleus.metadata.TransactionType;
3341:             1             24  [Lorg.datanucleus.query.compiler.JDOQLParser$ParameterType;
3342:             1             24  [Lorg.datanucleus.store.rdbms.sql.expression.SQLExpression;
3343:             1             24  [Lorg.spark_project.guava.cache.CacheBuilder$NullListener;
3344:             1             24  [Lorg.spark_project.guava.cache.CacheBuilder$OneWeigher;
3345:             1             24  [Lorg.spark_project.guava.cache.LocalCache$NullEntry;
3346:             1             24  [Lorg.spark_project.guava.collect.GenericMapMaker$NullListener;
3347:             1             24  [Lorg.spark_project.guava.collect.Interners$WeakInterner$Dummy;
3348:             1             24  [Lorg.spark_project.guava.hash.Hashing$ChecksumType;
3349:             1             24  [Lorg.spark_project.jetty.http.HttpFieldPreEncoder;
3350:             1             24  [Lparquet.column.ParquetProperties$WriterVersion;
3351:             1             24  [Lsun.launcher.LauncherHelper;
3352:             1             24  [[Ljava.io.File;
3353:             1             24  $line10.$eval$
3354:             1             24  $line10.$read$$iw
3355:             1             24  $line10.$read$$iw$$iw
3356:             1             24  $line10.$read$$iw$$iw$$iw
3357:             1             24  $line10.$read$$iw$$iw$$iw$$iw
3358:             1             24  $line10.$read$$iw$$iw$$iw$$iw$$iw
3359:             1             24  $line102.$eval$
3360:             1             24  $line102.$read$$iw
3361:             1             24  $line102.$read$$iw$$iw
3362:             1             24  $line102.$read$$iw$$iw$$iw
3363:             1             24  $line102.$read$$iw$$iw$$iw$$iw
3364:             1             24  $line102.$read$$iw$$iw$$iw$$iw$$iw
3365:             1             24  $line102.$read$$iw$$iw$$iw$$iw$$iw$$iw
3366:             1             24  $line102.$read$$iw$$iw$$iw$$iw$$iw$$iw$$iw$$iw
3367:             1             24  $line104.$eval$
3368:             1             24  $line104.$read$$iw
3369:             1             24  $line104.$read$$iw$$iw
3370:             1             24  $line104.$read$$iw$$iw$$iw
3371:             1             24  $line104.$read$$iw$$iw$$iw$$iw
3372:             1             24  $line104.$read$$iw$$iw$$iw$$iw$$iw
3373:             1             24  $line104.$read$$iw$$iw$$iw$$iw$$iw$$iw
3374:             1             24  $line104.$read$$iw$$iw$$iw$$iw$$iw$$iw$$iw$$iw
3375:             1             24  $line108.$eval$
3376:             1             24  $line108.$read$$iw
3377:             1             24  $line108.$read$$iw$$iw
3378:             1             24  $line108.$read$$iw$$iw$$iw
3379:             1             24  $line108.$read$$iw$$iw$$iw$$iw
3380:             1             24  $line108.$read$$iw$$iw$$iw$$iw$$iw
3381:             1             24  $line108.$read$$iw$$iw$$iw$$iw$$iw$$iw
3382:             1             24  $line108.$read$$iw$$iw$$iw$$iw$$iw$$iw$$iw$$iw
3383:             1             24  $line11.$eval$
3384:             1             24  $line11.$read$$iw
3385:             1             24  $line11.$read$$iw$$iw
3386:             1             24  $line11.$read$$iw$$iw$$iw
3387:             1             24  $line11.$read$$iw$$iw$$iw$$iw
3388:             1             24  $line11.$read$$iw$$iw$$iw$$iw$$iw
3389:             1             24  $line117.$eval$
3390:             1             24  $line117.$read$$iw
3391:             1             24  $line117.$read$$iw$$iw
3392:             1             24  $line117.$read$$iw$$iw$$iw
3393:             1             24  $line117.$read$$iw$$iw$$iw$$iw
3394:             1             24  $line117.$read$$iw$$iw$$iw$$iw$$iw
3395:             1             24  $line117.$read$$iw$$iw$$iw$$iw$$iw$$iw
3396:             1             24  $line117.$read$$iw$$iw$$iw$$iw$$iw$$iw$$iw$$iw
3397:             1             24  $line119.$eval$
3398:             1             24  $line119.$read$$iw
3399:             1             24  $line119.$read$$iw$$iw
3400:             1             24  $line119.$read$$iw$$iw$$iw
3401:             1             24  $line119.$read$$iw$$iw$$iw$$iw
3402:             1             24  $line119.$read$$iw$$iw$$iw$$iw$$iw
3403:             1             24  $line119.$read$$iw$$iw$$iw$$iw$$iw$$iw
3404:             1             24  $line119.$read$$iw$$iw$$iw$$iw$$iw$$iw$$iw$$iw
3405:             1             24  $line12.$eval$
3406:             1             24  $line12.$read$$iw
3407:             1             24  $line12.$read$$iw$$iw
3408:             1             24  $line12.$read$$iw$$iw$$iw
3409:             1             24  $line12.$read$$iw$$iw$$iw$$iw
3410:             1             24  $line12.$read$$iw$$iw$$iw$$iw$$iw
3411:             1             24  $line121.$eval$
3412:             1             24  $line123.$eval$
3413:             1             24  $line123.$read$$iw
3414:             1             24  $line123.$read$$iw$$iw
3415:             1             24  $line123.$read$$iw$$iw$$iw
3416:             1             24  $line123.$read$$iw$$iw$$iw$$iw
3417:             1             24  $line123.$read$$iw$$iw$$iw$$iw$$iw
3418:             1             24  $line123.$read$$iw$$iw$$iw$$iw$$iw$$iw
3419:             1             24  $line123.$read$$iw$$iw$$iw$$iw$$iw$$iw$$iw
3420:             1             24  $line123.$read$$iw$$iw$$iw$$iw$$iw$$iw$$iw$$iw
3421:             1             24  $line124.$eval$
3422:             1             24  $line124.$read$$iw
3423:             1             24  $line124.$read$$iw$$iw
3424:             1             24  $line124.$read$$iw$$iw$$iw
3425:             1             24  $line124.$read$$iw$$iw$$iw$$iw
3426:             1             24  $line124.$read$$iw$$iw$$iw$$iw$$iw
3427:             1             24  $line124.$read$$iw$$iw$$iw$$iw$$iw$$iw
3428:             1             24  $line124.$read$$iw$$iw$$iw$$iw$$iw$$iw$$iw$$iw
3429:             1             24  $line125.$eval$
3430:             1             24  $line127.$eval$
3431:             1             24  $line127.$read$$iw
3432:             1             24  $line127.$read$$iw$$iw
3433:             1             24  $line127.$read$$iw$$iw$$iw
3434:             1             24  $line127.$read$$iw$$iw$$iw$$iw
3435:             1             24  $line127.$read$$iw$$iw$$iw$$iw$$iw
3436:             1             24  $line127.$read$$iw$$iw$$iw$$iw$$iw$$iw
3437:             1             24  $line127.$read$$iw$$iw$$iw$$iw$$iw$$iw$$iw
3438:             1             24  $line127.$read$$iw$$iw$$iw$$iw$$iw$$iw$$iw$$iw
3439:             1             24  $line128.$eval$
3440:             1             24  $line128.$read$$iw
3441:             1             24  $line128.$read$$iw$$iw
3442:             1             24  $line128.$read$$iw$$iw$$iw
3443:             1             24  $line128.$read$$iw$$iw$$iw$$iw
3444:             1             24  $line128.$read$$iw$$iw$$iw$$iw$$iw
3445:             1             24  $line128.$read$$iw$$iw$$iw$$iw$$iw$$iw
3446:             1             24  $line128.$read$$iw$$iw$$iw$$iw$$iw$$iw$$iw$$iw
3447:             1             24  $line129.$eval$
3448:             1             24  $line129.$read$$iw
3449:             1             24  $line129.$read$$iw$$iw
3450:             1             24  $line129.$read$$iw$$iw$$iw
3451:             1             24  $line129.$read$$iw$$iw$$iw$$iw
3452:             1             24  $line129.$read$$iw$$iw$$iw$$iw$$iw
3453:             1             24  $line129.$read$$iw$$iw$$iw$$iw$$iw$$iw
3454:             1             24  $line129.$read$$iw$$iw$$iw$$iw$$iw$$iw$$iw$$iw
3455:             1             24  $line13.$eval$
3456:             1             24  $line13.$read$$iw
3457:             1             24  $line13.$read$$iw$$iw
3458:             1             24  $line13.$read$$iw$$iw$$iw
3459:             1             24  $line13.$read$$iw$$iw$$iw$$iw
3460:             1             24  $line13.$read$$iw$$iw$$iw$$iw$$iw
3461:             1             24  $line133.$eval$
3462:             1             24  $line133.$read$$iw
3463:             1             24  $line133.$read$$iw$$iw
3464:             1             24  $line133.$read$$iw$$iw$$iw
3465:             1             24  $line133.$read$$iw$$iw$$iw$$iw
3466:             1             24  $line133.$read$$iw$$iw$$iw$$iw$$iw
3467:             1             24  $line133.$read$$iw$$iw$$iw$$iw$$iw$$iw
3468:             1             24  $line133.$read$$iw$$iw$$iw$$iw$$iw$$iw$$iw$$iw
3469:             1             24  $line14.$eval$
3470:             1             24  $line14.$read$$iw
3471:             1             24  $line14.$read$$iw$$iw
3472:             1             24  $line14.$read$$iw$$iw$$iw
3473:             1             24  $line14.$read$$iw$$iw$$iw$$iw
3474:             1             24  $line14.$read$$iw$$iw$$iw$$iw$$iw
3475:             1             24  $line14.$read$$iw$$iw$$iw$$iw$$iw$$iw
3476:             1             24  $line14.$read$$iw$$iw$$iw$$iw$$iw$$iw$$iw
3477:             1             24  $line142.$eval$
3478:             1             24  $line142.$read$$iw
3479:             1             24  $line142.$read$$iw$$iw
3480:             1             24  $line142.$read$$iw$$iw$$iw
3481:             1             24  $line142.$read$$iw$$iw$$iw$$iw
3482:             1             24  $line142.$read$$iw$$iw$$iw$$iw$$iw
3483:             1             24  $line142.$read$$iw$$iw$$iw$$iw$$iw$$iw
3484:             1             24  $line142.$read$$iw$$iw$$iw$$iw$$iw$$iw$$iw$$iw
3485:             1             24  $line145.$eval$
3486:             1             24  $line145.$read$$iw
3487:             1             24  $line145.$read$$iw$$iw
3488:             1             24  $line145.$read$$iw$$iw$$iw
3489:             1             24  $line145.$read$$iw$$iw$$iw$$iw
3490:             1             24  $line145.$read$$iw$$iw$$iw$$iw$$iw
3491:             1             24  $line145.$read$$iw$$iw$$iw$$iw$$iw$$iw
3492:             1             24  $line145.$read$$iw$$iw$$iw$$iw$$iw$$iw$$iw$$iw
3493:             1             24  $line15.$eval$
3494:             1             24  $line15.$read$$iw
3495:             1             24  $line15.$read$$iw$$iw
3496:             1             24  $line15.$read$$iw$$iw$$iw
3497:             1             24  $line15.$read$$iw$$iw$$iw$$iw
3498:             1             24  $line15.$read$$iw$$iw$$iw$$iw$$iw
3499:             1             24  $line15.$read$$iw$$iw$$iw$$iw$$iw$$iw
3500:             1             24  $line15.$read$$iw$$iw$$iw$$iw$$iw$$iw$$iw
3501:             1             24  $line153.$eval$
3502:             1             24  $line153.$read$$iw
3503:             1             24  $line153.$read$$iw$$iw
3504:             1             24  $line153.$read$$iw$$iw$$iw
3505:             1             24  $line153.$read$$iw$$iw$$iw$$iw
3506:             1             24  $line153.$read$$iw$$iw$$iw$$iw$$iw
3507:             1             24  $line153.$read$$iw$$iw$$iw$$iw$$iw$$iw
3508:             1             24  $line153.$read$$iw$$iw$$iw$$iw$$iw$$iw$$iw
3509:             1             24  $line16.$eval$
3510:             1             24  $line16.$read$$iw
3511:             1             24  $line16.$read$$iw$$iw
3512:             1             24  $line16.$read$$iw$$iw$$iw
3513:             1             24  $line16.$read$$iw$$iw$$iw$$iw
3514:             1             24  $line16.$read$$iw$$iw$$iw$$iw$$iw
3515:             1             24  $line16.$read$$iw$$iw$$iw$$iw$$iw$$iw
3516:             1             24  $line16.$read$$iw$$iw$$iw$$iw$$iw$$iw$$iw
3517:             1             24  $line165.$eval$
3518:             1             24  $line165.$read$$iw
3519:             1             24  $line165.$read$$iw$$iw
3520:             1             24  $line165.$read$$iw$$iw$$iw
3521:             1             24  $line165.$read$$iw$$iw$$iw$$iw
3522:             1             24  $line165.$read$$iw$$iw$$iw$$iw$$iw
3523:             1             24  $line165.$read$$iw$$iw$$iw$$iw$$iw$$iw
3524:             1             24  $line165.$read$$iw$$iw$$iw$$iw$$iw$$iw$$iw
3525:             1             24  $line165.$read$$iw$$iw$$iw$$iw$$iw$$iw$$iw$$iw
3526:             1             24  $line166.$eval$
3527:             1             24  $line166.$read$$iw
3528:             1             24  $line166.$read$$iw$$iw
3529:             1             24  $line166.$read$$iw$$iw$$iw
3530:             1             24  $line166.$read$$iw$$iw$$iw$$iw
3531:             1             24  $line166.$read$$iw$$iw$$iw$$iw$$iw
3532:             1             24  $line166.$read$$iw$$iw$$iw$$iw$$iw$$iw
3533:             1             24  $line166.$read$$iw$$iw$$iw$$iw$$iw$$iw$$iw$$iw
3534:             1             24  $line17.$eval$
3535:             1             24  $line17.$read$$iw
3536:             1             24  $line17.$read$$iw$$iw
3537:             1             24  $line17.$read$$iw$$iw$$iw
3538:             1             24  $line17.$read$$iw$$iw$$iw$$iw
3539:             1             24  $line17.$read$$iw$$iw$$iw$$iw$$iw
3540:             1             24  $line17.$read$$iw$$iw$$iw$$iw$$iw$$iw
3541:             1             24  $line17.$read$$iw$$iw$$iw$$iw$$iw$$iw$$iw
3542:             1             24  $line17.$read$$iw$$iw$$iw$$iw$$iw$$iw$$iw$$iw
3543:             1             24  $line175.$eval$
3544:             1             24  $line175.$read$$iw
3545:             1             24  $line175.$read$$iw$$iw
3546:             1             24  $line175.$read$$iw$$iw$$iw
3547:             1             24  $line175.$read$$iw$$iw$$iw$$iw
3548:             1             24  $line175.$read$$iw$$iw$$iw$$iw$$iw
3549:             1             24  $line175.$read$$iw$$iw$$iw$$iw$$iw$$iw
3550:             1             24  $line175.$read$$iw$$iw$$iw$$iw$$iw$$iw$$iw$$iw
3551:             1             24  $line178.$eval$
3552:             1             24  $line178.$read$$iw
3553:             1             24  $line178.$read$$iw$$iw
3554:             1             24  $line178.$read$$iw$$iw$$iw
3555:             1             24  $line178.$read$$iw$$iw$$iw$$iw
3556:             1             24  $line178.$read$$iw$$iw$$iw$$iw$$iw
3557:             1             24  $line178.$read$$iw$$iw$$iw$$iw$$iw$$iw
3558:             1             24  $line178.$read$$iw$$iw$$iw$$iw$$iw$$iw$$iw$$iw
3559:             1             24  $line179.$eval$
3560:             1             24  $line179.$read$$iw
3561:             1             24  $line179.$read$$iw$$iw
3562:             1             24  $line179.$read$$iw$$iw$$iw
3563:             1             24  $line179.$read$$iw$$iw$$iw$$iw
3564:             1             24  $line179.$read$$iw$$iw$$iw$$iw$$iw
3565:             1             24  $line179.$read$$iw$$iw$$iw$$iw$$iw$$iw
3566:             1             24  $line179.$read$$iw$$iw$$iw$$iw$$iw$$iw$$iw$$iw
3567:             1             24  $line18.$eval$
3568:             1             24  $line18.$read$$iw
3569:             1             24  $line18.$read$$iw$$iw
3570:             1             24  $line18.$read$$iw$$iw$$iw
3571:             1             24  $line18.$read$$iw$$iw$$iw$$iw
3572:             1             24  $line18.$read$$iw$$iw$$iw$$iw$$iw
3573:             1             24  $line18.$read$$iw$$iw$$iw$$iw$$iw$$iw
3574:             1             24  $line18.$read$$iw$$iw$$iw$$iw$$iw$$iw$$iw
3575:             1             24  $line18.$read$$iw$$iw$$iw$$iw$$iw$$iw$$iw$$iw
3576:             1             24  $line182.$eval$
3577:             1             24  $line182.$read$$iw
3578:             1             24  $line182.$read$$iw$$iw
3579:             1             24  $line182.$read$$iw$$iw$$iw
3580:             1             24  $line182.$read$$iw$$iw$$iw$$iw
3581:             1             24  $line182.$read$$iw$$iw$$iw$$iw$$iw
3582:             1             24  $line182.$read$$iw$$iw$$iw$$iw$$iw$$iw
3583:             1             24  $line182.$read$$iw$$iw$$iw$$iw$$iw$$iw$$iw
3584:             1             24  $line19.$eval$
3585:             1             24  $line192.$eval$
3586:             1             24  $line192.$read$$iw
3587:             1             24  $line192.$read$$iw$$iw
3588:             1             24  $line192.$read$$iw$$iw$$iw
3589:             1             24  $line192.$read$$iw$$iw$$iw$$iw
3590:             1             24  $line192.$read$$iw$$iw$$iw$$iw$$iw
3591:             1             24  $line192.$read$$iw$$iw$$iw$$iw$$iw$$iw
3592:             1             24  $line192.$read$$iw$$iw$$iw$$iw$$iw$$iw$$iw
3593:             1             24  $line192.$read$$iw$$iw$$iw$$iw$$iw$$iw$$iw$$iw
3594:             1             24  $line193.$eval$
3595:             1             24  $line193.$read$$iw
3596:             1             24  $line193.$read$$iw$$iw
3597:             1             24  $line193.$read$$iw$$iw$$iw
3598:             1             24  $line193.$read$$iw$$iw$$iw$$iw
3599:             1             24  $line193.$read$$iw$$iw$$iw$$iw$$iw
3600:             1             24  $line193.$read$$iw$$iw$$iw$$iw$$iw$$iw
3601:             1             24  $line193.$read$$iw$$iw$$iw$$iw$$iw$$iw$$iw$$iw
3602:             1             24  $line195.$eval$
3603:             1             24  $line195.$read$$iw
3604:             1             24  $line195.$read$$iw$$iw
3605:             1             24  $line195.$read$$iw$$iw$$iw
3606:             1             24  $line195.$read$$iw$$iw$$iw$$iw
3607:             1             24  $line195.$read$$iw$$iw$$iw$$iw$$iw
3608:             1             24  $line195.$read$$iw$$iw$$iw$$iw$$iw$$iw
3609:             1             24  $line195.$read$$iw$$iw$$iw$$iw$$iw$$iw$$iw$$iw
3610:             1             24  $line196.$eval$
3611:             1             24  $line196.$read$$iw
3612:             1             24  $line196.$read$$iw$$iw
3613:             1             24  $line196.$read$$iw$$iw$$iw
3614:             1             24  $line196.$read$$iw$$iw$$iw$$iw
3615:             1             24  $line196.$read$$iw$$iw$$iw$$iw$$iw
3616:             1             24  $line196.$read$$iw$$iw$$iw$$iw$$iw$$iw
3617:             1             24  $line196.$read$$iw$$iw$$iw$$iw$$iw$$iw$$iw$$iw
3618:             1             24  $line197.$eval$
3619:             1             24  $line197.$read$$iw
3620:             1             24  $line197.$read$$iw$$iw
3621:             1             24  $line197.$read$$iw$$iw$$iw
3622:             1             24  $line197.$read$$iw$$iw$$iw$$iw
3623:             1             24  $line197.$read$$iw$$iw$$iw$$iw$$iw
3624:             1             24  $line197.$read$$iw$$iw$$iw$$iw$$iw$$iw
3625:             1             24  $line197.$read$$iw$$iw$$iw$$iw$$iw$$iw$$iw$$iw
3626:             1             24  $line198.$eval$
3627:             1             24  $line198.$read$$iw
3628:             1             24  $line198.$read$$iw$$iw
3629:             1             24  $line198.$read$$iw$$iw$$iw
3630:             1             24  $line198.$read$$iw$$iw$$iw$$iw
3631:             1             24  $line198.$read$$iw$$iw$$iw$$iw$$iw
3632:             1             24  $line198.$read$$iw$$iw$$iw$$iw$$iw$$iw
3633:             1             24  $line198.$read$$iw$$iw$$iw$$iw$$iw$$iw$$iw$$iw
3634:             1             24  $line199.$eval$
3635:             1             24  $line199.$read$$iw
3636:             1             24  $line199.$read$$iw$$iw
3637:             1             24  $line199.$read$$iw$$iw$$iw
3638:             1             24  $line199.$read$$iw$$iw$$iw$$iw
3639:             1             24  $line199.$read$$iw$$iw$$iw$$iw$$iw
3640:             1             24  $line199.$read$$iw$$iw$$iw$$iw$$iw$$iw
3641:             1             24  $line199.$read$$iw$$iw$$iw$$iw$$iw$$iw$$iw$$iw
3642:             1             24  $line2.$eval$
3643:             1             24  $line2.$read$$iw
3644:             1             24  $line2.$read$$iw$$iw
3645:             1             24  $line202.$eval$
3646:             1             24  $line202.$read$$iw
3647:             1             24  $line202.$read$$iw$$iw
3648:             1             24  $line202.$read$$iw$$iw$$iw
3649:             1             24  $line202.$read$$iw$$iw$$iw$$iw
3650:             1             24  $line202.$read$$iw$$iw$$iw$$iw$$iw
3651:             1             24  $line202.$read$$iw$$iw$$iw$$iw$$iw$$iw
3652:             1             24  $line202.$read$$iw$$iw$$iw$$iw$$iw$$iw$$iw$$iw
3653:             1             24  $line204.$eval$
3654:             1             24  $line204.$read$$iw
3655:             1             24  $line204.$read$$iw$$iw
3656:             1             24  $line204.$read$$iw$$iw$$iw
3657:             1             24  $line204.$read$$iw$$iw$$iw$$iw
3658:             1             24  $line204.$read$$iw$$iw$$iw$$iw$$iw
3659:             1             24  $line204.$read$$iw$$iw$$iw$$iw$$iw$$iw
3660:             1             24  $line204.$read$$iw$$iw$$iw$$iw$$iw$$iw$$iw
3661:             1             24  $line204.$read$$iw$$iw$$iw$$iw$$iw$$iw$$iw$$iw
3662:             1             24  $line205.$eval$
3663:             1             24  $line205.$read$$iw
3664:             1             24  $line205.$read$$iw$$iw
3665:             1             24  $line205.$read$$iw$$iw$$iw
3666:             1             24  $line205.$read$$iw$$iw$$iw$$iw
3667:             1             24  $line205.$read$$iw$$iw$$iw$$iw$$iw
3668:             1             24  $line205.$read$$iw$$iw$$iw$$iw$$iw$$iw
3669:             1             24  $line205.$read$$iw$$iw$$iw$$iw$$iw$$iw$$iw
3670:             1             24  $line205.$read$$iw$$iw$$iw$$iw$$iw$$iw$$iw$$iw
3671:             1             24  $line206.$eval$
3672:             1             24  $line206.$read$$iw
3673:             1             24  $line206.$read$$iw$$iw
3674:             1             24  $line206.$read$$iw$$iw$$iw
3675:             1             24  $line206.$read$$iw$$iw$$iw$$iw
3676:             1             24  $line206.$read$$iw$$iw$$iw$$iw$$iw
3677:             1             24  $line206.$read$$iw$$iw$$iw$$iw$$iw$$iw
3678:             1             24  $line206.$read$$iw$$iw$$iw$$iw$$iw$$iw$$iw
3679:             1             24  $line206.$read$$iw$$iw$$iw$$iw$$iw$$iw$$iw$$iw
3680:             1             24  $line207.$eval$
3681:             1             24  $line207.$read$$iw
3682:             1             24  $line207.$read$$iw$$iw
3683:             1             24  $line207.$read$$iw$$iw$$iw
3684:             1             24  $line207.$read$$iw$$iw$$iw$$iw
3685:             1             24  $line207.$read$$iw$$iw$$iw$$iw$$iw
3686:             1             24  $line207.$read$$iw$$iw$$iw$$iw$$iw$$iw
3687:             1             24  $line207.$read$$iw$$iw$$iw$$iw$$iw$$iw$$iw
3688:             1             24  $line207.$read$$iw$$iw$$iw$$iw$$iw$$iw$$iw$$iw
3689:             1             24  $line208.$eval$
3690:             1             24  $line208.$read$$iw
3691:             1             24  $line208.$read$$iw$$iw
3692:             1             24  $line208.$read$$iw$$iw$$iw
3693:             1             24  $line208.$read$$iw$$iw$$iw$$iw
3694:             1             24  $line208.$read$$iw$$iw$$iw$$iw$$iw
3695:             1             24  $line208.$read$$iw$$iw$$iw$$iw$$iw$$iw
3696:             1             24  $line208.$read$$iw$$iw$$iw$$iw$$iw$$iw$$iw
3697:             1             24  $line208.$read$$iw$$iw$$iw$$iw$$iw$$iw$$iw$$iw
3698:             1             24  $line209.$eval$
3699:             1             24  $line209.$read$$iw
3700:             1             24  $line209.$read$$iw$$iw
3701:             1             24  $line209.$read$$iw$$iw$$iw
3702:             1             24  $line209.$read$$iw$$iw$$iw$$iw
3703:             1             24  $line209.$read$$iw$$iw$$iw$$iw$$iw
3704:             1             24  $line209.$read$$iw$$iw$$iw$$iw$$iw$$iw
3705:             1             24  $line209.$read$$iw$$iw$$iw$$iw$$iw$$iw$$iw
3706:             1             24  $line209.$read$$iw$$iw$$iw$$iw$$iw$$iw$$iw$$iw
3707:             1             24  $line21.$eval$
3708:             1             24  $line21.$read$$iw
3709:             1             24  $line21.$read$$iw$$iw
3710:             1             24  $line21.$read$$iw$$iw$$iw
3711:             1             24  $line21.$read$$iw$$iw$$iw$$iw
3712:             1             24  $line21.$read$$iw$$iw$$iw$$iw$$iw
3713:             1             24  $line21.$read$$iw$$iw$$iw$$iw$$iw$$iw
3714:             1             24  $line21.$read$$iw$$iw$$iw$$iw$$iw$$iw$$iw
3715:             1             24  $line21.$read$$iw$$iw$$iw$$iw$$iw$$iw$$iw$$iw
3716:             1             24  $line214.$eval$
3717:             1             24  $line214.$read$$iw
3718:             1             24  $line214.$read$$iw$$iw
3719:             1             24  $line214.$read$$iw$$iw$$iw
3720:             1             24  $line214.$read$$iw$$iw$$iw$$iw
3721:             1             24  $line214.$read$$iw$$iw$$iw$$iw$$iw
3722:             1             24  $line214.$read$$iw$$iw$$iw$$iw$$iw$$iw
3723:             1             24  $line214.$read$$iw$$iw$$iw$$iw$$iw$$iw$$iw$$iw
3724:             1             24  $line215.$eval$
3725:             1             24  $line215.$read$$iw
3726:             1             24  $line215.$read$$iw$$iw
3727:             1             24  $line215.$read$$iw$$iw$$iw
3728:             1             24  $line215.$read$$iw$$iw$$iw$$iw
3729:             1             24  $line215.$read$$iw$$iw$$iw$$iw$$iw
3730:             1             24  $line215.$read$$iw$$iw$$iw$$iw$$iw$$iw
3731:             1             24  $line215.$read$$iw$$iw$$iw$$iw$$iw$$iw$$iw$$iw
3732:             1             24  $line216.$eval$
3733:             1             24  $line216.$read$$iw
3734:             1             24  $line216.$read$$iw$$iw
3735:             1             24  $line216.$read$$iw$$iw$$iw
3736:             1             24  $line216.$read$$iw$$iw$$iw$$iw
3737:             1             24  $line216.$read$$iw$$iw$$iw$$iw$$iw
3738:             1             24  $line216.$read$$iw$$iw$$iw$$iw$$iw$$iw
3739:             1             24  $line216.$read$$iw$$iw$$iw$$iw$$iw$$iw$$iw$$iw
3740:             1             24  $line217.$eval$
3741:             1             24  $line217.$read$$iw
3742:             1             24  $line217.$read$$iw$$iw
3743:             1             24  $line217.$read$$iw$$iw$$iw
3744:             1             24  $line217.$read$$iw$$iw$$iw$$iw
3745:             1             24  $line217.$read$$iw$$iw$$iw$$iw$$iw
3746:             1             24  $line217.$read$$iw$$iw$$iw$$iw$$iw$$iw
3747:             1             24  $line217.$read$$iw$$iw$$iw$$iw$$iw$$iw$$iw$$iw
3748:             1             24  $line219.$eval$
3749:             1             24  $line22.$eval$
3750:             1             24  $line22.$read$$iw
3751:             1             24  $line22.$read$$iw$$iw
3752:             1             24  $line22.$read$$iw$$iw$$iw
3753:             1             24  $line22.$read$$iw$$iw$$iw$$iw
3754:             1             24  $line22.$read$$iw$$iw$$iw$$iw$$iw
3755:             1             24  $line22.$read$$iw$$iw$$iw$$iw$$iw$$iw
3756:             1             24  $line22.$read$$iw$$iw$$iw$$iw$$iw$$iw$$iw
3757:             1             24  $line22.$read$$iw$$iw$$iw$$iw$$iw$$iw$$iw$$iw
3758:             1             24  $line221.$eval$
3759:             1             24  $line221.$read$$iw
3760:             1             24  $line221.$read$$iw$$iw
3761:             1             24  $line221.$read$$iw$$iw$$iw
3762:             1             24  $line221.$read$$iw$$iw$$iw$$iw
3763:             1             24  $line221.$read$$iw$$iw$$iw$$iw$$iw
3764:             1             24  $line221.$read$$iw$$iw$$iw$$iw$$iw$$iw
3765:             1             24  $line221.$read$$iw$$iw$$iw$$iw$$iw$$iw$$iw
3766:             1             24  $line221.$read$$iw$$iw$$iw$$iw$$iw$$iw$$iw$$iw
3767:             1             24  $line225.$eval$
3768:             1             24  $line225.$read$$iw
3769:             1             24  $line225.$read$$iw$$iw
3770:             1             24  $line225.$read$$iw$$iw$$iw
3771:             1             24  $line225.$read$$iw$$iw$$iw$$iw
3772:             1             24  $line225.$read$$iw$$iw$$iw$$iw$$iw
3773:             1             24  $line225.$read$$iw$$iw$$iw$$iw$$iw$$iw
3774:             1             24  $line225.$read$$iw$$iw$$iw$$iw$$iw$$iw$$iw$$iw
3775:             1             24  $line229.$eval$
3776:             1             24  $line229.$read$$iw
3777:             1             24  $line229.$read$$iw$$iw
3778:             1             24  $line229.$read$$iw$$iw$$iw
3779:             1             24  $line229.$read$$iw$$iw$$iw$$iw
3780:             1             24  $line229.$read$$iw$$iw$$iw$$iw$$iw
3781:             1             24  $line229.$read$$iw$$iw$$iw$$iw$$iw$$iw
3782:             1             24  $line229.$read$$iw$$iw$$iw$$iw$$iw$$iw$$iw$$iw
3783:             1             24  $line23.$eval$
3784:             1             24  $line23.$read$$iw
3785:             1             24  $line23.$read$$iw$$iw
3786:             1             24  $line23.$read$$iw$$iw$$iw
3787:             1             24  $line23.$read$$iw$$iw$$iw$$iw
3788:             1             24  $line23.$read$$iw$$iw$$iw$$iw$$iw
3789:             1             24  $line23.$read$$iw$$iw$$iw$$iw$$iw$$iw
3790:             1             24  $line23.$read$$iw$$iw$$iw$$iw$$iw$$iw$$iw
3791:             1             24  $line23.$read$$iw$$iw$$iw$$iw$$iw$$iw$$iw$$iw
3792:             1             24  $line230.$eval$
3793:             1             24  $line230.$read$$iw
3794:             1             24  $line230.$read$$iw$$iw
3795:             1             24  $line230.$read$$iw$$iw$$iw
3796:             1             24  $line230.$read$$iw$$iw$$iw$$iw
3797:             1             24  $line230.$read$$iw$$iw$$iw$$iw$$iw
3798:             1             24  $line230.$read$$iw$$iw$$iw$$iw$$iw$$iw
3799:             1             24  $line230.$read$$iw$$iw$$iw$$iw$$iw$$iw$$iw$$iw
3800:             1             24  $line233.$eval$
3801:             1             24  $line233.$read$$iw
3802:             1             24  $line233.$read$$iw$$iw
3803:             1             24  $line233.$read$$iw$$iw$$iw
3804:             1             24  $line233.$read$$iw$$iw$$iw$$iw
3805:             1             24  $line233.$read$$iw$$iw$$iw$$iw$$iw
3806:             1             24  $line233.$read$$iw$$iw$$iw$$iw$$iw$$iw
3807:             1             24  $line233.$read$$iw$$iw$$iw$$iw$$iw$$iw$$iw$$iw
3808:             1             24  $line234.$eval$
3809:             1             24  $line234.$read$$iw
3810:             1             24  $line234.$read$$iw$$iw
3811:             1             24  $line234.$read$$iw$$iw$$iw
3812:             1             24  $line234.$read$$iw$$iw$$iw$$iw
3813:             1             24  $line234.$read$$iw$$iw$$iw$$iw$$iw
3814:             1             24  $line234.$read$$iw$$iw$$iw$$iw$$iw$$iw
3815:             1             24  $line234.$read$$iw$$iw$$iw$$iw$$iw$$iw$$iw$$iw
3816:             1             24  $line236.$eval$
3817:             1             24  $line236.$read$$iw
3818:             1             24  $line236.$read$$iw$$iw
3819:             1             24  $line236.$read$$iw$$iw$$iw
3820:             1             24  $line236.$read$$iw$$iw$$iw$$iw
3821:             1             24  $line236.$read$$iw$$iw$$iw$$iw$$iw
3822:             1             24  $line236.$read$$iw$$iw$$iw$$iw$$iw$$iw
3823:             1             24  $line236.$read$$iw$$iw$$iw$$iw$$iw$$iw$$iw$$iw
3824:             1             24  $line24.$eval$
3825:             1             24  $line24.$read$$iw
3826:             1             24  $line24.$read$$iw$$iw
3827:             1             24  $line24.$read$$iw$$iw$$iw
3828:             1             24  $line24.$read$$iw$$iw$$iw$$iw
3829:             1             24  $line24.$read$$iw$$iw$$iw$$iw$$iw
3830:             1             24  $line24.$read$$iw$$iw$$iw$$iw$$iw$$iw
3831:             1             24  $line24.$read$$iw$$iw$$iw$$iw$$iw$$iw$$iw$$iw
3832:             1             24  $line240.$eval$
3833:             1             24  $line242.$eval$
3834:             1             24  $line242.$read$$iw
3835:             1             24  $line242.$read$$iw$$iw
3836:             1             24  $line242.$read$$iw$$iw$$iw
3837:             1             24  $line242.$read$$iw$$iw$$iw$$iw
3838:             1             24  $line242.$read$$iw$$iw$$iw$$iw$$iw
3839:             1             24  $line242.$read$$iw$$iw$$iw$$iw$$iw$$iw
3840:             1             24  $line242.$read$$iw$$iw$$iw$$iw$$iw$$iw$$iw
3841:             1             24  $line242.$read$$iw$$iw$$iw$$iw$$iw$$iw$$iw$$iw
3842:             1             24  $line244.$eval$
3843:             1             24  $line244.$read$$iw
3844:             1             24  $line244.$read$$iw$$iw
3845:             1             24  $line244.$read$$iw$$iw$$iw
3846:             1             24  $line244.$read$$iw$$iw$$iw$$iw
3847:             1             24  $line244.$read$$iw$$iw$$iw$$iw$$iw
3848:             1             24  $line244.$read$$iw$$iw$$iw$$iw$$iw$$iw
3849:             1             24  $line244.$read$$iw$$iw$$iw$$iw$$iw$$iw$$iw$$iw
3850:             1             24  $line245.$eval$
3851:             1             24  $line245.$read$$iw
3852:             1             24  $line245.$read$$iw$$iw
3853:             1             24  $line245.$read$$iw$$iw$$iw
3854:             1             24  $line245.$read$$iw$$iw$$iw$$iw
3855:             1             24  $line245.$read$$iw$$iw$$iw$$iw$$iw
3856:             1             24  $line245.$read$$iw$$iw$$iw$$iw$$iw$$iw
3857:             1             24  $line245.$read$$iw$$iw$$iw$$iw$$iw$$iw$$iw$$iw
3858:             1             24  $line248.$eval$
3859:             1             24  $line248.$read$$iw
3860:             1             24  $line248.$read$$iw$$iw
3861:             1             24  $line248.$read$$iw$$iw$$iw
3862:             1             24  $line248.$read$$iw$$iw$$iw$$iw
3863:             1             24  $line248.$read$$iw$$iw$$iw$$iw$$iw
3864:             1             24  $line248.$read$$iw$$iw$$iw$$iw$$iw$$iw
3865:             1             24  $line248.$read$$iw$$iw$$iw$$iw$$iw$$iw$$iw$$iw
3866:             1             24  $line249.$eval$
3867:             1             24  $line249.$read$$iw
3868:             1             24  $line249.$read$$iw$$iw
3869:             1             24  $line249.$read$$iw$$iw$$iw
3870:             1             24  $line249.$read$$iw$$iw$$iw$$iw
3871:             1             24  $line249.$read$$iw$$iw$$iw$$iw$$iw
3872:             1             24  $line249.$read$$iw$$iw$$iw$$iw$$iw$$iw
3873:             1             24  $line249.$read$$iw$$iw$$iw$$iw$$iw$$iw$$iw$$iw
3874:             1             24  $line25.$eval$
3875:             1             24  $line25.$read$$iw
3876:             1             24  $line25.$read$$iw$$iw
3877:             1             24  $line25.$read$$iw$$iw$$iw
3878:             1             24  $line25.$read$$iw$$iw$$iw$$iw
3879:             1             24  $line25.$read$$iw$$iw$$iw$$iw$$iw
3880:             1             24  $line25.$read$$iw$$iw$$iw$$iw$$iw$$iw
3881:             1             24  $line25.$read$$iw$$iw$$iw$$iw$$iw$$iw$$iw
3882:             1             24  $line25.$read$$iw$$iw$$iw$$iw$$iw$$iw$$iw$$iw
3883:             1             24  $line255.$eval$
3884:             1             24  $line255.$read$$iw
3885:             1             24  $line255.$read$$iw$$iw
3886:             1             24  $line255.$read$$iw$$iw$$iw
3887:             1             24  $line255.$read$$iw$$iw$$iw$$iw
3888:             1             24  $line255.$read$$iw$$iw$$iw$$iw$$iw
3889:             1             24  $line255.$read$$iw$$iw$$iw$$iw$$iw$$iw
3890:             1             24  $line255.$read$$iw$$iw$$iw$$iw$$iw$$iw$$iw$$iw
3891:             1             24  $line26.$eval$
3892:             1             24  $line26.$read$$iw
3893:             1             24  $line26.$read$$iw$$iw
3894:             1             24  $line26.$read$$iw$$iw$$iw
3895:             1             24  $line26.$read$$iw$$iw$$iw$$iw
3896:             1             24  $line26.$read$$iw$$iw$$iw$$iw$$iw
3897:             1             24  $line26.$read$$iw$$iw$$iw$$iw$$iw$$iw
3898:             1             24  $line26.$read$$iw$$iw$$iw$$iw$$iw$$iw$$iw$$iw
3899:             1             24  $line264.$eval$
3900:             1             24  $line266.$eval$
3901:             1             24  $line266.$read$$iw
3902:             1             24  $line266.$read$$iw$$iw
3903:             1             24  $line266.$read$$iw$$iw$$iw
3904:             1             24  $line266.$read$$iw$$iw$$iw$$iw
3905:             1             24  $line266.$read$$iw$$iw$$iw$$iw$$iw
3906:             1             24  $line266.$read$$iw$$iw$$iw$$iw$$iw$$iw
3907:             1             24  $line266.$read$$iw$$iw$$iw$$iw$$iw$$iw$$iw
3908:             1             24  $line266.$read$$iw$$iw$$iw$$iw$$iw$$iw$$iw$$iw
3909:             1             24  $line267.$eval$
3910:             1             24  $line267.$read$$iw
3911:             1             24  $line267.$read$$iw$$iw
3912:             1             24  $line267.$read$$iw$$iw$$iw
3913:             1             24  $line267.$read$$iw$$iw$$iw$$iw
3914:             1             24  $line267.$read$$iw$$iw$$iw$$iw$$iw
3915:             1             24  $line267.$read$$iw$$iw$$iw$$iw$$iw$$iw
3916:             1             24  $line267.$read$$iw$$iw$$iw$$iw$$iw$$iw$$iw$$iw
3917:             1             24  $line268.$eval$
3918:             1             24  $line268.$read$$iw
3919:             1             24  $line268.$read$$iw$$iw
3920:             1             24  $line268.$read$$iw$$iw$$iw
3921:             1             24  $line268.$read$$iw$$iw$$iw$$iw
3922:             1             24  $line268.$read$$iw$$iw$$iw$$iw$$iw
3923:             1             24  $line268.$read$$iw$$iw$$iw$$iw$$iw$$iw
3924:             1             24  $line268.$read$$iw$$iw$$iw$$iw$$iw$$iw$$iw$$iw
3925:             1             24  $line27.$eval$
3926:             1             24  $line27.$read$$iw
3927:             1             24  $line27.$read$$iw$$iw
3928:             1             24  $line27.$read$$iw$$iw$$iw
3929:             1             24  $line27.$read$$iw$$iw$$iw$$iw
3930:             1             24  $line27.$read$$iw$$iw$$iw$$iw$$iw
3931:             1             24  $line27.$read$$iw$$iw$$iw$$iw$$iw$$iw
3932:             1             24  $line27.$read$$iw$$iw$$iw$$iw$$iw$$iw$$iw
3933:             1             24  $line27.$read$$iw$$iw$$iw$$iw$$iw$$iw$$iw$$iw
3934:             1             24  $line270.$eval$
3935:             1             24  $line272.$eval$
3936:             1             24  $line272.$read$$iw
3937:             1             24  $line272.$read$$iw$$iw
3938:             1             24  $line272.$read$$iw$$iw$$iw
3939:             1             24  $line272.$read$$iw$$iw$$iw$$iw
3940:             1             24  $line272.$read$$iw$$iw$$iw$$iw$$iw
3941:             1             24  $line272.$read$$iw$$iw$$iw$$iw$$iw$$iw
3942:             1             24  $line272.$read$$iw$$iw$$iw$$iw$$iw$$iw$$iw
3943:             1             24  $line272.$read$$iw$$iw$$iw$$iw$$iw$$iw$$iw$$iw
3944:             1             24  $line273.$eval$
3945:             1             24  $line273.$read$$iw
3946:             1             24  $line273.$read$$iw$$iw
3947:             1             24  $line273.$read$$iw$$iw$$iw
3948:             1             24  $line273.$read$$iw$$iw$$iw$$iw
3949:             1             24  $line273.$read$$iw$$iw$$iw$$iw$$iw
3950:             1             24  $line273.$read$$iw$$iw$$iw$$iw$$iw$$iw
3951:             1             24  $line273.$read$$iw$$iw$$iw$$iw$$iw$$iw$$iw$$iw
3952:             1             24  $line274.$eval$
3953:             1             24  $line274.$read$$iw
3954:             1             24  $line274.$read$$iw$$iw
3955:             1             24  $line274.$read$$iw$$iw$$iw
3956:             1             24  $line274.$read$$iw$$iw$$iw$$iw
3957:             1             24  $line274.$read$$iw$$iw$$iw$$iw$$iw
3958:             1             24  $line274.$read$$iw$$iw$$iw$$iw$$iw$$iw
3959:             1             24  $line274.$read$$iw$$iw$$iw$$iw$$iw$$iw$$iw$$iw
3960:             1             24  $line276.$eval$
3961:             1             24  $line276.$read$$iw
3962:             1             24  $line276.$read$$iw$$iw
3963:             1             24  $line276.$read$$iw$$iw$$iw
3964:             1             24  $line276.$read$$iw$$iw$$iw$$iw
3965:             1             24  $line276.$read$$iw$$iw$$iw$$iw$$iw
3966:             1             24  $line276.$read$$iw$$iw$$iw$$iw$$iw$$iw
3967:             1             24  $line276.$read$$iw$$iw$$iw$$iw$$iw$$iw$$iw$$iw
3968:             1             24  $line278.$eval$
3969:             1             24  $line278.$read$$iw
3970:             1             24  $line278.$read$$iw$$iw
3971:             1             24  $line278.$read$$iw$$iw$$iw
3972:             1             24  $line278.$read$$iw$$iw$$iw$$iw
3973:             1             24  $line278.$read$$iw$$iw$$iw$$iw$$iw
3974:             1             24  $line278.$read$$iw$$iw$$iw$$iw$$iw$$iw
3975:             1             24  $line278.$read$$iw$$iw$$iw$$iw$$iw$$iw$$iw$$iw
3976:             1             24  $line279.$eval$
3977:             1             24  $line28.$eval$
3978:             1             24  $line28.$read$$iw
3979:             1             24  $line28.$read$$iw$$iw
3980:             1             24  $line28.$read$$iw$$iw$$iw
3981:             1             24  $line28.$read$$iw$$iw$$iw$$iw
3982:             1             24  $line28.$read$$iw$$iw$$iw$$iw$$iw
3983:             1             24  $line28.$read$$iw$$iw$$iw$$iw$$iw$$iw
3984:             1             24  $line28.$read$$iw$$iw$$iw$$iw$$iw$$iw$$iw$$iw
3985:             1             24  $line281.$eval$
3986:             1             24  $line281.$read$$iw
3987:             1             24  $line281.$read$$iw$$iw
3988:             1             24  $line281.$read$$iw$$iw$$iw
3989:             1             24  $line281.$read$$iw$$iw$$iw$$iw
3990:             1             24  $line281.$read$$iw$$iw$$iw$$iw$$iw
3991:             1             24  $line281.$read$$iw$$iw$$iw$$iw$$iw$$iw
3992:             1             24  $line281.$read$$iw$$iw$$iw$$iw$$iw$$iw$$iw
3993:             1             24  $line281.$read$$iw$$iw$$iw$$iw$$iw$$iw$$iw$$iw
3994:             1             24  $line282.$eval$
3995:             1             24  $line282.$read$$iw
3996:             1             24  $line282.$read$$iw$$iw
3997:             1             24  $line282.$read$$iw$$iw$$iw
3998:             1             24  $line282.$read$$iw$$iw$$iw$$iw
3999:             1             24  $line282.$read$$iw$$iw$$iw$$iw$$iw
4000:             1             24  $line282.$read$$iw$$iw$$iw$$iw$$iw$$iw
4001:             1             24  $line282.$read$$iw$$iw$$iw$$iw$$iw$$iw$$iw$$iw
4002:             1             24  $line287.$eval$
4003:             1             24  $line287.$read$$iw
4004:             1             24  $line287.$read$$iw$$iw
4005:             1             24  $line287.$read$$iw$$iw$$iw
4006:             1             24  $line287.$read$$iw$$iw$$iw$$iw
4007:             1             24  $line287.$read$$iw$$iw$$iw$$iw$$iw
4008:             1             24  $line287.$read$$iw$$iw$$iw$$iw$$iw$$iw
4009:             1             24  $line287.$read$$iw$$iw$$iw$$iw$$iw$$iw$$iw$$iw
4010:             1             24  $line3.$eval$
4011:             1             24  $line3.$read$$iw
4012:             1             24  $line3.$read$$iw$$iw
4013:             1             24  $line30.$eval$
4014:             1             24  $line30.$read$$iw
4015:             1             24  $line30.$read$$iw$$iw
4016:             1             24  $line30.$read$$iw$$iw$$iw
4017:             1             24  $line30.$read$$iw$$iw$$iw$$iw
4018:             1             24  $line30.$read$$iw$$iw$$iw$$iw$$iw
4019:             1             24  $line30.$read$$iw$$iw$$iw$$iw$$iw$$iw
4020:             1             24  $line30.$read$$iw$$iw$$iw$$iw$$iw$$iw$$iw$$iw
4021:             1             24  $line305.$eval$
4022:             1             24  $line305.$read$$iw
4023:             1             24  $line305.$read$$iw$$iw
4024:             1             24  $line305.$read$$iw$$iw$$iw
4025:             1             24  $line305.$read$$iw$$iw$$iw$$iw
4026:             1             24  $line305.$read$$iw$$iw$$iw$$iw$$iw
4027:             1             24  $line305.$read$$iw$$iw$$iw$$iw$$iw$$iw
4028:             1             24  $line305.$read$$iw$$iw$$iw$$iw$$iw$$iw$$iw$$iw
4029:             1             24  $line309.$eval$
4030:             1             24  $line309.$read$$iw
4031:             1             24  $line309.$read$$iw$$iw
4032:             1             24  $line309.$read$$iw$$iw$$iw
4033:             1             24  $line309.$read$$iw$$iw$$iw$$iw
4034:             1             24  $line309.$read$$iw$$iw$$iw$$iw$$iw
4035:             1             24  $line309.$read$$iw$$iw$$iw$$iw$$iw$$iw
4036:             1             24  $line309.$read$$iw$$iw$$iw$$iw$$iw$$iw$$iw$$iw
4037:             1             24  $line31.$eval$
4038:             1             24  $line31.$read$$iw
4039:             1             24  $line31.$read$$iw$$iw
4040:             1             24  $line31.$read$$iw$$iw$$iw
4041:             1             24  $line31.$read$$iw$$iw$$iw$$iw
4042:             1             24  $line31.$read$$iw$$iw$$iw$$iw$$iw
4043:             1             24  $line31.$read$$iw$$iw$$iw$$iw$$iw$$iw
4044:             1             24  $line31.$read$$iw$$iw$$iw$$iw$$iw$$iw$$iw$$iw
4045:             1             24  $line32.$eval$
4046:             1             24  $line32.$read$$iw
4047:             1             24  $line32.$read$$iw$$iw
4048:             1             24  $line32.$read$$iw$$iw$$iw
4049:             1             24  $line32.$read$$iw$$iw$$iw$$iw
4050:             1             24  $line32.$read$$iw$$iw$$iw$$iw$$iw
4051:             1             24  $line32.$read$$iw$$iw$$iw$$iw$$iw$$iw
4052:             1             24  $line32.$read$$iw$$iw$$iw$$iw$$iw$$iw$$iw$$iw
4053:             1             24  $line323.$eval$
4054:             1             24  $line323.$read$$iw
4055:             1             24  $line323.$read$$iw$$iw
4056:             1             24  $line323.$read$$iw$$iw$$iw
4057:             1             24  $line323.$read$$iw$$iw$$iw$$iw
4058:             1             24  $line323.$read$$iw$$iw$$iw$$iw$$iw
4059:             1             24  $line323.$read$$iw$$iw$$iw$$iw$$iw$$iw
4060:             1             24  $line323.$read$$iw$$iw$$iw$$iw$$iw$$iw$$iw$$iw
4061:             1             24  $line326.$eval$
4062:             1             24  $line326.$read$$iw
4063:             1             24  $line326.$read$$iw$$iw
4064:             1             24  $line326.$read$$iw$$iw$$iw
4065:             1             24  $line326.$read$$iw$$iw$$iw$$iw
4066:             1             24  $line326.$read$$iw$$iw$$iw$$iw$$iw
4067:             1             24  $line326.$read$$iw$$iw$$iw$$iw$$iw$$iw
4068:             1             24  $line326.$read$$iw$$iw$$iw$$iw$$iw$$iw$$iw$$iw
4069:             1             24  $line332.$eval$
4070:             1             24  $line332.$read$$iw
4071:             1             24  $line332.$read$$iw$$iw
4072:             1             24  $line332.$read$$iw$$iw$$iw
4073:             1             24  $line332.$read$$iw$$iw$$iw$$iw
4074:             1             24  $line332.$read$$iw$$iw$$iw$$iw$$iw
4075:             1             24  $line332.$read$$iw$$iw$$iw$$iw$$iw$$iw
4076:             1             24  $line332.$read$$iw$$iw$$iw$$iw$$iw$$iw$$iw$$iw
4077:             1             24  $line333.$eval$
4078:             1             24  $line333.$read$$iw
4079:             1             24  $line333.$read$$iw$$iw
4080:             1             24  $line333.$read$$iw$$iw$$iw
4081:             1             24  $line333.$read$$iw$$iw$$iw$$iw
4082:             1             24  $line333.$read$$iw$$iw$$iw$$iw$$iw
4083:             1             24  $line333.$read$$iw$$iw$$iw$$iw$$iw$$iw
4084:             1             24  $line333.$read$$iw$$iw$$iw$$iw$$iw$$iw$$iw$$iw
4085:             1             24  $line337.$eval$
4086:             1             24  $line337.$read$$iw
4087:             1             24  $line337.$read$$iw$$iw
4088:             1             24  $line337.$read$$iw$$iw$$iw
4089:             1             24  $line337.$read$$iw$$iw$$iw$$iw
4090:             1             24  $line337.$read$$iw$$iw$$iw$$iw$$iw
4091:             1             24  $line337.$read$$iw$$iw$$iw$$iw$$iw$$iw
4092:             1             24  $line337.$read$$iw$$iw$$iw$$iw$$iw$$iw$$iw$$iw
4093:             1             24  $line340.$eval$
4094:             1             24  $line340.$read$$iw
4095:             1             24  $line340.$read$$iw$$iw
4096:             1             24  $line340.$read$$iw$$iw$$iw
4097:             1             24  $line340.$read$$iw$$iw$$iw$$iw
4098:             1             24  $line340.$read$$iw$$iw$$iw$$iw$$iw
4099:             1             24  $line340.$read$$iw$$iw$$iw$$iw$$iw$$iw
4100:             1             24  $line340.$read$$iw$$iw$$iw$$iw$$iw$$iw$$iw$$iw
4101:             1             24  $line341.$eval$
4102:             1             24  $line341.$read$$iw
4103:             1             24  $line341.$read$$iw$$iw
4104:             1             24  $line341.$read$$iw$$iw$$iw
4105:             1             24  $line341.$read$$iw$$iw$$iw$$iw
4106:             1             24  $line341.$read$$iw$$iw$$iw$$iw$$iw
4107:             1             24  $line341.$read$$iw$$iw$$iw$$iw$$iw$$iw
4108:             1             24  $line341.$read$$iw$$iw$$iw$$iw$$iw$$iw$$iw$$iw
4109:             1             24  $line345.$eval$
4110:             1             24  $line345.$read$$iw
4111:             1             24  $line345.$read$$iw$$iw
4112:             1             24  $line345.$read$$iw$$iw$$iw
4113:             1             24  $line345.$read$$iw$$iw$$iw$$iw
4114:             1             24  $line345.$read$$iw$$iw$$iw$$iw$$iw
4115:             1             24  $line345.$read$$iw$$iw$$iw$$iw$$iw$$iw
4116:             1             24  $line345.$read$$iw$$iw$$iw$$iw$$iw$$iw$$iw$$iw
4117:             1             24  $line349.$eval$
4118:             1             24  $line349.$read$$iw
4119:             1             24  $line349.$read$$iw$$iw
4120:             1             24  $line349.$read$$iw$$iw$$iw
4121:             1             24  $line349.$read$$iw$$iw$$iw$$iw
4122:             1             24  $line349.$read$$iw$$iw$$iw$$iw$$iw
4123:             1             24  $line349.$read$$iw$$iw$$iw$$iw$$iw$$iw
4124:             1             24  $line349.$read$$iw$$iw$$iw$$iw$$iw$$iw$$iw$$iw
4125:             1             24  $line357.$eval$
4126:             1             24  $line359.$eval$
4127:             1             24  $line359.$read$$iw
4128:             1             24  $line359.$read$$iw$$iw
4129:             1             24  $line359.$read$$iw$$iw$$iw
4130:             1             24  $line359.$read$$iw$$iw$$iw$$iw
4131:             1             24  $line359.$read$$iw$$iw$$iw$$iw$$iw
4132:             1             24  $line359.$read$$iw$$iw$$iw$$iw$$iw$$iw
4133:             1             24  $line359.$read$$iw$$iw$$iw$$iw$$iw$$iw$$iw
4134:             1             24  $line359.$read$$iw$$iw$$iw$$iw$$iw$$iw$$iw$$iw
4135:             1             24  $line360.$eval$
4136:             1             24  $line362.$eval$
4137:             1             24  $line362.$read$$iw
4138:             1             24  $line362.$read$$iw$$iw
4139:             1             24  $line362.$read$$iw$$iw$$iw
4140:             1             24  $line362.$read$$iw$$iw$$iw$$iw
4141:             1             24  $line362.$read$$iw$$iw$$iw$$iw$$iw
4142:             1             24  $line362.$read$$iw$$iw$$iw$$iw$$iw$$iw
4143:             1             24  $line362.$read$$iw$$iw$$iw$$iw$$iw$$iw$$iw
4144:             1             24  $line362.$read$$iw$$iw$$iw$$iw$$iw$$iw$$iw$$iw
4145:             1             24  $line364.$eval$
4146:             1             24  $line364.$read$$iw
4147:             1             24  $line364.$read$$iw$$iw
4148:             1             24  $line364.$read$$iw$$iw$$iw
4149:             1             24  $line364.$read$$iw$$iw$$iw$$iw
4150:             1             24  $line364.$read$$iw$$iw$$iw$$iw$$iw
4151:             1             24  $line364.$read$$iw$$iw$$iw$$iw$$iw$$iw
4152:             1             24  $line364.$read$$iw$$iw$$iw$$iw$$iw$$iw$$iw$$iw
4153:             1             24  $line365.$eval$
4154:             1             24  $line365.$read$$iw
4155:             1             24  $line365.$read$$iw$$iw
4156:             1             24  $line365.$read$$iw$$iw$$iw
4157:             1             24  $line365.$read$$iw$$iw$$iw$$iw
4158:             1             24  $line365.$read$$iw$$iw$$iw$$iw$$iw
4159:             1             24  $line365.$read$$iw$$iw$$iw$$iw$$iw$$iw
4160:             1             24  $line365.$read$$iw$$iw$$iw$$iw$$iw$$iw$$iw$$iw
4161:             1             24  $line366.$eval$
4162:             1             24  $line366.$read$$iw
4163:             1             24  $line366.$read$$iw$$iw
4164:             1             24  $line366.$read$$iw$$iw$$iw
4165:             1             24  $line366.$read$$iw$$iw$$iw$$iw
4166:             1             24  $line366.$read$$iw$$iw$$iw$$iw$$iw
4167:             1             24  $line366.$read$$iw$$iw$$iw$$iw$$iw$$iw
4168:             1             24  $line366.$read$$iw$$iw$$iw$$iw$$iw$$iw$$iw$$iw
4169:             1             24  $line38.$eval$
4170:             1             24  $line38.$read$$iw
4171:             1             24  $line38.$read$$iw$$iw
4172:             1             24  $line38.$read$$iw$$iw$$iw
4173:             1             24  $line38.$read$$iw$$iw$$iw$$iw
4174:             1             24  $line38.$read$$iw$$iw$$iw$$iw$$iw
4175:             1             24  $line38.$read$$iw$$iw$$iw$$iw$$iw$$iw
4176:             1             24  $line38.$read$$iw$$iw$$iw$$iw$$iw$$iw$$iw$$iw
4177:             1             24  $line4.$eval$
4178:             1             24  $line4.$read$$iw
4179:             1             24  $line40.$eval$
4180:             1             24  $line40.$read$$iw
4181:             1             24  $line40.$read$$iw$$iw
4182:             1             24  $line40.$read$$iw$$iw$$iw
4183:             1             24  $line40.$read$$iw$$iw$$iw$$iw
4184:             1             24  $line40.$read$$iw$$iw$$iw$$iw$$iw
4185:             1             24  $line40.$read$$iw$$iw$$iw$$iw$$iw$$iw
4186:             1             24  $line40.$read$$iw$$iw$$iw$$iw$$iw$$iw$$iw$$iw
4187:             1             24  $line41.$eval$
4188:             1             24  $line41.$read$$iw
4189:             1             24  $line41.$read$$iw$$iw
4190:             1             24  $line41.$read$$iw$$iw$$iw
4191:             1             24  $line41.$read$$iw$$iw$$iw$$iw
4192:             1             24  $line41.$read$$iw$$iw$$iw$$iw$$iw
4193:             1             24  $line41.$read$$iw$$iw$$iw$$iw$$iw$$iw
4194:             1             24  $line41.$read$$iw$$iw$$iw$$iw$$iw$$iw$$iw$$iw
4195:             1             24  $line46.$eval$
4196:             1             24  $line46.$read$$iw
4197:             1             24  $line46.$read$$iw$$iw
4198:             1             24  $line46.$read$$iw$$iw$$iw
4199:             1             24  $line46.$read$$iw$$iw$$iw$$iw
4200:             1             24  $line46.$read$$iw$$iw$$iw$$iw$$iw
4201:             1             24  $line46.$read$$iw$$iw$$iw$$iw$$iw$$iw
4202:             1             24  $line46.$read$$iw$$iw$$iw$$iw$$iw$$iw$$iw$$iw
4203:             1             24  $line48.$eval$
4204:             1             24  $line48.$read$$iw
4205:             1             24  $line48.$read$$iw$$iw
4206:             1             24  $line48.$read$$iw$$iw$$iw
4207:             1             24  $line48.$read$$iw$$iw$$iw$$iw
4208:             1             24  $line48.$read$$iw$$iw$$iw$$iw$$iw
4209:             1             24  $line48.$read$$iw$$iw$$iw$$iw$$iw$$iw
4210:             1             24  $line48.$read$$iw$$iw$$iw$$iw$$iw$$iw$$iw$$iw
4211:             1             24  $line5.$eval$
4212:             1             24  $line5.$read$$iw
4213:             1             24  $line5.$read$$iw$$iw
4214:             1             24  $line5.$read$$iw$$iw$$iw
4215:             1             24  $line53.$eval$
4216:             1             24  $line53.$read$$iw
4217:             1             24  $line53.$read$$iw$$iw
4218:             1             24  $line53.$read$$iw$$iw$$iw
4219:             1             24  $line53.$read$$iw$$iw$$iw$$iw
4220:             1             24  $line53.$read$$iw$$iw$$iw$$iw$$iw
4221:             1             24  $line53.$read$$iw$$iw$$iw$$iw$$iw$$iw
4222:             1             24  $line53.$read$$iw$$iw$$iw$$iw$$iw$$iw$$iw$$iw
4223:             1             24  $line58.$eval$
4224:             1             24  $line58.$read$$iw
4225:             1             24  $line58.$read$$iw$$iw
4226:             1             24  $line58.$read$$iw$$iw$$iw
4227:             1             24  $line58.$read$$iw$$iw$$iw$$iw
4228:             1             24  $line58.$read$$iw$$iw$$iw$$iw$$iw
4229:             1             24  $line58.$read$$iw$$iw$$iw$$iw$$iw$$iw
4230:             1             24  $line58.$read$$iw$$iw$$iw$$iw$$iw$$iw$$iw$$iw
4231:             1             24  $line6.$eval$
4232:             1             24  $line6.$read$$iw
4233:             1             24  $line6.$read$$iw$$iw
4234:             1             24  $line6.$read$$iw$$iw$$iw
4235:             1             24  $line6.$read$$iw$$iw$$iw$$iw
4236:             1             24  $line6.$read$$iw$$iw$$iw$$iw$$iw
4237:             1             24  $line62.$eval$
4238:             1             24  $line62.$read$$iw
4239:             1             24  $line62.$read$$iw$$iw
4240:             1             24  $line62.$read$$iw$$iw$$iw
4241:             1             24  $line62.$read$$iw$$iw$$iw$$iw
4242:             1             24  $line62.$read$$iw$$iw$$iw$$iw$$iw
4243:             1             24  $line62.$read$$iw$$iw$$iw$$iw$$iw$$iw
4244:             1             24  $line62.$read$$iw$$iw$$iw$$iw$$iw$$iw$$iw$$iw
4245:             1             24  $line65.$eval$
4246:             1             24  $line65.$read$$iw
4247:             1             24  $line65.$read$$iw$$iw
4248:             1             24  $line65.$read$$iw$$iw$$iw
4249:             1             24  $line65.$read$$iw$$iw$$iw$$iw
4250:             1             24  $line65.$read$$iw$$iw$$iw$$iw$$iw
4251:             1             24  $line65.$read$$iw$$iw$$iw$$iw$$iw$$iw
4252:             1             24  $line65.$read$$iw$$iw$$iw$$iw$$iw$$iw$$iw$$iw
4253:             1             24  $line67.$eval$
4254:             1             24  $line67.$read$$iw
4255:             1             24  $line67.$read$$iw$$iw
4256:             1             24  $line67.$read$$iw$$iw$$iw
4257:             1             24  $line67.$read$$iw$$iw$$iw$$iw
4258:             1             24  $line67.$read$$iw$$iw$$iw$$iw$$iw
4259:             1             24  $line67.$read$$iw$$iw$$iw$$iw$$iw$$iw
4260:             1             24  $line67.$read$$iw$$iw$$iw$$iw$$iw$$iw$$iw$$iw
4261:             1             24  $line7.$eval$
4262:             1             24  $line7.$read$$iw
4263:             1             24  $line7.$read$$iw$$iw
4264:             1             24  $line7.$read$$iw$$iw$$iw
4265:             1             24  $line7.$read$$iw$$iw$$iw$$iw
4266:             1             24  $line7.$read$$iw$$iw$$iw$$iw$$iw
4267:             1             24  $line76.$eval$
4268:             1             24  $line76.$read$$iw
4269:             1             24  $line76.$read$$iw$$iw
4270:             1             24  $line76.$read$$iw$$iw$$iw
4271:             1             24  $line76.$read$$iw$$iw$$iw$$iw
4272:             1             24  $line76.$read$$iw$$iw$$iw$$iw$$iw
4273:             1             24  $line76.$read$$iw$$iw$$iw$$iw$$iw$$iw
4274:             1             24  $line76.$read$$iw$$iw$$iw$$iw$$iw$$iw$$iw$$iw
4275:             1             24  $line77.$eval$
4276:             1             24  $line77.$read$$iw
4277:             1             24  $line77.$read$$iw$$iw
4278:             1             24  $line77.$read$$iw$$iw$$iw
4279:             1             24  $line77.$read$$iw$$iw$$iw$$iw
4280:             1             24  $line77.$read$$iw$$iw$$iw$$iw$$iw
4281:             1             24  $line77.$read$$iw$$iw$$iw$$iw$$iw$$iw
4282:             1             24  $line77.$read$$iw$$iw$$iw$$iw$$iw$$iw$$iw$$iw
4283:             1             24  $line8.$eval$
4284:             1             24  $line8.$read$$iw
4285:             1             24  $line8.$read$$iw$$iw
4286:             1             24  $line8.$read$$iw$$iw$$iw
4287:             1             24  $line8.$read$$iw$$iw$$iw$$iw
4288:             1             24  $line8.$read$$iw$$iw$$iw$$iw$$iw
4289:             1             24  $line80.$eval$
4290:             1             24  $line80.$read$$iw
4291:             1             24  $line80.$read$$iw$$iw
4292:             1             24  $line80.$read$$iw$$iw$$iw
4293:             1             24  $line80.$read$$iw$$iw$$iw$$iw
4294:             1             24  $line80.$read$$iw$$iw$$iw$$iw$$iw
4295:             1             24  $line80.$read$$iw$$iw$$iw$$iw$$iw$$iw
4296:             1             24  $line80.$read$$iw$$iw$$iw$$iw$$iw$$iw$$iw$$iw
4297:             1             24  $line81.$eval$
4298:             1             24  $line81.$read$$iw
4299:             1             24  $line81.$read$$iw$$iw
4300:             1             24  $line81.$read$$iw$$iw$$iw
4301:             1             24  $line81.$read$$iw$$iw$$iw$$iw
4302:             1             24  $line81.$read$$iw$$iw$$iw$$iw$$iw
4303:             1             24  $line81.$read$$iw$$iw$$iw$$iw$$iw$$iw
4304:             1             24  $line81.$read$$iw$$iw$$iw$$iw$$iw$$iw$$iw$$iw
4305:             1             24  $line9.$eval$
4306:             1             24  $line9.$read$$iw
4307:             1             24  $line9.$read$$iw$$iw
4308:             1             24  $line9.$read$$iw$$iw$$iw
4309:             1             24  $line9.$read$$iw$$iw$$iw$$iw
4310:             1             24  $line9.$read$$iw$$iw$$iw$$iw$$iw
4311:             1             24  $line98.$eval$
4312:             1             24  $line98.$read$$iw
4313:             1             24  $line98.$read$$iw$$iw
4314:             1             24  $line98.$read$$iw$$iw$$iw
4315:             1             24  $line98.$read$$iw$$iw$$iw$$iw
4316:             1             24  $line98.$read$$iw$$iw$$iw$$iw$$iw
4317:             1             24  $line98.$read$$iw$$iw$$iw$$iw$$iw$$iw
4318:             1             24  $line98.$read$$iw$$iw$$iw$$iw$$iw$$iw$$iw$$iw
4319:             1             24  $line99.$eval$
4320:             1             24  $line99.$read$$iw
4321:             1             24  $line99.$read$$iw$$iw
4322:             1             24  $line99.$read$$iw$$iw$$iw
4323:             1             24  $line99.$read$$iw$$iw$$iw$$iw
4324:             1             24  $line99.$read$$iw$$iw$$iw$$iw$$iw
4325:             1             24  $line99.$read$$iw$$iw$$iw$$iw$$iw$$iw
4326:             1             24  $line99.$read$$iw$$iw$$iw$$iw$$iw$$iw$$iw$$iw
4327:             1             24  com.codahale.metrics.Timer
4328:             1             24  com.codahale.metrics.json.MetricsModule$HistogramSerializer
4329:             1             24  com.codahale.metrics.json.MetricsModule$MetricRegistrySerializer
4330:             1             24  com.fasterxml.jackson.annotation.JsonFormat$Features
4331:             1             24  com.fasterxml.jackson.core.util.BufferRecycler
4332:             1             24  com.fasterxml.jackson.core.util.DefaultIndenter
4333:             1             24  com.fasterxml.jackson.databind.cfg.ContextAttributes$Impl
4334:             1             24  com.fasterxml.jackson.databind.deser.impl.FailingDeserializer
4335:             1             24  com.fasterxml.jackson.databind.module.SimpleSerializers
4336:             1             24  com.fasterxml.jackson.databind.ser.impl.FailingSerializer
4337:             1             24  com.fasterxml.jackson.databind.ser.std.CalendarSerializer
4338:             1             24  com.fasterxml.jackson.databind.ser.std.DateSerializer
4339:             1             24  com.fasterxml.jackson.module.paranamer.shaded.CachingParanamer
4340:             1             24  com.fasterxml.jackson.module.scala.deser.BigDecimalDeserializer$
4341:             1             24  com.fasterxml.jackson.module.scala.deser.BigIntDeserializer$
4342:             1             24  com.fasterxml.jackson.module.scala.deser.NumberDeserializers$
4343:             1             24  com.fasterxml.jackson.module.scala.deser.SeqDeserializerResolver$
4344:             1             24  com.fasterxml.jackson.module.scala.deser.UnsortedMapDeserializerResolver$
4345:             1             24  com.fasterxml.jackson.module.scala.deser.UnsortedSetDeserializerResolver$
4346:             1             24  com.fasterxml.jackson.module.scala.deser.UntypedObjectDeserializerResolver$
4347:             1             24  com.fasterxml.jackson.module.scala.introspect.BeanDescriptor
4348:             1             24  com.google.common.base.Joiner$1
4349:             1             24  com.google.common.base.Joiner$MapJoiner
4350:             1             24  com.google.common.base.Predicates$ObjectPredicate$1
4351:             1             24  com.google.common.base.Predicates$ObjectPredicate$2
4352:             1             24  com.google.common.base.Predicates$ObjectPredicate$3
4353:             1             24  com.google.common.base.Predicates$ObjectPredicate$4
4354:             1             24  com.google.common.cache.CacheBuilder$NullListener
4355:             1             24  com.google.common.cache.CacheBuilder$OneWeigher
4356:             1             24  com.google.common.cache.LocalCache$EntryFactory$1
4357:             1             24  com.google.common.cache.LocalCache$EntryFactory$2
4358:             1             24  com.google.common.cache.LocalCache$EntryFactory$3
4359:             1             24  com.google.common.cache.LocalCache$EntryFactory$4
4360:             1             24  com.google.common.cache.LocalCache$EntryFactory$5
4361:             1             24  com.google.common.cache.LocalCache$EntryFactory$6
4362:             1             24  com.google.common.cache.LocalCache$EntryFactory$7
4363:             1             24  com.google.common.cache.LocalCache$EntryFactory$8
4364:             1             24  com.google.common.cache.LocalCache$NullEntry
4365:             1             24  com.google.common.cache.LocalCache$Strength$1
4366:             1             24  com.google.common.cache.LocalCache$Strength$2
4367:             1             24  com.google.common.cache.LocalCache$Strength$3
4368:             1             24  com.google.common.collect.GenericMapMaker$NullListener
4369:             1             24  com.google.common.collect.Interners$WeakInterner$Dummy
4370:             1             24  com.google.common.collect.LinkedListMultimap$5
4371:             1             24  com.google.common.collect.MapMaker$RemovalCause$1
4372:             1             24  com.google.common.collect.MapMaker$RemovalCause$2
4373:             1             24  com.google.common.collect.MapMaker$RemovalCause$3
4374:             1             24  com.google.common.collect.MapMaker$RemovalCause$4
4375:             1             24  com.google.common.collect.MapMaker$RemovalCause$5
4376:             1             24  com.google.common.collect.MapMakerInternalMap$EntryFactory$1
4377:             1             24  com.google.common.collect.MapMakerInternalMap$EntryFactory$2
4378:             1             24  com.google.common.collect.MapMakerInternalMap$EntryFactory$3
4379:             1             24  com.google.common.collect.MapMakerInternalMap$EntryFactory$4
4380:             1             24  com.google.common.collect.MapMakerInternalMap$EntryFactory$5
4381:             1             24  com.google.common.collect.MapMakerInternalMap$EntryFactory$6
4382:             1             24  com.google.common.collect.MapMakerInternalMap$EntryFactory$7
4383:             1             24  com.google.common.collect.MapMakerInternalMap$EntryFactory$8
4384:             1             24  com.google.common.collect.MapMakerInternalMap$Strength$1
4385:             1             24  com.google.common.collect.MapMakerInternalMap$Strength$2
4386:             1             24  com.google.common.collect.MapMakerInternalMap$Strength$3
4387:             1             24  com.google.common.collect.RegularImmutableMap$NonTerminalEntry
4388:             1             24  com.google.protobuf.ExtensionRegistry
4389:             1             24  com.google.protobuf.LazyStringArrayList
4390:             1             24  com.google.protobuf.UnmodifiableLazyStringList
4391:             1             24  com.sun.beans.util.Cache$Kind$1
4392:             1             24  com.sun.beans.util.Cache$Kind$2
4393:             1             24  com.sun.beans.util.Cache$Kind$3
4394:             1             24  com.sun.jmx.mbeanserver.ClassLoaderRepositorySupport
4395:             1             24  com.sun.jmx.mbeanserver.DefaultMXBeanMappingFactory$CompositeBuilderViaFrom
4396:             1             24  com.sun.jmx.mbeanserver.MXBeanLookup
4397:             1             24  com.sun.jmx.remote.util.ClassLogger
4398:             1             24  com.sun.org.apache.xml.internal.serializer.Encodings$EncodingInfos
4399:             1             24  com.sun.security.auth.UnixNumericGroupPrincipal
4400:             1             24  com.thoughtworks.paranamer.CachingParanamer
4401:             1             24  io.netty.buffer.UnpooledByteBufAllocator
4402:             1             24  io.netty.channel.AdaptiveRecvByteBufAllocator
4403:             1             24  io.netty.util.concurrent.FailedFuture
4404:             1             24  java.io.ByteArrayOutputStream
4405:             1             24  java.lang.ClassValue$Version
4406:             1             24  java.lang.ProcessEnvironment$StringEnvironment
4407:             1             24  java.lang.invoke.MethodHandleImpl$4
4408:             1             24  java.lang.invoke.MethodType$ConcurrentWeakInternSet
4409:             1             24  java.math.BigDecimal$StringBuilderHelper
4410:             1             24  java.math.MutableBigInteger
4411:             1             24  java.net.Inet6AddressImpl
4412:             1             24  java.net.Proxy
4413:             1             24  java.util.Collections$EmptyMap
4414:             1             24  java.util.Collections$SynchronizedList
4415:             1             24  java.util.Locale$Cache
4416:             1             24  java.util.ResourceBundle$Control$CandidateListCache
4417:             1             24  java.util.concurrent.TimeUnit$1
4418:             1             24  java.util.concurrent.TimeUnit$2
4419:             1             24  java.util.concurrent.TimeUnit$3
4420:             1             24  java.util.concurrent.TimeUnit$4
4421:             1             24  java.util.concurrent.TimeUnit$5
4422:             1             24  java.util.concurrent.TimeUnit$6
4423:             1             24  java.util.concurrent.TimeUnit$7
4424:             1             24  java.util.logging.LogManager$LoggerContext
4425:             1             24  java.util.logging.LoggingPermission
4426:             1             24  java.util.regex.Pattern$BackRef
4427:             1             24  javax.jdo.spi.I18NHelper
4428:             1             24  javax.management.NotificationBroadcasterSupport
4429:             1             24  jline.UnixTerminal
4430:             1             24  jline.console.ConsoleKeys
4431:             1             24  jline.console.CursorBuffer
4432:             1             24  jline.console.KillRing
4433:             1             24  oracle.jdbc.driver.BINARY_DOUBLEBinder
4434:             1             24  oracle.jdbc.driver.BINARY_DOUBLECopyingBinder
4435:             1             24  oracle.jdbc.driver.BINARY_DOUBLENullBinder
4436:             1             24  oracle.jdbc.driver.BINARY_FLOATBinder
4437:             1             24  oracle.jdbc.driver.BINARY_FLOATCopyingBinder
4438:             1             24  oracle.jdbc.driver.BINARY_FLOATNullBinder
4439:             1             24  oracle.jdbc.driver.BfileBinder
4440:             1             24  oracle.jdbc.driver.BfileCopyingBinder
4441:             1             24  oracle.jdbc.driver.BfileNullBinder
4442:             1             24  oracle.jdbc.driver.BigDecimalBinder
4443:             1             24  oracle.jdbc.driver.BinaryDoubleBinder
4444:             1             24  oracle.jdbc.driver.BinaryDoubleCopyingBinder
4445:             1             24  oracle.jdbc.driver.BinaryDoubleNullBinder
4446:             1             24  oracle.jdbc.driver.BinaryFloatBinder
4447:             1             24  oracle.jdbc.driver.BinaryFloatCopyingBinder
4448:             1             24  oracle.jdbc.driver.BinaryFloatNullBinder
4449:             1             24  oracle.jdbc.driver.BlobBinder
4450:             1             24  oracle.jdbc.driver.BlobCopyingBinder
4451:             1             24  oracle.jdbc.driver.BlobNullBinder
4452:             1             24  oracle.jdbc.driver.BooleanBinder
4453:             1             24  oracle.jdbc.driver.ByteBinder
4454:             1             24  oracle.jdbc.driver.ClobBinder
4455:             1             24  oracle.jdbc.driver.ClobCopyingBinder
4456:             1             24  oracle.jdbc.driver.ClobNullBinder
4457:             1             24  oracle.jdbc.driver.DateBinder
4458:             1             24  oracle.jdbc.driver.DateCopyingBinder
4459:             1             24  oracle.jdbc.driver.DateNullBinder
4460:             1             24  oracle.jdbc.driver.FixedCHARBinder
4461:             1             24  oracle.jdbc.driver.FixedCHARCopyingBinder
4462:             1             24  oracle.jdbc.driver.FixedCHARNullBinder
4463:             1             24  oracle.jdbc.driver.FloatBinder
4464:             1             24  oracle.jdbc.driver.IntBinder
4465:             1             24  oracle.jdbc.driver.IntervalDSBinder
4466:             1             24  oracle.jdbc.driver.IntervalDSCopyingBinder
4467:             1             24  oracle.jdbc.driver.IntervalDSNullBinder
4468:             1             24  oracle.jdbc.driver.IntervalYMBinder
4469:             1             24  oracle.jdbc.driver.IntervalYMCopyingBinder
4470:             1             24  oracle.jdbc.driver.IntervalYMNullBinder
4471:             1             24  oracle.jdbc.driver.LittleEndianRowidBinder
4472:             1             24  oracle.jdbc.driver.LittleEndianSetCHARBinder
4473:             1             24  oracle.jdbc.driver.LongBinder
4474:             1             24  oracle.jdbc.driver.LongRawStreamBinder
4475:             1             24  oracle.jdbc.driver.LongStreamBinder
4476:             1             24  oracle.jdbc.driver.NamedTypeBinder
4477:             1             24  oracle.jdbc.driver.NamedTypeCopyingBinder
4478:             1             24  oracle.jdbc.driver.NamedTypeNullBinder
4479:             1             24  oracle.jdbc.driver.OracleDateBinder
4480:             1             24  oracle.jdbc.driver.OracleNumberBinder
4481:             1             24  oracle.jdbc.driver.OracleTimestampBinder
4482:             1             24  oracle.jdbc.driver.OutBinder
4483:             1             24  oracle.jdbc.driver.PlsqlIbtBinder
4484:             1             24  oracle.jdbc.driver.PlsqlIbtCopyingBinder
4485:             1             24  oracle.jdbc.driver.PlsqlIbtNullBinder
4486:             1             24  oracle.jdbc.driver.PlsqlRawBinder
4487:             1             24  oracle.jdbc.driver.PlsqlRawCopyingBinder
4488:             1             24  oracle.jdbc.driver.RawBinder
4489:             1             24  oracle.jdbc.driver.RawCopyingBinder
4490:             1             24  oracle.jdbc.driver.RawNullBinder
4491:             1             24  oracle.jdbc.driver.RefTypeBinder
4492:             1             24  oracle.jdbc.driver.RefTypeCopyingBinder
4493:             1             24  oracle.jdbc.driver.RefTypeNullBinder
4494:             1             24  oracle.jdbc.driver.ReturnParamBinder
4495:             1             24  oracle.jdbc.driver.RowidBinder
4496:             1             24  oracle.jdbc.driver.RowidCopyingBinder
4497:             1             24  oracle.jdbc.driver.RowidNullBinder
4498:             1             24  oracle.jdbc.driver.SetCHARBinder
4499:             1             24  oracle.jdbc.driver.SetCHARCopyingBinder
4500:             1             24  oracle.jdbc.driver.SetCHARNullBinder
4501:             1             24  oracle.jdbc.driver.ShortBinder
4502:             1             24  oracle.jdbc.driver.StringBinder
4503:             1             24  oracle.jdbc.driver.T4CRowidBinder
4504:             1             24  oracle.jdbc.driver.T4CRowidCopyingBinder
4505:             1             24  oracle.jdbc.driver.T4CRowidNullBinder
4506:             1             24  oracle.jdbc.driver.TSLTZBinder
4507:             1             24  oracle.jdbc.driver.TSLTZCopyingBinder
4508:             1             24  oracle.jdbc.driver.TSLTZNullBinder
4509:             1             24  oracle.jdbc.driver.TSTZBinder
4510:             1             24  oracle.jdbc.driver.TSTZCopyingBinder
4511:             1             24  oracle.jdbc.driver.TSTZNullBinder
4512:             1             24  oracle.jdbc.driver.TimeBinder
4513:             1             24  oracle.jdbc.driver.TimeCopyingBinder
4514:             1             24  oracle.jdbc.driver.TimestampBinder
4515:             1             24  oracle.jdbc.driver.TimestampCopyingBinder
4516:             1             24  oracle.jdbc.driver.TimestampNullBinder
4517:             1             24  oracle.jdbc.driver.VarcharCopyingBinder
4518:             1             24  oracle.jdbc.driver.VarcharNullBinder
4519:             1             24  oracle.jdbc.driver.VarnumCopyingBinder
4520:             1             24  oracle.jdbc.driver.VarnumNullBinder
4521:             1             24  org.antlr.v4.runtime.atn.SemanticContext$Predicate
4522:             1             24  org.antlr.v4.runtime.misc.Pair
4523:             1             24  org.apache.calcite.avatica.AvaticaJdbc41Factory
4524:             1             24  org.apache.calcite.avatica.AvaticaJdbc41Factory
4525:             1             24  org.apache.calcite.avatica.remote.Driver
4526:             1             24  org.apache.calcite.avatica.remote.Driver
4527:             1             24  org.apache.calcite.jdbc.CalciteJdbc41Factory
4528:             1             24  org.apache.calcite.jdbc.CalciteJdbc41Factory
4529:             1             24  org.apache.commons.logging.impl.SLF4JLogFactory
4530:             1             24  org.apache.commons.logging.impl.SLF4JLogFactory
4531:             1             24  org.apache.hadoop.conf.Configuration$DeprecationContext
4532:             1             24  org.apache.hadoop.fs.FileSystem$Cache
4533:             1             24  org.apache.hadoop.fs.FsUrlStreamHandlerFactory
4534:             1             24  org.apache.hadoop.fs.Options$ChecksumOpt
4535:             1             24  org.apache.hadoop.fs.ReadOption
4536:             1             24  org.apache.hadoop.hdfs.DFSHedgedReadMetrics
4537:             1             24  org.apache.hadoop.hdfs.protocol.datatransfer.ReplaceDatanodeOnFailure
4538:             1             24  org.apache.hadoop.hive.common.metrics.MetricsMBeanImpl
4539:             1             24  org.apache.hadoop.hive.conf.HiveConf$ConfVars$VarType$1
4540:             1             24  org.apache.hadoop.hive.conf.HiveConf$ConfVars$VarType$1
4541:             1             24  org.apache.hadoop.hive.conf.HiveConf$ConfVars$VarType$2
4542:             1             24  org.apache.hadoop.hive.conf.HiveConf$ConfVars$VarType$2
4543:             1             24  org.apache.hadoop.hive.conf.HiveConf$ConfVars$VarType$3
4544:             1             24  org.apache.hadoop.hive.conf.HiveConf$ConfVars$VarType$3
4545:             1             24  org.apache.hadoop.hive.conf.HiveConf$ConfVars$VarType$4
4546:             1             24  org.apache.hadoop.hive.conf.HiveConf$ConfVars$VarType$4
4547:             1             24  org.apache.hadoop.hive.conf.HiveConf$ConfVars$VarType$5
4548:             1             24  org.apache.hadoop.hive.conf.HiveConf$ConfVars$VarType$5
4549:             1             24  org.apache.hadoop.hive.conf.Validator$TYPE$1
4550:             1             24  org.apache.hadoop.hive.conf.Validator$TYPE$1
4551:             1             24  org.apache.hadoop.hive.conf.Validator$TYPE$2
4552:             1             24  org.apache.hadoop.hive.conf.Validator$TYPE$2
4553:             1             24  org.apache.hadoop.hive.conf.Validator$TYPE$3
4554:             1             24  org.apache.hadoop.hive.conf.Validator$TYPE$3
4555:             1             24  org.apache.hadoop.hive.metastore.api.PartitionEventType
4556:             1             24  org.apache.hadoop.hive.ql.session.SessionState$LogHelper
4557:             1             24  org.apache.hadoop.hive.ql.session.SessionState$SessionStates
4558:             1             24  org.apache.hadoop.hive.serde2.typeinfo.CharTypeInfo
4559:             1             24  org.apache.hadoop.hive.serde2.typeinfo.DecimalTypeInfo
4560:             1             24  org.apache.hadoop.hive.serde2.typeinfo.VarcharTypeInfo
4561:             1             24  org.apache.hadoop.hive.shims.Hadoop23Shims
4562:             1             24  org.apache.hadoop.hive.shims.Hadoop23Shims
4563:             1             24  org.apache.hadoop.io.retry.FailoverProxyProvider$ProxyInfo
4564:             1             24  org.apache.hadoop.ipc.Client$ClientExecutorServiceFactory
4565:             1             24  org.apache.hadoop.ipc.Server$RpcKindMapValue
4566:             1             24  org.apache.hadoop.metrics2.MetricsTag
4567:             1             24  org.apache.hadoop.metrics2.impl.MetricsCollectorImpl
4568:             1             24  org.apache.hadoop.metrics2.impl.MetricsSystemImpl$3
4569:             1             24  org.apache.hadoop.metrics2.lib.DefaultMetricsFactory
4570:             1             24  org.apache.hadoop.metrics2.lib.Interns$Info
4571:             1             24  org.apache.hadoop.metrics2.lib.Interns$Info$1
4572:             1             24  org.apache.hadoop.metrics2.lib.Interns$Tags
4573:             1             24  org.apache.hadoop.metrics2.lib.Interns$Tags$1
4574:             1             24  org.apache.hadoop.metrics2.lib.UniqueNames$Count
4575:             1             24  org.apache.hadoop.net.SocketIOWithTimeout$SelectorPool$ProviderInfo
4576:             1             24  org.apache.hadoop.net.unix.DomainSocketWatcher$Entry
4577:             1             24  org.apache.hadoop.net.unix.DomainSocketWatcher$FdSet
4578:             1             24  org.apache.hadoop.security.Credentials
4579:             1             24  org.apache.hadoop.security.UserGroupInformation
4580:             1             24  org.apache.hadoop.util.ShutdownHookManager
4581:             1             24  org.apache.ivy.plugins.circular.IgnoreCircularDependencyStrategy
4582:             1             24  org.apache.ivy.plugins.circular.WarnCircularDependencyStrategy
4583:             1             24  org.apache.log4j.helpers.FormattingInfo
4584:             1             24  org.apache.log4j.helpers.OnlyOnceErrorHandler
4585:             1             24  org.apache.parquet.schema.Type$Repetition$1
4586:             1             24  org.apache.parquet.schema.Type$Repetition$2
4587:             1             24  org.apache.parquet.schema.Type$Repetition$3
4588:             1             24  org.apache.spark.GetMapOutputMessage
4589:             1             24  org.apache.spark.InternalAccumulator$input$
4590:             1             24  org.apache.spark.InternalAccumulator$output$
4591:             1             24  org.apache.spark.InternalAccumulator$shuffleWrite$
4592:             1             24  org.apache.spark.MapOutputTrackerMasterEndpoint
4593:             1             24  org.apache.spark.SparkStatusTracker
4594:             1             24  org.apache.spark.executor.ExecutorSource
4595:             1             24  org.apache.spark.internal.Logging$
4596:             1             24  org.apache.spark.network.client.TransportClientFactory$ClientPool
4597:             1             24  org.apache.spark.network.protocol.MessageDecoder
4598:             1             24  org.apache.spark.network.protocol.MessageEncoder
4599:             1             24  org.apache.spark.rdd.RDDOperationScope$
4600:             1             24  org.apache.spark.rpc.netty.RpcEndpointVerifier
4601:             1             24  org.apache.spark.scheduler.BlacklistTracker$
4602:             1             24  org.apache.spark.scheduler.CompressedMapStatus
4603:             1             24  org.apache.spark.scheduler.DAGScheduler$
4604:             1             24  org.apache.spark.scheduler.FIFOSchedulableBuilder
4605:             1             24  org.apache.spark.scheduler.LiveListenerBus$
4606:             1             24  org.apache.spark.scheduler.LiveListenerBus$$anon$1$$anonfun$run$1
4607:             1             24  org.apache.spark.scheduler.MapStatus$
4608:             1             24  org.apache.spark.scheduler.OutputCommitCoordinator$OutputCommitCoordinatorEndpoint
4609:             1             24  org.apache.spark.scheduler.TaskLocation$
4610:             1             24  org.apache.spark.scheduler.TaskResultGetter$$anon$1
4611:             1             24  org.apache.spark.scheduler.TaskResultGetter$$anon$2
4612:             1             24  org.apache.spark.scheduler.cluster.ExecutorInfo
4613:             1             24  org.apache.spark.shuffle.sort.BypassMergeSortShuffleHandle
4614:             1             24  org.apache.spark.sql.ExperimentalMethods
4615:             1             24  org.apache.spark.sql.SQLContext
4616:             1             24  org.apache.spark.sql.UDFRegistration
4617:             1             24  org.apache.spark.sql.catalyst.ScalaReflection$
4618:             1             24  org.apache.spark.sql.catalyst.analysis.AliasViewChild
4619:             1             24  org.apache.spark.sql.catalyst.analysis.AnalysisContext
4620:             1             24  org.apache.spark.sql.catalyst.analysis.Analyzer$CTESubstitution$
4621:             1             24  org.apache.spark.sql.catalyst.analysis.Analyzer$ExtractWindowExpressions$
4622:             1             24  org.apache.spark.sql.catalyst.analysis.Analyzer$FixNullability$
4623:             1             24  org.apache.spark.sql.catalyst.analysis.Analyzer$GlobalAggregates$
4624:             1             24  org.apache.spark.sql.catalyst.analysis.Analyzer$HandleNullInputsForUDF$
4625:             1             24  org.apache.spark.sql.catalyst.analysis.Analyzer$LookupFunctions$
4626:             1             24  org.apache.spark.sql.catalyst.analysis.Analyzer$PullOutNondeterministic$
4627:             1             24  org.apache.spark.sql.catalyst.analysis.Analyzer$ResolveAggAliasInGroupBy$
4628:             1             24  org.apache.spark.sql.catalyst.analysis.Analyzer$ResolveAggregateFunctions$
4629:             1             24  org.apache.spark.sql.catalyst.analysis.Analyzer$ResolveAliases$
4630:             1             24  org.apache.spark.sql.catalyst.analysis.Analyzer$ResolveDeserializer$
4631:             1             24  org.apache.spark.sql.catalyst.analysis.Analyzer$ResolveFunctions$
4632:             1             24  org.apache.spark.sql.catalyst.analysis.Analyzer$ResolveGenerate$
4633:             1             24  org.apache.spark.sql.catalyst.analysis.Analyzer$ResolveGroupingAnalytics$
4634:             1             24  org.apache.spark.sql.catalyst.analysis.Analyzer$ResolveMissingReferences$
4635:             1             24  org.apache.spark.sql.catalyst.analysis.Analyzer$ResolveNaturalAndUsingJoin$
4636:             1             24  org.apache.spark.sql.catalyst.analysis.Analyzer$ResolveNewInstance$
4637:             1             24  org.apache.spark.sql.catalyst.analysis.Analyzer$ResolveOrdinalInOrderByAndGroupBy$
4638:             1             24  org.apache.spark.sql.catalyst.analysis.Analyzer$ResolvePivot$
4639:             1             24  org.apache.spark.sql.catalyst.analysis.Analyzer$ResolveReferences$
4640:             1             24  org.apache.spark.sql.catalyst.analysis.Analyzer$ResolveRelations$
4641:             1             24  org.apache.spark.sql.catalyst.analysis.Analyzer$ResolveSubquery$
4642:             1             24  org.apache.spark.sql.catalyst.analysis.Analyzer$ResolveUpCast$
4643:             1             24  org.apache.spark.sql.catalyst.analysis.Analyzer$ResolveWindowFrame$
4644:             1             24  org.apache.spark.sql.catalyst.analysis.Analyzer$ResolveWindowOrder$
4645:             1             24  org.apache.spark.sql.catalyst.analysis.Analyzer$WindowsSubstitution$
4646:             1             24  org.apache.spark.sql.catalyst.analysis.CleanupAliases$
4647:             1             24  org.apache.spark.sql.catalyst.analysis.EliminateSubqueryAliases$
4648:             1             24  org.apache.spark.sql.catalyst.analysis.EliminateUnions$
4649:             1             24  org.apache.spark.sql.catalyst.analysis.EliminateView$
4650:             1             24  org.apache.spark.sql.catalyst.analysis.FunctionRegistry$
4651:             1             24  org.apache.spark.sql.catalyst.analysis.ResolveCreateNamedStruct$
4652:             1             24  org.apache.spark.sql.catalyst.analysis.ResolveHints$RemoveAllHints$
4653:             1             24  org.apache.spark.sql.catalyst.analysis.ResolveInlineTables
4654:             1             24  org.apache.spark.sql.catalyst.analysis.ResolveTableValuedFunctions$
4655:             1             24  org.apache.spark.sql.catalyst.analysis.SubstituteUnresolvedOrdinals
4656:             1             24  org.apache.spark.sql.catalyst.analysis.TypeCoercion$CaseWhenCoercion$
4657:             1             24  org.apache.spark.sql.catalyst.analysis.TypeCoercion$DateTimeOperations$
4658:             1             24  org.apache.spark.sql.catalyst.analysis.TypeCoercion$Division$
4659:             1             24  org.apache.spark.sql.catalyst.analysis.TypeCoercion$FunctionArgumentConversion$
4660:             1             24  org.apache.spark.sql.catalyst.analysis.TypeCoercion$IfCoercion$
4661:             1             24  org.apache.spark.sql.catalyst.analysis.TypeCoercion$ImplicitTypeCasts$
4662:             1             24  org.apache.spark.sql.catalyst.analysis.TypeCoercion$InConversion$
4663:             1             24  org.apache.spark.sql.catalyst.analysis.TypeCoercion$PromoteStrings$
4664:             1             24  org.apache.spark.sql.catalyst.analysis.TypeCoercion$PropagateTypes$
4665:             1             24  org.apache.spark.sql.catalyst.analysis.TypeCoercion$WidenSetOperationTypes$
4666:             1             24  org.apache.spark.sql.catalyst.analysis.UpdateOuterReferences$
4667:             1             24  org.apache.spark.sql.catalyst.analysis.package$
4668:             1             24  org.apache.spark.sql.catalyst.catalog.CatalogTableType$
4669:             1             24  org.apache.spark.sql.catalyst.catalog.ExternalCatalogUtils$
4670:             1             24  org.apache.spark.sql.catalyst.catalog.GlobalTempViewManager
4671:             1             24  org.apache.spark.sql.catalyst.expressions.ExpressionSet
4672:             1             24  org.apache.spark.sql.catalyst.expressions.Literal$
4673:             1             24  org.apache.spark.sql.catalyst.expressions.NamedExpression$
4674:             1             24  org.apache.spark.sql.catalyst.expressions.VirtualColumn$
4675:             1             24  org.apache.spark.sql.catalyst.expressions.codegen.CodeGenerator$
4676:             1             24  org.apache.spark.sql.catalyst.expressions.codegen.GenerateOrdering$
4677:             1             24  org.apache.spark.sql.catalyst.expressions.codegen.GenerateSafeProjection$
4678:             1             24  org.apache.spark.sql.catalyst.expressions.codegen.GenerateUnsafeProjection$
4679:             1             24  org.apache.spark.sql.catalyst.expressions.codegen.GenerateUnsafeRowJoiner$
4680:             1             24  org.apache.spark.sql.catalyst.expressions.codegen.package$ExpressionCanonicalizer$CleanExpressions$
4681:             1             24  org.apache.spark.sql.catalyst.optimizer.BooleanSimplification$
4682:             1             24  org.apache.spark.sql.catalyst.optimizer.CollapseProject$
4683:             1             24  org.apache.spark.sql.catalyst.optimizer.CollapseRepartition$
4684:             1             24  org.apache.spark.sql.catalyst.optimizer.CollapseWindow$
4685:             1             24  org.apache.spark.sql.catalyst.optimizer.ColumnPruning$
4686:             1             24  org.apache.spark.sql.catalyst.optimizer.CombineFilters$
4687:             1             24  org.apache.spark.sql.catalyst.optimizer.CombineLimits$
4688:             1             24  org.apache.spark.sql.catalyst.optimizer.CombineTypedFilters$
4689:             1             24  org.apache.spark.sql.catalyst.optimizer.CombineUnions$
4690:             1             24  org.apache.spark.sql.catalyst.optimizer.ComputeCurrentTime$
4691:             1             24  org.apache.spark.sql.catalyst.optimizer.ConstantFolding$
4692:             1             24  org.apache.spark.sql.catalyst.optimizer.ConvertToLocalRelation$
4693:             1             24  org.apache.spark.sql.catalyst.optimizer.EliminateMapObjects$
4694:             1             24  org.apache.spark.sql.catalyst.optimizer.EliminateSerialization$
4695:             1             24  org.apache.spark.sql.catalyst.optimizer.EliminateSorts$
4696:             1             24  org.apache.spark.sql.catalyst.optimizer.FoldablePropagation$
4697:             1             24  org.apache.spark.sql.catalyst.optimizer.Optimizer$OptimizeSubqueries$
4698:             1             24  org.apache.spark.sql.catalyst.optimizer.PropagateEmptyRelation$
4699:             1             24  org.apache.spark.sql.catalyst.optimizer.PullupCorrelatedPredicates$
4700:             1             24  org.apache.spark.sql.catalyst.optimizer.PushDownPredicate$
4701:             1             24  org.apache.spark.sql.catalyst.optimizer.PushPredicateThroughJoin$
4702:             1             24  org.apache.spark.sql.catalyst.optimizer.PushProjectionThroughUnion$
4703:             1             24  org.apache.spark.sql.catalyst.optimizer.RemoveDispensableExpressions$
4704:             1             24  org.apache.spark.sql.catalyst.optimizer.RemoveLiteralFromGroupExpressions$
4705:             1             24  org.apache.spark.sql.catalyst.optimizer.RemoveRedundantAliases$
4706:             1             24  org.apache.spark.sql.catalyst.optimizer.RemoveRedundantProject$
4707:             1             24  org.apache.spark.sql.catalyst.optimizer.RemoveRepetitionFromGroupExpressions$
4708:             1             24  org.apache.spark.sql.catalyst.optimizer.ReorderAssociativeOperator$
4709:             1             24  org.apache.spark.sql.catalyst.optimizer.ReplaceDeduplicateWithAggregate$
4710:             1             24  org.apache.spark.sql.catalyst.optimizer.ReplaceDistinctWithAggregate$
4711:             1             24  org.apache.spark.sql.catalyst.optimizer.ReplaceExceptWithAntiJoin$
4712:             1             24  org.apache.spark.sql.catalyst.optimizer.ReplaceExpressions$
4713:             1             24  org.apache.spark.sql.catalyst.optimizer.ReplaceIntersectWithSemiJoin$
4714:             1             24  org.apache.spark.sql.catalyst.optimizer.RewriteCorrelatedScalarSubquery$
4715:             1             24  org.apache.spark.sql.catalyst.optimizer.RewriteDistinctAggregates$
4716:             1             24  org.apache.spark.sql.catalyst.optimizer.RewritePredicateSubquery$
4717:             1             24  org.apache.spark.sql.catalyst.optimizer.SimplifyBinaryComparison$
4718:             1             24  org.apache.spark.sql.catalyst.optimizer.SimplifyCaseConversionExpressions$
4719:             1             24  org.apache.spark.sql.catalyst.optimizer.SimplifyCasts$
4720:             1             24  org.apache.spark.sql.catalyst.optimizer.SimplifyConditionals$
4721:             1             24  org.apache.spark.sql.catalyst.optimizer.SimplifyCreateArrayOps$
4722:             1             24  org.apache.spark.sql.catalyst.optimizer.SimplifyCreateMapOps$
4723:             1             24  org.apache.spark.sql.catalyst.optimizer.SimplifyCreateStructOps$
4724:             1             24  org.apache.spark.sql.catalyst.parser.AstBuilder
4725:             1             24  org.apache.spark.sql.catalyst.parser.CatalystSqlParser$
4726:             1             24  org.apache.spark.sql.execution.CacheManager
4727:             1             24  org.apache.spark.sql.execution.SQLExecution$
4728:             1             24  org.apache.spark.sql.execution.SparkSqlAstBuilder
4729:             1             24  org.apache.spark.sql.execution.SparkSqlParser
4730:             1             24  org.apache.spark.sql.execution.SparkStrategies$BasicOperators$
4731:             1             24  org.apache.spark.sql.execution.SparkStrategies$InMemoryScans$
4732:             1             24  org.apache.spark.sql.execution.SparkStrategies$JoinSelection$
4733:             1             24  org.apache.spark.sql.execution.UnsafeExternalRowSorter$PrefixComputer$Prefix
4734:             1             24  org.apache.spark.sql.execution.UnsafeRowSerializer
4735:             1             24  org.apache.spark.sql.execution.WholeStageCodegenExec$$anonfun$8
4736:             1             24  org.apache.spark.sql.execution.datasources.DataSource$
4737:             1             24  org.apache.spark.sql.execution.datasources.DataSourceAnalysis
4738:             1             24  org.apache.spark.sql.execution.datasources.FindDataSourceTable
4739:             1             24  org.apache.spark.sql.execution.datasources.PreprocessTableCreation
4740:             1             24  org.apache.spark.sql.execution.datasources.PreprocessTableInsertion
4741:             1             24  org.apache.spark.sql.execution.datasources.PruneFileSourcePartitions$
4742:             1             24  org.apache.spark.sql.execution.datasources.ResolveSQLOnFile
4743:             1             24  org.apache.spark.sql.execution.datasources.SharedInMemoryCache$$anon$1
4744:             1             24  org.apache.spark.sql.execution.datasources.jdbc.DriverRegistry$
4745:             1             24  org.apache.spark.sql.execution.datasources.parquet.ParquetOptions$
4746:             1             24  org.apache.spark.sql.execution.datasources.parquet.ParquetReadSupport$
4747:             1             24  org.apache.spark.sql.execution.exchange.ShuffleExchange$$anonfun$3
4748:             1             24  org.apache.spark.sql.execution.metric.SQLMetrics$
4749:             1             24  org.apache.spark.sql.execution.python.ExtractPythonUDFFromAggregate$
4750:             1             24  org.apache.spark.sql.execution.python.ExtractPythonUDFs$
4751:             1             24  org.apache.spark.sql.execution.streaming.FileStreamSink$
4752:             1             24  org.apache.spark.sql.execution.streaming.state.StateStoreCoordinator
4753:             1             24  org.apache.spark.sql.execution.streaming.state.StateStoreCoordinatorRef$
4754:             1             24  org.apache.spark.sql.hive.DetermineTableStats
4755:             1             24  org.apache.spark.sql.hive.HiveAnalysis$
4756:             1             24  org.apache.spark.sql.hive.HiveMetastoreCatalog
4757:             1             24  org.apache.spark.sql.hive.HiveSessionResourceLoader
4758:             1             24  org.apache.spark.sql.hive.HiveStrategies$HiveTableScans$
4759:             1             24  org.apache.spark.sql.hive.ResolveHiveSerdeTable
4760:             1             24  org.apache.spark.sql.hive.client.IsolatedClientLoader$
4761:             1             24  org.apache.spark.sql.hive.client.package$hive$v12$
4762:             1             24  org.apache.spark.sql.hive.client.package$hive$v13$
4763:             1             24  org.apache.spark.sql.hive.client.package$hive$v14$
4764:             1             24  org.apache.spark.sql.hive.client.package$hive$v1_0$
4765:             1             24  org.apache.spark.sql.hive.client.package$hive$v1_1$
4766:             1             24  org.apache.spark.sql.hive.client.package$hive$v1_2$
4767:             1             24  org.apache.spark.sql.internal.SharedState$
4768:             1             24  org.apache.spark.sql.internal.VariableSubstitution
4769:             1             24  org.apache.spark.sql.types.BinaryType$
4770:             1             24  org.apache.spark.sql.types.BooleanType$
4771:             1             24  org.apache.spark.sql.types.DateType$
4772:             1             24  org.apache.spark.sql.types.StringType$
4773:             1             24  org.apache.spark.sql.types.TimestampType$
4774:             1             24  org.apache.spark.sql.types.TypeCollection$
4775:             1             24  org.apache.spark.sql.types.UDTRegistration$
4776:             1             24  org.apache.spark.sql.util.ExecutionListenerManager
4777:             1             24  org.apache.spark.storage.BlockManagerSource
4778:             1             24  org.apache.spark.storage.StorageStatusListener
4779:             1             24  org.apache.spark.ui.JettyUtils$
4780:             1             24  org.apache.spark.ui.env.EnvironmentPage
4781:             1             24  org.apache.spark.ui.exec.ExecutorThreadDumpPage
4782:             1             24  org.apache.spark.ui.exec.ExecutorsPage
4783:             1             24  org.apache.spark.ui.scope.RDDOperationGraph$
4784:             1             24  org.apache.spark.ui.storage.RDDPage
4785:             1             24  org.apache.spark.ui.storage.StorageListener
4786:             1             24  org.apache.spark.util.AccumulatorContext$
4787:             1             24  org.apache.spark.util.CallSite$
4788:             1             24  org.apache.spark.util.CallerContext$
4789:             1             24  org.apache.spark.util.SignalUtils$
4790:             1             24  org.apache.spark.util.SignalUtils$ActionHandler
4791:             1             24  org.apache.spark.util.SparkShutdownHookManager
4792:             1             24  org.apache.xerces.impl.Constants$ArrayEnumeration
4793:             1             24  org.apache.xerces.impl.Constants$ArrayEnumeration
4794:             1             24  org.apache.xerces.impl.XMLDocumentFragmentScannerImpl$ElementStack
4795:             1             24  org.apache.xerces.impl.XMLNSDocumentScannerImpl$NSContentDispatcher
4796:             1             24  org.apache.xerces.impl.dtd.DTDGrammarBucket
4797:             1             24  org.apache.xerces.impl.dtd.XMLContentSpec
4798:             1             24  org.apache.xerces.impl.msg.XMLMessageFormatter
4799:             1             24  org.apache.xerces.impl.validation.ValidationManager
4800:             1             24  org.codehaus.commons.compiler.Location
4801:             1             24  org.codehaus.jackson.map.deser.BeanDeserializerFactory
4802:             1             24  org.codehaus.jackson.map.ser.BeanSerializerFactory
4803:             1             24  org.codehaus.jackson.map.ser.BeanSerializerFactory$ConfigImpl
4804:             1             24  org.codehaus.jackson.map.ser.impl.FailingSerializer
4805:             1             24  org.codehaus.jackson.map.ser.impl.SerializerCache
4806:             1             24  org.codehaus.jackson.map.ser.std.StdArraySerializers$BooleanArraySerializer
4807:             1             24  org.codehaus.jackson.map.ser.std.StdArraySerializers$DoubleArraySerializer
4808:             1             24  org.codehaus.jackson.map.ser.std.StdArraySerializers$FloatArraySerializer
4809:             1             24  org.codehaus.jackson.map.ser.std.StdArraySerializers$IntArraySerializer
4810:             1             24  org.codehaus.jackson.map.ser.std.StdArraySerializers$LongArraySerializer
4811:             1             24  org.codehaus.jackson.map.ser.std.StdArraySerializers$ShortArraySerializer
4812:             1             24  org.codehaus.janino.Java$Modifiers
4813:             1             24  org.datanucleus.FetchGroupManager
4814:             1             24  org.datanucleus.api.jdo.JDOPersistenceManagerFactory$1
4815:             1             24  org.datanucleus.api.jdo.state.DetachedClean
4816:             1             24  org.datanucleus.api.jdo.state.DetachedDirty
4817:             1             24  org.datanucleus.api.jdo.state.Hollow
4818:             1             24  org.datanucleus.api.jdo.state.PersistentClean
4819:             1             24  org.datanucleus.api.jdo.state.PersistentDeleted
4820:             1             24  org.datanucleus.api.jdo.state.PersistentDirty
4821:             1             24  org.datanucleus.api.jdo.state.PersistentNew
4822:             1             24  org.datanucleus.api.jdo.state.PersistentNewDeleted
4823:             1             24  org.datanucleus.api.jdo.state.PersistentNontransactional
4824:             1             24  org.datanucleus.api.jdo.state.PersistentNontransactionalDirty
4825:             1             24  org.datanucleus.api.jdo.state.TransientClean
4826:             1             24  org.datanucleus.api.jdo.state.TransientDirty
4827:             1             24  org.datanucleus.enhancer.jdo.JDOImplementationCreator
4828:             1             24  org.datanucleus.metadata.xml.PluginEntityResolver
4829:             1             24  org.datanucleus.store.StoreDataManager
4830:             1             24  org.datanucleus.store.connection.ConnectionManagerImpl$ManagedConnectionPool
4831:             1             24  org.datanucleus.store.rdbms.RDBMSPersistenceHandler
4832:             1             24  org.datanucleus.store.rdbms.mapping.MappedTypeManager
4833:             1             24  org.datanucleus.store.rdbms.mapping.datastore.SmallIntRDBMSMapping
4834:             1             24  org.datanucleus.store.rdbms.schema.RDBMSSchemaInfo
4835:             1             24  org.datanucleus.store.rdbms.schema.RDBMSTypesInfo
4836:             1             24  org.datanucleus.store.rdbms.sql.method.StringMatchesMethod
4837:             1             24  org.datanucleus.store.rdbms.sql.method.StringToLowerMethod
4838:             1             24  org.datanucleus.transaction.TransactionManager
4839:             1             24  org.datanucleus.util.Imports
4840:             1             24  org.json4s.NoTypeHints$
4841:             1             24  org.json4s.jackson.Json4sModule$
4842:             1             24  org.json4s.jackson.JsonMethods$
4843:             1             24  org.json4s.prefs.EmptyValueStrategy$
4844:             1             24  org.slf4j.helpers.SubstituteLoggerFactory
4845:             1             24  org.spark_project.guava.base.Joiner$1
4846:             1             24  org.spark_project.guava.base.Joiner$MapJoiner
4847:             1             24  org.spark_project.guava.cache.CacheBuilder$NullListener
4848:             1             24  org.spark_project.guava.cache.CacheBuilder$OneWeigher
4849:             1             24  org.spark_project.guava.cache.LocalCache$EntryFactory$1
4850:             1             24  org.spark_project.guava.cache.LocalCache$EntryFactory$2
4851:             1             24  org.spark_project.guava.cache.LocalCache$EntryFactory$3
4852:             1             24  org.spark_project.guava.cache.LocalCache$EntryFactory$4
4853:             1             24  org.spark_project.guava.cache.LocalCache$EntryFactory$5
4854:             1             24  org.spark_project.guava.cache.LocalCache$EntryFactory$6
4855:             1             24  org.spark_project.guava.cache.LocalCache$EntryFactory$7
4856:             1             24  org.spark_project.guava.cache.LocalCache$EntryFactory$8
4857:             1             24  org.spark_project.guava.cache.LocalCache$NullEntry
4858:             1             24  org.spark_project.guava.cache.LocalCache$Strength$1
4859:             1             24  org.spark_project.guava.cache.LocalCache$Strength$2
4860:             1             24  org.spark_project.guava.cache.LocalCache$Strength$3
4861:             1             24  org.spark_project.guava.collect.GenericMapMaker$NullListener
4862:             1             24  org.spark_project.guava.collect.Interners$WeakInterner$Dummy
4863:             1             24  org.spark_project.guava.collect.MapMakerInternalMap$EntryFactory$1
4864:             1             24  org.spark_project.guava.collect.MapMakerInternalMap$EntryFactory$2
4865:             1             24  org.spark_project.guava.collect.MapMakerInternalMap$EntryFactory$3
4866:             1             24  org.spark_project.guava.collect.MapMakerInternalMap$EntryFactory$4
4867:             1             24  org.spark_project.guava.collect.MapMakerInternalMap$EntryFactory$5
4868:             1             24  org.spark_project.guava.collect.MapMakerInternalMap$EntryFactory$6
4869:             1             24  org.spark_project.guava.collect.MapMakerInternalMap$EntryFactory$7
4870:             1             24  org.spark_project.guava.collect.MapMakerInternalMap$EntryFactory$8
4871:             1             24  org.spark_project.guava.collect.MapMakerInternalMap$Strength$1
4872:             1             24  org.spark_project.guava.collect.MapMakerInternalMap$Strength$2
4873:             1             24  org.spark_project.guava.collect.MapMakerInternalMap$Strength$3
4874:             1             24  org.spark_project.guava.hash.Hashing$ChecksumType$1
4875:             1             24  org.spark_project.guava.hash.Hashing$ChecksumType$2
4876:             1             24  org.spark_project.guava.util.concurrent.AtomicLongMap
4877:             1             24  org.spark_project.guava.util.concurrent.Striped$LazyStriped
4878:             1             24  org.spark_project.jetty.http.HttpGenerator$1
4879:             1             24  org.spark_project.jetty.server.AbstractConnector$Acceptor
4880:             1             24  org.spark_project.jetty.util.ConcurrentHashSet
4881:             1             24  org.spark_project.jetty.util.Uptime$DefaultImpl
4882:             1             24  scala.Console$
4883:             1             24  scala.PartialFunction$
4884:             1             24  scala.collection.IndexedSeq$
4885:             1             24  scala.collection.Traversable$
4886:             1             24  scala.collection.concurrent.INode$
4887:             1             24  scala.collection.convert.Wrappers$JPropertiesWrapper
4888:             1             24  scala.collection.immutable.HashMap$$anon$2
4889:             1             24  scala.collection.immutable.List$
4890:             1             24  scala.collection.immutable.MapLike$$anon$2
4891:             1             24  scala.collection.immutable.TreeSet
4892:             1             24  scala.collection.mutable.LinkedList
4893:             1             24  scala.collection.mutable.MutableList
4894:             1             24  scala.collection.mutable.Stack$
4895:             1             24  scala.collection.parallel.ExecutionContextTaskSupport
4896:             1             24  scala.collection.parallel.ForkJoinTaskSupport
4897:             1             24  scala.concurrent.ExecutionContext$Implicits$
4898:             1             24  scala.concurrent.impl.ExecutionContextImpl
4899:             1             24  scala.concurrent.impl.ExecutionContextImpl$DefaultThreadFactory
4900:             1             24  scala.math.Ordering$$anon$5
4901:             1             24  scala.reflect.ManifestFactory$$anon$10
4902:             1             24  scala.reflect.ManifestFactory$$anon$11
4903:             1             24  scala.reflect.ManifestFactory$$anon$12
4904:             1             24  scala.reflect.ManifestFactory$$anon$13
4905:             1             24  scala.reflect.ManifestFactory$$anon$14
4906:             1             24  scala.reflect.ManifestFactory$$anon$6
4907:             1             24  scala.reflect.ManifestFactory$$anon$7
4908:             1             24  scala.reflect.ManifestFactory$$anon$8
4909:             1             24  scala.reflect.ManifestFactory$$anon$9
4910:             1             24  scala.reflect.internal.Chars$
4911:             1             24  scala.reflect.internal.Depth$
4912:             1             24  scala.reflect.internal.Importers$StandardImporter$Cache
4913:             1             24  scala.reflect.internal.Internals$$anon$2
4914:             1             24  scala.reflect.internal.Kinds$TypeConKind$
4915:             1             24  scala.reflect.internal.Printers$ConsoleWriter$
4916:             1             24  scala.reflect.internal.TreeInfo$DynamicApplicationNamed$
4917:             1             24  scala.reflect.internal.Trees$ReferenceToBoxed$
4918:             1             24  scala.reflect.internal.Types$baseClassesCycleMonitor$
4919:             1             24  scala.reflect.internal.Types$unwrapToClass$
4920:             1             24  scala.reflect.internal.tpe.TypeMaps$abstractTypesToBounds$
4921:             1             24  scala.reflect.internal.tpe.TypeMaps$dropSingletonType$
4922:             1             24  scala.reflect.internal.tpe.TypeMaps$wildcardExtrapolation$
4923:             1             24  scala.reflect.internal.tpe.TypeMaps$wildcardToTypeVarMap$
4924:             1             24  scala.reflect.internal.transform.Transforms$$anonfun$4$$anon$1
4925:             1             24  scala.reflect.internal.util.Statistics$
4926:             1             24  scala.reflect.internal.util.ThreeValues$
4927:             1             24  scala.reflect.internal.util.TriState$
4928:             1             24  scala.reflect.internal.util.WeakHashSet$
4929:             1             24  scala.reflect.io.Directory
4930:             1             24  scala.reflect.io.NoAbstractFile$
4931:             1             24  scala.reflect.package$
4932:             1             24  scala.reflect.runtime.package$
4933:             1             24  scala.tools.nsc.CompilationUnits$CompilationUnit$synthetics$
4934:             1             24  scala.tools.nsc.Global$Run$SyncedCompilationBuffer
4935:             1             24  scala.tools.nsc.Global$overridingPairs$
4936:             1             24  scala.tools.nsc.Parsing$PerRunParsing
4937:             1             24  scala.tools.nsc.ast.Trees$resetPos$
4938:             1             24  scala.tools.nsc.backend.icode.GenICode$EmptyScope$
4939:             1             24  scala.tools.nsc.backend.icode.Opcodes$opcodes$SuperCall
4940:             1             24  scala.tools.nsc.backend.jvm.BCodeAsmCommon$delambdafyInline$
4941:             1             24  scala.tools.nsc.backend.jvm.CoreBTypesProxy
4942:             1             24  scala.tools.nsc.backend.jvm.opt.ClosureOptimizer
4943:             1             24  scala.tools.nsc.backend.jvm.opt.InlineInfoAttribute$
4944:             1             24  scala.tools.nsc.backend.jvm.opt.Inliner
4945:             1             24  scala.tools.nsc.backend.opt.ClosureElimination$$anon$1
4946:             1             24  scala.tools.nsc.interactive.Pickler$$anon$5
4947:             1             24  scala.tools.nsc.interpreter.Completion$Candidates
4948:             1             24  scala.tools.nsc.interpreter.ILoop$$anonfun$process$1
4949:             1             24  scala.tools.nsc.interpreter.ILoop$$anonfun$scala$tools$nsc$interpreter$ILoop$$mkReader$1$1
4950:             1             24  scala.tools.nsc.interpreter.IMain$$anon$2
4951:             1             24  scala.tools.nsc.interpreter.IMain$$anon$3
4952:             1             24  scala.tools.nsc.interpreter.IMain$exprTyper$
4953:             1             24  scala.tools.nsc.interpreter.IMain$replOutput$
4954:             1             24  scala.tools.nsc.interpreter.PresentationCompilerCompleter$Request
4955:             1             24  scala.tools.nsc.interpreter.jline.JLineConsoleReader$$anon$2
4956:             1             24  scala.tools.nsc.settings.ClassPathRepresentationType$
4957:             1             24  scala.tools.nsc.settings.MutableSettings$EnableSettings$$anonfun$disabling$1
4958:             1             24  scala.tools.nsc.settings.MutableSettings$EnableSettings$$anonfun$enabling$1
4959:             1             24  scala.tools.nsc.settings.MutableSettings$OutputDirs
4960:             1             24  scala.tools.nsc.settings.ScalaSettings$MacroExpand$
4961:             1             24  scala.tools.nsc.symtab.SymbolLoaders$moduleClassLoader$
4962:             1             24  scala.tools.nsc.typechecker.Implicits$HasMember$
4963:             1             24  scala.tools.nsc.typechecker.Implicits$HasMethodMatching$
4964:             1             24  scala.tools.nsc.typechecker.Implicits$ImplicitNotFoundMsg$
4965:             1             24  scala.tools.nsc.typechecker.TypeDiagnostics$DealiasedType$
4966:             1             24  scala.tools.nsc.typechecker.TypeDiagnostics$TyperDiagnostics$checkDead$
4967:             1             24  scala.tools.nsc.typechecker.TypeStrings$
4968:             1             24  scala.tools.reflect.FastTrack
4969:             1             24  scala.util.control.Exception$
4970:             1             24  scala.util.control.Exception$$anon$1
4971:             1             24  scala.util.matching.Regex$$anon$2
4972:             1             24  scala.xml.TopScope$
4973:             1             24  sun.launcher.LauncherHelper
4974:             1             24  sun.management.CompilationImpl
4975:             1             24  sun.management.MemoryImpl
4976:             1             24  sun.management.OperatingSystemImpl
4977:             1             24  sun.management.RuntimeImpl
4978:             1             24  sun.management.ThreadImpl
4979:             1             24  sun.management.VMManagementImpl
4980:             1             24  sun.net.ProgressMonitor
4981:             1             24  sun.net.sdp.SdpProvider
4982:             1             24  sun.nio.ch.Util$BufferCache
4983:             1             24  sun.nio.cs.IBM850
4984:             1             24  sun.nio.cs.ISO_8859_1
4985:             1             24  sun.nio.cs.ISO_8859_13
4986:             1             24  sun.nio.cs.ISO_8859_15
4987:             1             24  sun.nio.cs.ISO_8859_2
4988:             1             24  sun.nio.cs.ISO_8859_4
4989:             1             24  sun.nio.cs.ISO_8859_5
4990:             1             24  sun.nio.cs.ISO_8859_7
4991:             1             24  sun.nio.cs.ISO_8859_9
4992:             1             24  sun.nio.cs.KOI8_R
4993:             1             24  sun.nio.cs.MS1250
4994:             1             24  sun.nio.cs.MS1251
4995:             1             24  sun.nio.cs.MS1252
4996:             1             24  sun.nio.cs.ThreadLocalCoders$1
4997:             1             24  sun.nio.cs.ThreadLocalCoders$2
4998:             1             24  sun.nio.cs.US_ASCII
4999:             1             24  sun.nio.cs.UTF_16
5000:             1             24  sun.nio.cs.UTF_16BE
5001:             1             24  sun.nio.cs.UTF_16LE
5002:             1             24  sun.nio.cs.UTF_8
5003:             1             24  sun.nio.cs.ext.EUC_KR
5004:             1             24  sun.security.krb5.Config
5005:             1             24  sun.security.provider.DSAParameters
5006:             1             24  sun.security.util.BitArray
5007:             1             24  sun.security.util.Cache$EqualByteArray
5008:             1             24  sun.security.x509.CertificateValidity
5009:             1             24  sun.util.locale.BaseLocale$Cache
5010:             1             24  sun.util.locale.provider.CalendarDataProviderImpl
5011:             1             24  sun.util.locale.provider.CalendarProviderImpl
5012:             1             24  sun.util.locale.provider.CurrencyNameProviderImpl
5013:             1             24  sun.util.locale.provider.DateFormatProviderImpl
5014:             1             24  sun.util.locale.provider.DateFormatSymbolsProviderImpl
5015:             1             24  sun.util.locale.provider.DecimalFormatSymbolsProviderImpl
5016:             1             24  sun.util.locale.provider.NumberFormatProviderImpl
5017:             1             16  [Lcom.fasterxml.jackson.databind.AbstractTypeResolver;
5018:             1             16  [Lcom.fasterxml.jackson.databind.deser.BeanDeserializerModifier;
5019:             1             16  [Lcom.fasterxml.jackson.databind.deser.ValueInstantiators;
5020:             1             16  [Lcom.google.protobuf.Descriptors$ServiceDescriptor;
5021:             1             16  [Ljava.beans.EventSetDescriptor;
5022:             1             16  [Ljava.lang.Double;
5023:             1             16  [Ljava.lang.Float;
5024:             1             16  [Ljava.lang.Throwable;
5025:             1             16  [Ljava.net.NetworkInterface;
5026:             1             16  [Ljava.net.SocketAddress;
5027:             1             16  [Ljava.nio.file.attribute.FileAttribute;
5028:             1             16  [Ljava.security.Provider;
5029:             1             16  [Ljava.text.FieldPosition;
5030:             1             16  [Ljava.util.logging.Handler;
5031:             1             16  [Lnet.jpountz.lz4.LZ4JNI;
5032:             1             16  [Lnet.jpountz.lz4.LZ4Utils;
5033:             1             16  [Lnet.jpountz.util.Native;
5034:             1             16  [Lnet.jpountz.util.SafeUtils;
5035:             1             16  [Lnet.jpountz.xxhash.XXHashJNI;
5036:             1             16  [Lorg.apache.hadoop.hdfs.protocol.DatanodeID;
5037:             1             16  [Lorg.apache.hadoop.security.SecurityInfo;
5038:             1             16  [Lorg.codehaus.jackson.map.AbstractTypeResolver;
5039:             1             16  [Lorg.codehaus.jackson.map.Deserializers;
5040:             1             16  [Lorg.codehaus.jackson.map.KeyDeserializers;
5041:             1             16  [Lorg.codehaus.jackson.map.Serializers;
5042:             1             16  [Lorg.codehaus.jackson.map.deser.BeanDeserializerModifier;
5043:             1             16  [Lorg.codehaus.jackson.map.deser.ValueInstantiators;
5044:             1             16  [Lorg.codehaus.jackson.map.introspect.AnnotationMap;
5045:             1             16  [Lorg.codehaus.jackson.map.ser.BeanSerializerModifier;
5046:             1             16  [Lorg.codehaus.janino.IClass$IAnnotation;
5047:             1             16  [Lorg.codehaus.janino.Java$Annotation;
5048:             1             16  [Lscala.tools.asm.Label;
5049:             1             16  [Lscala.tools.nsc.backend.jvm.BTypes$BType;
5050:             1             16  $line1.$eval$
5051:             1             16  $line10.$read
5052:             1             16  $line10.$read$
5053:             1             16  $line10.$read$$iw$$iw$$iw$$iw$$iw$$iw
5054:             1             16  $line102.$read
5055:             1             16  $line102.$read$
5056:             1             16  $line104.$read
5057:             1             16  $line104.$read$
5058:             1             16  $line108.$read
5059:             1             16  $line108.$read$
5060:             1             16  $line108.$read$$iw$$iw$$iw$$iw$$iw$$iw$$iw$$iw$$anonfun$1
5061:             1             16  $line11.$read
5062:             1             16  $line11.$read$
5063:             1             16  $line11.$read$$iw$$iw$$iw$$iw$$iw$$iw
5064:             1             16  $line117.$read
5065:             1             16  $line117.$read$
5066:             1             16  $line119.$read
5067:             1             16  $line119.$read$
5068:             1             16  $line12.$read
5069:             1             16  $line12.$read$
5070:             1             16  $line12.$read$$iw$$iw$$iw$$iw$$iw$$iw
5071:             1             16  $line121.$read$
5072:             1             16  $line122.$eval$
5073:             1             16  $line123.$read
5074:             1             16  $line123.$read$
5075:             1             16  $line124.$read
5076:             1             16  $line124.$read$
5077:             1             16  $line125.$read$
5078:             1             16  $line126.$eval$
5079:             1             16  $line127.$read
5080:             1             16  $line127.$read$
5081:             1             16  $line128.$read
5082:             1             16  $line128.$read$
5083:             1             16  $line129.$read
5084:             1             16  $line129.$read$
5085:             1             16  $line13.$read
5086:             1             16  $line13.$read$
5087:             1             16  $line13.$read$$iw$$iw$$iw$$iw$$iw$$iw
5088:             1             16  $line133.$read
5089:             1             16  $line133.$read$
5090:             1             16  $line14.$read
5091:             1             16  $line14.$read$
5092:             1             16  $line14.$read$$iw$$iw$$iw$$iw$$iw$$iw$$iw$$iw
5093:             1             16  $line142.$read
5094:             1             16  $line142.$read$
5095:             1             16  $line142.$read$$iw$$iw$$iw$$iw$$iw$$iw$$iw$$iw$$anonfun$1
5096:             1             16  $line145.$read
5097:             1             16  $line145.$read$
5098:             1             16  $line145.$read$$iw$$iw$$iw$$iw$$iw$$iw$$iw$$iw$$anonfun$1
5099:             1             16  $line15.$read
5100:             1             16  $line15.$read$
5101:             1             16  $line15.$read$$iw$$iw$$iw$$iw$$iw$$iw$$iw$$iw
5102:             1             16  $line153.$read
5103:             1             16  $line153.$read$
5104:             1             16  $line153.$read$$iw$$iw$$iw$$iw$$iw$$iw$$iw$$iw
5105:             1             16  $line16.$read
5106:             1             16  $line16.$read$
5107:             1             16  $line16.$read$$iw$$iw$$iw$$iw$$iw$$iw$$iw$$iw
5108:             1             16  $line165.$read
5109:             1             16  $line165.$read$
5110:             1             16  $line166.$read
5111:             1             16  $line166.$read$
5112:             1             16  $line17.$read
5113:             1             16  $line17.$read$
5114:             1             16  $line175.$read
5115:             1             16  $line175.$read$
5116:             1             16  $line178.$read
5117:             1             16  $line178.$read$
5118:             1             16  $line179.$read
5119:             1             16  $line179.$read$
5120:             1             16  $line18.$read
5121:             1             16  $line18.$read$
5122:             1             16  $line182.$read
5123:             1             16  $line182.$read$
5124:             1             16  $line182.$read$$iw$$iw$$iw$$iw$$iw$$iw$$iw$$iw
5125:             1             16  $line19.$read$
5126:             1             16  $line192.$read
5127:             1             16  $line192.$read$
5128:             1             16  $line193.$read
5129:             1             16  $line193.$read$
5130:             1             16  $line195.$read
5131:             1             16  $line195.$read$
5132:             1             16  $line196.$read
5133:             1             16  $line196.$read$
5134:             1             16  $line197.$read
5135:             1             16  $line197.$read$
5136:             1             16  $line198.$read
5137:             1             16  $line198.$read$
5138:             1             16  $line199.$read
5139:             1             16  $line199.$read$
5140:             1             16  $line2.$read
5141:             1             16  $line2.$read$
5142:             1             16  $line20.$eval$
5143:             1             16  $line202.$read
5144:             1             16  $line202.$read$
5145:             1             16  $line204.$read
5146:             1             16  $line204.$read$
5147:             1             16  $line205.$read
5148:             1             16  $line205.$read$
5149:             1             16  $line206.$read
5150:             1             16  $line206.$read$
5151:             1             16  $line207.$read
5152:             1             16  $line207.$read$
5153:             1             16  $line208.$read
5154:             1             16  $line208.$read$
5155:             1             16  $line209.$read
5156:             1             16  $line209.$read$
5157:             1             16  $line21.$read
5158:             1             16  $line21.$read$
5159:             1             16  $line214.$read
5160:             1             16  $line214.$read$
5161:             1             16  $line215.$read
5162:             1             16  $line215.$read$
5163:             1             16  $line216.$read
5164:             1             16  $line216.$read$
5165:             1             16  $line217.$read
5166:             1             16  $line217.$read$
5167:             1             16  $line219.$read$
5168:             1             16  $line22.$read
5169:             1             16  $line22.$read$
5170:             1             16  $line220.$eval$
5171:             1             16  $line221.$read
5172:             1             16  $line221.$read$
5173:             1             16  $line225.$read
5174:             1             16  $line225.$read$
5175:             1             16  $line229.$read
5176:             1             16  $line229.$read$
5177:             1             16  $line23.$read
5178:             1             16  $line23.$read$
5179:             1             16  $line230.$read
5180:             1             16  $line230.$read$
5181:             1             16  $line233.$read
5182:             1             16  $line233.$read$
5183:             1             16  $line234.$read
5184:             1             16  $line234.$read$
5185:             1             16  $line236.$read
5186:             1             16  $line236.$read$
5187:             1             16  $line24.$read
5188:             1             16  $line24.$read$
5189:             1             16  $line240.$read$
5190:             1             16  $line241.$eval$
5191:             1             16  $line242.$read
5192:             1             16  $line242.$read$
5193:             1             16  $line244.$read
5194:             1             16  $line244.$read$
5195:             1             16  $line245.$read
5196:             1             16  $line245.$read$
5197:             1             16  $line248.$read
5198:             1             16  $line248.$read$
5199:             1             16  $line249.$read
5200:             1             16  $line249.$read$
5201:             1             16  $line25.$read
5202:             1             16  $line25.$read$
5203:             1             16  $line255.$read
5204:             1             16  $line255.$read$
5205:             1             16  $line26.$read
5206:             1             16  $line26.$read$
5207:             1             16  $line264.$read$
5208:             1             16  $line265.$eval$
5209:             1             16  $line266.$read
5210:             1             16  $line266.$read$
5211:             1             16  $line267.$read
5212:             1             16  $line267.$read$
5213:             1             16  $line268.$read
5214:             1             16  $line268.$read$
5215:             1             16  $line27.$read
5216:             1             16  $line27.$read$
5217:             1             16  $line270.$read$
5218:             1             16  $line271.$eval$
5219:             1             16  $line272.$read
5220:             1             16  $line272.$read$
5221:             1             16  $line273.$read
5222:             1             16  $line273.$read$
5223:             1             16  $line274.$read
5224:             1             16  $line274.$read$
5225:             1             16  $line276.$read
5226:             1             16  $line276.$read$
5227:             1             16  $line278.$read
5228:             1             16  $line278.$read$
5229:             1             16  $line279.$read$
5230:             1             16  $line28.$read
5231:             1             16  $line28.$read$
5232:             1             16  $line280.$eval$
5233:             1             16  $line281.$read
5234:             1             16  $line281.$read$
5235:             1             16  $line282.$read
5236:             1             16  $line282.$read$
5237:             1             16  $line287.$read
5238:             1             16  $line287.$read$
5239:             1             16  $line3.$read
5240:             1             16  $line3.$read$
5241:             1             16  $line30.$read
5242:             1             16  $line30.$read$
5243:             1             16  $line305.$read
5244:             1             16  $line305.$read$
5245:             1             16  $line305.$read$$iw$$iw$$iw$$iw$$iw$$iw$$iw$$iw$$anonfun$1
5246:             1             16  $line309.$read
5247:             1             16  $line309.$read$
5248:             1             16  $line31.$read
5249:             1             16  $line31.$read$
5250:             1             16  $line32.$read
5251:             1             16  $line32.$read$
5252:             1             16  $line323.$read
5253:             1             16  $line323.$read$
5254:             1             16  $line326.$read
5255:             1             16  $line326.$read$
5256:             1             16  $line332.$read
5257:             1             16  $line332.$read$
5258:             1             16  $line333.$read
5259:             1             16  $line333.$read$
5260:             1             16  $line337.$read
5261:             1             16  $line337.$read$
5262:             1             16  $line340.$read
5263:             1             16  $line340.$read$
5264:             1             16  $line341.$read
5265:             1             16  $line341.$read$
5266:             1             16  $line345.$read
5267:             1             16  $line345.$read$
5268:             1             16  $line349.$read
5269:             1             16  $line349.$read$
5270:             1             16  $line357.$read$
5271:             1             16  $line358.$eval$
5272:             1             16  $line359.$read
5273:             1             16  $line359.$read$
5274:             1             16  $line360.$read$
5275:             1             16  $line361.$eval$
5276:             1             16  $line362.$read
5277:             1             16  $line362.$read$
5278:             1             16  $line364.$read
5279:             1             16  $line364.$read$
5280:             1             16  $line365.$read
5281:             1             16  $line365.$read$
5282:             1             16  $line366.$read
5283:             1             16  $line366.$read$
5284:             1             16  $line38.$read
5285:             1             16  $line38.$read$
5286:             1             16  $line4.$read
5287:             1             16  $line4.$read$
5288:             1             16  $line4.$read$$iw$$iw
5289:             1             16  $line40.$read
5290:             1             16  $line40.$read$
5291:             1             16  $line41.$read
5292:             1             16  $line41.$read$
5293:             1             16  $line46.$read
5294:             1             16  $line46.$read$
5295:             1             16  $line48.$read
5296:             1             16  $line48.$read$
5297:             1             16  $line5.$read
5298:             1             16  $line5.$read$
5299:             1             16  $line5.$read$$iw$$iw$$iw$$iw
5300:             1             16  $line53.$read
5301:             1             16  $line53.$read$
5302:             1             16  $line58.$read
5303:             1             16  $line58.$read$
5304:             1             16  $line6.$read
5305:             1             16  $line6.$read$
5306:             1             16  $line6.$read$$iw$$iw$$iw$$iw$$iw$$iw
5307:             1             16  $line62.$read
5308:             1             16  $line62.$read$
5309:             1             16  $line65.$read
5310:             1             16  $line65.$read$
5311:             1             16  $line67.$read
5312:             1             16  $line67.$read$
5313:             1             16  $line7.$read
5314:             1             16  $line7.$read$
5315:             1             16  $line7.$read$$iw$$iw$$iw$$iw$$iw$$iw
5316:             1             16  $line76.$read
5317:             1             16  $line76.$read$
5318:             1             16  $line77.$read
5319:             1             16  $line77.$read$
5320:             1             16  $line8.$read
5321:             1             16  $line8.$read$
5322:             1             16  $line8.$read$$iw$$iw$$iw$$iw$$iw$$iw
5323:             1             16  $line80.$read
5324:             1             16  $line80.$read$
5325:             1             16  $line81.$read
5326:             1             16  $line81.$read$
5327:             1             16  $line9.$read
5328:             1             16  $line9.$read$
5329:             1             16  $line9.$read$$iw$$iw$$iw$$iw$$iw$$iw
5330:             1             16  $line98.$read
5331:             1             16  $line98.$read$
5332:             1             16  $line99.$read
5333:             1             16  $line99.$read$
5334:             1             16  com.codahale.metrics.Clock$UserTimeClock
5335:             1             16  com.codahale.metrics.MetricFilter$1
5336:             1             16  com.codahale.metrics.MetricRegistry$MetricBuilder$1
5337:             1             16  com.codahale.metrics.MetricRegistry$MetricBuilder$2
5338:             1             16  com.codahale.metrics.MetricRegistry$MetricBuilder$3
5339:             1             16  com.codahale.metrics.MetricRegistry$MetricBuilder$4
5340:             1             16  com.codahale.metrics.Striped64$ThreadHashCode
5341:             1             16  com.codahale.metrics.ThreadLocalRandom$1
5342:             1             16  com.codahale.metrics.json.MetricsModule$CounterSerializer
5343:             1             16  com.codahale.metrics.json.MetricsModule$GaugeSerializer
5344:             1             16  com.fasterxml.jackson.core.util.DefaultPrettyPrinter$FixedSpaceIndenter
5345:             1             16  com.fasterxml.jackson.core.util.DefaultPrettyPrinter$NopIndenter
5346:             1             16  com.fasterxml.jackson.databind.deser.std.StdKeyDeserializers
5347:             1             16  com.fasterxml.jackson.databind.deser.std.StringDeserializer
5348:             1             16  com.fasterxml.jackson.databind.ext.OptionalHandlerFactory
5349:             1             16  com.fasterxml.jackson.databind.introspect.JacksonAnnotationIntrospector
5350:             1             16  com.fasterxml.jackson.databind.introspect.NopAnnotationIntrospector$1
5351:             1             16  com.fasterxml.jackson.databind.ser.impl.UnknownSerializer
5352:             1             16  com.fasterxml.jackson.databind.ser.std.NullSerializer
5353:             1             16  com.fasterxml.jackson.databind.ser.std.StringSerializer
5354:             1             16  com.fasterxml.jackson.databind.ser.std.ToStringSerializer
5355:             1             16  com.fasterxml.jackson.databind.ser.std.UUIDSerializer
5356:             1             16  com.fasterxml.jackson.module.paranamer.ParanamerAnnotationIntrospector
5357:             1             16  com.fasterxml.jackson.module.paranamer.shaded.BytecodeReadingParanamer
5358:             1             16  com.fasterxml.jackson.module.scala.DefaultScalaModule$
5359:             1             16  com.fasterxml.jackson.module.scala.VersionExtractor$
5360:             1             16  com.fasterxml.jackson.module.scala.deser.BigDecimalDeserializer$$anonfun$$lessinit$greater$1
5361:             1             16  com.fasterxml.jackson.module.scala.deser.BigIntDeserializer$$anonfun$$lessinit$greater$2
5362:             1             16  com.fasterxml.jackson.module.scala.deser.EitherDeserializerResolver$
5363:             1             16  com.fasterxml.jackson.module.scala.deser.EnumerationDeserializerModule$$anonfun$1
5364:             1             16  com.fasterxml.jackson.module.scala.deser.EnumerationDeserializerResolver$
5365:             1             16  com.fasterxml.jackson.module.scala.deser.EnumerationKeyDeserializers$
5366:             1             16  com.fasterxml.jackson.module.scala.deser.OptionDeserializerResolver$
5367:             1             16  com.fasterxml.jackson.module.scala.deser.SeqDeserializerModule$$anonfun$1
5368:             1             16  com.fasterxml.jackson.module.scala.deser.SortedMapDeserializerModule$$anonfun$3
5369:             1             16  com.fasterxml.jackson.module.scala.deser.SortedMapDeserializerResolver$
5370:             1             16  com.fasterxml.jackson.module.scala.deser.SortedSetDeserializerModule$$anonfun$7
5371:             1             16  com.fasterxml.jackson.module.scala.deser.SortedSetDeserializerResolver$
5372:             1             16  com.fasterxml.jackson.module.scala.deser.TupleDeserializerResolver$
5373:             1             16  com.fasterxml.jackson.module.scala.deser.UnsortedMapDeserializerModule$$anonfun$3
5374:             1             16  com.fasterxml.jackson.module.scala.deser.UnsortedSetDeserializerModule$$anonfun$1
5375:             1             16  com.fasterxml.jackson.module.scala.deser.UntypedObjectDeserializerModule$$anonfun$1
5376:             1             16  com.fasterxml.jackson.module.scala.introspect.BeanIntrospector$
5377:             1             16  com.fasterxml.jackson.module.scala.introspect.ScalaAnnotationIntrospector$
5378:             1             16  com.fasterxml.jackson.module.scala.introspect.ScalaAnnotationIntrospectorModule$$anonfun$1
5379:             1             16  com.fasterxml.jackson.module.scala.introspect.ScalaAnnotationIntrospectorModule$$anonfun$2
5380:             1             16  com.fasterxml.jackson.module.scala.modifiers.IterableTypeModifier$
5381:             1             16  com.fasterxml.jackson.module.scala.modifiers.MapTypeModifer$
5382:             1             16  com.fasterxml.jackson.module.scala.modifiers.OptionTypeModifier$
5383:             1             16  com.fasterxml.jackson.module.scala.modifiers.ScalaIteratorTypeModifier$
5384:             1             16  com.fasterxml.jackson.module.scala.modifiers.SeqTypeModifier$
5385:             1             16  com.fasterxml.jackson.module.scala.modifiers.SetTypeModifier$
5386:             1             16  com.fasterxml.jackson.module.scala.ser.EitherSerializerModule$$anonfun$5
5387:             1             16  com.fasterxml.jackson.module.scala.ser.EitherSerializerResolver$
5388:             1             16  com.fasterxml.jackson.module.scala.ser.EnumerationSerializerResolver$
5389:             1             16  com.fasterxml.jackson.module.scala.ser.IterableSerializerResolver$
5390:             1             16  com.fasterxml.jackson.module.scala.ser.MapSerializerResolver$
5391:             1             16  com.fasterxml.jackson.module.scala.ser.OptionBeanSerializerModifier$
5392:             1             16  com.fasterxml.jackson.module.scala.ser.OptionSerializerModule$$anonfun$10
5393:             1             16  com.fasterxml.jackson.module.scala.ser.OptionSerializerResolver$
5394:             1             16  com.fasterxml.jackson.module.scala.ser.ScalaIteratorSerializerResolver$
5395:             1             16  com.fasterxml.jackson.module.scala.ser.TupleSerializerModule$$anonfun$1
5396:             1             16  com.fasterxml.jackson.module.scala.ser.TupleSerializerResolver$
5397:             1             16  com.fasterxml.jackson.module.scala.util.ClassW$
5398:             1             16  com.fasterxml.jackson.module.scala.util.Implicits$
5399:             1             16  com.google.common.base.Equivalence$Equals
5400:             1             16  com.google.common.base.Equivalence$Identity
5401:             1             16  com.google.common.base.Platform$1
5402:             1             16  com.google.common.base.Suppliers$SupplierOfInstance
5403:             1             16  com.google.common.base.Ticker$1
5404:             1             16  com.google.common.cache.CacheBuilder$1
5405:             1             16  com.google.common.cache.CacheBuilder$2
5406:             1             16  com.google.common.cache.CacheBuilder$3
5407:             1             16  com.google.common.cache.LocalCache$1
5408:             1             16  com.google.common.cache.LocalCache$2
5409:             1             16  com.google.common.cache.LocalCache$StrongValueReference
5410:             1             16  com.google.common.collect.ImmutableCollection$EmptyImmutableCollection
5411:             1             16  com.google.common.collect.Interners$1
5412:             1             16  com.google.common.collect.Iterators$1
5413:             1             16  com.google.common.collect.Iterators$2
5414:             1             16  com.google.common.collect.MapMakerInternalMap$1
5415:             1             16  com.google.common.collect.MapMakerInternalMap$2
5416:             1             16  com.google.protobuf.DescriptorProtos$DescriptorProto$1
5417:             1             16  com.google.protobuf.DescriptorProtos$FieldDescriptorProto$1
5418:             1             16  com.google.protobuf.DescriptorProtos$FieldDescriptorProto$Label$1
5419:             1             16  com.google.protobuf.DescriptorProtos$FieldDescriptorProto$Type$1
5420:             1             16  com.google.protobuf.DescriptorProtos$FieldOptions$1
5421:             1             16  com.google.protobuf.DescriptorProtos$FieldOptions$CType$1
5422:             1             16  com.google.protobuf.DescriptorProtos$FileDescriptorProto$1
5423:             1             16  com.google.protobuf.DescriptorProtos$FileOptions$1
5424:             1             16  com.google.protobuf.DescriptorProtos$FileOptions$OptimizeMode$1
5425:             1             16  com.google.protobuf.DescriptorProtos$MessageOptions$1
5426:             1             16  com.google.protobuf.DescriptorProtos$SourceCodeInfo$1
5427:             1             16  com.google.protobuf.ExtensionRegistryLite
5428:             1             16  com.google.protobuf.SmallSortedMap$EmptySet$1
5429:             1             16  com.google.protobuf.SmallSortedMap$EmptySet$2
5430:             1             16  com.google.protobuf.UnknownFieldSet
5431:             1             16  com.google.protobuf.UnknownFieldSet$Parser
5432:             1             16  com.run.nssa.dataset.DENGBAO$WA_CP_0001$1
5433:             1             16  com.sun.jmx.interceptor.DefaultMBeanServerInterceptor$ResourceContext$1
5434:             1             16  com.sun.jmx.mbeanserver.DefaultMXBeanMappingFactory
5435:             1             16  com.sun.jmx.mbeanserver.DescriptorCache
5436:             1             16  com.sun.jmx.mbeanserver.MBeanAnalyzer$MethodOrder
5437:             1             16  com.sun.jmx.mbeanserver.MBeanInstantiator
5438:             1             16  com.sun.jmx.mbeanserver.MXBeanIntrospector
5439:             1             16  com.sun.jmx.mbeanserver.SecureClassLoaderRepository
5440:             1             16  com.sun.jmx.mbeanserver.StandardMBeanIntrospector
5441:             1             16  com.sun.org.apache.xalan.internal.utils.SecuritySupport
5442:             1             16  com.sun.proxy.$Proxy12
5443:             1             16  com.sun.proxy.$Proxy13
5444:             1             16  com.sun.proxy.$Proxy14
5445:             1             16  com.sun.proxy.$Proxy15
5446:             1             16  com.sun.proxy.$Proxy16
5447:             1             16  com.sun.proxy.$Proxy17
5448:             1             16  com.sun.proxy.$Proxy18
5449:             1             16  com.sun.proxy.$Proxy19
5450:             1             16  com.sun.proxy.$Proxy20
5451:             1             16  com.sun.proxy.$Proxy21
5452:             1             16  com.sun.proxy.$Proxy22
5453:             1             16  com.sun.proxy.$Proxy24
5454:             1             16  com.sun.proxy.$Proxy25
5455:             1             16  com.sun.proxy.$Proxy28
5456:             1             16  com.sun.proxy.$Proxy29
5457:             1             16  com.sun.proxy.$Proxy3
5458:             1             16  com.sun.proxy.$Proxy5
5459:             1             16  com.sun.proxy.$Proxy8
5460:             1             16  com.sun.security.auth.UnixNumericUserPrincipal
5461:             1             16  com.sun.security.auth.UnixPrincipal
5462:             1             16  com.thoughtworks.paranamer.BytecodeReadingParanamer
5463:             1             16  io.netty.buffer.ByteBufUtil$1
5464:             1             16  io.netty.buffer.ByteBufUtil$2
5465:             1             16  io.netty.channel.ChannelFutureListener$1
5466:             1             16  io.netty.channel.ChannelFutureListener$2
5467:             1             16  io.netty.channel.ChannelFutureListener$3
5468:             1             16  io.netty.channel.ChannelOutboundBuffer$1
5469:             1             16  io.netty.channel.DefaultChannelPipeline$1
5470:             1             16  io.netty.channel.DefaultMessageSizeEstimator
5471:             1             16  io.netty.channel.DefaultMessageSizeEstimator$HandleImpl
5472:             1             16  io.netty.channel.DefaultSelectStrategy
5473:             1             16  io.netty.channel.DefaultSelectStrategyFactory
5474:             1             16  io.netty.util.Recycler$1
5475:             1             16  io.netty.util.Recycler$3
5476:             1             16  io.netty.util.ResourceLeakDetectorFactory$DefaultResourceLeakDetectorFactory
5477:             1             16  io.netty.util.ThreadDeathWatcher$Watcher
5478:             1             16  io.netty.util.concurrent.DefaultPromise$CauseHolder
5479:             1             16  io.netty.util.concurrent.GlobalEventExecutor$1
5480:             1             16  io.netty.util.concurrent.GlobalEventExecutor$TaskRunner
5481:             1             16  io.netty.util.concurrent.RejectedExecutionHandlers$1
5482:             1             16  io.netty.util.concurrent.SingleThreadEventExecutor$1
5483:             1             16  io.netty.util.internal.NoOpTypeParameterMatcher
5484:             1             16  io.netty.util.internal.__matchers__.io.netty.buffer.ByteBufMatcher
5485:             1             16  io.netty.util.internal.__matchers__.org.apache.spark.network.protocol.MessageMatcher
5486:             1             16  java.io.DeleteOnExitHook$1
5487:             1             16  java.io.FileDescriptor$1
5488:             1             16  java.io.ObjectInputStream$$Lambda$8/533437484
5489:             1             16  java.io.ObjectInputStream$1
5490:             1             16  java.lang.ApplicationShutdownHooks$1
5491:             1             16  java.lang.CharacterData00
5492:             1             16  java.lang.CharacterDataLatin1
5493:             1             16  java.lang.ClassValue$Identity
5494:             1             16  java.lang.ProcessBuilder$NullInputStream
5495:             1             16  java.lang.ProcessBuilder$NullOutputStream
5496:             1             16  java.lang.ProcessEnvironment$StringEntrySet
5497:             1             16  java.lang.Runtime
5498:             1             16  java.lang.String$CaseInsensitiveComparator
5499:             1             16  java.lang.System$2
5500:             1             16  java.lang.Terminator$1
5501:             1             16  java.lang.UNIXProcess$$Lambda$4/247162961
5502:             1             16  java.lang.UNIXProcess$$Lambda$5/324112183
5503:             1             16  java.lang.UNIXProcess$Platform$$Lambda$1/1632670136
5504:             1             16  java.lang.invoke.MemberName$Factory
5505:             1             16  java.lang.invoke.MethodHandleImpl$2
5506:             1             16  java.lang.invoke.MethodHandleImpl$3
5507:             1             16  java.lang.management.PlatformComponent$1
5508:             1             16  java.lang.management.PlatformComponent$10
5509:             1             16  java.lang.management.PlatformComponent$11
5510:             1             16  java.lang.management.PlatformComponent$12
5511:             1             16  java.lang.management.PlatformComponent$13
5512:             1             16  java.lang.management.PlatformComponent$14
5513:             1             16  java.lang.management.PlatformComponent$15
5514:             1             16  java.lang.management.PlatformComponent$2
5515:             1             16  java.lang.management.PlatformComponent$3
5516:             1             16  java.lang.management.PlatformComponent$4
5517:             1             16  java.lang.management.PlatformComponent$5
5518:             1             16  java.lang.management.PlatformComponent$6
5519:             1             16  java.lang.management.PlatformComponent$7
5520:             1             16  java.lang.management.PlatformComponent$8
5521:             1             16  java.lang.management.PlatformComponent$9
5522:             1             16  java.lang.ref.Reference$1
5523:             1             16  java.lang.ref.Reference$Lock
5524:             1             16  java.lang.reflect.Proxy$KeyFactory
5525:             1             16  java.lang.reflect.Proxy$ProxyClassFactory
5526:             1             16  java.lang.reflect.ReflectAccess
5527:             1             16  java.math.BigDecimal$1
5528:             1             16  java.net.InetAddress$2
5529:             1             16  java.net.URLClassLoader$7
5530:             1             16  java.nio.Bits$1
5531:             1             16  java.nio.Bits$1$1
5532:             1             16  java.nio.charset.CoderResult$1
5533:             1             16  java.nio.charset.CoderResult$2
5534:             1             16  java.security.AllPermission
5535:             1             16  java.security.ProtectionDomain$2
5536:             1             16  java.security.ProtectionDomain$JavaSecurityAccessImpl
5537:             1             16  java.text.DontCareFieldPosition$1
5538:             1             16  java.text.MessageFormat$Field
5539:             1             16  java.util.Collections$EmptyEnumeration
5540:             1             16  java.util.Collections$EmptyIterator
5541:             1             16  java.util.Collections$EmptyList
5542:             1             16  java.util.Collections$EmptySet
5543:             1             16  java.util.Collections$UnmodifiableCollection
5544:             1             16  java.util.Currency$CurrencyNameGetter
5545:             1             16  java.util.EnumMap$1
5546:             1             16  java.util.ResourceBundle$Control
5547:             1             16  java.util.Spliterators$EmptySpliterator$OfDouble
5548:             1             16  java.util.Spliterators$EmptySpliterator$OfInt
5549:             1             16  java.util.Spliterators$EmptySpliterator$OfLong
5550:             1             16  java.util.Spliterators$EmptySpliterator$OfRef
5551:             1             16  java.util.concurrent.CountDownLatch
5552:             1             16  java.util.concurrent.Executors$FinalizableDelegatedExecutorService
5553:             1             16  java.util.concurrent.ThreadPoolExecutor$AbortPolicy
5554:             1             16  java.util.jar.JavaUtilJarAccessImpl
5555:             1             16  java.util.logging.LoggingProxyImpl
5556:             1             16  java.util.regex.Pattern$4
5557:             1             16  java.util.regex.Pattern$CharPropertyNames$10
5558:             1             16  java.util.regex.Pattern$CharPropertyNames$11
5559:             1             16  java.util.regex.Pattern$CharPropertyNames$12
5560:             1             16  java.util.regex.Pattern$CharPropertyNames$13
5561:             1             16  java.util.regex.Pattern$CharPropertyNames$14
5562:             1             16  java.util.regex.Pattern$CharPropertyNames$15
5563:             1             16  java.util.regex.Pattern$CharPropertyNames$16
5564:             1             16  java.util.regex.Pattern$CharPropertyNames$17
5565:             1             16  java.util.regex.Pattern$CharPropertyNames$18
5566:             1             16  java.util.regex.Pattern$CharPropertyNames$19
5567:             1             16  java.util.regex.Pattern$CharPropertyNames$20
5568:             1             16  java.util.regex.Pattern$CharPropertyNames$21
5569:             1             16  java.util.regex.Pattern$CharPropertyNames$22
5570:             1             16  java.util.regex.Pattern$CharPropertyNames$23
5571:             1             16  java.util.regex.Pattern$CharPropertyNames$5
5572:             1             16  java.util.regex.Pattern$CharPropertyNames$6
5573:             1             16  java.util.regex.Pattern$CharPropertyNames$8
5574:             1             16  java.util.regex.Pattern$CharPropertyNames$9
5575:             1             16  java.util.regex.Pattern$LastMatch
5576:             1             16  java.util.regex.Pattern$LastNode
5577:             1             16  java.util.regex.Pattern$Node
5578:             1             16  java.util.zip.ZipFile$1
5579:             1             16  javassist.ClassPoolTail
5580:             1             16  javax.jdo.JDOHelper
5581:             1             16  javax.jdo.JDOHelper$10
5582:             1             16  javax.jdo.JDOHelper$11
5583:             1             16  javax.jdo.JDOHelper$2
5584:             1             16  javax.jdo.JDOHelper$3
5585:             1             16  javax.jdo.JDOHelper$4
5586:             1             16  javax.jdo.JDOHelper$5
5587:             1             16  javax.jdo.JDOHelper$6
5588:             1             16  javax.jdo.JDOHelper$7
5589:             1             16  javax.jdo.JDOHelper$8
5590:             1             16  javax.jdo.JDOHelper$9
5591:             1             16  javax.jdo.spi.JDOImplHelper
5592:             1             16  javax.jdo.spi.JDOImplHelper$1
5593:             1             16  javax.jdo.spi.JDOImplHelper$2
5594:             1             16  javax.jdo.spi.JDOImplHelper$3
5595:             1             16  javax.management.JMX
5596:             1             16  javax.management.MBeanServerBuilder
5597:             1             16  javax.management.NotificationBroadcasterSupport$1
5598:             1             16  javax.security.auth.kerberos.JavaxSecurityAuthKerberosAccessImpl
5599:             1             16  javax.xml.parsers.SecuritySupport
5600:             1             16  javax.xml.transform.SecuritySupport
5601:             1             16  jline.TerminalSupport$1
5602:             1             16  jline.console.completer.CandidateListCompletionHandler
5603:             1             16  net.jpountz.lz4.LZ4JNICompressor
5604:             1             16  net.jpountz.lz4.LZ4JNIFastDecompressor
5605:             1             16  net.jpountz.lz4.LZ4JNISafeDecompressor
5606:             1             16  net.jpountz.xxhash.StreamingXXHash32JNI$Factory
5607:             1             16  net.jpountz.xxhash.StreamingXXHash64JNI$Factory
5608:             1             16  net.jpountz.xxhash.XXHash32JNI
5609:             1             16  net.jpountz.xxhash.XXHash64JNI
5610:             1             16  oracle.jdbc.driver.T4CDriverExtension
5611:             1             16  oracle.sql.CharacterSet$1
5612:             1             16  oracle.sql.CharacterSet$2
5613:             1             16  oracle.sql.CharacterSetFactoryDefault
5614:             1             16  oracle.sql.converter.CharacterSetMetaData$JdbcCharacterSetMetaData
5615:             1             16  org.antlr.v4.runtime.CommonTokenFactory
5616:             1             16  org.antlr.v4.runtime.ConsoleErrorListener
5617:             1             16  org.antlr.v4.runtime.atn.ATNConfigSet$ConfigEqualityComparator
5618:             1             16  org.antlr.v4.runtime.atn.ATNDeserializationOptions
5619:             1             16  org.antlr.v4.runtime.atn.LexerChannelAction
5620:             1             16  org.antlr.v4.runtime.atn.PredictionMode$AltAndContextConfigEqualityComparator
5621:             1             16  org.antlr.v4.runtime.misc.ObjectEqualityComparator
5622:             1             16  org.apache.calcite.avatica.HandlerImpl
5623:             1             16  org.apache.calcite.avatica.HandlerImpl
5624:             1             16  org.apache.calcite.jdbc.CalcitePrepare$1
5625:             1             16  org.apache.calcite.jdbc.CalcitePrepare$1
5626:             1             16  org.apache.calcite.jdbc.CalcitePrepare$2
5627:             1             16  org.apache.calcite.jdbc.CalcitePrepare$2
5628:             1             16  org.apache.calcite.jdbc.Driver$1
5629:             1             16  org.apache.calcite.jdbc.Driver$1
5630:             1             16  org.apache.derby.jdbc.AutoloadedDriver
5631:             1             16  org.apache.derby.jdbc.AutoloadedDriver
5632:             1             16  org.apache.derby.jdbc.InternalDriver$DaemonThreadFactory
5633:             1             16  org.apache.hadoop.fs.ChecksumFileSystem$9
5634:             1             16  org.apache.hadoop.fs.FileSystem$3
5635:             1             16  org.apache.hadoop.fs.FileSystem$Cache$ClientFinalizer
5636:             1             16  org.apache.hadoop.fs.FileSystem$Statistics$StatisticsDataReferenceCleaner
5637:             1             16  org.apache.hadoop.fs.FsServerDefaults$1
5638:             1             16  org.apache.hadoop.fs.FsUrlStreamHandler
5639:             1             16  org.apache.hadoop.fs.permission.FsPermission$1
5640:             1             16  org.apache.hadoop.hdfs.BlockReaderFactory$FailureInjector
5641:             1             16  org.apache.hadoop.hdfs.DFSUtil$1
5642:             1             16  org.apache.hadoop.hdfs.DFSUtil$2
5643:             1             16  org.apache.hadoop.hdfs.DFSUtil$3
5644:             1             16  org.apache.hadoop.hdfs.DFSUtil$4
5645:             1             16  org.apache.hadoop.hdfs.PeerCache$1
5646:             1             16  org.apache.hadoop.hdfs.protocol.Block$1
5647:             1             16  org.apache.hadoop.hdfs.protocol.datatransfer.ReplaceDatanodeOnFailure$Condition$1
5648:             1             16  org.apache.hadoop.hdfs.protocol.datatransfer.ReplaceDatanodeOnFailure$Condition$2
5649:             1             16  org.apache.hadoop.hdfs.protocol.datatransfer.ReplaceDatanodeOnFailure$Condition$3
5650:             1             16  org.apache.hadoop.hdfs.protocol.datatransfer.TrustedChannelResolver
5651:             1             16  org.apache.hadoop.hdfs.protocol.proto.AclProtos$AclEntryProto$FsActionProto$1
5652:             1             16  org.apache.hadoop.hdfs.protocol.proto.AclProtos$GetAclStatusRequestProto$1
5653:             1             16  org.apache.hadoop.hdfs.protocol.proto.AclProtos$ModifyAclEntriesRequestProto$1
5654:             1             16  org.apache.hadoop.hdfs.protocol.proto.AclProtos$RemoveAclEntriesRequestProto$1
5655:             1             16  org.apache.hadoop.hdfs.protocol.proto.AclProtos$RemoveAclRequestProto$1
5656:             1             16  org.apache.hadoop.hdfs.protocol.proto.AclProtos$RemoveDefaultAclRequestProto$1
5657:             1             16  org.apache.hadoop.hdfs.protocol.proto.AclProtos$SetAclRequestProto$1
5658:             1             16  org.apache.hadoop.hdfs.protocol.proto.ClientNamenodeProtocolProtos$AbandonBlockRequestProto$1
5659:             1             16  org.apache.hadoop.hdfs.protocol.proto.ClientNamenodeProtocolProtos$AddBlockRequestProto$1
5660:             1             16  org.apache.hadoop.hdfs.protocol.proto.ClientNamenodeProtocolProtos$AddCacheDirectiveRequestProto$1
5661:             1             16  org.apache.hadoop.hdfs.protocol.proto.ClientNamenodeProtocolProtos$AddCachePoolRequestProto$1
5662:             1             16  org.apache.hadoop.hdfs.protocol.proto.ClientNamenodeProtocolProtos$AllowSnapshotRequestProto$1
5663:             1             16  org.apache.hadoop.hdfs.protocol.proto.ClientNamenodeProtocolProtos$AppendRequestProto$1
5664:             1             16  org.apache.hadoop.hdfs.protocol.proto.ClientNamenodeProtocolProtos$CacheDirectiveInfoExpirationProto$1
5665:             1             16  org.apache.hadoop.hdfs.protocol.proto.ClientNamenodeProtocolProtos$CacheDirectiveInfoProto$1
5666:             1             16  org.apache.hadoop.hdfs.protocol.proto.ClientNamenodeProtocolProtos$CachePoolInfoProto$1
5667:             1             16  org.apache.hadoop.hdfs.protocol.proto.ClientNamenodeProtocolProtos$CheckAccessRequestProto$1
5668:             1             16  org.apache.hadoop.hdfs.protocol.proto.ClientNamenodeProtocolProtos$CompleteRequestProto$1
5669:             1             16  org.apache.hadoop.hdfs.protocol.proto.ClientNamenodeProtocolProtos$ConcatRequestProto$1
5670:             1             16  org.apache.hadoop.hdfs.protocol.proto.ClientNamenodeProtocolProtos$CreateRequestProto$1
5671:             1             16  org.apache.hadoop.hdfs.protocol.proto.ClientNamenodeProtocolProtos$CreateSnapshotRequestProto$1
5672:             1             16  org.apache.hadoop.hdfs.protocol.proto.ClientNamenodeProtocolProtos$CreateSymlinkRequestProto$1
5673:             1             16  org.apache.hadoop.hdfs.protocol.proto.ClientNamenodeProtocolProtos$DatanodeReportTypeProto$1
5674:             1             16  org.apache.hadoop.hdfs.protocol.proto.ClientNamenodeProtocolProtos$DeleteRequestProto$1
5675:             1             16  org.apache.hadoop.hdfs.protocol.proto.ClientNamenodeProtocolProtos$DeleteSnapshotRequestProto$1
5676:             1             16  org.apache.hadoop.hdfs.protocol.proto.ClientNamenodeProtocolProtos$DisallowSnapshotRequestProto$1
5677:             1             16  org.apache.hadoop.hdfs.protocol.proto.ClientNamenodeProtocolProtos$FinalizeUpgradeRequestProto$1
5678:             1             16  org.apache.hadoop.hdfs.protocol.proto.ClientNamenodeProtocolProtos$FsyncRequestProto$1
5679:             1             16  org.apache.hadoop.hdfs.protocol.proto.ClientNamenodeProtocolProtos$GetAdditionalDatanodeRequestProto$1
5680:             1             16  org.apache.hadoop.hdfs.protocol.proto.ClientNamenodeProtocolProtos$GetBlockLocationsRequestProto$1
5681:             1             16  org.apache.hadoop.hdfs.protocol.proto.ClientNamenodeProtocolProtos$GetBlockLocationsResponseProto$1
5682:             1             16  org.apache.hadoop.hdfs.protocol.proto.ClientNamenodeProtocolProtos$GetContentSummaryRequestProto$1
5683:             1             16  org.apache.hadoop.hdfs.protocol.proto.ClientNamenodeProtocolProtos$GetCurrentEditLogTxidRequestProto$1
5684:             1             16  org.apache.hadoop.hdfs.protocol.proto.ClientNamenodeProtocolProtos$GetDataEncryptionKeyRequestProto$1
5685:             1             16  org.apache.hadoop.hdfs.protocol.proto.ClientNamenodeProtocolProtos$GetDatanodeReportRequestProto$1
5686:             1             16  org.apache.hadoop.hdfs.protocol.proto.ClientNamenodeProtocolProtos$GetDatanodeStorageReportRequestProto$1
5687:             1             16  org.apache.hadoop.hdfs.protocol.proto.ClientNamenodeProtocolProtos$GetEditsFromTxidRequestProto$1
5688:             1             16  org.apache.hadoop.hdfs.protocol.proto.ClientNamenodeProtocolProtos$GetFileInfoRequestProto$1
5689:             1             16  org.apache.hadoop.hdfs.protocol.proto.ClientNamenodeProtocolProtos$GetFileInfoResponseProto$1
5690:             1             16  org.apache.hadoop.hdfs.protocol.proto.ClientNamenodeProtocolProtos$GetFileLinkInfoRequestProto$1
5691:             1             16  org.apache.hadoop.hdfs.protocol.proto.ClientNamenodeProtocolProtos$GetFsStatusRequestProto$1
5692:             1             16  org.apache.hadoop.hdfs.protocol.proto.ClientNamenodeProtocolProtos$GetLinkTargetRequestProto$1
5693:             1             16  org.apache.hadoop.hdfs.protocol.proto.ClientNamenodeProtocolProtos$GetListingRequestProto$1
5694:             1             16  org.apache.hadoop.hdfs.protocol.proto.ClientNamenodeProtocolProtos$GetListingResponseProto$1
5695:             1             16  org.apache.hadoop.hdfs.protocol.proto.ClientNamenodeProtocolProtos$GetPreferredBlockSizeRequestProto$1
5696:             1             16  org.apache.hadoop.hdfs.protocol.proto.ClientNamenodeProtocolProtos$GetServerDefaultsRequestProto$1
5697:             1             16  org.apache.hadoop.hdfs.protocol.proto.ClientNamenodeProtocolProtos$GetServerDefaultsResponseProto$1
5698:             1             16  org.apache.hadoop.hdfs.protocol.proto.ClientNamenodeProtocolProtos$GetSnapshotDiffReportRequestProto$1
5699:             1             16  org.apache.hadoop.hdfs.protocol.proto.ClientNamenodeProtocolProtos$GetSnapshottableDirListingRequestProto$1
5700:             1             16  org.apache.hadoop.hdfs.protocol.proto.ClientNamenodeProtocolProtos$GetStoragePoliciesRequestProto$1
5701:             1             16  org.apache.hadoop.hdfs.protocol.proto.ClientNamenodeProtocolProtos$IsFileClosedRequestProto$1
5702:             1             16  org.apache.hadoop.hdfs.protocol.proto.ClientNamenodeProtocolProtos$ListCacheDirectivesRequestProto$1
5703:             1             16  org.apache.hadoop.hdfs.protocol.proto.ClientNamenodeProtocolProtos$ListCachePoolsRequestProto$1
5704:             1             16  org.apache.hadoop.hdfs.protocol.proto.ClientNamenodeProtocolProtos$ListCorruptFileBlocksRequestProto$1
5705:             1             16  org.apache.hadoop.hdfs.protocol.proto.ClientNamenodeProtocolProtos$MetaSaveRequestProto$1
5706:             1             16  org.apache.hadoop.hdfs.protocol.proto.ClientNamenodeProtocolProtos$MkdirsRequestProto$1
5707:             1             16  org.apache.hadoop.hdfs.protocol.proto.ClientNamenodeProtocolProtos$MkdirsResponseProto$1
5708:             1             16  org.apache.hadoop.hdfs.protocol.proto.ClientNamenodeProtocolProtos$ModifyCacheDirectiveRequestProto$1
5709:             1             16  org.apache.hadoop.hdfs.protocol.proto.ClientNamenodeProtocolProtos$ModifyCachePoolRequestProto$1
5710:             1             16  org.apache.hadoop.hdfs.protocol.proto.ClientNamenodeProtocolProtos$RecoverLeaseRequestProto$1
5711:             1             16  org.apache.hadoop.hdfs.protocol.proto.ClientNamenodeProtocolProtos$RefreshNodesRequestProto$1
5712:             1             16  org.apache.hadoop.hdfs.protocol.proto.ClientNamenodeProtocolProtos$RemoveCacheDirectiveRequestProto$1
5713:             1             16  org.apache.hadoop.hdfs.protocol.proto.ClientNamenodeProtocolProtos$RemoveCachePoolRequestProto$1
5714:             1             16  org.apache.hadoop.hdfs.protocol.proto.ClientNamenodeProtocolProtos$Rename2RequestProto$1
5715:             1             16  org.apache.hadoop.hdfs.protocol.proto.ClientNamenodeProtocolProtos$RenameRequestProto$1
5716:             1             16  org.apache.hadoop.hdfs.protocol.proto.ClientNamenodeProtocolProtos$RenameSnapshotRequestProto$1
5717:             1             16  org.apache.hadoop.hdfs.protocol.proto.ClientNamenodeProtocolProtos$RenewLeaseRequestProto$1
5718:             1             16  org.apache.hadoop.hdfs.protocol.proto.ClientNamenodeProtocolProtos$ReportBadBlocksRequestProto$1
5719:             1             16  org.apache.hadoop.hdfs.protocol.proto.ClientNamenodeProtocolProtos$RestoreFailedStorageRequestProto$1
5720:             1             16  org.apache.hadoop.hdfs.protocol.proto.ClientNamenodeProtocolProtos$RollEditsRequestProto$1
5721:             1             16  org.apache.hadoop.hdfs.protocol.proto.ClientNamenodeProtocolProtos$RollingUpgradeActionProto$1
5722:             1             16  org.apache.hadoop.hdfs.protocol.proto.ClientNamenodeProtocolProtos$RollingUpgradeRequestProto$1
5723:             1             16  org.apache.hadoop.hdfs.protocol.proto.ClientNamenodeProtocolProtos$SafeModeActionProto$1
5724:             1             16  org.apache.hadoop.hdfs.protocol.proto.ClientNamenodeProtocolProtos$SaveNamespaceRequestProto$1
5725:             1             16  org.apache.hadoop.hdfs.protocol.proto.ClientNamenodeProtocolProtos$SetBalancerBandwidthRequestProto$1
5726:             1             16  org.apache.hadoop.hdfs.protocol.proto.ClientNamenodeProtocolProtos$SetOwnerRequestProto$1
5727:             1             16  org.apache.hadoop.hdfs.protocol.proto.ClientNamenodeProtocolProtos$SetPermissionRequestProto$1
5728:             1             16  org.apache.hadoop.hdfs.protocol.proto.ClientNamenodeProtocolProtos$SetQuotaRequestProto$1
5729:             1             16  org.apache.hadoop.hdfs.protocol.proto.ClientNamenodeProtocolProtos$SetReplicationRequestProto$1
5730:             1             16  org.apache.hadoop.hdfs.protocol.proto.ClientNamenodeProtocolProtos$SetSafeModeRequestProto$1
5731:             1             16  org.apache.hadoop.hdfs.protocol.proto.ClientNamenodeProtocolProtos$SetStoragePolicyRequestProto$1
5732:             1             16  org.apache.hadoop.hdfs.protocol.proto.ClientNamenodeProtocolProtos$SetTimesRequestProto$1
5733:             1             16  org.apache.hadoop.hdfs.protocol.proto.ClientNamenodeProtocolProtos$UpdateBlockForPipelineRequestProto$1
5734:             1             16  org.apache.hadoop.hdfs.protocol.proto.ClientNamenodeProtocolProtos$UpdatePipelineRequestProto$1
5735:             1             16  org.apache.hadoop.hdfs.protocol.proto.DataTransferProtos$BaseHeaderProto$1
5736:             1             16  org.apache.hadoop.hdfs.protocol.proto.DataTransferProtos$BlockOpResponseProto$1
5737:             1             16  org.apache.hadoop.hdfs.protocol.proto.DataTransferProtos$CachingStrategyProto$1
5738:             1             16  org.apache.hadoop.hdfs.protocol.proto.DataTransferProtos$ChecksumProto$1
5739:             1             16  org.apache.hadoop.hdfs.protocol.proto.DataTransferProtos$ClientOperationHeaderProto$1
5740:             1             16  org.apache.hadoop.hdfs.protocol.proto.DataTransferProtos$ClientReadStatusProto$1
5741:             1             16  org.apache.hadoop.hdfs.protocol.proto.DataTransferProtos$DataTransferTraceInfoProto$1
5742:             1             16  org.apache.hadoop.hdfs.protocol.proto.DataTransferProtos$OpBlockChecksumResponseProto$1
5743:             1             16  org.apache.hadoop.hdfs.protocol.proto.DataTransferProtos$OpReadBlockProto$1
5744:             1             16  org.apache.hadoop.hdfs.protocol.proto.DataTransferProtos$PacketHeaderProto$1
5745:             1             16  org.apache.hadoop.hdfs.protocol.proto.DataTransferProtos$ReadOpChecksumInfoProto$1
5746:             1             16  org.apache.hadoop.hdfs.protocol.proto.DataTransferProtos$Status$1
5747:             1             16  org.apache.hadoop.hdfs.protocol.proto.DatanodeProtocolProtos$BlockCommandProto$Action$1
5748:             1             16  org.apache.hadoop.hdfs.protocol.proto.DatanodeProtocolProtos$BlockIdCommandProto$Action$1
5749:             1             16  org.apache.hadoop.hdfs.protocol.proto.DatanodeProtocolProtos$DatanodeCommandProto$Type$1
5750:             1             16  org.apache.hadoop.hdfs.protocol.proto.DatanodeProtocolProtos$NNHAStatusHeartbeatProto$State$1
5751:             1             16  org.apache.hadoop.hdfs.protocol.proto.DatanodeProtocolProtos$ReceivedDeletedBlockInfoProto$BlockStatus$1
5752:             1             16  org.apache.hadoop.hdfs.protocol.proto.DatanodeProtocolProtos$RegisterCommandProto$1
5753:             1             16  org.apache.hadoop.hdfs.protocol.proto.EncryptionZonesProtos$CreateEncryptionZoneRequestProto$1
5754:             1             16  org.apache.hadoop.hdfs.protocol.proto.EncryptionZonesProtos$GetEZForPathRequestProto$1
5755:             1             16  org.apache.hadoop.hdfs.protocol.proto.EncryptionZonesProtos$ListEncryptionZonesRequestProto$1
5756:             1             16  org.apache.hadoop.hdfs.protocol.proto.HdfsProtos$ChecksumTypeProto$1
5757:             1             16  org.apache.hadoop.hdfs.protocol.proto.HdfsProtos$CipherSuiteProto$1
5758:             1             16  org.apache.hadoop.hdfs.protocol.proto.HdfsProtos$CryptoProtocolVersionProto$1
5759:             1             16  org.apache.hadoop.hdfs.protocol.proto.HdfsProtos$DatanodeIDProto$1
5760:             1             16  org.apache.hadoop.hdfs.protocol.proto.HdfsProtos$DatanodeInfoProto$1
5761:             1             16  org.apache.hadoop.hdfs.protocol.proto.HdfsProtos$DatanodeInfoProto$AdminState$1
5762:             1             16  org.apache.hadoop.hdfs.protocol.proto.HdfsProtos$DatanodeStorageProto$StorageState$1
5763:             1             16  org.apache.hadoop.hdfs.protocol.proto.HdfsProtos$DirectoryListingProto$1
5764:             1             16  org.apache.hadoop.hdfs.protocol.proto.HdfsProtos$ExtendedBlockProto$1
5765:             1             16  org.apache.hadoop.hdfs.protocol.proto.HdfsProtos$FileEncryptionInfoProto$1
5766:             1             16  org.apache.hadoop.hdfs.protocol.proto.HdfsProtos$FsPermissionProto$1
5767:             1             16  org.apache.hadoop.hdfs.protocol.proto.HdfsProtos$FsServerDefaultsProto$1
5768:             1             16  org.apache.hadoop.hdfs.protocol.proto.HdfsProtos$HdfsFileStatusProto$1
5769:             1             16  org.apache.hadoop.hdfs.protocol.proto.HdfsProtos$HdfsFileStatusProto$FileType$1
5770:             1             16  org.apache.hadoop.hdfs.protocol.proto.HdfsProtos$LocatedBlockProto$1
5771:             1             16  org.apache.hadoop.hdfs.protocol.proto.HdfsProtos$LocatedBlocksProto$1
5772:             1             16  org.apache.hadoop.hdfs.protocol.proto.HdfsProtos$NamenodeCommandProto$Type$1
5773:             1             16  org.apache.hadoop.hdfs.protocol.proto.HdfsProtos$NamenodeRegistrationProto$NamenodeRoleProto$1
5774:             1             16  org.apache.hadoop.hdfs.protocol.proto.HdfsProtos$ReplicaStateProto$1
5775:             1             16  org.apache.hadoop.hdfs.protocol.proto.HdfsProtos$StorageTypeProto$1
5776:             1             16  org.apache.hadoop.hdfs.protocol.proto.InotifyProtos$EventType$1
5777:             1             16  org.apache.hadoop.hdfs.protocol.proto.InotifyProtos$INodeType$1
5778:             1             16  org.apache.hadoop.hdfs.protocol.proto.InotifyProtos$MetadataUpdateType$1
5779:             1             16  org.apache.hadoop.hdfs.protocol.proto.XAttrProtos$GetXAttrsRequestProto$1
5780:             1             16  org.apache.hadoop.hdfs.protocol.proto.XAttrProtos$ListXAttrsRequestProto$1
5781:             1             16  org.apache.hadoop.hdfs.protocol.proto.XAttrProtos$RemoveXAttrRequestProto$1
5782:             1             16  org.apache.hadoop.hdfs.protocol.proto.XAttrProtos$SetXAttrRequestProto$1
5783:             1             16  org.apache.hadoop.hdfs.protocol.proto.XAttrProtos$XAttrProto$1
5784:             1             16  org.apache.hadoop.hdfs.protocol.proto.XAttrProtos$XAttrProto$XAttrNamespaceProto$1
5785:             1             16  org.apache.hadoop.hdfs.protocolPB.ClientNamenodeProtocolTranslatorPB
5786:             1             16  org.apache.hadoop.hdfs.security.token.delegation.DelegationTokenSelector
5787:             1             16  org.apache.hadoop.hdfs.server.namenode.ha.ActiveState
5788:             1             16  org.apache.hadoop.hdfs.server.namenode.ha.StandbyState
5789:             1             16  org.apache.hadoop.hdfs.server.namenode.startupprogress.StartupProgress
5790:             1             16  org.apache.hadoop.hdfs.shortcircuit.DomainSocketFactory
5791:             1             16  org.apache.hadoop.hdfs.util.ByteArrayManager$1
5792:             1             16  org.apache.hadoop.hdfs.util.ByteArrayManager$NewByteArrayWithoutLimit
5793:             1             16  org.apache.hadoop.hdfs.web.HftpFileSystem$1
5794:             1             16  org.apache.hadoop.hive.common.FileUtils$1
5795:             1             16  org.apache.hadoop.hive.common.FileUtils$2
5796:             1             16  org.apache.hadoop.hive.common.metrics.Metrics$1
5797:             1             16  org.apache.hadoop.hive.conf.Validator$PatternSet
5798:             1             16  org.apache.hadoop.hive.conf.Validator$PatternSet
5799:             1             16  org.apache.hadoop.hive.conf.Validator$RatioValidator
5800:             1             16  org.apache.hadoop.hive.conf.Validator$RatioValidator
5801:             1             16  org.apache.hadoop.hive.metastore.Deadline$1
5802:             1             16  org.apache.hadoop.hive.metastore.HiveAlterHandler
5803:             1             16  org.apache.hadoop.hive.metastore.HiveMetaStore$1
5804:             1             16  org.apache.hadoop.hive.metastore.HiveMetaStore$HMSHandler$1
5805:             1             16  org.apache.hadoop.hive.metastore.HiveMetaStore$HMSHandler$2
5806:             1             16  org.apache.hadoop.hive.metastore.HiveMetaStore$HMSHandler$3
5807:             1             16  org.apache.hadoop.hive.metastore.HiveMetaStore$HMSHandler$4
5808:             1             16  org.apache.hadoop.hive.metastore.HiveMetaStore$HMSHandler$5
5809:             1             16  org.apache.hadoop.hive.metastore.HiveMetaStore$HMSHandler$6
5810:             1             16  org.apache.hadoop.hive.metastore.HiveMetaStoreFsImpl
5811:             1             16  org.apache.hadoop.hive.metastore.MetaStoreUtils$2
5812:             1             16  org.apache.hadoop.hive.metastore.MetaStoreUtils$3
5813:             1             16  org.apache.hadoop.hive.metastore.SessionPropertiesListener
5814:             1             16  org.apache.hadoop.hive.metastore.api.AbortTxnRequest$AbortTxnRequestStandardSchemeFactory
5815:             1             16  org.apache.hadoop.hive.metastore.api.AbortTxnRequest$AbortTxnRequestTupleSchemeFactory
5816:             1             16  org.apache.hadoop.hive.metastore.api.AddDynamicPartitions$AddDynamicPartitionsStandardSchemeFactory
5817:             1             16  org.apache.hadoop.hive.metastore.api.AddDynamicPartitions$AddDynamicPartitionsTupleSchemeFactory
5818:             1             16  org.apache.hadoop.hive.metastore.api.AddPartitionsRequest$AddPartitionsRequestStandardSchemeFactory
5819:             1             16  org.apache.hadoop.hive.metastore.api.AddPartitionsRequest$AddPartitionsRequestTupleSchemeFactory
5820:             1             16  org.apache.hadoop.hive.metastore.api.CheckLockRequest$CheckLockRequestStandardSchemeFactory
5821:             1             16  org.apache.hadoop.hive.metastore.api.CheckLockRequest$CheckLockRequestTupleSchemeFactory
5822:             1             16  org.apache.hadoop.hive.metastore.api.ColumnStatistics$ColumnStatisticsStandardSchemeFactory
5823:             1             16  org.apache.hadoop.hive.metastore.api.ColumnStatistics$ColumnStatisticsTupleSchemeFactory
5824:             1             16  org.apache.hadoop.hive.metastore.api.CommitTxnRequest$CommitTxnRequestStandardSchemeFactory
5825:             1             16  org.apache.hadoop.hive.metastore.api.CommitTxnRequest$CommitTxnRequestTupleSchemeFactory
5826:             1             16  org.apache.hadoop.hive.metastore.api.CompactionRequest$CompactionRequestStandardSchemeFactory
5827:             1             16  org.apache.hadoop.hive.metastore.api.CompactionRequest$CompactionRequestTupleSchemeFactory
5828:             1             16  org.apache.hadoop.hive.metastore.api.Database$DatabaseStandardSchemeFactory
5829:             1             16  org.apache.hadoop.hive.metastore.api.Database$DatabaseTupleSchemeFactory
5830:             1             16  org.apache.hadoop.hive.metastore.api.DropPartitionsRequest$DropPartitionsRequestStandardSchemeFactory
5831:             1             16  org.apache.hadoop.hive.metastore.api.DropPartitionsRequest$DropPartitionsRequestTupleSchemeFactory
5832:             1             16  org.apache.hadoop.hive.metastore.api.EnvironmentContext$EnvironmentContextStandardSchemeFactory
5833:             1             16  org.apache.hadoop.hive.metastore.api.EnvironmentContext$EnvironmentContextTupleSchemeFactory
5834:             1             16  org.apache.hadoop.hive.metastore.api.FieldSchema$FieldSchemaStandardSchemeFactory
5835:             1             16  org.apache.hadoop.hive.metastore.api.FieldSchema$FieldSchemaTupleSchemeFactory
5836:             1             16  org.apache.hadoop.hive.metastore.api.FireEventRequest$FireEventRequestStandardSchemeFactory
5837:             1             16  org.apache.hadoop.hive.metastore.api.FireEventRequest$FireEventRequestTupleSchemeFactory
5838:             1             16  org.apache.hadoop.hive.metastore.api.Function$FunctionStandardSchemeFactory
5839:             1             16  org.apache.hadoop.hive.metastore.api.Function$FunctionTupleSchemeFactory
5840:             1             16  org.apache.hadoop.hive.metastore.api.GetPrincipalsInRoleRequest$GetPrincipalsInRoleRequestStandardSchemeFactory
5841:             1             16  org.apache.hadoop.hive.metastore.api.GetPrincipalsInRoleRequest$GetPrincipalsInRoleRequestTupleSchemeFactory
5842:             1             16  org.apache.hadoop.hive.metastore.api.GetRoleGrantsForPrincipalRequest$GetRoleGrantsForPrincipalRequestStandardSchemeFactory
5843:             1             16  org.apache.hadoop.hive.metastore.api.GetRoleGrantsForPrincipalRequest$GetRoleGrantsForPrincipalRequestTupleSchemeFactory
5844:             1             16  org.apache.hadoop.hive.metastore.api.GrantRevokePrivilegeRequest$GrantRevokePrivilegeRequestStandardSchemeFactory
5845:             1             16  org.apache.hadoop.hive.metastore.api.GrantRevokePrivilegeRequest$GrantRevokePrivilegeRequestTupleSchemeFactory
5846:             1             16  org.apache.hadoop.hive.metastore.api.GrantRevokeRoleRequest$GrantRevokeRoleRequestStandardSchemeFactory
5847:             1             16  org.apache.hadoop.hive.metastore.api.GrantRevokeRoleRequest$GrantRevokeRoleRequestTupleSchemeFactory
5848:             1             16  org.apache.hadoop.hive.metastore.api.HeartbeatRequest$HeartbeatRequestStandardSchemeFactory
5849:             1             16  org.apache.hadoop.hive.metastore.api.HeartbeatRequest$HeartbeatRequestTupleSchemeFactory
5850:             1             16  org.apache.hadoop.hive.metastore.api.HeartbeatTxnRangeRequest$HeartbeatTxnRangeRequestStandardSchemeFactory
5851:             1             16  org.apache.hadoop.hive.metastore.api.HeartbeatTxnRangeRequest$HeartbeatTxnRangeRequestTupleSchemeFactory
5852:             1             16  org.apache.hadoop.hive.metastore.api.HiveObjectPrivilege$HiveObjectPrivilegeStandardSchemeFactory
5853:             1             16  org.apache.hadoop.hive.metastore.api.HiveObjectPrivilege$HiveObjectPrivilegeTupleSchemeFactory
5854:             1             16  org.apache.hadoop.hive.metastore.api.HiveObjectRef$HiveObjectRefStandardSchemeFactory
5855:             1             16  org.apache.hadoop.hive.metastore.api.HiveObjectRef$HiveObjectRefTupleSchemeFactory
5856:             1             16  org.apache.hadoop.hive.metastore.api.Index$IndexStandardSchemeFactory
5857:             1             16  org.apache.hadoop.hive.metastore.api.Index$IndexTupleSchemeFactory
5858:             1             16  org.apache.hadoop.hive.metastore.api.InvalidObjectException$InvalidObjectExceptionStandardSchemeFactory
5859:             1             16  org.apache.hadoop.hive.metastore.api.InvalidObjectException$InvalidObjectExceptionTupleSchemeFactory
5860:             1             16  org.apache.hadoop.hive.metastore.api.LockRequest$LockRequestStandardSchemeFactory
5861:             1             16  org.apache.hadoop.hive.metastore.api.LockRequest$LockRequestTupleSchemeFactory
5862:             1             16  org.apache.hadoop.hive.metastore.api.MetaException$MetaExceptionStandardSchemeFactory
5863:             1             16  org.apache.hadoop.hive.metastore.api.MetaException$MetaExceptionTupleSchemeFactory
5864:             1             16  org.apache.hadoop.hive.metastore.api.NoSuchObjectException$NoSuchObjectExceptionStandardSchemeFactory
5865:             1             16  org.apache.hadoop.hive.metastore.api.NoSuchObjectException$NoSuchObjectExceptionTupleSchemeFactory
5866:             1             16  org.apache.hadoop.hive.metastore.api.NotificationEvent$NotificationEventStandardSchemeFactory
5867:             1             16  org.apache.hadoop.hive.metastore.api.NotificationEvent$NotificationEventTupleSchemeFactory
5868:             1             16  org.apache.hadoop.hive.metastore.api.NotificationEventRequest$NotificationEventRequestStandardSchemeFactory
5869:             1             16  org.apache.hadoop.hive.metastore.api.NotificationEventRequest$NotificationEventRequestTupleSchemeFactory
5870:             1             16  org.apache.hadoop.hive.metastore.api.OpenTxnRequest$OpenTxnRequestStandardSchemeFactory
5871:             1             16  org.apache.hadoop.hive.metastore.api.OpenTxnRequest$OpenTxnRequestTupleSchemeFactory
5872:             1             16  org.apache.hadoop.hive.metastore.api.Partition$PartitionStandardSchemeFactory
5873:             1             16  org.apache.hadoop.hive.metastore.api.Partition$PartitionTupleSchemeFactory
5874:             1             16  org.apache.hadoop.hive.metastore.api.PartitionsByExprRequest$PartitionsByExprRequestStandardSchemeFactory
5875:             1             16  org.apache.hadoop.hive.metastore.api.PartitionsByExprRequest$PartitionsByExprRequestTupleSchemeFactory
5876:             1             16  org.apache.hadoop.hive.metastore.api.PartitionsStatsRequest$PartitionsStatsRequestStandardSchemeFactory
5877:             1             16  org.apache.hadoop.hive.metastore.api.PartitionsStatsRequest$PartitionsStatsRequestTupleSchemeFactory
5878:             1             16  org.apache.hadoop.hive.metastore.api.PrivilegeBag$PrivilegeBagStandardSchemeFactory
5879:             1             16  org.apache.hadoop.hive.metastore.api.PrivilegeBag$PrivilegeBagTupleSchemeFactory
5880:             1             16  org.apache.hadoop.hive.metastore.api.PrivilegeGrantInfo$PrivilegeGrantInfoStandardSchemeFactory
5881:             1             16  org.apache.hadoop.hive.metastore.api.PrivilegeGrantInfo$PrivilegeGrantInfoTupleSchemeFactory
5882:             1             16  org.apache.hadoop.hive.metastore.api.Role$RoleStandardSchemeFactory
5883:             1             16  org.apache.hadoop.hive.metastore.api.Role$RoleTupleSchemeFactory
5884:             1             16  org.apache.hadoop.hive.metastore.api.SerDeInfo$SerDeInfoStandardSchemeFactory
5885:             1             16  org.apache.hadoop.hive.metastore.api.SerDeInfo$SerDeInfoTupleSchemeFactory
5886:             1             16  org.apache.hadoop.hive.metastore.api.SetPartitionsStatsRequest$SetPartitionsStatsRequestStandardSchemeFactory
5887:             1             16  org.apache.hadoop.hive.metastore.api.SetPartitionsStatsRequest$SetPartitionsStatsRequestTupleSchemeFactory
5888:             1             16  org.apache.hadoop.hive.metastore.api.ShowCompactRequest$ShowCompactRequestStandardSchemeFactory
5889:             1             16  org.apache.hadoop.hive.metastore.api.ShowCompactRequest$ShowCompactRequestTupleSchemeFactory
5890:             1             16  org.apache.hadoop.hive.metastore.api.ShowLocksRequest$ShowLocksRequestStandardSchemeFactory
5891:             1             16  org.apache.hadoop.hive.metastore.api.ShowLocksRequest$ShowLocksRequestTupleSchemeFactory
5892:             1             16  org.apache.hadoop.hive.metastore.api.SkewedInfo$SkewedInfoStandardSchemeFactory
5893:             1             16  org.apache.hadoop.hive.metastore.api.SkewedInfo$SkewedInfoTupleSchemeFactory
5894:             1             16  org.apache.hadoop.hive.metastore.api.StorageDescriptor$StorageDescriptorStandardSchemeFactory
5895:             1             16  org.apache.hadoop.hive.metastore.api.StorageDescriptor$StorageDescriptorTupleSchemeFactory
5896:             1             16  org.apache.hadoop.hive.metastore.api.Table$TableStandardSchemeFactory
5897:             1             16  org.apache.hadoop.hive.metastore.api.Table$TableTupleSchemeFactory
5898:             1             16  org.apache.hadoop.hive.metastore.api.TableStatsRequest$TableStatsRequestStandardSchemeFactory
5899:             1             16  org.apache.hadoop.hive.metastore.api.TableStatsRequest$TableStatsRequestTupleSchemeFactory
5900:             1             16  org.apache.hadoop.hive.metastore.api.Type$TypeStandardSchemeFactory
5901:             1             16  org.apache.hadoop.hive.metastore.api.Type$TypeTupleSchemeFactory
5902:             1             16  org.apache.hadoop.hive.metastore.api.UnlockRequest$UnlockRequestStandardSchemeFactory
5903:             1             16  org.apache.hadoop.hive.metastore.api.UnlockRequest$UnlockRequestTupleSchemeFactory
5904:             1             16  org.apache.hadoop.hive.ql.exec.Utilities$1
5905:             1             16  org.apache.hadoop.hive.ql.exec.Utilities$3
5906:             1             16  org.apache.hadoop.hive.ql.exec.Utilities$4
5907:             1             16  org.apache.hadoop.hive.ql.exec.Utilities$5
5908:             1             16  org.apache.hadoop.hive.ql.io.parquet.serde.primitive.ParquetByteInspector
5909:             1             16  org.apache.hadoop.hive.ql.io.parquet.serde.primitive.ParquetShortInspector
5910:             1             16  org.apache.hadoop.hive.ql.io.parquet.serde.primitive.ParquetStringInspector
5911:             1             16  org.apache.hadoop.hive.ql.metadata.Hive$1
5912:             1             16  org.apache.hadoop.hive.ql.metadata.Hive$2
5913:             1             16  org.apache.hadoop.hive.ql.optimizer.ppr.PartitionExpressionForMetastore
5914:             1             16  org.apache.hadoop.hive.ql.security.authorization.plugin.AuthorizationMetaStoreFilterHook
5915:             1             16  org.apache.hadoop.hive.ql.session.SessionState$1
5916:             1             16  org.apache.hadoop.io.EnumSetWritable$1
5917:             1             16  org.apache.hadoop.io.Text$1
5918:             1             16  org.apache.hadoop.io.Text$2
5919:             1             16  org.apache.hadoop.io.nativeio.NativeIO$POSIX$CacheManipulator
5920:             1             16  org.apache.hadoop.io.retry.RetryPolicies$1
5921:             1             16  org.apache.hadoop.io.retry.RetryPolicies$RetryForever
5922:             1             16  org.apache.hadoop.io.retry.RetryPolicies$TryOnceThenFail
5923:             1             16  org.apache.hadoop.ipc.ClientCache
5924:             1             16  org.apache.hadoop.ipc.ProtobufRpcEngine
5925:             1             16  org.apache.hadoop.ipc.ProtobufRpcEngine$Server$ProtoBufRpcInvoker
5926:             1             16  org.apache.hadoop.ipc.protobuf.IpcConnectionContextProtos$IpcConnectionContextProto$1
5927:             1             16  org.apache.hadoop.ipc.protobuf.IpcConnectionContextProtos$UserInformationProto$1
5928:             1             16  org.apache.hadoop.ipc.protobuf.ProtobufRpcEngineProtos$RequestHeaderProto$1
5929:             1             16  org.apache.hadoop.ipc.protobuf.RpcHeaderProtos$RPCTraceInfoProto$1
5930:             1             16  org.apache.hadoop.ipc.protobuf.RpcHeaderProtos$RpcKindProto$1
5931:             1             16  org.apache.hadoop.ipc.protobuf.RpcHeaderProtos$RpcRequestHeaderProto$1
5932:             1             16  org.apache.hadoop.ipc.protobuf.RpcHeaderProtos$RpcRequestHeaderProto$OperationProto$1
5933:             1             16  org.apache.hadoop.ipc.protobuf.RpcHeaderProtos$RpcResponseHeaderProto$1
5934:             1             16  org.apache.hadoop.ipc.protobuf.RpcHeaderProtos$RpcResponseHeaderProto$RpcErrorCodeProto$1
5935:             1             16  org.apache.hadoop.ipc.protobuf.RpcHeaderProtos$RpcResponseHeaderProto$RpcStatusProto$1
5936:             1             16  org.apache.hadoop.mapred.Counters$GroupFactory
5937:             1             16  org.apache.hadoop.mapred.FileInputFormat$1
5938:             1             16  org.apache.hadoop.metrics2.lib.MetricsSourceBuilder$1
5939:             1             16  org.apache.hadoop.metrics2.lib.MutableMetricsFactory
5940:             1             16  org.apache.hadoop.net.SocketIOWithTimeout$SelectorPool
5941:             1             16  org.apache.hadoop.net.unix.DomainSocketWatcher$1
5942:             1             16  org.apache.hadoop.net.unix.DomainSocketWatcher$2
5943:             1             16  org.apache.hadoop.net.unix.DomainSocketWatcher$NotificationHandler
5944:             1             16  org.apache.hadoop.security.Groups$GroupCacheLoader
5945:             1             16  org.apache.hadoop.security.Groups$TimerToTickerAdapter
5946:             1             16  org.apache.hadoop.security.JniBasedUnixGroupsMapping
5947:             1             16  org.apache.hadoop.security.JniBasedUnixGroupsMappingWithFallback
5948:             1             16  org.apache.hadoop.security.SecurityUtil$StandardHostResolver
5949:             1             16  org.apache.hadoop.security.UserGroupInformation$HadoopConfiguration
5950:             1             16  org.apache.hadoop.security.UserGroupInformation$HadoopLoginModule
5951:             1             16  org.apache.hadoop.security.proto.SecurityProtos$CancelDelegationTokenRequestProto$1
5952:             1             16  org.apache.hadoop.security.proto.SecurityProtos$GetDelegationTokenRequestProto$1
5953:             1             16  org.apache.hadoop.security.proto.SecurityProtos$RenewDelegationTokenRequestProto$1
5954:             1             16  org.apache.hadoop.security.proto.SecurityProtos$TokenProto$1
5955:             1             16  org.apache.hadoop.security.token.Token$TrivialRenewer
5956:             1             16  org.apache.hadoop.util.ReflectionUtils$1
5957:             1             16  org.apache.hadoop.util.Timer
5958:             1             16  org.apache.hadoop.util.VersionInfo
5959:             1             16  org.apache.hive.jdbc.HiveDriver
5960:             1             16  org.apache.hive.jdbc.HiveDriver
5961:             1             16  org.apache.ivy.plugins.circular.ErrorCircularDependencyStrategy
5962:             1             16  org.apache.ivy.plugins.latest.LatestLexicographicStrategy$1
5963:             1             16  org.apache.ivy.plugins.latest.LatestTimeStrategy$1
5964:             1             16  org.apache.ivy.plugins.matcher.ExactOrRegexpPatternMatcher
5965:             1             16  org.apache.ivy.plugins.matcher.ExactPatternMatcher
5966:             1             16  org.apache.ivy.plugins.matcher.GlobPatternMatcher
5967:             1             16  org.apache.ivy.plugins.matcher.RegexpPatternMatcher
5968:             1             16  org.apache.log4j.DefaultCategoryFactory
5969:             1             16  org.apache.log4j.helpers.AppenderAttachableImpl
5970:             1             16  org.apache.log4j.or.DefaultRenderer
5971:             1             16  org.apache.log4j.or.RendererMap
5972:             1             16  org.apache.log4j.spi.DefaultRepositorySelector
5973:             1             16  org.apache.parquet.format.converter.ParquetMetadataConverter
5974:             1             16  org.apache.parquet.format.converter.ParquetMetadataConverter$NoFilter
5975:             1             16  org.apache.parquet.format.converter.ParquetMetadataConverter$SkipMetadataFilter
5976:             1             16  org.apache.parquet.hadoop.ParquetFileWriter$1
5977:             1             16  org.apache.spark.CleanShuffle
5978:             1             16  org.apache.spark.ContextCleaner$
5979:             1             16  org.apache.spark.ContextCleaner$$anon$2
5980:             1             16  org.apache.spark.ContextCleaner$$anonfun$org$apache$spark$ContextCleaner$$keepCleaning$1
5981:             1             16  org.apache.spark.ExpireDeadHosts$
5982:             1             16  org.apache.spark.HeartbeatReceiver$
5983:             1             16  org.apache.spark.HeartbeatReceiver$$anon$1
5984:             1             16  org.apache.spark.RangePartitioner$
5985:             1             16  org.apache.spark.Resubmitted$
5986:             1             16  org.apache.spark.SSLOptions$
5987:             1             16  org.apache.spark.ShuffleDependency$
5988:             1             16  org.apache.spark.SparkConf$$anon$1
5989:             1             16  org.apache.spark.SparkConf$$anonfun$3
5990:             1             16  org.apache.spark.SparkConf$$anonfun$4
5991:             1             16  org.apache.spark.SparkConf$AlternateConfig$
5992:             1             16  org.apache.spark.SparkContext$$anon$2
5993:             1             16  org.apache.spark.SparkContext$$anonfun$2
5994:             1             16  org.apache.spark.Success$
5995:             1             16  org.apache.spark.TaskContext$
5996:             1             16  org.apache.spark.TaskSchedulerIsSet$
5997:             1             16  org.apache.spark.broadcast.TorrentBroadcast$
5998:             1             16  org.apache.spark.broadcast.TorrentBroadcastFactory
5999:             1             16  org.apache.spark.deploy.OptionAssigner$
6000:             1             16  org.apache.spark.deploy.SparkSubmitArguments$
6001:             1             16  org.apache.spark.deploy.SparkSubmitUtils$
6002:             1             16  org.apache.spark.executor.Executor$
6003:             1             16  org.apache.spark.executor.Executor$$anon$1
6004:             1             16  org.apache.spark.executor.Executor$$anon$2
6005:             1             16  org.apache.spark.executor.ExecutorSource$$anon$2
6006:             1             16  org.apache.spark.executor.ExecutorSource$$anon$3
6007:             1             16  org.apache.spark.executor.ExecutorSource$$anon$4
6008:             1             16  org.apache.spark.executor.ExecutorSource$$anon$5
6009:             1             16  org.apache.spark.executor.TaskMetrics$
6010:             1             16  org.apache.spark.internal.config.ConfigEntry$
6011:             1             16  org.apache.spark.internal.config.ConfigHelpers$
6012:             1             16  org.apache.spark.internal.config.ConfigReader$
6013:             1             16  org.apache.spark.internal.config.SparkConfigProvider
6014:             1             16  org.apache.spark.io.LZ4CompressionCodec
6015:             1             16  org.apache.spark.memory.UnifiedMemoryManager$
6016:             1             16  org.apache.spark.metrics.sink.MetricsServlet$$anonfun$getHandlers$1
6017:             1             16  org.apache.spark.metrics.source.StaticSources$
6018:             1             16  org.apache.spark.network.netty.SparkTransportConf$
6019:             1             16  org.apache.spark.network.server.NoOpRpcHandler
6020:             1             16  org.apache.spark.network.server.RpcHandler$OneWayRpcCallback
6021:             1             16  org.apache.spark.rdd.MapPartitionsRDD$
6022:             1             16  org.apache.spark.rdd.ParallelCollectionRDD$
6023:             1             16  org.apache.spark.rdd.RDD$
6024:             1             16  org.apache.spark.rdd.RDD$$anonfun$mapPartitionsInternal$1$$anonfun$apply$25
6025:             1             16  org.apache.spark.rdd.RDD$$anonfun$mapPartitionsWithIndex$1$$anonfun$apply$26
6026:             1             16  org.apache.spark.repl.ExecutorClassLoader$$anonfun$1
6027:             1             16  org.apache.spark.repl.Main$$anonfun$2
6028:             1             16  org.apache.spark.repl.Signaling$
6029:             1             16  org.apache.spark.repl.Signaling$$anonfun$cancelOnInterrupt$1
6030:             1             16  org.apache.spark.rpc.RpcEndpointAddress$
6031:             1             16  org.apache.spark.rpc.RpcEnv$
6032:             1             16  org.apache.spark.rpc.RpcTimeout$
6033:             1             16  org.apache.spark.rpc.netty.OnStart$
6034:             1             16  org.apache.spark.rpc.netty.OnStop$
6035:             1             16  org.apache.spark.rpc.netty.RpcEndpointVerifier$
6036:             1             16  org.apache.spark.scheduler.AccumulableInfo$
6037:             1             16  org.apache.spark.scheduler.AllJobsCancelled$
6038:             1             16  org.apache.spark.scheduler.DAGSchedulerSource$$anon$1
6039:             1             16  org.apache.spark.scheduler.DAGSchedulerSource$$anon$2
6040:             1             16  org.apache.spark.scheduler.DAGSchedulerSource$$anon$3
6041:             1             16  org.apache.spark.scheduler.DAGSchedulerSource$$anon$4
6042:             1             16  org.apache.spark.scheduler.DAGSchedulerSource$$anon$5
6043:             1             16  org.apache.spark.scheduler.FIFOSchedulingAlgorithm
6044:             1             16  org.apache.spark.scheduler.JobSucceeded$
6045:             1             16  org.apache.spark.scheduler.LiveListenerBus$$anon$1$$anonfun$run$1$$anonfun$apply$mcV$sp$1
6046:             1             16  org.apache.spark.scheduler.StageInfo$
6047:             1             16  org.apache.spark.scheduler.TaskSchedulerImpl$
6048:             1             16  org.apache.spark.scheduler.TaskSetManager$
6049:             1             16  org.apache.spark.scheduler.local.ReviveOffers$
6050:             1             16  org.apache.spark.shuffle.BlockStoreShuffleReader$
6051:             1             16  org.apache.spark.shuffle.IndexShuffleBlockResolver$
6052:             1             16  org.apache.spark.shuffle.sort.SortShuffleWriter$
6053:             1             16  org.apache.spark.sql.AnalysisException$
6054:             1             16  org.apache.spark.sql.Column$
6055:             1             16  org.apache.spark.sql.Dataset$
6056:             1             16  org.apache.spark.sql.RelationalGroupedDataset$
6057:             1             16  org.apache.spark.sql.RelationalGroupedDataset$GroupByType$
6058:             1             16  org.apache.spark.sql.Row$
6059:             1             16  org.apache.spark.sql.RuntimeConfig
6060:             1             16  org.apache.spark.sql.SQLContext$
6061:             1             16  org.apache.spark.sql.SparkSession$Builder$$anon$1
6062:             1             16  org.apache.spark.sql.SparkSession$implicits$
6063:             1             16  org.apache.spark.sql.catalyst.CatalystTypeConverters$
6064:             1             16  org.apache.spark.sql.catalyst.CatalystTypeConverters$StringConverter$
6065:             1             16  org.apache.spark.sql.catalyst.InternalRow$
6066:             1             16  org.apache.spark.sql.catalyst.analysis.AnalysisContext$
6067:             1             16  org.apache.spark.sql.catalyst.analysis.AnalysisContext$$anon$2
6068:             1             16  org.apache.spark.sql.catalyst.analysis.Analyzer$ExtractGenerator$AliasedGenerator$
6069:             1             16  org.apache.spark.sql.catalyst.analysis.DecimalPrecision$$anonfun$1
6070:             1             16  org.apache.spark.sql.catalyst.analysis.DecimalPrecision$$anonfun$2
6071:             1             16  org.apache.spark.sql.catalyst.analysis.DecimalPrecision$$anonfun$3
6072:             1             16  org.apache.spark.sql.catalyst.analysis.ResolveTableValuedFunctions$$anonfun$1
6073:             1             16  org.apache.spark.sql.catalyst.analysis.ResolveTableValuedFunctions$$anonfun$2
6074:             1             16  org.apache.spark.sql.catalyst.analysis.ResolveTableValuedFunctions$$anonfun$3
6075:             1             16  org.apache.spark.sql.catalyst.analysis.ResolveTableValuedFunctions$$anonfun$4
6076:             1             16  org.apache.spark.sql.catalyst.analysis.ResolveTimeZone$$anonfun$1
6077:             1             16  org.apache.spark.sql.catalyst.analysis.TypeCheckResult$TypeCheckSuccess$
6078:             1             16  org.apache.spark.sql.catalyst.analysis.TypeCoercion$$anonfun$1
6079:             1             16  org.apache.spark.sql.catalyst.analysis.TypeCoercion$$anonfun$3
6080:             1             16  org.apache.spark.sql.catalyst.analysis.UnresolvedAlias$
6081:             1             16  org.apache.spark.sql.catalyst.analysis.UnresolvedAttribute$
6082:             1             16  org.apache.spark.sql.catalyst.analysis.UnresolvedDeserializer$
6083:             1             16  org.apache.spark.sql.catalyst.analysis.UnresolvedFunction$
6084:             1             16  org.apache.spark.sql.catalyst.analysis.UnsupportedOperationChecker$
6085:             1             16  org.apache.spark.sql.catalyst.analysis.package$$anonfun$1
6086:             1             16  org.apache.spark.sql.catalyst.analysis.package$$anonfun$2
6087:             1             16  org.apache.spark.sql.catalyst.catalog.CatalogStatistics$
6088:             1             16  org.apache.spark.sql.catalyst.catalog.CatalogUtils$
6089:             1             16  org.apache.spark.sql.catalyst.catalog.SessionCatalog$
6090:             1             16  org.apache.spark.sql.catalyst.dsl.package$expressions$
6091:             1             16  org.apache.spark.sql.catalyst.encoders.RowEncoder$
6092:             1             16  org.apache.spark.sql.catalyst.encoders.package$
6093:             1             16  org.apache.spark.sql.catalyst.errors.package$
6094:             1             16  org.apache.spark.sql.catalyst.expressions.Add$
6095:             1             16  org.apache.spark.sql.catalyst.expressions.Alias$
6096:             1             16  org.apache.spark.sql.catalyst.expressions.And$
6097:             1             16  org.apache.spark.sql.catalyst.expressions.Ascending$
6098:             1             16  org.apache.spark.sql.catalyst.expressions.AttributeMap$
6099:             1             16  org.apache.spark.sql.catalyst.expressions.AttributeReference$
6100:             1             16  org.apache.spark.sql.catalyst.expressions.AttributeSet
6101:             1             16  org.apache.spark.sql.catalyst.expressions.AttributeSet$
6102:             1             16  org.apache.spark.sql.catalyst.expressions.BinaryArithmetic$
6103:             1             16  org.apache.spark.sql.catalyst.expressions.BinaryComparison$
6104:             1             16  org.apache.spark.sql.catalyst.expressions.BinaryOperator$
6105:             1             16  org.apache.spark.sql.catalyst.expressions.BindReferences$
6106:             1             16  org.apache.spark.sql.catalyst.expressions.Canonicalize$
6107:             1             16  org.apache.spark.sql.catalyst.expressions.Cast$
6108:             1             16  org.apache.spark.sql.catalyst.expressions.CreateStruct$
6109:             1             16  org.apache.spark.sql.catalyst.expressions.Equality$
6110:             1             16  org.apache.spark.sql.catalyst.expressions.ExprId$
6111:             1             16  org.apache.spark.sql.catalyst.expressions.ExpressionSet$
6112:             1             16  org.apache.spark.sql.catalyst.expressions.GeneratedClass
6113:             1             16  org.apache.spark.sql.catalyst.expressions.GeneratedClass
6114:             1             16  org.apache.spark.sql.catalyst.expressions.GeneratedClass
6115:             1             16  org.apache.spark.sql.catalyst.expressions.GeneratedClass
6116:             1             16  org.apache.spark.sql.catalyst.expressions.GeneratedClass
6117:             1             16  org.apache.spark.sql.catalyst.expressions.GeneratedClass
6118:             1             16  org.apache.spark.sql.catalyst.expressions.GeneratedClass
6119:             1             16  org.apache.spark.sql.catalyst.expressions.GeneratedClass
6120:             1             16  org.apache.spark.sql.catalyst.expressions.GeneratedClass
6121:             1             16  org.apache.spark.sql.catalyst.expressions.GeneratedClass
6122:             1             16  org.apache.spark.sql.catalyst.expressions.GeneratedClass
6123:             1             16  org.apache.spark.sql.catalyst.expressions.GeneratedClass
6124:             1             16  org.apache.spark.sql.catalyst.expressions.GeneratedClass
6125:             1             16  org.apache.spark.sql.catalyst.expressions.GeneratedClass
6126:             1             16  org.apache.spark.sql.catalyst.expressions.GeneratedClass
6127:             1             16  org.apache.spark.sql.catalyst.expressions.GeneratedClass
6128:             1             16  org.apache.spark.sql.catalyst.expressions.GeneratedClass
6129:             1             16  org.apache.spark.sql.catalyst.expressions.GeneratedClass
6130:             1             16  org.apache.spark.sql.catalyst.expressions.GeneratedClass
6131:             1             16  org.apache.spark.sql.catalyst.expressions.GeneratedClass
6132:             1             16  org.apache.spark.sql.catalyst.expressions.GeneratedClass
6133:             1             16  org.apache.spark.sql.catalyst.expressions.GeneratedClass
6134:             1             16  org.apache.spark.sql.catalyst.expressions.GeneratedClass
6135:             1             16  org.apache.spark.sql.catalyst.expressions.GeneratedClass
6136:             1             16  org.apache.spark.sql.catalyst.expressions.GeneratedClass
6137:             1             16  org.apache.spark.sql.catalyst.expressions.GeneratedClass
6138:             1             16  org.apache.spark.sql.catalyst.expressions.GeneratedClass
6139:             1             16  org.apache.spark.sql.catalyst.expressions.GeneratedClass
6140:             1             16  org.apache.spark.sql.catalyst.expressions.GeneratedClass
6141:             1             16  org.apache.spark.sql.catalyst.expressions.GeneratedClass
6142:             1             16  org.apache.spark.sql.catalyst.expressions.GeneratedClass
6143:             1             16  org.apache.spark.sql.catalyst.expressions.GeneratedClass
6144:             1             16  org.apache.spark.sql.catalyst.expressions.GeneratedClass
6145:             1             16  org.apache.spark.sql.catalyst.expressions.GeneratedClass
6146:             1             16  org.apache.spark.sql.catalyst.expressions.GeneratedClass
6147:             1             16  org.apache.spark.sql.catalyst.expressions.GeneratedClass
6148:             1             16  org.apache.spark.sql.catalyst.expressions.GeneratedClass
6149:             1             16  org.apache.spark.sql.catalyst.expressions.GeneratedClass
6150:             1             16  org.apache.spark.sql.catalyst.expressions.GenericInternalRow
6151:             1             16  org.apache.spark.sql.catalyst.expressions.IntegerLiteral$
6152:             1             16  org.apache.spark.sql.catalyst.expressions.IsNotNull$
6153:             1             16  org.apache.spark.sql.catalyst.expressions.NullsFirst$
6154:             1             16  org.apache.spark.sql.catalyst.expressions.NullsLast$
6155:             1             16  org.apache.spark.sql.catalyst.expressions.RowOrdering$
6156:             1             16  org.apache.spark.sql.catalyst.expressions.ScalarSubquery$
6157:             1             16  org.apache.spark.sql.catalyst.expressions.SortOrder$
6158:             1             16  org.apache.spark.sql.catalyst.expressions.SubExprUtils$
6159:             1             16  org.apache.spark.sql.catalyst.expressions.SubqueryExpression$
6160:             1             16  org.apache.spark.sql.catalyst.expressions.UnsafeProjection$
6161:             1             16  org.apache.spark.sql.catalyst.expressions.aggregate.AggregateExpression$
6162:             1             16  org.apache.spark.sql.catalyst.expressions.aggregate.Complete$
6163:             1             16  org.apache.spark.sql.catalyst.expressions.aggregate.Count$
6164:             1             16  org.apache.spark.sql.catalyst.expressions.aggregate.Final$
6165:             1             16  org.apache.spark.sql.catalyst.expressions.aggregate.Partial$
6166:             1             16  org.apache.spark.sql.catalyst.expressions.aggregate.PartialMerge$
6167:             1             16  org.apache.spark.sql.catalyst.expressions.aggregate.Sum$
6168:             1             16  org.apache.spark.sql.catalyst.expressions.codegen.CodeFormatter$
6169:             1             16  org.apache.spark.sql.catalyst.expressions.codegen.CodeGenerator$$anon$1
6170:             1             16  org.apache.spark.sql.catalyst.expressions.objects.Invoke$
6171:             1             16  org.apache.spark.sql.catalyst.expressions.objects.StaticInvoke$
6172:             1             16  org.apache.spark.sql.catalyst.expressions.package$
6173:             1             16  org.apache.spark.sql.catalyst.package$ScalaReflectionLock$
6174:             1             16  org.apache.spark.sql.catalyst.parser.ParseErrorListener$
6175:             1             16  org.apache.spark.sql.catalyst.parser.ParserUtils$
6176:             1             16  org.apache.spark.sql.catalyst.parser.ParserUtils$EnhancedLogicalPlan$
6177:             1             16  org.apache.spark.sql.catalyst.parser.PostProcessor$
6178:             1             16  org.apache.spark.sql.catalyst.planning.ExtractEquiJoinKeys$
6179:             1             16  org.apache.spark.sql.catalyst.planning.ExtractFiltersAndInnerJoins$
6180:             1             16  org.apache.spark.sql.catalyst.planning.PhysicalAggregation$
6181:             1             16  org.apache.spark.sql.catalyst.planning.PhysicalOperation$
6182:             1             16  org.apache.spark.sql.catalyst.plans.FullOuter$
6183:             1             16  org.apache.spark.sql.catalyst.plans.Inner$
6184:             1             16  org.apache.spark.sql.catalyst.plans.LeftAnti$
6185:             1             16  org.apache.spark.sql.catalyst.plans.LeftExistence$
6186:             1             16  org.apache.spark.sql.catalyst.plans.LeftOuter$
6187:             1             16  org.apache.spark.sql.catalyst.plans.LeftSemi$
6188:             1             16  org.apache.spark.sql.catalyst.plans.RightOuter$
6189:             1             16  org.apache.spark.sql.catalyst.plans.logical.CatalystSerde$
6190:             1             16  org.apache.spark.sql.catalyst.plans.logical.EventTimeWatermark$
6191:             1             16  org.apache.spark.sql.catalyst.plans.logical.HintInfo$
6192:             1             16  org.apache.spark.sql.catalyst.plans.logical.Limit$
6193:             1             16  org.apache.spark.sql.catalyst.plans.logical.LocalRelation$
6194:             1             16  org.apache.spark.sql.catalyst.plans.logical.Statistics$
6195:             1             16  org.apache.spark.sql.catalyst.plans.physical.AllTuples$
6196:             1             16  org.apache.spark.sql.catalyst.plans.physical.SinglePartition$
6197:             1             16  org.apache.spark.sql.catalyst.plans.physical.UnspecifiedDistribution$
6198:             1             16  org.apache.spark.sql.catalyst.rules.RuleExecutor$
6199:             1             16  org.apache.spark.sql.catalyst.trees.CurrentOrigin$
6200:             1             16  org.apache.spark.sql.catalyst.trees.CurrentOrigin$$anon$1
6201:             1             16  org.apache.spark.sql.catalyst.trees.Origin$
6202:             1             16  org.apache.spark.sql.catalyst.util.CaseInsensitiveMap$
6203:             1             16  org.apache.spark.sql.catalyst.util.DateTimeUtils$$anon$1
6204:             1             16  org.apache.spark.sql.catalyst.util.DateTimeUtils$$anon$2
6205:             1             16  org.apache.spark.sql.catalyst.util.DateTimeUtils$$anon$3
6206:             1             16  org.apache.spark.sql.catalyst.util.DateTimeUtils$$anon$4
6207:             1             16  org.apache.spark.sql.catalyst.util.StringKeyHashMap$
6208:             1             16  org.apache.spark.sql.catalyst.util.TypeUtils$
6209:             1             16  org.apache.spark.sql.catalyst.util.package$
6210:             1             16  org.apache.spark.sql.execution.PartitionIdPassthrough
6211:             1             16  org.apache.spark.sql.execution.SortExec$
6212:             1             16  org.apache.spark.sql.execution.SortPrefixUtils$
6213:             1             16  org.apache.spark.sql.execution.SparkPlanInfo$
6214:             1             16  org.apache.spark.sql.execution.SparkStrategies$Aggregation$
6215:             1             16  org.apache.spark.sql.execution.SparkStrategies$SpecialLimits$
6216:             1             16  org.apache.spark.sql.execution.UnsafeRowSerializer$
6217:             1             16  org.apache.spark.sql.execution.WholeStageCodegenExec$
6218:             1             16  org.apache.spark.sql.execution.aggregate.AggUtils$
6219:             1             16  org.apache.spark.sql.execution.aggregate.HashAggregateExec$
6220:             1             16  org.apache.spark.sql.execution.command.DDLUtils$
6221:             1             16  org.apache.spark.sql.execution.command.ExplainCommand$
6222:             1             16  org.apache.spark.sql.execution.datasources.DataSourceStrategy$
6223:             1             16  org.apache.spark.sql.execution.datasources.FileSourceStrategy$
6224:             1             16  org.apache.spark.sql.execution.datasources.FileStatusCache$
6225:             1             16  org.apache.spark.sql.execution.datasources.InMemoryFileIndex$
6226:             1             16  org.apache.spark.sql.execution.datasources.LogicalRelation$
6227:             1             16  org.apache.spark.sql.execution.datasources.PreWriteCheck$
6228:             1             16  org.apache.spark.sql.execution.datasources.SharedInMemoryCache$$anon$2
6229:             1             16  org.apache.spark.sql.execution.datasources.jdbc.DriverWrapper
6230:             1             16  org.apache.spark.sql.execution.datasources.jdbc.JDBCRDD$
6231:             1             16  org.apache.spark.sql.execution.datasources.jdbc.JDBCRelation$
6232:             1             16  org.apache.spark.sql.execution.datasources.jdbc.JdbcUtils$
6233:             1             16  org.apache.spark.sql.execution.datasources.parquet.ParquetFileFormat$
6234:             1             16  org.apache.spark.sql.execution.datasources.parquet.ParquetLogRedirector
6235:             1             16  org.apache.spark.sql.execution.exchange.ShuffleExchange$
6236:             1             16  org.apache.spark.sql.execution.exchange.ShuffleExchange$$anon$1
6237:             1             16  org.apache.spark.sql.execution.metric.SQLMetric$
6238:             1             16  org.apache.spark.sql.execution.streaming.state.StateStoreCoordinatorRef
6239:             1             16  org.apache.spark.sql.execution.ui.SQLStageMetrics$
6240:             1             16  org.apache.spark.sql.execution.ui.SQLTab$
6241:             1             16  org.apache.spark.sql.execution.ui.SparkPlanGraph$
6242:             1             16  org.apache.spark.sql.functions$
6243:             1             16  org.apache.spark.sql.hive.HiveMetastoreCatalog$
6244:             1             16  org.apache.spark.sql.hive.HiveSessionStateBuilder$$anonfun$newBuilder$1
6245:             1             16  org.apache.spark.sql.hive.HiveStrategies$Scripts$
6246:             1             16  org.apache.spark.sql.hive.client.HiveClientImpl$
6247:             1             16  org.apache.spark.sql.hive.client.package$HiveVersion$
6248:             1             16  org.apache.spark.sql.internal.BaseSessionStateBuilder$$anonfun$createClone$1
6249:             1             16  org.apache.spark.sql.internal.BaseSessionStateBuilder$$anonfun$createQueryExecution$1
6250:             1             16  org.apache.spark.sql.internal.SQLConf$$anonfun$1
6251:             1             16  org.apache.spark.sql.internal.SQLConf$$anonfun$2
6252:             1             16  org.apache.spark.sql.internal.SQLConf$$anonfun$3
6253:             1             16  org.apache.spark.sql.internal.SQLConf$$anonfun$4
6254:             1             16  org.apache.spark.sql.internal.SQLConf$$anonfun$5
6255:             1             16  org.apache.spark.sql.internal.SQLConf$$anonfun$6
6256:             1             16  org.apache.spark.sql.internal.SQLConf$$anonfun$8
6257:             1             16  org.apache.spark.sql.internal.SessionState$
6258:             1             16  org.apache.spark.sql.internal.SharedState$$anon$1
6259:             1             16  org.apache.spark.sql.internal.StaticSQLConf$$anonfun$1
6260:             1             16  org.apache.spark.sql.internal.VariableSubstitution$$anon$1
6261:             1             16  org.apache.spark.sql.jdbc.DB2Dialect$
6262:             1             16  org.apache.spark.sql.jdbc.DerbyDialect$
6263:             1             16  org.apache.spark.sql.jdbc.JdbcDialects$
6264:             1             16  org.apache.spark.sql.jdbc.MsSqlServerDialect$
6265:             1             16  org.apache.spark.sql.jdbc.MySQLDialect$
6266:             1             16  org.apache.spark.sql.jdbc.OracleDialect$
6267:             1             16  org.apache.spark.sql.jdbc.PostgresDialect$
6268:             1             16  org.apache.spark.sql.types.AnyDataType$
6269:             1             16  org.apache.spark.sql.types.BinaryType$$anon$1
6270:             1             16  org.apache.spark.sql.types.CalendarIntervalType$
6271:             1             16  org.apache.spark.sql.types.DataType$
6272:             1             16  org.apache.spark.sql.types.DataType$JSortedObject$
6273:             1             16  org.apache.spark.sql.types.Decimal$DecimalAsIfIntegral$
6274:             1             16  org.apache.spark.sql.types.Decimal$DecimalIsFractional$
6275:             1             16  org.apache.spark.sql.types.DecimalType$Expression$
6276:             1             16  org.apache.spark.sql.types.DecimalType$Fixed$
6277:             1             16  org.apache.spark.sql.types.DoubleType$$anon$1
6278:             1             16  org.apache.spark.sql.types.FloatType$$anon$1
6279:             1             16  org.apache.spark.sql.types.HiveStringType$
6280:             1             16  org.apache.spark.sql.types.Metadata$
6281:             1             16  org.apache.spark.sql.types.NullType$
6282:             1             16  org.apache.spark.sql.types.NumericType$
6283:             1             16  org.apache.spark.sql.types.StructType$
6284:             1             16  org.apache.spark.sql.types.package$
6285:             1             16  org.apache.spark.status.api.v1.ApiRootResource$
6286:             1             16  org.apache.spark.status.api.v1.UIRootFromServletContext$
6287:             1             16  org.apache.spark.storage.BlockManager$
6288:             1             16  org.apache.spark.storage.BlockManagerId$
6289:             1             16  org.apache.spark.storage.BlockManagerMaster$
6290:             1             16  org.apache.spark.storage.BlockManagerMessages$GetMemoryStatus$
6291:             1             16  org.apache.spark.storage.BlockManagerMessages$GetStorageStatus$
6292:             1             16  org.apache.spark.storage.BlockManagerMessages$StopBlockManagerMaster$
6293:             1             16  org.apache.spark.storage.BlockManagerSource$$anonfun$1
6294:             1             16  org.apache.spark.storage.BlockManagerSource$$anonfun$10
6295:             1             16  org.apache.spark.storage.BlockManagerSource$$anonfun$2
6296:             1             16  org.apache.spark.storage.BlockManagerSource$$anonfun$3
6297:             1             16  org.apache.spark.storage.BlockManagerSource$$anonfun$4
6298:             1             16  org.apache.spark.storage.BlockManagerSource$$anonfun$5
6299:             1             16  org.apache.spark.storage.BlockManagerSource$$anonfun$6
6300:             1             16  org.apache.spark.storage.BlockManagerSource$$anonfun$7
6301:             1             16  org.apache.spark.storage.BlockManagerSource$$anonfun$8
6302:             1             16  org.apache.spark.storage.BlockManagerSource$$anonfun$9
6303:             1             16  org.apache.spark.storage.BlockStatus$
6304:             1             16  org.apache.spark.storage.BlockUpdatedInfo$
6305:             1             16  org.apache.spark.storage.BroadcastBlockId$
6306:             1             16  org.apache.spark.storage.DefaultTopologyMapper
6307:             1             16  org.apache.spark.storage.DiskBlockManager$$anonfun$addShutdownHook$1
6308:             1             16  org.apache.spark.storage.RDDInfo$
6309:             1             16  org.apache.spark.storage.RandomBlockReplicationPolicy
6310:             1             16  org.apache.spark.storage.StorageStatus$NonRddStorageInfo$
6311:             1             16  org.apache.spark.storage.StorageUtils$
6312:             1             16  org.apache.spark.ui.JettyUtils$$anonfun$createRedirectHandler$default$3$1
6313:             1             16  org.apache.spark.ui.JettyUtils$ServletParams$
6314:             1             16  org.apache.spark.ui.JettyUtils$ServletParams$$anonfun$$lessinit$greater$default$3$1
6315:             1             16  org.apache.spark.ui.SparkUI$$anonfun$3
6316:             1             16  org.apache.spark.ui.SparkUI$$anonfun$4
6317:             1             16  org.apache.spark.ui.exec.ExecutorTaskSummary$
6318:             1             16  org.apache.spark.ui.jobs.UIData$InputMetricsUIData$
6319:             1             16  org.apache.spark.ui.jobs.UIData$JobUIData$
6320:             1             16  org.apache.spark.ui.jobs.UIData$OutputMetricsUIData$
6321:             1             16  org.apache.spark.ui.jobs.UIData$ShuffleReadMetricsUIData$
6322:             1             16  org.apache.spark.ui.jobs.UIData$ShuffleWriteMetricsUIData$
6323:             1             16  org.apache.spark.ui.jobs.UIData$TaskMetricsUIData$
6324:             1             16  org.apache.spark.ui.jobs.UIData$TaskUIData$
6325:             1             16  org.apache.spark.unsafe.map.HashMapGrowthStrategy$Doubling
6326:             1             16  org.apache.spark.unsafe.memory.HeapMemoryAllocator
6327:             1             16  org.apache.spark.unsafe.memory.UnsafeMemoryAllocator
6328:             1             16  org.apache.spark.util.CircularBuffer$
6329:             1             16  org.apache.spark.util.ClosureCleaner$
6330:             1             16  org.apache.spark.util.CollectionsUtils$
6331:             1             16  org.apache.spark.util.CommandLineUtils$$anonfun$1
6332:             1             16  org.apache.spark.util.CompletionIterator$
6333:             1             16  org.apache.spark.util.FieldAccessFinder$
6334:             1             16  org.apache.spark.util.IdGenerator
6335:             1             16  org.apache.spark.util.RpcUtils$
6336:             1             16  org.apache.spark.util.ShutdownHookManager$$anonfun$1
6337:             1             16  org.apache.spark.util.SparkShutdownHookManager$$anon$2
6338:             1             16  org.apache.spark.util.SparkUncaughtExceptionHandler$
6339:             1             16  org.apache.spark.util.ThreadUtils$
6340:             1             16  org.apache.spark.util.collection.OpenHashSet$$anonfun$1
6341:             1             16  org.apache.spark.util.collection.OpenHashSet$$anonfun$2
6342:             1             16  org.apache.spark.util.collection.PrimitiveVector$
6343:             1             16  org.apache.spark.util.collection.Utils$
6344:             1             16  org.apache.spark.util.collection.unsafe.sort.PrefixComparators$SignedPrefixComparator
6345:             1             16  org.apache.spark.util.collection.unsafe.sort.PrefixComparators$SignedPrefixComparatorDesc
6346:             1             16  org.apache.spark.util.collection.unsafe.sort.PrefixComparators$SignedPrefixComparatorDescNullsFirst
6347:             1             16  org.apache.spark.util.collection.unsafe.sort.PrefixComparators$SignedPrefixComparatorNullsLast
6348:             1             16  org.apache.spark.util.random.SamplingUtils$
6349:             1             16  org.apache.xerces.dom.CharacterDataImpl$1
6350:             1             16  org.apache.xerces.dom.CharacterDataImpl$1
6351:             1             16  org.apache.xerces.impl.XMLDocumentScannerImpl$DTDDispatcher
6352:             1             16  org.apache.xerces.impl.XMLDocumentScannerImpl$PrologDispatcher
6353:             1             16  org.apache.xerces.impl.XMLDocumentScannerImpl$TrailingMiscDispatcher
6354:             1             16  org.apache.xerces.impl.XMLDocumentScannerImpl$XMLDeclDispatcher
6355:             1             16  org.apache.xerces.impl.XMLEntityManager$1
6356:             1             16  org.apache.xerces.impl.XMLEntityManager$1
6357:             1             16  org.apache.xerces.impl.dv.dtd.DTDDVFactoryImpl
6358:             1             16  org.apache.xerces.impl.dv.dtd.IDDatatypeValidator
6359:             1             16  org.apache.xerces.impl.dv.dtd.IDDatatypeValidator
6360:             1             16  org.apache.xerces.impl.dv.dtd.IDREFDatatypeValidator
6361:             1             16  org.apache.xerces.impl.dv.dtd.IDREFDatatypeValidator
6362:             1             16  org.apache.xerces.impl.dv.dtd.NMTOKENDatatypeValidator
6363:             1             16  org.apache.xerces.impl.dv.dtd.NMTOKENDatatypeValidator
6364:             1             16  org.apache.xerces.impl.dv.dtd.NOTATIONDatatypeValidator
6365:             1             16  org.apache.xerces.impl.dv.dtd.NOTATIONDatatypeValidator
6366:             1             16  org.apache.xerces.impl.dv.dtd.StringDatatypeValidator
6367:             1             16  org.apache.xerces.impl.dv.dtd.StringDatatypeValidator
6368:             1             16  org.apache.xerces.parsers.AbstractSAXParser$AttributesProxy
6369:             1             16  org.apache.xerces.util.EntityResolverWrapper
6370:             1             16  org.apache.xerces.util.ErrorHandlerWrapper
6371:             1             16  org.codehaus.jackson.map.deser.std.AtomicBooleanDeserializer
6372:             1             16  org.codehaus.jackson.map.deser.std.ClassDeserializer
6373:             1             16  org.codehaus.jackson.map.deser.std.DateDeserializer
6374:             1             16  org.codehaus.jackson.map.deser.std.FromStringDeserializer$CharsetDeserializer
6375:             1             16  org.codehaus.jackson.map.deser.std.FromStringDeserializer$CurrencyDeserializer
6376:             1             16  org.codehaus.jackson.map.deser.std.FromStringDeserializer$InetAddressDeserializer
6377:             1             16  org.codehaus.jackson.map.deser.std.FromStringDeserializer$LocaleDeserializer
6378:             1             16  org.codehaus.jackson.map.deser.std.FromStringDeserializer$PatternDeserializer
6379:             1             16  org.codehaus.jackson.map.deser.std.FromStringDeserializer$TimeZoneDeserializer
6380:             1             16  org.codehaus.jackson.map.deser.std.FromStringDeserializer$URIDeserializer
6381:             1             16  org.codehaus.jackson.map.deser.std.FromStringDeserializer$URLDeserializer
6382:             1             16  org.codehaus.jackson.map.deser.std.FromStringDeserializer$UUIDDeserializer
6383:             1             16  org.codehaus.jackson.map.deser.std.JavaTypeDeserializer
6384:             1             16  org.codehaus.jackson.map.deser.std.PrimitiveArrayDeserializers
6385:             1             16  org.codehaus.jackson.map.deser.std.PrimitiveArrayDeserializers$BooleanDeser
6386:             1             16  org.codehaus.jackson.map.deser.std.PrimitiveArrayDeserializers$ByteDeser
6387:             1             16  org.codehaus.jackson.map.deser.std.PrimitiveArrayDeserializers$CharDeser
6388:             1             16  org.codehaus.jackson.map.deser.std.PrimitiveArrayDeserializers$DoubleDeser
6389:             1             16  org.codehaus.jackson.map.deser.std.PrimitiveArrayDeserializers$FloatDeser
6390:             1             16  org.codehaus.jackson.map.deser.std.PrimitiveArrayDeserializers$IntDeser
6391:             1             16  org.codehaus.jackson.map.deser.std.PrimitiveArrayDeserializers$LongDeser
6392:             1             16  org.codehaus.jackson.map.deser.std.PrimitiveArrayDeserializers$ShortDeser
6393:             1             16  org.codehaus.jackson.map.deser.std.PrimitiveArrayDeserializers$StringDeser
6394:             1             16  org.codehaus.jackson.map.deser.std.StdDeserializer$BigDecimalDeserializer
6395:             1             16  org.codehaus.jackson.map.deser.std.StdDeserializer$BigIntegerDeserializer
6396:             1             16  org.codehaus.jackson.map.deser.std.StdDeserializer$NumberDeserializer
6397:             1             16  org.codehaus.jackson.map.deser.std.StdDeserializer$SqlDateDeserializer
6398:             1             16  org.codehaus.jackson.map.deser.std.StdDeserializer$StackTraceElementDeserializer
6399:             1             16  org.codehaus.jackson.map.deser.std.StdKeyDeserializer$BoolKD
6400:             1             16  org.codehaus.jackson.map.deser.std.StdKeyDeserializer$ByteKD
6401:             1             16  org.codehaus.jackson.map.deser.std.StdKeyDeserializer$CalendarKD
6402:             1             16  org.codehaus.jackson.map.deser.std.StdKeyDeserializer$CharKD
6403:             1             16  org.codehaus.jackson.map.deser.std.StdKeyDeserializer$DateKD
6404:             1             16  org.codehaus.jackson.map.deser.std.StdKeyDeserializer$DoubleKD
6405:             1             16  org.codehaus.jackson.map.deser.std.StdKeyDeserializer$FloatKD
6406:             1             16  org.codehaus.jackson.map.deser.std.StdKeyDeserializer$IntKD
6407:             1             16  org.codehaus.jackson.map.deser.std.StdKeyDeserializer$LongKD
6408:             1             16  org.codehaus.jackson.map.deser.std.StdKeyDeserializer$UuidKD
6409:             1             16  org.codehaus.jackson.map.deser.std.StringDeserializer
6410:             1             16  org.codehaus.jackson.map.deser.std.TimestampDeserializer
6411:             1             16  org.codehaus.jackson.map.deser.std.TokenBufferDeserializer
6412:             1             16  org.codehaus.jackson.map.deser.std.UntypedObjectDeserializer
6413:             1             16  org.codehaus.jackson.map.ext.OptionalHandlerFactory
6414:             1             16  org.codehaus.jackson.map.introspect.BasicClassIntrospector
6415:             1             16  org.codehaus.jackson.map.introspect.BasicClassIntrospector$GetterMethodFilter
6416:             1             16  org.codehaus.jackson.map.introspect.BasicClassIntrospector$MinimalMethodFilter
6417:             1             16  org.codehaus.jackson.map.introspect.BasicClassIntrospector$SetterAndGetterMethodFilter
6418:             1             16  org.codehaus.jackson.map.introspect.BasicClassIntrospector$SetterMethodFilter
6419:             1             16  org.codehaus.jackson.map.introspect.JacksonAnnotationIntrospector
6420:             1             16  org.codehaus.jackson.map.ser.StdSerializers$DoubleSerializer
6421:             1             16  org.codehaus.jackson.map.ser.StdSerializers$FloatSerializer
6422:             1             16  org.codehaus.jackson.map.ser.StdSerializers$IntLikeSerializer
6423:             1             16  org.codehaus.jackson.map.ser.StdSerializers$IntegerSerializer
6424:             1             16  org.codehaus.jackson.map.ser.StdSerializers$LongSerializer
6425:             1             16  org.codehaus.jackson.map.ser.StdSerializers$SqlDateSerializer
6426:             1             16  org.codehaus.jackson.map.ser.StdSerializers$SqlTimeSerializer
6427:             1             16  org.codehaus.jackson.map.ser.impl.UnknownSerializer
6428:             1             16  org.codehaus.jackson.map.ser.std.CalendarSerializer
6429:             1             16  org.codehaus.jackson.map.ser.std.DateSerializer
6430:             1             16  org.codehaus.jackson.map.ser.std.NullSerializer
6431:             1             16  org.codehaus.jackson.map.ser.std.StdArraySerializers$ByteArraySerializer
6432:             1             16  org.codehaus.jackson.map.ser.std.StdArraySerializers$CharArraySerializer
6433:             1             16  org.codehaus.jackson.map.ser.std.StringSerializer
6434:             1             16  org.codehaus.jackson.map.ser.std.ToStringSerializer
6435:             1             16  org.codehaus.jackson.map.type.TypeParser
6436:             1             16  org.codehaus.jackson.node.JsonNodeFactory
6437:             1             16  org.codehaus.janino.IClass$1
6438:             1             16  org.codehaus.janino.Java$Located$1
6439:             1             16  org.codehaus.janino.Java$Rvalue$2
6440:             1             16  org.datanucleus.api.ApiAdapterFactory
6441:             1             16  org.datanucleus.api.jdo.JDOAdapter
6442:             1             16  org.datanucleus.api.jdo.JDODataStoreCache
6443:             1             16  org.datanucleus.api.jdo.metadata.JDOMetaDataManager$MetaDataRegisterClassListener
6444:             1             16  org.datanucleus.flush.FlushOrdered
6445:             1             16  org.datanucleus.metadata.MetaDataUtils
6446:             1             16  org.datanucleus.plugin.NonManagedPluginRegistry$1
6447:             1             16  org.datanucleus.plugin.PluginManager
6448:             1             16  org.datanucleus.properties.BooleanPropertyValidator
6449:             1             16  org.datanucleus.properties.CorePropertyValidator
6450:             1             16  org.datanucleus.query.cache.SoftQueryCompilationCache
6451:             1             16  org.datanucleus.state.LockManagerImpl
6452:             1             16  org.datanucleus.state.ObjectProviderFactoryImpl
6453:             1             16  org.datanucleus.store.AbstractStoreManager$1
6454:             1             16  org.datanucleus.store.query.cache.SoftQueryDatastoreCompilationCache
6455:             1             16  org.datanucleus.store.rdbms.RDBMSPropertyValidator
6456:             1             16  org.datanucleus.store.rdbms.mapping.datastore.CharRDBMSMapping$1
6457:             1             16  org.datanucleus.store.rdbms.query.ResultClassROF$10
6458:             1             16  org.datanucleus.store.rdbms.query.ResultClassROF$11
6459:             1             16  org.datanucleus.store.rdbms.query.ResultClassROF$12
6460:             1             16  org.datanucleus.store.rdbms.query.ResultClassROF$13
6461:             1             16  org.datanucleus.store.rdbms.query.ResultClassROF$14
6462:             1             16  org.datanucleus.store.rdbms.query.ResultClassROF$15
6463:             1             16  org.datanucleus.store.rdbms.query.ResultClassROF$2
6464:             1             16  org.datanucleus.store.rdbms.query.ResultClassROF$3
6465:             1             16  org.datanucleus.store.rdbms.query.ResultClassROF$4
6466:             1             16  org.datanucleus.store.rdbms.query.ResultClassROF$5
6467:             1             16  org.datanucleus.store.rdbms.query.ResultClassROF$6
6468:             1             16  org.datanucleus.store.rdbms.query.ResultClassROF$7
6469:             1             16  org.datanucleus.store.rdbms.query.ResultClassROF$8
6470:             1             16  org.datanucleus.store.rdbms.query.ResultClassROF$9
6471:             1             16  org.datanucleus.store.rdbms.query.StatementResultMapping
6472:             1             16  org.datanucleus.store.rdbms.sql.SQLTableAlphaNamer
6473:             1             16  org.datanucleus.store.types.converters.BigDecimalStringConverter
6474:             1             16  org.datanucleus.store.types.converters.BigIntegerStringConverter
6475:             1             16  org.datanucleus.store.types.converters.BitSetStringConverter
6476:             1             16  org.datanucleus.store.types.converters.CalendarStringConverter
6477:             1             16  org.datanucleus.store.types.converters.CalendarStringConverter$1
6478:             1             16  org.datanucleus.store.types.converters.ClassStringConverter
6479:             1             16  org.datanucleus.store.types.converters.ColorStringConverter
6480:             1             16  org.datanucleus.store.types.converters.CurrencyStringConverter
6481:             1             16  org.datanucleus.store.types.converters.DateLongConverter
6482:             1             16  org.datanucleus.store.types.converters.DateStringConverter
6483:             1             16  org.datanucleus.store.types.converters.DateStringConverter$1
6484:             1             16  org.datanucleus.store.types.converters.IntegerStringConverter
6485:             1             16  org.datanucleus.store.types.converters.LocalDateStringConverter
6486:             1             16  org.datanucleus.store.types.converters.LocalDateTimeStringConverter
6487:             1             16  org.datanucleus.store.types.converters.LocalTimeLongConverter
6488:             1             16  org.datanucleus.store.types.converters.LocalTimeStringConverter
6489:             1             16  org.datanucleus.store.types.converters.LocaleStringConverter
6490:             1             16  org.datanucleus.store.types.converters.LongStringConverter
6491:             1             16  org.datanucleus.store.types.converters.SerializableByteArrayConverter
6492:             1             16  org.datanucleus.store.types.converters.SerializableStringConverter
6493:             1             16  org.datanucleus.store.types.converters.SqlDateLongConverter
6494:             1             16  org.datanucleus.store.types.converters.SqlDateStringConverter
6495:             1             16  org.datanucleus.store.types.converters.SqlTimeLongConverter
6496:             1             16  org.datanucleus.store.types.converters.SqlTimeStringConverter
6497:             1             16  org.datanucleus.store.types.converters.SqlTimestampLongConverter
6498:             1             16  org.datanucleus.store.types.converters.StringBufferStringConverter
6499:             1             16  org.datanucleus.store.types.converters.TimeZoneStringConverter
6500:             1             16  org.datanucleus.store.types.converters.URIStringConverter
6501:             1             16  org.datanucleus.store.types.converters.URLStringConverter
6502:             1             16  org.datanucleus.store.types.converters.UUIDStringConverter
6503:             1             16  org.fusesource.jansi.Ansi$1
6504:             1             16  org.fusesource.jansi.Ansi$2
6505:             1             16  org.htrace.Tracer
6506:             1             16  org.htrace.Tracer$1
6507:             1             16  org.json4s.DefaultFormats$$anon$4
6508:             1             16  org.json4s.DefaultFormats$$anonfun$5
6509:             1             16  org.json4s.DefaultFormats$$anonfun$6
6510:             1             16  org.json4s.JsonAST$JArray$
6511:             1             16  org.json4s.JsonAST$JBool$
6512:             1             16  org.json4s.JsonAST$JDecimal$
6513:             1             16  org.json4s.JsonAST$JDouble$
6514:             1             16  org.json4s.JsonAST$JField$
6515:             1             16  org.json4s.JsonAST$JInt$
6516:             1             16  org.json4s.JsonAST$JNothing$
6517:             1             16  org.json4s.JsonAST$JNull$
6518:             1             16  org.json4s.JsonAST$JObject$
6519:             1             16  org.json4s.JsonAST$JString$
6520:             1             16  org.json4s.JsonDSL$
6521:             1             16  org.json4s.jackson.JValueDeserializer
6522:             1             16  org.json4s.jackson.JValueDeserializerResolver$
6523:             1             16  org.json4s.jackson.JValueSerializer
6524:             1             16  org.json4s.jackson.JValueSerializerResolver$
6525:             1             16  org.json4s.prefs.EmptyValueStrategy$$anon$1
6526:             1             16  org.json4s.prefs.EmptyValueStrategy$$anon$2
6527:             1             16  org.json4s.reflect.package$ParanamerReader$
6528:             1             16  org.json4s.reflect.package$TypeInfo$
6529:             1             16  org.slf4j.helpers.NOPLoggerFactory
6530:             1             16  org.slf4j.impl.Log4jLoggerFactory
6531:             1             16  org.slf4j.impl.StaticLoggerBinder
6532:             1             16  org.spark_project.guava.base.Equivalence$Equals
6533:             1             16  org.spark_project.guava.base.Equivalence$Identity
6534:             1             16  org.spark_project.guava.base.Functions$SupplierFunction
6535:             1             16  org.spark_project.guava.base.Joiner
6536:             1             16  org.spark_project.guava.base.Platform$1
6537:             1             16  org.spark_project.guava.base.Suppliers$SupplierOfInstance
6538:             1             16  org.spark_project.guava.base.Ticker$1
6539:             1             16  org.spark_project.guava.cache.CacheBuilder$1
6540:             1             16  org.spark_project.guava.cache.CacheBuilder$2
6541:             1             16  org.spark_project.guava.cache.CacheBuilder$3
6542:             1             16  org.spark_project.guava.cache.LocalCache$1
6543:             1             16  org.spark_project.guava.cache.LocalCache$2
6544:             1             16  org.spark_project.guava.cache.LocalCache$LocalLoadingCache
6545:             1             16  org.spark_project.guava.collect.EmptyImmutableList
6546:             1             16  org.spark_project.guava.collect.ImmutableCollection$EmptyImmutableCollection
6547:             1             16  org.spark_project.guava.collect.Interners$WeakInterner
6548:             1             16  org.spark_project.guava.collect.Iterators$1
6549:             1             16  org.spark_project.guava.collect.Iterators$2
6550:             1             16  org.spark_project.guava.collect.MapMakerInternalMap$1
6551:             1             16  org.spark_project.guava.collect.MapMakerInternalMap$2
6552:             1             16  org.spark_project.guava.io.ByteStreams$1
6553:             1             16  org.spark_project.guava.util.concurrent.Striped$2
6554:             1             16  org.spark_project.guava.util.concurrent.Striped$5
6555:             1             16  org.spark_project.jetty.http.Http1FieldPreEncoder
6556:             1             16  org.spark_project.jetty.http.MimeTypes$$Lambda$11/1582358318
6557:             1             16  org.spark_project.jetty.http.MimeTypes$$Lambda$9/1096259059
6558:             1             16  org.spark_project.jetty.util.ConcurrentArrayQueue$1
6559:             1             16  org.spark_project.jetty.util.Uptime
6560:             1             16  org.spark_project.jetty.util.thread.ExecutionStrategy$DefaultExecutionStrategyFactory
6561:             1             16  org.spark_project.jetty.util.thread.QueuedThreadPool$2
6562:             1             16  org.spark_project.jetty.util.thread.ScheduledExecutorScheduler$1
6563:             1             16  scala.None$
6564:             1             16  scala.Option$
6565:             1             16  scala.PartialFunction$$anon$1
6566:             1             16  scala.PartialFunction$$anon$1$$anonfun$3
6567:             1             16  scala.PartialFunction$$anonfun$1
6568:             1             16  scala.PartialFunction$$anonfun$2
6569:             1             16  scala.Predef$$anon$1
6570:             1             16  scala.Predef$$anon$2
6571:             1             16  scala.Predef$$anon$3
6572:             1             16  scala.Predef$ArrowAssoc$
6573:             1             16  scala.Predef$DummyImplicit$
6574:             1             16  scala.Predef$any2stringadd$
6575:             1             16  scala.StringContext$
6576:             1             16  scala.collection.$colon$plus$
6577:             1             16  scala.collection.$plus$colon$
6578:             1             16  scala.collection.IndexedSeq$$anon$1
6579:             1             16  scala.collection.Iterable$
6580:             1             16  scala.collection.Iterator$
6581:             1             16  scala.collection.Iterator$$anon$2
6582:             1             16  scala.collection.JavaConverters$
6583:             1             16  scala.collection.Map$
6584:             1             16  scala.collection.Seq$
6585:             1             16  scala.collection.SeqView$
6586:             1             16  scala.collection.Set$
6587:             1             16  scala.collection.concurrent.TrieMap$
6588:             1             16  scala.collection.convert.Decorators$
6589:             1             16  scala.collection.convert.WrapAsJava$
6590:             1             16  scala.collection.convert.WrapAsScala$
6591:             1             16  scala.collection.generic.IdleSignalling$
6592:             1             16  scala.collection.immutable.$colon$colon$
6593:             1             16  scala.collection.immutable.BitSet$
6594:             1             16  scala.collection.immutable.HashMap$
6595:             1             16  scala.collection.immutable.HashMap$$anon$2$$anon$3
6596:             1             16  scala.collection.immutable.HashMap$$anonfun$1
6597:             1             16  scala.collection.immutable.HashMap$EmptyHashMap$
6598:             1             16  scala.collection.immutable.HashSet$
6599:             1             16  scala.collection.immutable.HashSet$EmptyHashSet$
6600:             1             16  scala.collection.immutable.IndexedSeq$
6601:             1             16  scala.collection.immutable.Iterable$
6602:             1             16  scala.collection.immutable.List$$anon$1
6603:             1             16  scala.collection.immutable.ListSerializeEnd$
6604:             1             16  scala.collection.immutable.ListSet$
6605:             1             16  scala.collection.immutable.ListSet$EmptyListSet$
6606:             1             16  scala.collection.immutable.Map$
6607:             1             16  scala.collection.immutable.Map$EmptyMap$
6608:             1             16  scala.collection.immutable.Nil$
6609:             1             16  scala.collection.immutable.NumericRange$
6610:             1             16  scala.collection.immutable.Range$
6611:             1             16  scala.collection.immutable.RedBlackTree$
6612:             1             16  scala.collection.immutable.RedBlackTree$BlackTree$
6613:             1             16  scala.collection.immutable.RedBlackTree$RedTree$
6614:             1             16  scala.collection.immutable.Seq$
6615:             1             16  scala.collection.immutable.Set$
6616:             1             16  scala.collection.immutable.Set$EmptySet$
6617:             1             16  scala.collection.immutable.SortedSet$
6618:             1             16  scala.collection.immutable.Stream$
6619:             1             16  scala.collection.immutable.Stream$$hash$colon$colon$
6620:             1             16  scala.collection.immutable.Stream$Empty$
6621:             1             16  scala.collection.immutable.Stream$cons$
6622:             1             16  scala.collection.immutable.StringOps$
6623:             1             16  scala.collection.immutable.Traversable$
6624:             1             16  scala.collection.immutable.TreeSet$
6625:             1             16  scala.collection.mutable.AnyRefMap$$anonfun$1
6626:             1             16  scala.collection.mutable.ArrayBuffer$
6627:             1             16  scala.collection.mutable.ArrayBuilder$
6628:             1             16  scala.collection.mutable.ArrayOps$ofByte$
6629:             1             16  scala.collection.mutable.ArrayOps$ofChar$
6630:             1             16  scala.collection.mutable.ArrayOps$ofInt$
6631:             1             16  scala.collection.mutable.ArrayOps$ofLong$
6632:             1             16  scala.collection.mutable.ArrayOps$ofRef$
6633:             1             16  scala.collection.mutable.ArraySeq$
6634:             1             16  scala.collection.mutable.Buffer$
6635:             1             16  scala.collection.mutable.FlatHashTable$
6636:             1             16  scala.collection.mutable.FlatHashTable$NullSentinel$
6637:             1             16  scala.collection.mutable.HashMap$
6638:             1             16  scala.collection.mutable.HashSet$
6639:             1             16  scala.collection.mutable.HashTable$
6640:             1             16  scala.collection.mutable.IndexedSeq$
6641:             1             16  scala.collection.mutable.Iterable$
6642:             1             16  scala.collection.mutable.LinkedHashMap$
6643:             1             16  scala.collection.mutable.LinkedHashSet$
6644:             1             16  scala.collection.mutable.ListBuffer$
6645:             1             16  scala.collection.mutable.Map$
6646:             1             16  scala.collection.mutable.MutableList$
6647:             1             16  scala.collection.mutable.PriorityQueue$
6648:             1             16  scala.collection.mutable.Seq$
6649:             1             16  scala.collection.mutable.Set$
6650:             1             16  scala.collection.mutable.StringBuilder
6651:             1             16  scala.collection.mutable.StringBuilder$
6652:             1             16  scala.collection.mutable.TreeSet$
6653:             1             16  scala.collection.mutable.WeakHashMap$
6654:             1             16  scala.collection.mutable.WrappedArray$
6655:             1             16  scala.collection.package$
6656:             1             16  scala.collection.parallel.ExecutionContextTaskSupport$
6657:             1             16  scala.collection.parallel.ParSeq$
6658:             1             16  scala.collection.parallel.immutable.ParSeq$
6659:             1             16  scala.collection.parallel.immutable.ParVector$
6660:             1             16  scala.compat.Platform$
6661:             1             16  scala.concurrent.Await$
6662:             1             16  scala.concurrent.AwaitPermission$
6663:             1             16  scala.concurrent.BlockContext$
6664:             1             16  scala.concurrent.BlockContext$DefaultBlockContext$
6665:             1             16  scala.concurrent.ExecutionContext$
6666:             1             16  scala.concurrent.Future$
6667:             1             16  scala.concurrent.Future$InternalCallbackExecutor$
6668:             1             16  scala.concurrent.Promise$
6669:             1             16  scala.concurrent.duration.Duration$$anon$1
6670:             1             16  scala.concurrent.duration.Duration$$anon$2
6671:             1             16  scala.concurrent.duration.Duration$$anon$3
6672:             1             16  scala.concurrent.duration.Duration$$anonfun$3
6673:             1             16  scala.concurrent.duration.package$DurationInt$
6674:             1             16  scala.concurrent.duration.package$DurationLong$
6675:             1             16  scala.concurrent.forkjoin.ForkJoinPool$DefaultForkJoinWorkerThreadFactory
6676:             1             16  scala.concurrent.forkjoin.ForkJoinPool$Submitter
6677:             1             16  scala.concurrent.impl.ExecutionContextImpl$
6678:             1             16  scala.concurrent.impl.Future$
6679:             1             16  scala.concurrent.impl.Promise$
6680:             1             16  scala.concurrent.impl.Promise$DefaultPromise
6681:             1             16  scala.concurrent.package$
6682:             1             16  scala.io.Source$
6683:             1             16  scala.math.Equiv$
6684:             1             16  scala.math.Fractional$
6685:             1             16  scala.math.Integral$
6686:             1             16  scala.math.LowPriorityOrderingImplicits$$anon$6
6687:             1             16  scala.math.Numeric$
6688:             1             16  scala.math.Numeric$BigDecimalAsIfIntegral$
6689:             1             16  scala.math.Numeric$BigIntIsIntegral$
6690:             1             16  scala.math.Numeric$ByteIsIntegral$
6691:             1             16  scala.math.Numeric$CharIsIntegral$
6692:             1             16  scala.math.Numeric$DoubleAsIfIntegral$
6693:             1             16  scala.math.Numeric$DoubleIsFractional$
6694:             1             16  scala.math.Numeric$FloatAsIfIntegral$
6695:             1             16  scala.math.Numeric$FloatIsFractional$
6696:             1             16  scala.math.Numeric$IntIsIntegral$
6697:             1             16  scala.math.Numeric$LongIsIntegral$
6698:             1             16  scala.math.Numeric$ShortIsIntegral$
6699:             1             16  scala.math.Ordered$
6700:             1             16  scala.math.Ordering$
6701:             1             16  scala.math.Ordering$BigDecimal$
6702:             1             16  scala.math.Ordering$BigInt$
6703:             1             16  scala.math.Ordering$Boolean$
6704:             1             16  scala.math.Ordering$Byte$
6705:             1             16  scala.math.Ordering$Char$
6706:             1             16  scala.math.Ordering$Double$
6707:             1             16  scala.math.Ordering$Float$
6708:             1             16  scala.math.Ordering$Int$
6709:             1             16  scala.math.Ordering$Long$
6710:             1             16  scala.math.Ordering$Short$
6711:             1             16  scala.math.Ordering$String$
6712:             1             16  scala.package$$anon$1
6713:             1             16  scala.ref.WeakReference$
6714:             1             16  scala.reflect.NoManifest$
6715:             1             16  scala.reflect.api.Exprs$Expr$
6716:             1             16  scala.reflect.api.Internals$CompatToken
6717:             1             16  scala.reflect.api.Liftables$Liftable$
6718:             1             16  scala.reflect.api.Liftables$Unliftable$
6719:             1             16  scala.reflect.api.TypeTags$TypeTag$$anonfun$1
6720:             1             16  scala.reflect.api.TypeTags$TypeTag$$anonfun$10
6721:             1             16  scala.reflect.api.TypeTags$TypeTag$$anonfun$11
6722:             1             16  scala.reflect.api.TypeTags$TypeTag$$anonfun$12
6723:             1             16  scala.reflect.api.TypeTags$TypeTag$$anonfun$13
6724:             1             16  scala.reflect.api.TypeTags$TypeTag$$anonfun$14
6725:             1             16  scala.reflect.api.TypeTags$TypeTag$$anonfun$15
6726:             1             16  scala.reflect.api.TypeTags$TypeTag$$anonfun$2
6727:             1             16  scala.reflect.api.TypeTags$TypeTag$$anonfun$3
6728:             1             16  scala.reflect.api.TypeTags$TypeTag$$anonfun$4
6729:             1             16  scala.reflect.api.TypeTags$TypeTag$$anonfun$5
6730:             1             16  scala.reflect.api.TypeTags$TypeTag$$anonfun$6
6731:             1             16  scala.reflect.api.TypeTags$TypeTag$$anonfun$7
6732:             1             16  scala.reflect.api.TypeTags$TypeTag$$anonfun$8
6733:             1             16  scala.reflect.api.TypeTags$TypeTag$$anonfun$9
6734:             1             16  scala.reflect.internal.AnnotationInfos$Annotation$
6735:             1             16  scala.reflect.internal.AnnotationInfos$ScalaSigBytes$
6736:             1             16  scala.reflect.internal.AnnotationInfos$ThrownException$
6737:             1             16  scala.reflect.internal.AnnotationInfos$UnmappableAnnotArg$
6738:             1             16  scala.reflect.internal.ClassfileConstants$FlagTranslation$
6739:             1             16  scala.reflect.internal.Constants$Constant$
6740:             1             16  scala.reflect.internal.Definitions$DefinitionsClass$MacroContextType$
6741:             1             16  scala.reflect.internal.FatalError$
6742:             1             16  scala.reflect.internal.FreshNames$FreshNameExtractor$
6743:             1             16  scala.reflect.internal.Internals$$anon$4
6744:             1             16  scala.reflect.internal.Kinds$KindErrors$
6745:             1             16  scala.reflect.internal.Kinds$ProperTypeKind$
6746:             1             16  scala.reflect.internal.Kinds$inferKind$
6747:             1             16  scala.reflect.internal.MissingRequirementError$
6748:             1             16  scala.reflect.internal.Positions$Range$
6749:             1             16  scala.reflect.internal.Precedence$
6750:             1             16  scala.reflect.internal.ReificationSupport$ReificationSupportImpl$FlagsRepr$
6751:             1             16  scala.reflect.internal.Scopes$LookupAmbiguous$
6752:             1             16  scala.reflect.internal.Scopes$LookupInaccessible$
6753:             1             16  scala.reflect.internal.Scopes$LookupSucceeded$
6754:             1             16  scala.reflect.internal.Scopes$Scope$
6755:             1             16  scala.reflect.internal.StdAttachments$BackquotedIdentifierAttachment$
6756:             1             16  scala.reflect.internal.StdAttachments$CompoundTypeTreeOriginalAttachment$
6757:             1             16  scala.reflect.internal.StdAttachments$ForAttachment$
6758:             1             16  scala.reflect.internal.StdAttachments$SubpatternsAttachment$
6759:             1             16  scala.reflect.internal.StdAttachments$SyntheticUnitAttachment$
6760:             1             16  scala.reflect.internal.StdCreators$FixedMirrorTreeCreator$
6761:             1             16  scala.reflect.internal.StdCreators$FixedMirrorTypeCreator$
6762:             1             16  scala.reflect.internal.Symbols$CyclicReference$
6763:             1             16  scala.reflect.internal.Symbols$SymbolKind$
6764:             1             16  scala.reflect.internal.Symbols$SymbolOps$
6765:             1             16  scala.reflect.internal.TreeInfo$Applied$
6766:             1             16  scala.reflect.internal.TreeInfo$DynamicApplicationNamed$$anonfun$$lessinit$greater$3
6767:             1             16  scala.reflect.internal.TreeInfo$StripCast$
6768:             1             16  scala.reflect.internal.TreeInfo$WildcardStarArg$
6769:             1             16  scala.reflect.internal.Trees$Alternative$
6770:             1             16  scala.reflect.internal.Trees$Annotated$
6771:             1             16  scala.reflect.internal.Trees$AppliedTypeTree$
6772:             1             16  scala.reflect.internal.Trees$Apply$
6773:             1             16  scala.reflect.internal.Trees$ApplyDynamic$
6774:             1             16  scala.reflect.internal.Trees$ArrayValue$
6775:             1             16  scala.reflect.internal.Trees$Assign$
6776:             1             16  scala.reflect.internal.Trees$AssignOrNamedArg$
6777:             1             16  scala.reflect.internal.Trees$Bind$
6778:             1             16  scala.reflect.internal.Trees$Block$
6779:             1             16  scala.reflect.internal.Trees$CaseDef$
6780:             1             16  scala.reflect.internal.Trees$CompoundTypeTree$
6781:             1             16  scala.reflect.internal.Trees$ExistentialTypeTree$
6782:             1             16  scala.reflect.internal.Trees$Function$
6783:             1             16  scala.reflect.internal.Trees$Ident$
6784:             1             16  scala.reflect.internal.Trees$If$
6785:             1             16  scala.reflect.internal.Trees$Import$
6786:             1             16  scala.reflect.internal.Trees$LabelDef$
6787:             1             16  scala.reflect.internal.Trees$Literal$
6788:             1             16  scala.reflect.internal.Trees$Match$
6789:             1             16  scala.reflect.internal.Trees$ModuleDef$
6790:             1             16  scala.reflect.internal.Trees$New$
6791:             1             16  scala.reflect.internal.Trees$PackageDef$
6792:             1             16  scala.reflect.internal.Trees$RefTree$
6793:             1             16  scala.reflect.internal.Trees$Return$
6794:             1             16  scala.reflect.internal.Trees$Select$
6795:             1             16  scala.reflect.internal.Trees$SelectFromTypeTree$
6796:             1             16  scala.reflect.internal.Trees$SingletonTypeTree$
6797:             1             16  scala.reflect.internal.Trees$Star$
6798:             1             16  scala.reflect.internal.Trees$Super$
6799:             1             16  scala.reflect.internal.Trees$Template$
6800:             1             16  scala.reflect.internal.Trees$This$
6801:             1             16  scala.reflect.internal.Trees$Throw$
6802:             1             16  scala.reflect.internal.Trees$Try$
6803:             1             16  scala.reflect.internal.Trees$TypeApply$
6804:             1             16  scala.reflect.internal.Trees$TypeBoundsTree$
6805:             1             16  scala.reflect.internal.Trees$TypeDef$
6806:             1             16  scala.reflect.internal.Trees$TypeTree$
6807:             1             16  scala.reflect.internal.Trees$Typed$
6808:             1             16  scala.reflect.internal.Trees$UnApply$
6809:             1             16  scala.reflect.internal.Trees$ValOrDefDef$
6810:             1             16  scala.reflect.internal.TypeDebugging$noPrint$
6811:             1             16  scala.reflect.internal.TypeDebugging$typeDebug$str$
6812:             1             16  scala.reflect.internal.Types$AnnotatedType$
6813:             1             16  scala.reflect.internal.Types$AntiPolyType$
6814:             1             16  scala.reflect.internal.Types$ArrayTypeRef$
6815:             1             16  scala.reflect.internal.Types$BoundedWildcardType$
6816:             1             16  scala.reflect.internal.Types$ClassInfoType$
6817:             1             16  scala.reflect.internal.Types$ExistentialType$
6818:             1             16  scala.reflect.internal.Types$MethodType$
6819:             1             16  scala.reflect.internal.Types$NamedType$
6820:             1             16  scala.reflect.internal.Types$NullaryMethodType$
6821:             1             16  scala.reflect.internal.Types$OverloadedType$
6822:             1             16  scala.reflect.internal.Types$PolyType$
6823:             1             16  scala.reflect.internal.Types$RecoverableCyclicReference$
6824:             1             16  scala.reflect.internal.Types$RepeatedType$
6825:             1             16  scala.reflect.internal.pickling.ByteCodecs$
6826:             1             16  scala.reflect.internal.settings.MutableSettings$
6827:             1             16  scala.reflect.internal.tpe.TypeComparers$SubTypePair$
6828:             1             16  scala.reflect.internal.util.FakePos$
6829:             1             16  scala.reflect.internal.util.FreshNameCreator$
6830:             1             16  scala.reflect.internal.util.HashSet$
6831:             1             16  scala.reflect.internal.util.NoPosition$
6832:             1             16  scala.reflect.internal.util.NoSourceFile$
6833:             1             16  scala.reflect.internal.util.Position$
6834:             1             16  scala.reflect.internal.util.ScalaClassLoader$
6835:             1             16  scala.reflect.internal.util.StringOps$
6836:             1             16  scala.reflect.internal.util.package$
6837:             1             16  scala.reflect.io.AbstractFile$
6838:             1             16  scala.reflect.io.Directory$
6839:             1             16  scala.reflect.io.File$
6840:             1             16  scala.reflect.io.Path$
6841:             1             16  scala.reflect.io.Streamable$
6842:             1             16  scala.reflect.io.ZipArchive$
6843:             1             16  scala.reflect.runtime.ReflectionUtils$
6844:             1             16  scala.reflect.runtime.ReflectionUtils$EnclosedInClass$
6845:             1             16  scala.reflect.runtime.ReflectionUtils$EnclosedInClass$$anonfun$$lessinit$greater$3
6846:             1             16  scala.reflect.runtime.ReflectionUtils$EnclosedInConstructor$
6847:             1             16  scala.reflect.runtime.ReflectionUtils$EnclosedInConstructor$$anonfun$$lessinit$greater$2
6848:             1             16  scala.reflect.runtime.ReflectionUtils$EnclosedInMethod$
6849:             1             16  scala.reflect.runtime.ReflectionUtils$EnclosedInMethod$$anonfun$$lessinit$greater$1
6850:             1             16  scala.reflect.runtime.ReflectionUtils$EnclosedInPackage$
6851:             1             16  scala.reflect.runtime.ReflectionUtils$EnclosedInPackage$$anonfun$$lessinit$greater$4
6852:             1             16  scala.reflect.runtime.ReflectionUtils$PrimitiveOrArray$
6853:             1             16  scala.reflect.runtime.SynchronizedTypes$$anonfun$scala$reflect$runtime$SynchronizedTypes$$_intersectionWitness$1
6854:             1             16  scala.reflect.runtime.SynchronizedTypes$$anonfun$scala$reflect$runtime$SynchronizedTypes$$_skolemizationLevel$1
6855:             1             16  scala.reflect.runtime.SynchronizedTypes$$anonfun$scala$reflect$runtime$SynchronizedTypes$$_subsametypeRecursions$1
6856:             1             16  scala.reflect.runtime.SynchronizedTypes$$anonfun$scala$reflect$runtime$SynchronizedTypes$$_toStringRecursions$1
6857:             1             16  scala.reflect.runtime.SynchronizedTypes$$anonfun$scala$reflect$runtime$SynchronizedTypes$$_undoLog$1
6858:             1             16  scala.runtime.BoxedUnit
6859:             1             16  scala.runtime.EmptyMethodCache
6860:             1             16  scala.runtime.ObjectRef
6861:             1             16  scala.runtime.RichChar$
6862:             1             16  scala.runtime.RichDouble$
6863:             1             16  scala.runtime.RichInt$
6864:             1             16  scala.runtime.RichLong$
6865:             1             16  scala.runtime.ScalaRunTime$
6866:             1             16  scala.runtime.Tuple2Zipped$
6867:             1             16  scala.runtime.Tuple2Zipped$Ops$
6868:             1             16  scala.runtime.Tuple3Zipped$
6869:             1             16  scala.sys.BooleanProp$
6870:             1             16  scala.sys.Prop$
6871:             1             16  scala.sys.Prop$FileProp$
6872:             1             16  scala.sys.Prop$FileProp$$anonfun$$lessinit$greater$1
6873:             1             16  scala.sys.Prop$IntProp$
6874:             1             16  scala.sys.Prop$IntProp$$anonfun$$lessinit$greater$3
6875:             1             16  scala.sys.Prop$StringProp$
6876:             1             16  scala.sys.Prop$StringProp$$anonfun$$lessinit$greater$2
6877:             1             16  scala.sys.package$
6878:             1             16  scala.tools.nsc.Global$constfold$
6879:             1             16  scala.tools.nsc.Reporting$PerRunReporting$ConditionalWarning$
6880:             1             16  scala.tools.nsc.ast.TreeBrowsers$SwingBrowser
6881:             1             16  scala.tools.nsc.ast.TreeInfo$AsInstanceOf$
6882:             1             16  scala.tools.nsc.ast.TreeInfo$BinaryOp$
6883:             1             16  scala.tools.nsc.ast.TreeInfo$TypeApplyOp$
6884:             1             16  scala.tools.nsc.ast.TreeInfo$ValueClass$Box$
6885:             1             16  scala.tools.nsc.ast.TreeInfo$ValueClass$BoxAndCompare$
6886:             1             16  scala.tools.nsc.ast.TreeInfo$ValueClass$BoxAndUnbox$
6887:             1             16  scala.tools.nsc.ast.TreeInfo$ValueClass$Unbox$
6888:             1             16  scala.tools.nsc.backend.icode.BasicBlocks$$anon$1
6889:             1             16  scala.tools.nsc.backend.icode.Opcodes$opcodes$Dynamic$
6890:             1             16  scala.tools.nsc.backend.icode.Primitives$AND$
6891:             1             16  scala.tools.nsc.backend.icode.Primitives$EQ$
6892:             1             16  scala.tools.nsc.backend.icode.Primitives$EndConcat$
6893:             1             16  scala.tools.nsc.backend.icode.Primitives$NE$
6894:             1             16  scala.tools.nsc.backend.icode.Primitives$OR$
6895:             1             16  scala.tools.nsc.backend.icode.Primitives$StartConcat$
6896:             1             16  scala.tools.nsc.backend.icode.TypeKinds$BOOL$
6897:             1             16  scala.tools.nsc.backend.icode.TypeKinds$BYTE$
6898:             1             16  scala.tools.nsc.backend.icode.TypeKinds$CHAR$
6899:             1             16  scala.tools.nsc.backend.icode.TypeKinds$DOUBLE$
6900:             1             16  scala.tools.nsc.backend.icode.TypeKinds$FLOAT$
6901:             1             16  scala.tools.nsc.backend.icode.TypeKinds$INT$
6902:             1             16  scala.tools.nsc.backend.icode.TypeKinds$LONG$
6903:             1             16  scala.tools.nsc.backend.icode.TypeKinds$SHORT$
6904:             1             16  scala.tools.nsc.backend.icode.TypeKinds$UNIT$
6905:             1             16  scala.tools.nsc.backend.jvm.BCodeAsmCommon$
6906:             1             16  scala.tools.nsc.backend.jvm.BackendReportingImpl
6907:             1             16  scala.tools.nsc.backend.jvm.GenASM$$anon$1
6908:             1             16  scala.tools.nsc.backend.jvm.GenASM$newNormal$
6909:             1             16  scala.tools.nsc.backend.jvm.opt.LocalOpt
6910:             1             16  scala.tools.nsc.classpath.FileUtils$
6911:             1             16  scala.tools.nsc.classpath.FileUtils$AbstractFileOps$
6912:             1             16  scala.tools.nsc.interactive.Global$
6913:             1             16  scala.tools.nsc.interactive.NullLogger$
6914:             1             16  scala.tools.nsc.interactive.Pickler$$anon$10
6915:             1             16  scala.tools.nsc.interactive.Pickler$$anon$9
6916:             1             16  scala.tools.nsc.interactive.Pickler$$anonfun$1
6917:             1             16  scala.tools.nsc.interactive.Pickler$$anonfun$2
6918:             1             16  scala.tools.nsc.interactive.Pickler$$anonfun$3
6919:             1             16  scala.tools.nsc.interactive.Pickler$$anonfun$4
6920:             1             16  scala.tools.nsc.interactive.Pickler$$anonfun$5
6921:             1             16  scala.tools.nsc.interactive.Pickler$$anonfun$6
6922:             1             16  scala.tools.nsc.interactive.Pickler$$anonfun$7
6923:             1             16  scala.tools.nsc.interpreter.Completion$
6924:             1             16  scala.tools.nsc.interpreter.Formatting
6925:             1             16  scala.tools.nsc.interpreter.Formatting$
6926:             1             16  scala.tools.nsc.interpreter.ILoop$$anonfun$1
6927:             1             16  scala.tools.nsc.interpreter.ILoop$$anonfun$process$1$$anonfun$apply$mcZ$sp$2
6928:             1             16  scala.tools.nsc.interpreter.ILoop$invocation$
6929:             1             16  scala.tools.nsc.interpreter.IMain$
6930:             1             16  scala.tools.nsc.interpreter.IMain$Request$
6931:             1             16  scala.tools.nsc.interpreter.IMain$typerOp$
6932:             1             16  scala.tools.nsc.interpreter.MemberHandlers$ImportVarsTraverser$
6933:             1             16  scala.tools.nsc.interpreter.NamedParam$
6934:             1             16  scala.tools.nsc.interpreter.NamedParam$$anonfun$1
6935:             1             16  scala.tools.nsc.interpreter.Naming$$anon$1
6936:             1             16  scala.tools.nsc.interpreter.Naming$$anonfun$1
6937:             1             16  scala.tools.nsc.interpreter.NoCompletion$
6938:             1             16  scala.tools.nsc.interpreter.PresentationCompilation$PresentationCompileResult$
6939:             1             16  scala.tools.nsc.interpreter.PresentationCompilerCompleter$
6940:             1             16  scala.tools.nsc.interpreter.Results$
6941:             1             16  scala.tools.nsc.interpreter.Results$Error$
6942:             1             16  scala.tools.nsc.interpreter.Results$Incomplete$
6943:             1             16  scala.tools.nsc.interpreter.Results$Success$
6944:             1             16  scala.tools.nsc.interpreter.SimpleMath$
6945:             1             16  scala.tools.nsc.interpreter.SimpleMath$DivRem$
6946:             1             16  scala.tools.nsc.interpreter.jline.FileBackedHistory$
6947:             1             16  scala.tools.nsc.interpreter.jline.JLineConsoleReader$$anon$1
6948:             1             16  scala.tools.nsc.interpreter.session.package$
6949:             1             16  scala.tools.nsc.plugins.Plugin$
6950:             1             16  scala.tools.nsc.settings.AnyScalaVersion$
6951:             1             16  scala.tools.nsc.settings.Final$
6952:             1             16  scala.tools.nsc.settings.MutableSettings$EnableSettings$$anonfun$andThen$1
6953:             1             16  scala.tools.nsc.settings.NoScalaVersion$
6954:             1             16  scala.tools.nsc.settings.ScalaSettings$$anonfun$1
6955:             1             16  scala.tools.nsc.settings.ScalaSettings$$anonfun$10
6956:             1             16  scala.tools.nsc.settings.ScalaSettings$$anonfun$2
6957:             1             16  scala.tools.nsc.settings.ScalaSettings$$anonfun$3
6958:             1             16  scala.tools.nsc.settings.ScalaSettings$$anonfun$4
6959:             1             16  scala.tools.nsc.settings.ScalaSettings$$anonfun$5
6960:             1             16  scala.tools.nsc.settings.ScalaSettings$$anonfun$6
6961:             1             16  scala.tools.nsc.settings.ScalaSettings$$anonfun$7
6962:             1             16  scala.tools.nsc.settings.ScalaSettings$$anonfun$8
6963:             1             16  scala.tools.nsc.settings.ScalaSettings$$anonfun$9
6964:             1             16  scala.tools.nsc.settings.Warnings$$anonfun$1
6965:             1             16  scala.tools.nsc.symtab.package$
6966:             1             16  scala.tools.nsc.transform.ExtensionMethods$ExtensionMethodType$
6967:             1             16  scala.tools.nsc.transform.SpecializeTypes$$anonfun$7
6968:             1             16  scala.tools.nsc.transform.SpecializeTypes$TypeEnv$
6969:             1             16  scala.tools.nsc.typechecker.ContextErrors$ErrorUtils$
6970:             1             16  scala.tools.nsc.typechecker.Contexts$ImmediateReporter$
6971:             1             16  scala.tools.nsc.typechecker.EtaExpansion$etaExpansion$
6972:             1             16  scala.tools.nsc.typechecker.Implicits$Function1$
6973:             1             16  scala.tools.nsc.typechecker.Typers$SilentTypeError$
6974:             1             16  scala.tools.nsc.util.ClassPath$
6975:             1             16  scala.tools.nsc.util.ClassPath$DefaultJavaContext$
6976:             1             16  scala.tools.nsc.util.ClassRepresentation$
6977:             1             16  scala.tools.nsc.util.Exceptional$
6978:             1             16  scala.tools.nsc.util.package$StackTraceOps$
6979:             1             16  scala.tools.reflect.FastTrack$$anonfun$1
6980:             1             16  scala.tools.reflect.FastTrack$$anonfun$1$$anonfun$apply$1
6981:             1             16  scala.tools.reflect.FastTrack$$anonfun$1$$anonfun$apply$2
6982:             1             16  scala.tools.reflect.FastTrack$$anonfun$1$$anonfun$apply$3
6983:             1             16  scala.tools.reflect.FastTrack$$anonfun$1$$anonfun$apply$4
6984:             1             16  scala.tools.reflect.FastTrack$$anonfun$1$$anonfun$apply$5
6985:             1             16  scala.tools.reflect.FastTrack$$anonfun$1$$anonfun$apply$6
6986:             1             16  scala.tools.reflect.FastTrack$$anonfun$1$$anonfun$apply$7
6987:             1             16  scala.tools.reflect.FastTrack$$anonfun$1$$anonfun$apply$8
6988:             1             16  scala.tools.util.PathResolver$Defaults$
6989:             1             16  scala.tools.util.PathResolver$Environment$
6990:             1             16  scala.util.Either$
6991:             1             16  scala.util.Left$
6992:             1             16  scala.util.Random$
6993:             1             16  scala.util.Right$
6994:             1             16  scala.util.Success
6995:             1             16  scala.util.Try$
6996:             1             16  scala.util.control.Breaks
6997:             1             16  scala.util.control.Breaks$
6998:             1             16  scala.util.control.Exception$$anonfun$1
6999:             1             16  scala.util.control.Exception$$anonfun$2
7000:             1             16  scala.util.control.Exception$Catch$
7001:             1             16  scala.util.control.Exception$Catch$$anonfun$$lessinit$greater$default$3$1
7002:             1             16  scala.util.control.NoStackTrace$
7003:             1             16  scala.util.control.NonFatal$
7004:             1             16  scala.util.hashing.Hashing$
7005:             1             16  scala.util.hashing.package$
7006:             1             16  scala.util.matching.Regex$
7007:             1             16  scala.util.matching.Regex$Groups$
7008:             1             16  scala.xml.MetaData$
7009:             1             16  scala.xml.Null$
7010:             1             16  scala.xml.Text$
7011:             1             16  scala.xml.Utility$
7012:             1             16  shaded.parquet.org.slf4j.helpers.NOPLogger
7013:             1             16  shaded.parquet.org.slf4j.helpers.SubstituteLoggerFactory
7014:             1             16  shaded.parquet.org.slf4j.impl.StaticLoggerBinder
7015:             1             16  sun.management.ClassLoadingImpl
7016:             1             16  sun.management.HotSpotDiagnostic
7017:             1             16  sun.management.ManagementFactoryHelper$PlatformLoggingImpl
7018:             1             16  sun.misc.ASCIICaseInsensitiveComparator
7019:             1             16  sun.misc.FloatingDecimal$1
7020:             1             16  sun.misc.FormattedFloatingDecimal$1
7021:             1             16  sun.misc.Launcher
7022:             1             16  sun.misc.Launcher$Factory
7023:             1             16  sun.misc.ObjectInputFilter$Config$$Lambda$14/404383620
7024:             1             16  sun.misc.Perf
7025:             1             16  sun.misc.Unsafe
7026:             1             16  sun.net.DefaultProgressMeteringPolicy
7027:             1             16  sun.net.ExtendedOptionsImpl$$Lambda$13/2047820764
7028:             1             16  sun.net.spi.DefaultProxySelector
7029:             1             16  sun.net.www.protocol.file.Handler
7030:             1             16  sun.net.www.protocol.jar.JarFileFactory
7031:             1             16  sun.nio.ch.EPollSelectorProvider
7032:             1             16  sun.nio.ch.ExtendedSocketOption$1
7033:             1             16  sun.nio.ch.FileChannelImpl$1
7034:             1             16  sun.nio.ch.Net$1
7035:             1             16  sun.nio.ch.Util$1
7036:             1             16  sun.reflect.GeneratedConstructorAccessor10
7037:             1             16  sun.reflect.GeneratedConstructorAccessor100
7038:             1             16  sun.reflect.GeneratedConstructorAccessor101
7039:             1             16  sun.reflect.GeneratedConstructorAccessor102
7040:             1             16  sun.reflect.GeneratedConstructorAccessor103
7041:             1             16  sun.reflect.GeneratedConstructorAccessor104
7042:             1             16  sun.reflect.GeneratedConstructorAccessor105
7043:             1             16  sun.reflect.GeneratedConstructorAccessor11
7044:             1             16  sun.reflect.GeneratedConstructorAccessor12
7045:             1             16  sun.reflect.GeneratedConstructorAccessor13
7046:             1             16  sun.reflect.GeneratedConstructorAccessor14
7047:             1             16  sun.reflect.GeneratedConstructorAccessor15
7048:             1             16  sun.reflect.GeneratedConstructorAccessor16
7049:             1             16  sun.reflect.GeneratedConstructorAccessor17
7050:             1             16  sun.reflect.GeneratedConstructorAccessor18
7051:             1             16  sun.reflect.GeneratedConstructorAccessor19
7052:             1             16  sun.reflect.GeneratedConstructorAccessor2
7053:             1             16  sun.reflect.GeneratedConstructorAccessor20
7054:             1             16  sun.reflect.GeneratedConstructorAccessor21
7055:             1             16  sun.reflect.GeneratedConstructorAccessor22
7056:             1             16  sun.reflect.GeneratedConstructorAccessor23
7057:             1             16  sun.reflect.GeneratedConstructorAccessor25
7058:             1             16  sun.reflect.GeneratedConstructorAccessor26
7059:             1             16  sun.reflect.GeneratedConstructorAccessor3
7060:             1             16  sun.reflect.GeneratedConstructorAccessor4
7061:             1             16  sun.reflect.GeneratedConstructorAccessor40
7062:             1             16  sun.reflect.GeneratedConstructorAccessor43
7063:             1             16  sun.reflect.GeneratedConstructorAccessor44
7064:             1             16  sun.reflect.GeneratedConstructorAccessor45
7065:             1             16  sun.reflect.GeneratedConstructorAccessor5
7066:             1             16  sun.reflect.GeneratedConstructorAccessor6
7067:             1             16  sun.reflect.GeneratedConstructorAccessor61
7068:             1             16  sun.reflect.GeneratedConstructorAccessor7
7069:             1             16  sun.reflect.GeneratedConstructorAccessor80
7070:             1             16  sun.reflect.GeneratedConstructorAccessor81
7071:             1             16  sun.reflect.GeneratedConstructorAccessor82
7072:             1             16  sun.reflect.GeneratedConstructorAccessor83
7073:             1             16  sun.reflect.GeneratedConstructorAccessor86
7074:             1             16  sun.reflect.GeneratedConstructorAccessor89
7075:             1             16  sun.reflect.GeneratedConstructorAccessor9
7076:             1             16  sun.reflect.GeneratedConstructorAccessor92
7077:             1             16  sun.reflect.GeneratedConstructorAccessor93
7078:             1             16  sun.reflect.GeneratedConstructorAccessor95
7079:             1             16  sun.reflect.GeneratedConstructorAccessor98
7080:             1             16  sun.reflect.GeneratedMethodAccessor1
7081:             1             16  sun.reflect.GeneratedMethodAccessor10
7082:             1             16  sun.reflect.GeneratedMethodAccessor100
7083:             1             16  sun.reflect.GeneratedMethodAccessor101
7084:             1             16  sun.reflect.GeneratedMethodAccessor102
7085:             1             16  sun.reflect.GeneratedMethodAccessor103
7086:             1             16  sun.reflect.GeneratedMethodAccessor104
7087:             1             16  sun.reflect.GeneratedMethodAccessor105
7088:             1             16  sun.reflect.GeneratedMethodAccessor108
7089:             1             16  sun.reflect.GeneratedMethodAccessor11
7090:             1             16  sun.reflect.GeneratedMethodAccessor110
7091:             1             16  sun.reflect.GeneratedMethodAccessor111
7092:             1             16  sun.reflect.GeneratedMethodAccessor112
7093:             1             16  sun.reflect.GeneratedMethodAccessor117
7094:             1             16  sun.reflect.GeneratedMethodAccessor119
7095:             1             16  sun.reflect.GeneratedMethodAccessor122
7096:             1             16  sun.reflect.GeneratedMethodAccessor129
7097:             1             16  sun.reflect.GeneratedMethodAccessor130
7098:             1             16  sun.reflect.GeneratedMethodAccessor131
7099:             1             16  sun.reflect.GeneratedMethodAccessor132
7100:             1             16  sun.reflect.GeneratedMethodAccessor133
7101:             1             16  sun.reflect.GeneratedMethodAccessor135
7102:             1             16  sun.reflect.GeneratedMethodAccessor136
7103:             1             16  sun.reflect.GeneratedMethodAccessor138
7104:             1             16  sun.reflect.GeneratedMethodAccessor140
7105:             1             16  sun.reflect.GeneratedMethodAccessor143
7106:             1             16  sun.reflect.GeneratedMethodAccessor145
7107:             1             16  sun.reflect.GeneratedMethodAccessor148
7108:             1             16  sun.reflect.GeneratedMethodAccessor150
7109:             1             16  sun.reflect.GeneratedMethodAccessor153
7110:             1             16  sun.reflect.GeneratedMethodAccessor154
7111:             1             16  sun.reflect.GeneratedMethodAccessor155
7112:             1             16  sun.reflect.GeneratedMethodAccessor157
7113:             1             16  sun.reflect.GeneratedMethodAccessor159
7114:             1             16  sun.reflect.GeneratedMethodAccessor160
7115:             1             16  sun.reflect.GeneratedMethodAccessor161
7116:             1             16  sun.reflect.GeneratedMethodAccessor2
7117:             1             16  sun.reflect.GeneratedMethodAccessor3
7118:             1             16  sun.reflect.GeneratedMethodAccessor4
7119:             1             16  sun.reflect.GeneratedMethodAccessor5
7120:             1             16  sun.reflect.GeneratedMethodAccessor50
7121:             1             16  sun.reflect.GeneratedMethodAccessor51
7122:             1             16  sun.reflect.GeneratedMethodAccessor6
7123:             1             16  sun.reflect.GeneratedMethodAccessor7
7124:             1             16  sun.reflect.GeneratedMethodAccessor8
7125:             1             16  sun.reflect.GeneratedMethodAccessor9
7126:             1             16  sun.reflect.GeneratedMethodAccessor93
7127:             1             16  sun.reflect.GeneratedMethodAccessor94
7128:             1             16  sun.reflect.GeneratedMethodAccessor95
7129:             1             16  sun.reflect.GeneratedMethodAccessor96
7130:             1             16  sun.reflect.GeneratedMethodAccessor97
7131:             1             16  sun.reflect.GeneratedMethodAccessor98
7132:             1             16  sun.reflect.GeneratedMethodAccessor99
7133:             1             16  sun.reflect.GeneratedSerializationConstructorAccessor476
7134:             1             16  sun.reflect.GeneratedSerializationConstructorAccessor477
7135:             1             16  sun.reflect.GeneratedSerializationConstructorAccessor478
7136:             1             16  sun.reflect.GeneratedSerializationConstructorAccessor479
7137:             1             16  sun.reflect.GeneratedSerializationConstructorAccessor480
7138:             1             16  sun.reflect.GeneratedSerializationConstructorAccessor481
7139:             1             16  sun.reflect.GeneratedSerializationConstructorAccessor482
7140:             1             16  sun.reflect.GeneratedSerializationConstructorAccessor483
7141:             1             16  sun.reflect.GeneratedSerializationConstructorAccessor484
7142:             1             16  sun.reflect.GeneratedSerializationConstructorAccessor485
7143:             1             16  sun.reflect.GeneratedSerializationConstructorAccessor486
7144:             1             16  sun.reflect.GeneratedSerializationConstructorAccessor487
7145:             1             16  sun.reflect.GeneratedSerializationConstructorAccessor488
7146:             1             16  sun.reflect.GeneratedSerializationConstructorAccessor489
7147:             1             16  sun.reflect.GeneratedSerializationConstructorAccessor490
7148:             1             16  sun.reflect.GeneratedSerializationConstructorAccessor491
7149:             1             16  sun.reflect.GeneratedSerializationConstructorAccessor492
7150:             1             16  sun.reflect.GeneratedSerializationConstructorAccessor493
7151:             1             16  sun.reflect.GeneratedSerializationConstructorAccessor494
7152:             1             16  sun.reflect.GeneratedSerializationConstructorAccessor495
7153:             1             16  sun.reflect.GeneratedSerializationConstructorAccessor496
7154:             1             16  sun.reflect.GeneratedSerializationConstructorAccessor497
7155:             1             16  sun.reflect.GeneratedSerializationConstructorAccessor498
7156:             1             16  sun.reflect.GeneratedSerializationConstructorAccessor499
7157:             1             16  sun.reflect.GeneratedSerializationConstructorAccessor500
7158:             1             16  sun.reflect.GeneratedSerializationConstructorAccessor501
7159:             1             16  sun.reflect.GeneratedSerializationConstructorAccessor502
7160:             1             16  sun.reflect.GeneratedSerializationConstructorAccessor503
7161:             1             16  sun.reflect.GeneratedSerializationConstructorAccessor504
7162:             1             16  sun.reflect.GeneratedSerializationConstructorAccessor505
7163:             1             16  sun.reflect.GeneratedSerializationConstructorAccessor506
7164:             1             16  sun.reflect.GeneratedSerializationConstructorAccessor507
7165:             1             16  sun.reflect.GeneratedSerializationConstructorAccessor508
7166:             1             16  sun.reflect.GeneratedSerializationConstructorAccessor509
7167:             1             16  sun.reflect.GeneratedSerializationConstructorAccessor510
7168:             1             16  sun.reflect.GeneratedSerializationConstructorAccessor511
7169:             1             16  sun.reflect.GeneratedSerializationConstructorAccessor512
7170:             1             16  sun.reflect.GeneratedSerializationConstructorAccessor513
7171:             1             16  sun.reflect.GeneratedSerializationConstructorAccessor514
7172:             1             16  sun.reflect.GeneratedSerializationConstructorAccessor515
7173:             1             16  sun.reflect.GeneratedSerializationConstructorAccessor516
7174:             1             16  sun.reflect.GeneratedSerializationConstructorAccessor517
7175:             1             16  sun.reflect.GeneratedSerializationConstructorAccessor518
7176:             1             16  sun.reflect.GeneratedSerializationConstructorAccessor519
7177:             1             16  sun.reflect.GeneratedSerializationConstructorAccessor520
7178:             1             16  sun.reflect.GeneratedSerializationConstructorAccessor521
7179:             1             16  sun.reflect.GeneratedSerializationConstructorAccessor522
7180:             1             16  sun.reflect.GeneratedSerializationConstructorAccessor523
7181:             1             16  sun.reflect.GeneratedSerializationConstructorAccessor524
7182:             1             16  sun.reflect.GeneratedSerializationConstructorAccessor525
7183:             1             16  sun.reflect.GeneratedSerializationConstructorAccessor526
7184:             1             16  sun.reflect.GeneratedSerializationConstructorAccessor527
7185:             1             16  sun.reflect.GeneratedSerializationConstructorAccessor528
7186:             1             16  sun.reflect.GeneratedSerializationConstructorAccessor529
7187:             1             16  sun.reflect.GeneratedSerializationConstructorAccessor530
7188:             1             16  sun.reflect.GeneratedSerializationConstructorAccessor531
7189:             1             16  sun.reflect.GeneratedSerializationConstructorAccessor532
7190:             1             16  sun.reflect.GeneratedSerializationConstructorAccessor533
7191:             1             16  sun.reflect.GeneratedSerializationConstructorAccessor534
7192:             1             16  sun.reflect.GeneratedSerializationConstructorAccessor535
7193:             1             16  sun.reflect.GeneratedSerializationConstructorAccessor536
7194:             1             16  sun.reflect.GeneratedSerializationConstructorAccessor537
7195:             1             16  sun.reflect.GeneratedSerializationConstructorAccessor538
7196:             1             16  sun.reflect.GeneratedSerializationConstructorAccessor539
7197:             1             16  sun.reflect.GeneratedSerializationConstructorAccessor540
7198:             1             16  sun.reflect.GeneratedSerializationConstructorAccessor541
7199:             1             16  sun.reflect.GeneratedSerializationConstructorAccessor542
7200:             1             16  sun.reflect.GeneratedSerializationConstructorAccessor543
7201:             1             16  sun.reflect.GeneratedSerializationConstructorAccessor544
7202:             1             16  sun.reflect.GeneratedSerializationConstructorAccessor545
7203:             1             16  sun.reflect.GeneratedSerializationConstructorAccessor546
7204:             1             16  sun.reflect.GeneratedSerializationConstructorAccessor547
7205:             1             16  sun.reflect.GeneratedSerializationConstructorAccessor549
7206:             1             16  sun.reflect.GeneratedSerializationConstructorAccessor550
7207:             1             16  sun.reflect.GeneratedSerializationConstructorAccessor551
7208:             1             16  sun.reflect.GeneratedSerializationConstructorAccessor552
7209:             1             16  sun.reflect.GeneratedSerializationConstructorAccessor553
7210:             1             16  sun.reflect.GeneratedSerializationConstructorAccessor554
7211:             1             16  sun.reflect.GeneratedSerializationConstructorAccessor555
7212:             1             16  sun.reflect.GeneratedSerializationConstructorAccessor556
7213:             1             16  sun.reflect.GeneratedSerializationConstructorAccessor557
7214:             1             16  sun.reflect.GeneratedSerializationConstructorAccessor558
7215:             1             16  sun.reflect.GeneratedSerializationConstructorAccessor559
7216:             1             16  sun.reflect.GeneratedSerializationConstructorAccessor560
7217:             1             16  sun.reflect.GeneratedSerializationConstructorAccessor561
7218:             1             16  sun.reflect.GeneratedSerializationConstructorAccessor562
7219:             1             16  sun.reflect.GeneratedSerializationConstructorAccessor563
7220:             1             16  sun.reflect.GeneratedSerializationConstructorAccessor564
7221:             1             16  sun.reflect.GeneratedSerializationConstructorAccessor565
7222:             1             16  sun.reflect.GeneratedSerializationConstructorAccessor566
7223:             1             16  sun.reflect.GeneratedSerializationConstructorAccessor567
7224:             1             16  sun.reflect.GeneratedSerializationConstructorAccessor568
7225:             1             16  sun.reflect.GeneratedSerializationConstructorAccessor569
7226:             1             16  sun.reflect.GeneratedSerializationConstructorAccessor570
7227:             1             16  sun.reflect.GeneratedSerializationConstructorAccessor571
7228:             1             16  sun.reflect.GeneratedSerializationConstructorAccessor572
7229:             1             16  sun.reflect.GeneratedSerializationConstructorAccessor573
7230:             1             16  sun.reflect.GeneratedSerializationConstructorAccessor574
7231:             1             16  sun.reflect.GeneratedSerializationConstructorAccessor575
7232:             1             16  sun.reflect.GeneratedSerializationConstructorAccessor576
7233:             1             16  sun.reflect.GeneratedSerializationConstructorAccessor577
7234:             1             16  sun.reflect.GeneratedSerializationConstructorAccessor578
7235:             1             16  sun.reflect.GeneratedSerializationConstructorAccessor579
7236:             1             16  sun.reflect.GeneratedSerializationConstructorAccessor580
7237:             1             16  sun.reflect.GeneratedSerializationConstructorAccessor581
7238:             1             16  sun.reflect.GeneratedSerializationConstructorAccessor586
7239:             1             16  sun.reflect.GeneratedSerializationConstructorAccessor587
7240:             1             16  sun.reflect.GeneratedSerializationConstructorAccessor588
7241:             1             16  sun.reflect.GeneratedSerializationConstructorAccessor589
7242:             1             16  sun.reflect.GeneratedSerializationConstructorAccessor590
7243:             1             16  sun.reflect.GeneratedSerializationConstructorAccessor591
7244:             1             16  sun.reflect.GeneratedSerializationConstructorAccessor595
7245:             1             16  sun.reflect.GeneratedSerializationConstructorAccessor601
7246:             1             16  sun.reflect.GeneratedSerializationConstructorAccessor602
7247:             1             16  sun.reflect.GeneratedSerializationConstructorAccessor604
7248:             1             16  sun.reflect.GeneratedSerializationConstructorAccessor605
7249:             1             16  sun.reflect.GeneratedSerializationConstructorAccessor606
7250:             1             16  sun.reflect.GeneratedSerializationConstructorAccessor607
7251:             1             16  sun.reflect.GeneratedSerializationConstructorAccessor608
7252:             1             16  sun.reflect.GeneratedSerializationConstructorAccessor609
7253:             1             16  sun.reflect.GeneratedSerializationConstructorAccessor610
7254:             1             16  sun.reflect.GeneratedSerializationConstructorAccessor612
7255:             1             16  sun.reflect.GeneratedSerializationConstructorAccessor613
7256:             1             16  sun.reflect.GeneratedSerializationConstructorAccessor614
7257:             1             16  sun.reflect.GeneratedSerializationConstructorAccessor615
7258:             1             16  sun.reflect.GeneratedSerializationConstructorAccessor616
7259:             1             16  sun.reflect.GeneratedSerializationConstructorAccessor617
7260:             1             16  sun.reflect.GeneratedSerializationConstructorAccessor618
7261:             1             16  sun.reflect.ReflectionFactory
7262:             1             16  sun.reflect.generics.tree.BooleanSignature
7263:             1             16  sun.reflect.generics.tree.BottomSignature
7264:             1             16  sun.reflect.generics.tree.IntSignature
7265:             1             16  sun.reflect.generics.tree.VoidDescriptor
7266:             1             16  sun.security.util.ByteArrayLexOrder
7267:             1             16  sun.security.util.ByteArrayTagOrder
7268:             1             16  sun.security.x509.CertificateAlgorithmId
7269:             1             16  sun.security.x509.CertificateSerialNumber
7270:             1             16  sun.security.x509.CertificateVersion
7271:             1             16  sun.security.x509.CertificateX509Key
7272:             1             16  sun.security.x509.SerialNumber
7273:             1             16  sun.text.normalizer.NormalizerBase$Mode
7274:             1             16  sun.text.normalizer.NormalizerBase$NFCMode
7275:             1             16  sun.text.normalizer.NormalizerBase$NFDMode
7276:             1             16  sun.text.normalizer.NormalizerBase$NFKCMode
7277:             1             16  sun.text.normalizer.NormalizerBase$NFKDMode
7278:             1             16  sun.util.calendar.Gregorian
7279:             1             16  sun.util.locale.provider.AuxLocaleProviderAdapter$NullProvider
7280:             1             16  sun.util.locale.provider.CalendarDataUtility$CalendarWeekParameterGetter
7281:             1             16  sun.util.locale.provider.SPILocaleProviderAdapter
7282:             1             16  sun.util.resources.LocaleData
7283:             1             16  sun.util.resources.LocaleData$LocaleDataResourceBundleControl
Total       2860299      226226272
